BL51 BANKED LINKER/LOCATER V6.22                                                        08/02/2021  23:49:14  PAGE 1


BL51 BANKED LINKER/LOCATER V6.22, INVOKED BY:
E:\INSTALL_FILES\KEIL\C51\BIN\BL51.EXE ..\Objects\PW02.obj, ..\Objects\oled.obj, ..\Objects\RDA5807M.obj, ..\Objects\PCF
>> 8563.obj, ..\Objects\BME280.obj, ..\Objects\Ellipsoid fitting.obj, ..\Objects\HMC5883L.obj, ..\Objects\LSM6DSM.obj, .
>> .\Objects\PowerManage.obj, ..\Objects\IIC.obj, ..\Objects\Sys.obj, ..\Objects\EEPROM.obj, ..\Objects\Buzzer.obj, ..\O
>> bjects\Delay.obj, ..\Objects\Display.obj, ..\Objects\main.obj TO ..\Objects\iWatch-v1.1 PRINT (..\Listings\iWatch-v1.
>> m51) RAMSIZE (256)


MEMORY MODEL: LARGE WITH FLOATING POINT ARITHMETIC


INPUT MODULES INCLUDED:
  ..\Objects\PW02.obj (PW02)
  ..\Objects\oled.obj (OLED)
  ..\Objects\RDA5807M.obj (RDA5807M)
  ..\Objects\PCF8563.obj (PCF8563)
  ..\Objects\BME280.obj (BME280)
  ..\Objects\Ellipsoid fitting.obj (ELLIPSOID_FITTING)
  ..\Objects\HMC5883L.obj (HMC5883L)
  ..\Objects\LSM6DSM.obj (LSM6DSM)
  ..\Objects\PowerManage.obj (POWERMANAGE)
  ..\Objects\IIC.obj (IIC)
  ..\Objects\Sys.obj (SYS)
  ..\Objects\EEPROM.obj (EEPROM)
  ..\Objects\Buzzer.obj (BUZZER)
  ..\Objects\Delay.obj (DELAY)
  ..\Objects\Display.obj (DISPLAY)
  ..\Objects\main.obj (MAIN)
  E:\INSTALL_FILES\KEIL\C51\LIB\C51FPL.LIB (?C?FPADD)
  E:\INSTALL_FILES\KEIL\C51\LIB\C51FPL.LIB (?C?FPMUL)
  E:\INSTALL_FILES\KEIL\C51\LIB\C51FPL.LIB (?C?FPDIV)
  E:\INSTALL_FILES\KEIL\C51\LIB\C51FPL.LIB (?C?FPCMP)
  E:\INSTALL_FILES\KEIL\C51\LIB\C51FPL.LIB (?C?FPNEG)
  E:\INSTALL_FILES\KEIL\C51\LIB\C51FPL.LIB (?C?FCAST)
  E:\INSTALL_FILES\KEIL\C51\LIB\C51FPL.LIB (?C?CASTF)
  E:\INSTALL_FILES\KEIL\C51\LIB\C51FPL.LIB (PRINTF)
  E:\INSTALL_FILES\KEIL\C51\LIB\C51FPL.LIB (SQRT)
  E:\INSTALL_FILES\KEIL\C51\LIB\C51FPL.LIB (ATAN2)
  E:\INSTALL_FILES\KEIL\C51\LIB\C51FPL.LIB (SIN)
  E:\INSTALL_FILES\KEIL\C51\LIB\C51FPL.LIB (ATAN)
  E:\INSTALL_FILES\KEIL\C51\LIB\C51FPL.LIB (ASIN)
  E:\INSTALL_FILES\KEIL\C51\LIB\C51FPL.LIB (POW)
  E:\INSTALL_FILES\KEIL\C51\LIB\C51FPL.LIB (?C?FPGETOPN)
  E:\INSTALL_FILES\KEIL\C51\LIB\C51FPL.LIB (?C?CHKFLOAT)
  E:\INSTALL_FILES\KEIL\C51\LIB\C51FPL.LIB (?C?FPROUND)
  E:\INSTALL_FILES\KEIL\C51\LIB\C51FPL.LIB (?C?FPCONVERT)
  E:\INSTALL_FILES\KEIL\C51\LIB\C51FPL.LIB (?C?FPSERIES)
  E:\INSTALL_FILES\KEIL\C51\LIB\C51FPL.LIB (EXP)
  E:\INSTALL_FILES\KEIL\C51\LIB\C51FPL.LIB (LOG)
  E:\INSTALL_FILES\KEIL\C51\LIB\C51FPL.LIB (?C?FTNPWR)
  E:\INSTALL_FILES\KEIL\C51\LIB\C51L.LIB (?C_STARTUP)
  E:\INSTALL_FILES\KEIL\C51\LIB\C51L.LIB (?C?COPY)
  E:\INSTALL_FILES\KEIL\C51\LIB\C51L.LIB (?C?CLDPTR)
  E:\INSTALL_FILES\KEIL\C51\LIB\C51L.LIB (?C?CLDOPTR)
  E:\INSTALL_FILES\KEIL\C51\LIB\C51L.LIB (?C?CILDOPTR)
  E:\INSTALL_FILES\KEIL\C51\LIB\C51L.LIB (?C?CSTPTR)
  E:\INSTALL_FILES\KEIL\C51\LIB\C51L.LIB (?C?CSTOPTR)
  E:\INSTALL_FILES\KEIL\C51\LIB\C51L.LIB (?C?UIDIV)
BL51 BANKED LINKER/LOCATER V6.22                                                      08/02/2021  23:49:14  PAGE 2


  E:\INSTALL_FILES\KEIL\C51\LIB\C51L.LIB (?C?SIDIV)
  E:\INSTALL_FILES\KEIL\C51\LIB\C51L.LIB (?C?IILDX)
  E:\INSTALL_FILES\KEIL\C51\LIB\C51L.LIB (?C?ILDIX)
  E:\INSTALL_FILES\KEIL\C51\LIB\C51L.LIB (?C?ILDPTR)
  E:\INSTALL_FILES\KEIL\C51\LIB\C51L.LIB (?C?ILDOPTR)
  E:\INSTALL_FILES\KEIL\C51\LIB\C51L.LIB (?C?ISTPTR)
  E:\INSTALL_FILES\KEIL\C51\LIB\C51L.LIB (?C?ISTOPTR)
  E:\INSTALL_FILES\KEIL\C51\LIB\C51L.LIB (?C?LMUL)
  E:\INSTALL_FILES\KEIL\C51\LIB\C51L.LIB (?C?SLDIV)
  E:\INSTALL_FILES\KEIL\C51\LIB\C51L.LIB (?C?LNEG)
  E:\INSTALL_FILES\KEIL\C51\LIB\C51L.LIB (?C?SLCMP)
  E:\INSTALL_FILES\KEIL\C51\LIB\C51L.LIB (?C?SLSHR)
  E:\INSTALL_FILES\KEIL\C51\LIB\C51L.LIB (?C?LSHL)
  E:\INSTALL_FILES\KEIL\C51\LIB\C51L.LIB (?C?LLDPTR)
  E:\INSTALL_FILES\KEIL\C51\LIB\C51L.LIB (?C?LLDOPTR)
  E:\INSTALL_FILES\KEIL\C51\LIB\C51L.LIB (?C?LSTPTR)
  E:\INSTALL_FILES\KEIL\C51\LIB\C51L.LIB (?C?LSTOPTR)
  E:\INSTALL_FILES\KEIL\C51\LIB\C51L.LIB (?C?LLDIDATA)
  E:\INSTALL_FILES\KEIL\C51\LIB\C51L.LIB (?C?LLDXDATA)
  E:\INSTALL_FILES\KEIL\C51\LIB\C51L.LIB (?C?LLDCODE)
  E:\INSTALL_FILES\KEIL\C51\LIB\C51L.LIB (?C?LLDIDATA0)
  E:\INSTALL_FILES\KEIL\C51\LIB\C51L.LIB (?C?LLDXDATA0)
  E:\INSTALL_FILES\KEIL\C51\LIB\C51L.LIB (?C?LLDCODE0)
  E:\INSTALL_FILES\KEIL\C51\LIB\C51L.LIB (?C?LSTIDATA)
  E:\INSTALL_FILES\KEIL\C51\LIB\C51L.LIB (?C?LSTXDATA)
  E:\INSTALL_FILES\KEIL\C51\LIB\C51L.LIB (?C?LSTKXDATA)
  E:\INSTALL_FILES\KEIL\C51\LIB\C51L.LIB (?C?OFFXADD)
  E:\INSTALL_FILES\KEIL\C51\LIB\C51L.LIB (?C?PLDIXDATA)
  E:\INSTALL_FILES\KEIL\C51\LIB\C51L.LIB (?C?PSTXDATA)
  E:\INSTALL_FILES\KEIL\C51\LIB\C51L.LIB (?C?CCASE)
  E:\INSTALL_FILES\KEIL\C51\LIB\C51L.LIB (PUTCHAR)
  E:\INSTALL_FILES\KEIL\C51\LIB\C51L.LIB (RAND)
  E:\INSTALL_FILES\KEIL\C51\LIB\C51L.LIB (STRCAT)
  E:\INSTALL_FILES\KEIL\C51\LIB\C51L.LIB (?C?STRCPY)
  E:\INSTALL_FILES\KEIL\C51\LIB\C51L.LIB (?C?MEMCMP)
  E:\INSTALL_FILES\KEIL\C51\LIB\C51L.LIB (?C_INIT)
  E:\INSTALL_FILES\KEIL\C51\LIB\C51L.LIB (?C?ULDIV)
  E:\INSTALL_FILES\KEIL\C51\LIB\C51L.LIB (?C?LLDPDATA)
  E:\INSTALL_FILES\KEIL\C51\LIB\C51L.LIB (?C?LSTPDATA)


LINK MAP OF MODULE:  ..\Objects\iWatch-v1.1 (PW02)


            TYPE    BASE      LENGTH    RELOCATION   SEGMENT NAME
            -----------------------------------------------------

            * * * * * * *   D A T A   M E M O R Y   * * * * * * *
            REG     0000H     0008H     ABSOLUTE     "REG BANK 0"
            REG     0008H     0008H     ABSOLUTE     "REG BANK 1"
            DATA    0010H     0006H     UNIT         ?DT?_CLEARCACHEAREA?DISPLAY
            DATA    0016H     0002H     UNIT         ?DT?IIC
                    0018H     0008H                  *** GAP ***
            BIT     0020H.0   0002H.6   UNIT         ?BI?MAIN
            BIT     0022H.6   0001H.1   UNIT         _BIT_GROUP_
            BIT     0023H.7   0000H.2   UNIT         ?BI?PW02
            BIT     0024H.1   0000H.1   UNIT         ?BI?BUZZER
BL51 BANKED LINKER/LOCATER V6.22                                                      08/02/2021  23:49:14  PAGE 3


                    0024H.2   0000H.6                *** GAP ***
            DATA    0025H     0016H     UNIT         _DATA_GROUP_
            IDATA   003BH     0030H     UNIT         _IDATA_GROUP_
            IDATA   006BH     001CH     UNIT         ?ID?LSM6DSM
            IDATA   0087H     0001H     UNIT         ?STACK

            * * * * * * *  X D A T A   M E M O R Y  * * * * * * *
            XDATA   0000H     0C08H     UNIT         ?XD?DISPLAY
            XDATA   0C08H     035EH     UNIT         ?XD?MAIN
            XDATA   0F66H     00E3H     UNIT         _XDATA_GROUP_
            XDATA   1049H     00DAH     UNIT         ?XD?ELLIPSOID_FITTING
            XDATA   1123H     0081H     UNIT         ?XD?PW02
            XDATA   11A4H     0075H     UNIT         ?XD?SYS
            XDATA   1219H     0054H     UNIT         ?XD?POWERMANAGE
            XDATA   126DH     0036H     UNIT         ?XD?BME280
            XDATA   12A3H     0018H     UNIT         ?XD?RDA5807M
            XDATA   12BBH     0013H     UNIT         ?XD?HMC5883L
            XDATA   12CEH     0009H     UNIT         ?XD?BME280_CAL_MEAS_DELAY?BME280
            XDATA   12D7H     0007H     UNIT         ?XD?_CLEARCACHEAREA?DISPLAY
            XDATA   12DEH     0006H     UNIT         ?XD?BREATHINGLAMP?MAIN
            XDATA   12E4H     0004H     UNIT         ?XD?RAND?RAND
            XDATA   12E8H     0003H     UNIT         ?XD?_BME280SINGLEMEASUREMENT?BME280
            XDATA   12EBH     0003H     UNIT         ?XD?BUZZER
            XDATA   12EEH     0001H     UNIT         ?XD?SYSTEMPOWERDOWN?POWERMANAGE

            * * * * * * *   C O D E   M E M O R Y   * * * * * * *
            CODE    0000H     0003H     ABSOLUTE     
            CODE    0003H     0003H     ABSOLUTE     
            CODE    0006H     0004H     UNIT         ?PR?MCUSOFTRESET?SYS
            CODE    000AH     0001H     UNIT         ?PR?INT1_ISR?MAIN
            CODE    000BH     0003H     ABSOLUTE     
            CODE    000EH     0004H     UNIT         ?PR?ENABLEWATCHDOG?SYS
            CODE    0012H     0001H     UNIT         ?PR?INT2_ISR?MAIN
            CODE    0013H     0003H     ABSOLUTE     
            CODE    0016H     002CH     UNIT         ?PR?SYSTEMPOWERDOWN?POWERMANAGE
                    0042H     0001H                  *** GAP ***
            CODE    0043H     0003H     ABSOLUTE     
            CODE    0046H     000DH     UNIT         ?PR?_HMC5883L_WRITE_BYTE?HMC5883L
            CODE    0053H     0003H     ABSOLUTE     
            CODE    0056H     0004H     UNIT         ?PR?FEEDWATCHDOG?SYS
                    005AH     0001H                  *** GAP ***
            CODE    005BH     0003H     ABSOLUTE     
            CODE    005EH     003DH     UNIT         ?PR?_UART2SENDSTR?PW02
            CODE    009BH     0003H     ABSOLUTE     
            CODE    009EH     0003H     UNIT         ?PR?_SCREENREFRESHALL?DISPLAY
                    00A1H     0002H                  *** GAP ***
            CODE    00A3H     0003H     ABSOLUTE     
            CODE    00A6H     4172H     UNIT         ?PR?MAIN?MAIN
            CODE    4218H     2338H     UNIT         ?CO?MAIN
            CODE    6550H     0E96H     UNIT         ?C?LIB_CODE
            CODE    73E6H     0E4EH     UNIT         ?C_INITSEG
            CODE    8234H     0C4AH     UNIT         ?CO?DISPLAY
            CODE    8E7EH     0872H     UNIT         ?PR?_IMUUPDATE?LSM6DSM
            CODE    96F0H     0483H     UNIT         ?PR?PRINTF?PRINTF
            CODE    9B73H     03FDH     UNIT         ?PR?_SCREENPUSHANIMATION?DISPLAY
            CODE    9F70H     03B9H     UNIT         ?PR?COMPENSATE_PRESSURE?BME280
            CODE    A329H     037FH     UNIT         ?PR?_ELLIPSOID_FITTING_PROCESS?ELLIPSOID_FITTING
BL51 BANKED LINKER/LOCATER V6.22                                                      08/02/2021  23:49:14  PAGE 4


            CODE    A6A8H     0334H     UNIT         ?PR?_SHOWSTRING?DISPLAY
            CODE    A9DCH     0282H     UNIT         ?PR?_DRAWLINE?DISPLAY
            CODE    AC5EH     026AH     UNIT         ?PR?_DISPLAYTIME?DISPLAY
            CODE    AEC8H     0252H     UNIT         ?PR?COMPENSATE_HUMIDITY?BME280
            CODE    B11AH     0240H     UNIT         ?PR?_HMC5883L_GET_ANGLEXY?HMC5883L
            CODE    B35AH     01FEH     UNIT         ?PR?_DRAWARM?DISPLAY
            CODE    B558H     01F2H     UNIT         ?PR?_DRAWSELECTIONFRAME?DISPLAY
            CODE    B74AH     01DBH     UNIT         ?PR?COMPENSATE_TEMPERATURE?BME280
            CODE    B925H     018CH     UNIT         ?PR?_MATRIX_SOLVE?ELLIPSOID_FITTING
            CODE    BAB1H     0188H     UNIT         ?PR?SIN?SIN
            CODE    BC39H     0181H     UNIT         ?PR?GETBATTERYLIFE?POWERMANAGE
            CODE    BDBAH     0180H     UNIT         ?PR?BME280READCOMPENSATIONPARAMETER?BME280
            CODE    BF3AH     0173H     UNIT         ?PR?_CALCDATA_INPUT?ELLIPSOID_FITTING
            CODE    C0ADH     0166H     UNIT         ?PR?_POW?POW
            CODE    C213H     0157H     UNIT         ?PR?_BMPTOCACHE?DISPLAY
            CODE    C36AH     014BH     UNIT         ?PR?_READ_HMC5883L?HMC5883L
            CODE    C4B5H     012BH     UNIT         ?PR?_SCREEROLLDOWN?DISPLAY
            CODE    C5E0H     0129H     UNIT         ?PR?LOG?LOG
            CODE    C709H     0122H     UNIT         ?PR?ATAN?ATAN
            CODE    C82BH     0120H     UNIT         ?PR?PW02INIT?PW02
            CODE    C94BH     011AH     UNIT         ?PR?SENSORINIT?MAIN
            CODE    CA65H     0114H     UNIT         ?PR?_SCREEROLLUP?DISPLAY
            CODE    CB79H     0109H     UNIT         ?PR?MATRIX_GAUSSELIMINATION?ELLIPSOID_FITTING
            CODE    CC82H     0105H     UNIT         ?PR?_PCF8563READTIME?PCF8563
            CODE    CD87H     0105H     UNIT         ?PR?BREATHINGLAMP?MAIN
            CODE    CE8CH     00FEH     UNIT         ?PR?BME280_CAL_MEAS_DELAY?BME280
            CODE    CF8AH     00EAH     UNIT         ?PR?_ROW2_SWOP_ROW1?ELLIPSOID_FITTING
            CODE    D074H     00D8H     UNIT         ?PR?BME280READSENSORRAWDATA?BME280
            CODE    D14CH     00D7H     UNIT         ?PR?PW02CHECKCONNECTION?PW02
            CODE    D223H     00D5H     UNIT         ?PR?GETBATTERYVOLTAGE?POWERMANAGE
            CODE    D2F8H     00C2H     UNIT         ?PR?_PCF8563SETALARM?PCF8563
            CODE    D3BAH     00BEH     UNIT         ?CO?PW02
            CODE    D478H     00B3H     UNIT         ?PR?_LSM6DSMREADGYRANDACC?LSM6DSM
            CODE    D52BH     00AFH     UNIT         ?PR?_RDA5807MSETFQ?RDA5807M
            CODE    D5DAH     00AFH     UNIT         ?PR?_EEPROMREADCONFIGURATION?SYS
            CODE    D689H     00ACH     UNIT         ?PR?SQRT?SQRT
            CODE    D735H     00ABH     UNIT         ?PR?_RDA5807MSEEK?RDA5807M
            CODE    D7E0H     00A7H     UNIT         ?PR?_ROW2_ADD_KROW1?ELLIPSOID_FITTING
            CODE    D887H     00A1H     UNIT         ?PR?OLED_INIT?OLED
            CODE    D928H     009DH     UNIT         ?PR?_ATAN2?ATAN2
            CODE    D9C5H     009AH     UNIT         ?PR?EXP?EXP
            CODE    DA5FH     0099H     UNIT         ?PR?_MOVEBIGGESTELEMENT_TO_TOP?ELLIPSOID_FITTING
            CODE    DAF8H     0099H     UNIT         ?PR?_LSM6DSMENABLEAWT?LSM6DSM
            CODE    DB91H     0099H     UNIT         ?PR?TM4_ISR?BUZZER
            CODE    DC2AH     008CH     UNIT         ?C_C51STARTUP
            CODE    DCB6H     0080H     UNIT         ?PR?CALCDATA_INPUT_AVERAGE?ELLIPSOID_FITTING
            CODE    DD36H     007DH     UNIT         ?PR?_CLEARCACHEAREA?DISPLAY
            CODE    DDB3H     007AH     UNIT         ?PR?UART2_ISR?PW02
            CODE    DE2DH     0077H     UNIT         ?PR?_PW02SETNAME?PW02
            CODE    DEA4H     0075H     UNIT         ?PR?_EEPROMWRITECONFIGURATION?SYS
            CODE    DF19H     006DH     UNIT         ?PR?_SENDATCOMMAND?PW02
            CODE    DF86H     006CH     UNIT         ?PR?MATRIX_ROWSIMPLIFY?ELLIPSOID_FITTING
            CODE    DFF2H     006BH     UNIT         ?PR?_STRCAT?STRCAT
            CODE    E05DH     0067H     UNIT         ?PR?RDA5807MINIT?RDA5807M
            CODE    E0C4H     0065H     UNIT         ?PR?_PCF8563WRITEDATE?PCF8563
            CODE    E129H     0063H     UNIT         ?PR?_PW02SETADVT?PW02
            CODE    E18CH     0062H     UNIT         ?PR?RDA5807MREADRGES?RDA5807M
BL51 BANKED LINKER/LOCATER V6.22                                                      08/02/2021  23:49:14  PAGE 5


            CODE    E1EEH     0061H     UNIT         ?PR?_K_MUILTPLY_ROW?ELLIPSOID_FITTING
            CODE    E24FH     0061H     UNIT         ?PR?_SCREENREFRESHAREA?DISPLAY
            CODE    E2B0H     005EH     UNIT         ?PR?_PW02SETBUAD?PW02
            CODE    E30EH     005BH     UNIT         ?PR?_ABS?ELLIPSOID_FITTING
            CODE    E369H     005AH     UNIT         ?PR?RDA5807MWRITEREGS?RDA5807M
            CODE    E3C3H     005AH     UNIT         ?PR?LSM6DSMINIT?LSM6DSM
            CODE    E41DH     0058H     UNIT         ?PR?BME280INIT?BME280
            CODE    E475H     0056H     UNIT         ?PR?TM3_IST?MAIN
            CODE    E4CBH     0055H     UNIT         ?PR?HMC5883L_INIT?HMC5883L
            CODE    E520H     0055H     UNIT         ?PR?_DRAWDOT?DISPLAY
            CODE    E575H     0052H     UNIT         ?PR?_DISPLAYINIT?DISPLAY
            CODE    E5C7H     004DH     UNIT         ?PR?_PCF8563WRITETIME?PCF8563
            CODE    E614H     004DH     UNIT         ?PR?RAND?RAND
            CODE    E661H     004AH     UNIT         ?PR?_OLED_DRAWBMP?OLED
            CODE    E6ABH     004AH     UNIT         ?PR?_LSM6DSMENABLEPEDOMETER?LSM6DSM
            CODE    E6F5H     0047H     UNIT         ?PR?_BME280GETSENSORDATA?BME280
            CODE    E73CH     0046H     UNIT         ?PR?RDA5807MGETCURRENTFQ?RDA5807M
            CODE    E782H     0046H     UNIT         ?PR?RESETMATRIX?ELLIPSOID_FITTING
            CODE    E7C8H     0045H     UNIT         ?PR?_EEPROM_READ_N?EEPROM
            CODE    E80DH     0045H     UNIT         ?PR?_EEPROM_WRITE_N?EEPROM
            CODE    E852H     0044H     UNIT         ?PR?_HMC5883L_SET_CALIBRATION_VALUE?HMC5883L
            CODE    E896H     0044H     UNIT         ?PR?_I2C_READ_MULTIBYTES?IIC
            CODE    E8DAH     0044H     UNIT         ?C?LDIV
            CODE    E91EH     003FH     UNIT         ?PR?_I2C_NOADDR_WRITE_MULTIBYTES?IIC
            CODE    E95DH     003CH     UNIT         ?PR?_CLEARCACHE?DISPLAY
            CODE    E999H     003BH     UNIT         ?PR?ASIN?ASIN
            CODE    E9D4H     003AH     UNIT         ?PR?_PCF8563SETREGISTERBITS?PCF8563
            CODE    EA0EH     003AH     UNIT         ?PR?_LSM6DSMRSETREGISTERBITS?LSM6DSM
            CODE    EA48H     0039H     UNIT         ?PR?RDA5807MGETCURRENTRSSI?RDA5807M
            CODE    EA81H     0039H     UNIT         ?PR?BUZZERINIT?BUZZER
            CODE    EABAH     0037H     UNIT         ?PR?_PCF8563ENABLETIMER?PCF8563
            CODE    EAF1H     0033H     UNIT         ?PR?SYSINIT?SYS
            CODE    EB24H     0032H     UNIT         ?PR?SAVESCREEN?DISPLAY
            CODE    EB56H     0031H     UNIT         ?PR?_I2C_NOADDR_READ_MULTIBYTES?IIC
            CODE    EB87H     002FH     UNIT         ?PR?PININIT?SYS
            CODE    EBB6H     002EH     UNIT         ?PR?_PW02GETRXDATA?PW02
            CODE    EBE4H     002BH     UNIT         ?PR?SYSTEMDEEPPOWERDOWN?POWERMANAGE
            CODE    EC0FH     0028H     UNIT         ?PR?PW02ENTERATMODE?PW02
            CODE    EC37H     0028H     UNIT         ?PR?PW02EXITATMODE?PW02
            CODE    EC5FH     0028H     UNIT         ?PR?_RDA5807MSETVOLUME?RDA5807M
            CODE    EC87H     0027H     UNIT         ?PR?PW02GETRSSI?PW02
            CODE    ECAEH     0027H     UNIT         ?PR?_BME280WRITEBYTE?BME280
            CODE    ECD5H     0027H     UNIT         ?PR?LSM6DSMENABLETAPDETECTION?LSM6DSM
            CODE    ECFCH     0027H     UNIT         ?PR?PUTCHAR?PUTCHAR
            CODE    ED23H     0026H     UNIT         ?PR?_EEPROM_SECTORERASE?EEPROM
            CODE    ED49H     0025H     UNIT         ?PR?PCF8563DISABLEALARM?PCF8563
            CODE    ED6EH     0024H     UNIT         ?PR?_BME280SINGLEMEASUREMENT?BME280
            CODE    ED92H     0024H     UNIT         ?PR?KEYSCAN?MAIN
            CODE    EDB6H     0023H     UNIT         ?PR?I2C_STOP?IIC
            CODE    EDD9H     0022H     UNIT         ?PR?WAIT?IIC
            CODE    EDFBH     0020H     UNIT         ?CO?ELLIPSOID_FITTING
            CODE    EE1BH     001FH     UNIT         ?PR?OLED_CLEAR?OLED
            CODE    EE3AH     001EH     UNIT         ?PR?_OLED_SET_POS?OLED
            CODE    EE58H     001EH     UNIT         ?PR?_BME280SETMODE?BME280
            CODE    EE76H     001DH     UNIT         ?PR?_SINGLE_READIIC?IIC
            CODE    EE93H     001CH     UNIT         ?PR?I2C_RECVACK?IIC
            CODE    EEAFH     001BH     UNIT         ?PR?_ADCREAD?POWERMANAGE
BL51 BANKED LINKER/LOCATER V6.22                                                      08/02/2021  23:49:14  PAGE 6


            CODE    EECAH     001BH     UNIT         ?PR?TM0_ISR?MAIN
            CODE    EEE5H     001AH     UNIT         ?PR?_OLED_WR_BYTE?OLED
            CODE    EEFFH     001AH     UNIT         ?PR?_DELAY1MS?DELAY
            CODE    EF19H     0019H     UNIT         ?PR?_DELAY_MS?OLED
            CODE    EF32H     0019H     UNIT         ?PR?LSM6DSMGETCURRENTSTEP?LSM6DSM
            CODE    EF4BH     0019H     UNIT         ?PR?LSM6DSMRESETSTEPCOUNTER?LSM6DSM
            CODE    EF64H     0019H     UNIT         ?PR?UARTINIT?SYS
            CODE    EF7DH     0017H     UNIT         ?PR?_SCREENSETDIRECTION?DISPLAY
            CODE    EF94H     0015H     UNIT         ?PR?_PCF8563WRITEBYTE?PCF8563
            CODE    EFA9H     0015H     UNIT         ?PR?_BME280CONTINUOUSMEASUREMENT?BME280
            CODE    EFBEH     0015H     UNIT         ?PR?_SINGLE_WRITEIIC?IIC
            CODE    EFD3H     0015H     UNIT         ?PR?_BUZZERONOFF?BUZZER
            CODE    EFE8H     0015H     UNIT         ?PR?BEE?BUZZER
            CODE    EFFDH     0015H     UNIT         ?PR?_DELAY1US?DELAY
            CODE    F012H     0014H     UNIT         ?PR?PCF8563INIT?PCF8563
            CODE    F026H     0013H     UNIT         ?PR?UART2INIT?SYS
            CODE    F039H     0012H     UNIT         ?PR?PCF8563DISABLETIMER?PCF8563
            CODE    F04BH     0012H     UNIT         ?PR?IIC_INIT?IIC
            CODE    F05DH     0011H     UNIT         ?PR?OLED_DISPLAY_ON?OLED
            CODE    F06EH     0011H     UNIT         ?PR?_OLED_HORIZENTAL_REVERSE?OLED
            CODE    F07FH     0011H     UNIT         ?PR?_OLED_VERTICAL_REVERSE?OLED
            CODE    F090H     0011H     UNIT         ?PR?_OLED_INVERSE?OLED
            CODE    F0A1H     0010H     UNIT         ?PR?_PCF8563ENABLECLOCKOUPUT?PCF8563
            CODE    F0B1H     0010H     UNIT         ?PR?CHECKHMC5883LCONNECTION?HMC5883L
            CODE    F0C1H     0010H     UNIT         ?PR?LSM6DSMSOFTRESET?LSM6DSM
            CODE    F0D1H     0010H     UNIT         ?PR?TIMER3INIT?SYS
            CODE    F0E1H     000FH     UNIT         ?PR?LSM6DSMCHECKCONNECTION?LSM6DSM
            CODE    F0F0H     000FH     UNIT         ?PR?I2C_RECVBYTE?IIC
            CODE    F0FFH     000FH     UNIT         ?PR?I2C_SENDNAK?IIC
            CODE    F10EH     000FH     UNIT         ?PR?BEEBEEBEE?BUZZER
            CODE    F11DH     000EH     UNIT         ?PR?_OLED_SET_BRIGHTNESS?OLED
            CODE    F12BH     000EH     UNIT         ?PR?BME280CHECKCONNECTION?BME280
            CODE    F139H     000EH     UNIT         ?PR?BME280SOFTRESET?BME280
            CODE    F147H     000EH     UNIT         ?PR?_I2C_SENDBYTE?IIC
            CODE    F155H     000EH     UNIT         ?PR?I2C_SENDACK?IIC
            CODE    F163H     000EH     UNIT         ?PR?DISABLEEEPROM?EEPROM
            CODE    F171H     000DH     UNIT         ?PR?_LSM6DSMWRITEBYTE?LSM6DSM
            CODE    F17EH     000DH     UNIT         ?PR?_BATTERYCHARGEENABLE?POWERMANAGE
            CODE    F18BH     000DH     UNIT         ?PR?TIMER0INIT?SYS
            CODE    F198H     000CH     UNIT         ?PR?OLED_DISPLAY_OFF?OLED
            CODE    F1A4H     000CH     UNIT         ?PR?SYSTEMPOWERON?POWERMANAGE
            CODE    F1B0H     000CH     UNIT         ?PR?I2C_START?IIC
            CODE    F1BCH     000CH     UNIT         ?PR?INITCONFIG?SYS
            CODE    F1C8H     000BH     UNIT         ?PR?_HMC5883L_SET_MODE?HMC5883L
            CODE    F1D3H     000BH     UNIT         ?PR?_SCREENSETBRIGHTNESS?DISPLAY
            CODE    F1DEH     000AH     UNIT         ?PR?_PW02SETMODE?PW02
            CODE    F1E8H     000AH     UNIT         ?PR?RDA5807MSETMUTE?RDA5807M
            CODE    F1F2H     000AH     UNIT         ?PR?RDA5807MPOWERUP?RDA5807M
            CODE    F1FCH     000AH     UNIT         ?PR?RDA5807MPOWERDOWN?RDA5807M
            CODE    F206H     000AH     UNIT         ?PR?PCF8563READINTSRC?PCF8563
            CODE    F210H     000AH     UNIT         ?PR?_SCREENONOFF?DISPLAY
            CODE    F21AH     0009H     UNIT         ?PR?PW02REST?PW02
            CODE    F223H     0009H     UNIT         ?PR?PCF8563CLEARALARMFLAG?PCF8563
            CODE    F22CH     0009H     UNIT         ?PR?PCF8563CLEARTIMERFLAG?PCF8563
            CODE    F235H     0009H     UNIT         ?PR?LSM6DSMENABLEEMBEDDEDFUNC?LSM6DSM
            CODE    F23EH     0009H     UNIT         ?PR?LSM6DSMDISABLEPEDOMETER?LSM6DSM
            CODE    F247H     0009H     UNIT         ?PR?_ENABLEBUZZER?BUZZER
BL51 BANKED LINKER/LOCATER V6.22                                                      08/02/2021  23:49:14  PAGE 7


            CODE    F250H     0008H     UNIT         ?PR?_PCF8563READBYTE?PCF8563
            CODE    F258H     0008H     UNIT         ?PR?_BME280READBYTE?BME280
            CODE    F260H     0008H     UNIT         ?PR?_HMC5883L_READ_BYTE?HMC5883L
            CODE    F268H     0008H     UNIT         ?PR?_LSM6DSMREADBYTE?LSM6DSM
            CODE    F270H     0008H     UNIT         ?PR?_LSM6DSMCONFIGACC?LSM6DSM
            CODE    F278H     0008H     UNIT         ?PR?_LSM6DSMCONFIGGYR?LSM6DSM
            CODE    F280H     0008H     UNIT         ?PR?_LED?SYS
            CODE    F288H     0007H     UNIT         ?PR?ADCINIT?POWERMANAGE
            CODE    F28FH     0006H     UNIT         ?CO?BME280
            CODE    F295H     0006H     UNIT         ?PR?_ENABLE3V3OUTPUT?POWERMANAGE
            CODE    F29BH     0003H     UNIT         ?PR?_SCREENSETINVERSE?DISPLAY
            CODE    F29EH     0003H     UNIT         ?PR?LED1_ON?MAIN
            CODE    F2A1H     0003H     UNIT         ?PR?LED1_OFF?MAIN
            CODE    F2A4H     0003H     UNIT         ?PR?INT0_ISR?MAIN
            CODE    F2A7H     0003H     UNIT         ?PR?INT3_ISR?MAIN



OVERLAY MAP OF MODULE:   ..\Objects\iWatch-v1.1 (PW02)


SEGMENT                                             BIT_GROUP          DATA_GROUP          IDATA_GROUP         XDATA_GRO
>> UP
  +--> CALLED SEGMENT                            START    LENGTH     START    LENGTH     START    LENGTH     START    LE
>> NGTH
------------------------------------------------------------------------------------------------------------------------
>> ----
?PR?TM4_ISR?BUZZER                               -----    -----      -----    -----      -----    -----      -----    --
>> ---
  +--> ?PR?_BUZZERONOFF?BUZZER

*** NEW ROOT ***************************************************

?PR?TM3_IST?MAIN                                 -----    -----      -----    -----      -----    -----      -----    --
>> ---
  +--> ?PR?MCUSOFTRESET?SYS
  +--> ?PR?KEYSCAN?MAIN
  +--> ?PR?BEE?BUZZER
  +--> ?PR?LED1_OFF?MAIN

?PR?BEE?BUZZER                                   -----    -----      -----    -----      -----    -----      -----    --
>> ---
  +--> ?PR?_BUZZERONOFF?BUZZER

*** NEW ROOT ***************************************************

?C_C51STARTUP                                    -----    -----      -----    -----      -----    -----      -----    --
>> ---
  +--> ?PR?MAIN?MAIN
  +--> ?C_INITSEG

?PR?MAIN?MAIN                                    -----    -----      -----    -----      -----    -----      0F66H    00
>> 80H
  +--> ?PR?SYSINIT?SYS
  +--> ?PR?_DISPLAYINIT?DISPLAY
  +--> ?PR?PCF8563INIT?PCF8563
  +--> ?PR?SENSORINIT?MAIN
BL51 BANKED LINKER/LOCATER V6.22                                                      08/02/2021  23:49:14  PAGE 8


  +--> ?PR?_CLEARCACHE?DISPLAY
  +--> ?PR?FEEDWATCHDOG?SYS
  +--> ?PR?_PCF8563READTIME?PCF8563
  +--> ?PR?_DISPLAYTIME?DISPLAY
  +--> ?PR?_DELAY1MS?DELAY
  +--> ?CO?MAIN
  +--> ?PR?PRINTF?PRINTF
  +--> ?PR?_STRCAT?STRCAT
  +--> ?PR?_SHOWSTRING?DISPLAY
  +--> ?PR?SAVESCREEN?DISPLAY
  +--> ?PR?_BMPTOCACHE?DISPLAY
  +--> ?PR?_SCREENPUSHANIMATION?DISPLAY
  +--> ?PR?_LSM6DSMCONFIGACC?LSM6DSM
  +--> ?PR?_LSM6DSMCONFIGGYR?LSM6DSM
  +--> ?PR?_LSM6DSMREADGYRANDACC?LSM6DSM
  +--> ?PR?_IMUUPDATE?LSM6DSM
  +--> ?PR?_DRAWSELECTIONFRAME?DISPLAY
  +--> ?PR?_SCREENREFRESHALL?DISPLAY
  +--> ?PR?_PCF8563ENABLECLOCKOUPUT?PCF8563
  +--> ?PR?LSM6DSMGETCURRENTSTEP?LSM6DSM
  +--> ?PR?_BME280CONTINUOUSMEASUREMENT?BME280
  +--> ?PR?_BME280GETSENSORDATA?BME280
  +--> ?PR?_POW?POW
  +--> ?PR?_BME280SETMODE?BME280
  +--> ?PR?RDA5807MPOWERUP?RDA5807M
  +--> ?PR?_RDA5807MSETFQ?RDA5807M
  +--> ?PR?_RDA5807MSETVOLUME?RDA5807M
  +--> ?PR?_RDA5807MSEEK?RDA5807M
  +--> ?PR?RDA5807MPOWERDOWN?RDA5807M
  +--> ?PR?_EEPROMWRITECONFIGURATION?SYS
  +--> ?PR?_HMC5883L_SET_MODE?HMC5883L
  +--> ?PR?_HMC5883L_SET_CALIBRATION_VALUE?H...
  +--> ?PR?_READ_HMC5883L?HMC5883L
  +--> ?PR?_HMC5883L_GET_ANGLEXY?HMC5883L
  +--> ?PR?_DRAWARM?DISPLAY
  +--> ?PR?RESETMATRIX?ELLIPSOID_FITTING
  +--> ?PR?_CALCDATA_INPUT?ELLIPSOID_FITTING
  +--> ?PR?BEE?BUZZER
  +--> ?PR?_ELLIPSOID_FITTING_PROCESS?ELLIPS...
  +--> ?PR?PW02INIT?PW02
  +--> ?PR?_PW02SETMODE?PW02
  +--> ?PR?PW02CHECKCONNECTION?PW02
  +--> ?PR?_PW02GETRXDATA?PW02
  +--> ?PR?PW02EXITATMODE?PW02
  +--> ?PR?_SCREENSETINVERSE?DISPLAY
  +--> ?PR?_DRAWDOT?DISPLAY
  +--> ?PR?_SCREENSETBRIGHTNESS?DISPLAY
  +--> ?PR?_LED?SYS
  +--> ?PR?_SCREEROLLDOWN?DISPLAY
  +--> ?PR?_SCREEROLLUP?DISPLAY
  +--> ?PR?_PCF8563WRITETIME?PCF8563
  +--> ?PR?_PCF8563WRITEDATE?PCF8563
  +--> ?PR?_PCF8563SETALARM?PCF8563
  +--> ?PR?PCF8563DISABLEALARM?PCF8563
  +--> ?PR?_SCREENSETDIRECTION?DISPLAY
  +--> ?PR?_ENABLEBUZZER?BUZZER
  +--> ?PR?MCUSOFTRESET?SYS
BL51 BANKED LINKER/LOCATER V6.22                                                      08/02/2021  23:49:14  PAGE 9


  +--> ?PR?RAND?RAND
  +--> ?PR?LED1_ON?MAIN
  +--> ?PR?_SCREENONOFF?DISPLAY
  +--> ?PR?PCF8563READINTSRC?PCF8563
  +--> ?PR?PCF8563CLEARALARMFLAG?PCF8563
  +--> ?PR?BEEBEEBEE?BUZZER
  +--> ?PR?PCF8563CLEARTIMERFLAG?PCF8563
  +--> ?PR?GETBATTERYLIFE?POWERMANAGE
  +--> ?PR?LSM6DSMRESETSTEPCOUNTER?LSM6DSM
  +--> ?PR?_PCF8563ENABLETIMER?PCF8563

?PR?SYSINIT?SYS                                  -----    -----      -----    -----      -----    -----      -----    --
>> ---
  +--> ?PR?PININIT?SYS
  +--> ?PR?UARTINIT?SYS
  +--> ?PR?UART2INIT?SYS
  +--> ?PR?TIMER0INIT?SYS
  +--> ?PR?TIMER3INIT?SYS
  +--> ?PR?INITCONFIG?SYS
  +--> ?PR?ADCINIT?POWERMANAGE
  +--> ?PR?IIC_INIT?IIC
  +--> ?PR?ENABLEWATCHDOG?SYS
  +--> ?PR?_EEPROMREADCONFIGURATION?SYS
  +--> ?PR?_LED?SYS
  +--> ?PR?_DELAY1MS?DELAY

?PR?_EEPROMREADCONFIGURATION?SYS                 -----    -----      -----    -----      -----    -----      0FE6H    00
>> 06H
  +--> ?PR?_EEPROM_READ_N?EEPROM

?PR?_EEPROM_READ_N?EEPROM                        -----    -----      -----    -----      -----    -----      0FECH    00
>> 07H
  +--> ?PR?DISABLEEEPROM?EEPROM

?PR?_DISPLAYINIT?DISPLAY                         -----    -----      -----    -----      -----    -----      0FE6H    00
>> 03H
  +--> ?PR?OLED_INIT?OLED
  +--> ?PR?_SCREENSETBRIGHTNESS?DISPLAY
  +--> ?PR?_SCREENSETDIRECTION?DISPLAY
  +--> ?PR?_SCREENSETINVERSE?DISPLAY
  +--> ?PR?_SCREENONOFF?DISPLAY

?PR?OLED_INIT?OLED                               -----    -----      -----    -----      -----    -----      -----    --
>> ---
  +--> ?PR?_DELAY_MS?OLED
  +--> ?PR?_OLED_WR_BYTE?OLED
  +--> ?PR?OLED_CLEAR?OLED
  +--> ?PR?_OLED_SET_POS?OLED

?PR?OLED_CLEAR?OLED                              -----    -----      -----    -----      -----    -----      -----    --
>> ---
  +--> ?PR?_OLED_WR_BYTE?OLED

?PR?_OLED_SET_POS?OLED                           -----    -----      -----    -----      -----    -----      -----    --
>> ---
  +--> ?PR?_OLED_WR_BYTE?OLED

BL51 BANKED LINKER/LOCATER V6.22                                                      08/02/2021  23:49:14  PAGE 10


?PR?_SCREENSETBRIGHTNESS?DISPLAY                 -----    -----      -----    -----      -----    -----      -----    --
>> ---
  +--> ?PR?_OLED_SET_BRIGHTNESS?OLED

?PR?_OLED_SET_BRIGHTNESS?OLED                    -----    -----      -----    -----      -----    -----      -----    --
>> ---
  +--> ?PR?_OLED_WR_BYTE?OLED

?PR?_SCREENSETDIRECTION?DISPLAY                  -----    -----      -----    -----      -----    -----      -----    --
>> ---
  +--> ?PR?_OLED_HORIZENTAL_REVERSE?OLED
  +--> ?PR?_OLED_VERTICAL_REVERSE?OLED

?PR?_OLED_HORIZENTAL_REVERSE?OLED                -----    -----      -----    -----      -----    -----      -----    --
>> ---
  +--> ?PR?_OLED_WR_BYTE?OLED

?PR?_OLED_VERTICAL_REVERSE?OLED                  -----    -----      -----    -----      -----    -----      -----    --
>> ---
  +--> ?PR?_OLED_WR_BYTE?OLED

?PR?_SCREENSETINVERSE?DISPLAY                    -----    -----      -----    -----      -----    -----      -----    --
>> ---
  +--> ?PR?_OLED_INVERSE?OLED

?PR?_OLED_INVERSE?OLED                           -----    -----      -----    -----      -----    -----      -----    --
>> ---
  +--> ?PR?_OLED_WR_BYTE?OLED

?PR?_SCREENONOFF?DISPLAY                         -----    -----      -----    -----      -----    -----      -----    --
>> ---
  +--> ?PR?OLED_DISPLAY_ON?OLED
  +--> ?PR?OLED_DISPLAY_OFF?OLED

?PR?OLED_DISPLAY_ON?OLED                         -----    -----      -----    -----      -----    -----      -----    --
>> ---
  +--> ?PR?_OLED_WR_BYTE?OLED

?PR?OLED_DISPLAY_OFF?OLED                        -----    -----      -----    -----      -----    -----      -----    --
>> ---
  +--> ?PR?_OLED_WR_BYTE?OLED

?PR?PCF8563INIT?PCF8563                          -----    -----      -----    -----      -----    -----      -----    --
>> ---
  +--> ?PR?PCF8563CLEARALARMFLAG?PCF8563
  +--> ?PR?PCF8563CLEARTIMERFLAG?PCF8563
  +--> ?PR?_PCF8563ENABLETIMER?PCF8563
  +--> ?PR?_PCF8563ENABLECLOCKOUPUT?PCF8563

?PR?PCF8563CLEARALARMFLAG?PCF8563                -----    -----      -----    -----      -----    -----      -----    --
>> ---
  +--> ?PR?_PCF8563SETREGISTERBITS?PCF8563

?PR?_PCF8563SETREGISTERBITS?PCF8563              -----    -----      -----    -----      -----    -----      0FEEH    00
>> 03H
  +--> ?PR?_PCF8563READBYTE?PCF8563
  +--> ?PR?_PCF8563WRITEBYTE?PCF8563
BL51 BANKED LINKER/LOCATER V6.22                                                      08/02/2021  23:49:14  PAGE 11



?PR?_PCF8563READBYTE?PCF8563                     -----    -----      -----    -----      -----    -----      -----    --
>> ---
  +--> ?PR?_SINGLE_READIIC?IIC

?PR?_SINGLE_READIIC?IIC                          -----    -----      -----    -----      -----    -----      -----    --
>> ---
  +--> ?PR?I2C_RECVACK?IIC
  +--> ?PR?I2C_START?IIC
  +--> ?PR?_I2C_SENDBYTE?IIC
  +--> ?PR?I2C_RECVBYTE?IIC
  +--> ?PR?I2C_SENDNAK?IIC
  +--> ?PR?I2C_STOP?IIC

?PR?I2C_RECVACK?IIC                              -----    -----      -----    -----      -----    -----      -----    --
>> ---
  +--> ?PR?I2C_START?IIC
  +--> ?PR?_I2C_SENDBYTE?IIC
  +--> ?PR?WAIT?IIC

?PR?I2C_START?IIC                                -----    -----      -----    -----      -----    -----      -----    --
>> ---
  +--> ?PR?WAIT?IIC

?PR?_I2C_SENDBYTE?IIC                            -----    -----      -----    -----      -----    -----      -----    --
>> ---
  +--> ?PR?WAIT?IIC

?PR?I2C_RECVBYTE?IIC                             -----    -----      -----    -----      -----    -----      -----    --
>> ---
  +--> ?PR?WAIT?IIC

?PR?I2C_SENDNAK?IIC                              -----    -----      -----    -----      -----    -----      -----    --
>> ---
  +--> ?PR?WAIT?IIC

?PR?I2C_STOP?IIC                                 -----    -----      -----    -----      -----    -----      -----    --
>> ---
  +--> ?PR?I2C_RECVBYTE?IIC
  +--> ?PR?I2C_SENDNAK?IIC
  +--> ?PR?WAIT?IIC

?PR?_PCF8563WRITEBYTE?PCF8563                    -----    -----      -----    -----      -----    -----      -----    --
>> ---
  +--> ?PR?_SINGLE_WRITEIIC?IIC

?PR?_SINGLE_WRITEIIC?IIC                         -----    -----      -----    -----      -----    -----      -----    --
>> ---
  +--> ?PR?I2C_START?IIC
  +--> ?PR?I2C_RECVACK?IIC
  +--> ?PR?_I2C_SENDBYTE?IIC
  +--> ?PR?I2C_STOP?IIC

?PR?PCF8563CLEARTIMERFLAG?PCF8563                -----    -----      -----    -----      -----    -----      -----    --
>> ---
  +--> ?PR?_PCF8563SETREGISTERBITS?PCF8563

BL51 BANKED LINKER/LOCATER V6.22                                                      08/02/2021  23:49:14  PAGE 12


?PR?_PCF8563ENABLETIMER?PCF8563                  -----    -----      -----    -----      -----    -----      0FE6H    00
>> 02H
  +--> ?PR?_PCF8563SETREGISTERBITS?PCF8563
  +--> ?PR?_PCF8563WRITEBYTE?PCF8563

?PR?_PCF8563ENABLECLOCKOUPUT?PCF8563             -----    -----      -----    -----      -----    -----      -----    --
>> ---
  +--> ?PR?_PCF8563WRITEBYTE?PCF8563

?PR?SENSORINIT?MAIN                              -----    -----      -----    -----      -----    -----      0FE6H    00
>> 04H
  +--> ?PR?BME280INIT?BME280
  +--> ?CO?MAIN
  +--> ?PR?_SHOWSTRING?DISPLAY
  +--> ?PR?HMC5883L_INIT?HMC5883L
  +--> ?PR?LSM6DSMINIT?LSM6DSM
  +--> ?PR?RDA5807MINIT?RDA5807M
  +--> ?PR?_DELAY1MS?DELAY

?PR?BME280INIT?BME280                            -----    -----      -----    -----      -----    -----      0FEAH    00
>> 01H
  +--> ?PR?_DELAY1MS?DELAY
  +--> ?PR?BME280CHECKCONNECTION?BME280
  +--> ?PR?BME280SOFTRESET?BME280
  +--> ?PR?BME280READCOMPENSATIONPARAMETER?B...
  +--> ?PR?_BME280WRITEBYTE?BME280

?PR?BME280CHECKCONNECTION?BME280                 -----    -----      -----    -----      -----    -----      -----    --
>> ---
  +--> ?PR?_BME280READBYTE?BME280

?PR?_BME280READBYTE?BME280                       -----    -----      -----    -----      -----    -----      -----    --
>> ---
  +--> ?PR?_SINGLE_READIIC?IIC

?PR?BME280SOFTRESET?BME280                       -----    -----      -----    -----      -----    -----      -----    --
>> ---
  +--> ?PR?_BME280WRITEBYTE?BME280
  +--> ?PR?_DELAY1MS?DELAY

?PR?_BME280WRITEBYTE?BME280                      -----    -----      -----    -----      -----    -----      -----    --
>> ---
  +--> ?PR?_SINGLE_WRITEIIC?IIC

?PR?BME280READCOMPENSATIONPARAMETER?B...         -----    -----      -----    -----      -----    -----      0FEBH    00
>> 21H
  +--> ?PR?_I2C_READ_MULTIBYTES?IIC

?PR?_I2C_READ_MULTIBYTES?IIC                     -----    -----      -----    -----      -----    -----      100CH    00
>> 06H
  +--> ?PR?I2C_RECVACK?IIC
  +--> ?PR?I2C_START?IIC
  +--> ?PR?_I2C_SENDBYTE?IIC
  +--> ?PR?I2C_RECVBYTE?IIC
  +--> ?PR?I2C_SENDACK?IIC
  +--> ?PR?I2C_STOP?IIC

BL51 BANKED LINKER/LOCATER V6.22                                                      08/02/2021  23:49:14  PAGE 13


?PR?I2C_SENDACK?IIC                              -----    -----      -----    -----      -----    -----      -----    --
>> ---
  +--> ?PR?WAIT?IIC

?PR?_SHOWSTRING?DISPLAY                          -----    -----      0025H    000AH      -----    -----      0FEAH    00
>> 0BH
  +--> ?CO?DISPLAY
  +--> ?PR?_SCREEROLLUP?DISPLAY
  +--> ?PR?_CLEARCACHE?DISPLAY
  +--> ?PR?_SCREENREFRESHAREA?DISPLAY

?PR?_SCREEROLLUP?DISPLAY                         -----    -----      002FH    0008H      -----    -----      0FF5H    00
>> 04H
  +--> ?PR?_OLED_DRAWBMP?OLED

?PR?_OLED_DRAWBMP?OLED                           -----    -----      0037H    0004H      -----    -----      -----    --
>> ---
  +--> ?PR?_OLED_WR_BYTE?OLED

?PR?_CLEARCACHE?DISPLAY                          -----    -----      002FH    0002H      -----    -----      0FF5H    00
>> 03H

?PR?_SCREENREFRESHAREA?DISPLAY                   -----    -----      002FH    0004H      -----    -----      0FF5H    00
>> 04H
  +--> ?PR?_OLED_SET_POS?OLED
  +--> ?PR?_OLED_WR_BYTE?OLED

?PR?HMC5883L_INIT?HMC5883L                       -----    -----      -----    -----      -----    -----      0FEAH    00
>> 01H
  +--> ?PR?CHECKHMC5883LCONNECTION?HMC5883L
  +--> ?PR?_DELAY1MS?DELAY
  +--> ?PR?_HMC5883L_WRITE_BYTE?HMC5883L

?PR?CHECKHMC5883LCONNECTION?HMC5883L             -----    -----      -----    -----      -----    -----      -----    --
>> ---
  +--> ?PR?_HMC5883L_READ_BYTE?HMC5883L

?PR?_HMC5883L_READ_BYTE?HMC5883L                 -----    -----      -----    -----      -----    -----      -----    --
>> ---
  +--> ?PR?_SINGLE_READIIC?IIC

?PR?_HMC5883L_WRITE_BYTE?HMC5883L                -----    -----      -----    -----      -----    -----      -----    --
>> ---
  +--> ?PR?_SINGLE_WRITEIIC?IIC

?PR?LSM6DSMINIT?LSM6DSM                          -----    -----      -----    -----      -----    -----      0FEAH    00
>> 02H
  +--> ?PR?_DELAY1MS?DELAY
  +--> ?PR?LSM6DSMCHECKCONNECTION?LSM6DSM
  +--> ?PR?LSM6DSMSOFTRESET?LSM6DSM
  +--> ?PR?_LSM6DSMCONFIGACC?LSM6DSM
  +--> ?PR?_LSM6DSMCONFIGGYR?LSM6DSM
  +--> ?PR?_LSM6DSMENABLEAWT?LSM6DSM
  +--> ?PR?LSM6DSMENABLETAPDETECTION?LSM6DSM
  +--> ?PR?_LSM6DSMENABLEPEDOMETER?LSM6DSM
  +--> ?PR?LSM6DSMENABLEEMBEDDEDFUNC?LSM6DSM

BL51 BANKED LINKER/LOCATER V6.22                                                      08/02/2021  23:49:14  PAGE 14


?PR?LSM6DSMCHECKCONNECTION?LSM6DSM               -----    -----      -----    -----      -----    -----      -----    --
>> ---
  +--> ?PR?_LSM6DSMREADBYTE?LSM6DSM

?PR?_LSM6DSMREADBYTE?LSM6DSM                     -----    -----      -----    -----      -----    -----      -----    --
>> ---
  +--> ?PR?_SINGLE_READIIC?IIC

?PR?LSM6DSMSOFTRESET?LSM6DSM                     -----    -----      -----    -----      -----    -----      -----    --
>> ---
  +--> ?PR?_LSM6DSMRSETREGISTERBITS?LSM6DSM
  +--> ?PR?_DELAY1MS?DELAY

?PR?_LSM6DSMRSETREGISTERBITS?LSM6DSM             -----    -----      -----    -----      -----    -----      0FEFH    00
>> 03H
  +--> ?PR?_LSM6DSMREADBYTE?LSM6DSM
  +--> ?PR?_LSM6DSMWRITEBYTE?LSM6DSM

?PR?_LSM6DSMWRITEBYTE?LSM6DSM                    -----    -----      -----    -----      -----    -----      -----    --
>> ---
  +--> ?PR?_SINGLE_WRITEIIC?IIC

?PR?_LSM6DSMCONFIGACC?LSM6DSM                    -----    -----      -----    -----      -----    -----      -----    --
>> ---
  +--> ?PR?_LSM6DSMWRITEBYTE?LSM6DSM

?PR?_LSM6DSMCONFIGGYR?LSM6DSM                    -----    -----      -----    -----      -----    -----      -----    --
>> ---
  +--> ?PR?_LSM6DSMWRITEBYTE?LSM6DSM

?PR?_LSM6DSMENABLEAWT?LSM6DSM                    -----    -----      -----    -----      -----    -----      0FECH    00
>> 02H
  +--> ?PR?SIN?SIN
  +--> ?PR?_LSM6DSMWRITEBYTE?LSM6DSM
  +--> ?PR?_LSM6DSMRSETREGISTERBITS?LSM6DSM

?PR?SIN?SIN                                      0022H.6  0000H.1    -----    -----      -----    -----      0FFDH    00
>> 04H

?PR?LSM6DSMENABLETAPDETECTION?LSM6DSM            -----    -----      -----    -----      -----    -----      -----    --
>> ---
  +--> ?PR?_LSM6DSMRSETREGISTERBITS?LSM6DSM
  +--> ?PR?_LSM6DSMWRITEBYTE?LSM6DSM

?PR?_LSM6DSMENABLEPEDOMETER?LSM6DSM              -----    -----      -----    -----      -----    -----      0FECH    00
>> 03H
  +--> ?PR?_LSM6DSMWRITEBYTE?LSM6DSM
  +--> ?PR?_LSM6DSMRSETREGISTERBITS?LSM6DSM

?PR?LSM6DSMENABLEEMBEDDEDFUNC?LSM6DSM            -----    -----      -----    -----      -----    -----      -----    --
>> ---
  +--> ?PR?_LSM6DSMRSETREGISTERBITS?LSM6DSM

?PR?RDA5807MINIT?RDA5807M                        -----    -----      -----    -----      -----    -----      -----    --
>> ---
  +--> ?PR?RDA5807MWRITEREGS?RDA5807M
  +--> ?PR?_DELAY1MS?DELAY
BL51 BANKED LINKER/LOCATER V6.22                                                      08/02/2021  23:49:14  PAGE 15



?PR?RDA5807MWRITEREGS?RDA5807M                   -----    -----      -----    -----      -----    -----      0FEAH    00
>> 08H
  +--> ?PR?_I2C_NOADDR_WRITE_MULTIBYTES?IIC

?PR?_I2C_NOADDR_WRITE_MULTIBYTES?IIC             -----    -----      -----    -----      -----    -----      0FF2H    00
>> 03H
  +--> ?PR?I2C_START?IIC
  +--> ?PR?_I2C_SENDBYTE?IIC
  +--> ?PR?I2C_RECVACK?IIC
  +--> ?PR?I2C_STOP?IIC

?PR?_PCF8563READTIME?PCF8563                     -----    -----      -----    -----      -----    -----      0FE6H    00
>> 0AH
  +--> ?PR?_I2C_READ_MULTIBYTES?IIC

?PR?_DISPLAYTIME?DISPLAY                         -----    -----      -----    -----      -----    -----      0FE6H    00
>> 12H
  +--> ?CO?DISPLAY
  +--> ?PR?_OLED_DRAWBMP?OLED

?PR?PRINTF?PRINTF                                0022H.6  0001H.1    0025H    0005H      -----    -----      1019H    00
>> 30H
  +--> ?PR?PUTCHAR?PUTCHAR

?PR?_STRCAT?STRCAT                               -----    -----      -----    -----      -----    -----      1006H    00
>> 09H

?PR?SAVESCREEN?DISPLAY                           -----    -----      0025H    0002H      -----    -----      -----    --
>> ---

?PR?_BMPTOCACHE?DISPLAY                          -----    -----      0025H    0008H      -----    -----      0FE6H    00
>> 0BH

?PR?_SCREENPUSHANIMATION?DISPLAY                 -----    -----      0025H    0008H      -----    -----      0FE6H    00
>> 04H
  +--> ?PR?_OLED_DRAWBMP?OLED

?PR?_LSM6DSMREADGYRANDACC?LSM6DSM                -----    -----      -----    -----      -----    -----      0FE6H    00
>> 0FH
  +--> ?PR?_I2C_READ_MULTIBYTES?IIC

?PR?_IMUUPDATE?LSM6DSM                           -----    -----      0025H    0004H      003BH    0030H      0FE6H    00
>> 03H
  +--> ?PR?SQRT?SQRT
  +--> ?PR?ASIN?ASIN
  +--> ?PR?ATAN?ATAN

?PR?SQRT?SQRT                                    -----    -----      -----    -----      -----    -----      1019H    00
>> 04H

?PR?ASIN?ASIN                                    -----    -----      -----    -----      -----    -----      -----    --
>> ---
  +--> ?PR?SQRT?SQRT
  +--> ?PR?ATAN?ATAN

?PR?ATAN?ATAN                                    0022H.6  0000H.2    -----    -----      -----    -----      1005H    00
BL51 BANKED LINKER/LOCATER V6.22                                                      08/02/2021  23:49:14  PAGE 16


>> 04H

?PR?_DRAWSELECTIONFRAME?DISPLAY                  -----    -----      -----    -----      -----    -----      -----    --
>> ---
  +--> ?PR?_DRAWDOT?DISPLAY

?PR?_SCREENREFRESHALL?DISPLAY                    -----    -----      -----    -----      -----    -----      -----    --
>> ---
  +--> ?PR?_OLED_DRAWBMP?OLED

?PR?LSM6DSMGETCURRENTSTEP?LSM6DSM                -----    -----      -----    -----      -----    -----      0FE6H    00
>> 01H
  +--> ?PR?_LSM6DSMREADBYTE?LSM6DSM

?PR?_BME280CONTINUOUSMEASUREMENT?BME280          -----    -----      -----    -----      -----    -----      -----    --
>> ---
  +--> ?PR?_BME280WRITEBYTE?BME280
  +--> ?PR?_BME280SETMODE?BME280

?PR?_BME280SETMODE?BME280                        -----    -----      -----    -----      -----    -----      -----    --
>> ---
  +--> ?PR?_BME280WRITEBYTE?BME280

?PR?_BME280GETSENSORDATA?BME280                  -----    -----      -----    -----      -----    -----      0FE6H    00
>> 03H
  +--> ?PR?BME280READSENSORRAWDATA?BME280
  +--> ?PR?COMPENSATE_TEMPERATURE?BME280
  +--> ?PR?COMPENSATE_PRESSURE?BME280
  +--> ?PR?COMPENSATE_HUMIDITY?BME280

?PR?BME280READSENSORRAWDATA?BME280               -----    -----      -----    -----      -----    -----      0FE9H    00
>> 08H
  +--> ?PR?_I2C_READ_MULTIBYTES?IIC

?PR?COMPENSATE_TEMPERATURE?BME280                -----    -----      -----    -----      -----    -----      0FE9H    00
>> 14H

?PR?COMPENSATE_PRESSURE?BME280                   -----    -----      -----    -----      -----    -----      0FE9H    00
>> 18H

?PR?COMPENSATE_HUMIDITY?BME280                   -----    -----      -----    -----      -----    -----      0FE9H    00
>> 24H

?PR?_POW?POW                                     -----    -----      -----    -----      -----    -----      0FE6H    00
>> 0AH
  +--> ?PR?LOG?LOG
  +--> ?PR?EXP?EXP

?PR?LOG?LOG                                      0022H.6  0000H.1    -----    -----      -----    -----      0FF0H    00
>> 04H

?PR?RDA5807MPOWERUP?RDA5807M                     -----    -----      -----    -----      -----    -----      -----    --
>> ---
  +--> ?PR?RDA5807MWRITEREGS?RDA5807M

?PR?_RDA5807MSETFQ?RDA5807M                      -----    -----      -----    -----      -----    -----      0FE6H    00
>> 04H
BL51 BANKED LINKER/LOCATER V6.22                                                      08/02/2021  23:49:14  PAGE 17


  +--> ?PR?RDA5807MWRITEREGS?RDA5807M
  +--> ?PR?_DELAY1MS?DELAY
  +--> ?PR?RDA5807MREADRGES?RDA5807M

?PR?RDA5807MREADRGES?RDA5807M                    -----    -----      -----    -----      -----    -----      0FEAH    00
>> 04H
  +--> ?PR?_I2C_NOADDR_READ_MULTIBYTES?IIC

?PR?_I2C_NOADDR_READ_MULTIBYTES?IIC              -----    -----      -----    -----      -----    -----      0FEEH    00
>> 03H
  +--> ?PR?I2C_START?IIC
  +--> ?PR?_I2C_SENDBYTE?IIC
  +--> ?PR?I2C_RECVACK?IIC
  +--> ?PR?I2C_STOP?IIC

?PR?_RDA5807MSETVOLUME?RDA5807M                  -----    -----      -----    -----      -----    -----      -----    --
>> ---
  +--> ?PR?RDA5807MWRITEREGS?RDA5807M

?PR?_RDA5807MSEEK?RDA5807M                       -----    -----      -----    -----      -----    -----      -----    --
>> ---
  +--> ?PR?RDA5807MWRITEREGS?RDA5807M
  +--> ?PR?RDA5807MREADRGES?RDA5807M

?PR?RDA5807MPOWERDOWN?RDA5807M                   -----    -----      -----    -----      -----    -----      -----    --
>> ---
  +--> ?PR?RDA5807MWRITEREGS?RDA5807M

?PR?_EEPROMWRITECONFIGURATION?SYS                -----    -----      -----    -----      -----    -----      0FE6H    00
>> 05H
  +--> ?PR?_EEPROM_SECTORERASE?EEPROM
  +--> ?PR?_EEPROM_WRITE_N?EEPROM

?PR?_EEPROM_SECTORERASE?EEPROM                   -----    -----      -----    -----      -----    -----      -----    --
>> ---
  +--> ?PR?DISABLEEEPROM?EEPROM

?PR?_EEPROM_WRITE_N?EEPROM                       -----    -----      -----    -----      -----    -----      0FEBH    00
>> 07H
  +--> ?PR?DISABLEEEPROM?EEPROM

?PR?_HMC5883L_SET_MODE?HMC5883L                  -----    -----      -----    -----      -----    -----      -----    --
>> ---
  +--> ?PR?_HMC5883L_WRITE_BYTE?HMC5883L

?PR?_HMC5883L_SET_CALIBRATION_VALUE?H...         -----    -----      -----    -----      -----    -----      0FE6H    00
>> 0EH

?PR?_READ_HMC5883L?HMC5883L                      -----    -----      -----    -----      -----    -----      0FE6H    00
>> 09H
  +--> ?PR?_I2C_READ_MULTIBYTES?IIC

?PR?_HMC5883L_GET_ANGLEXY?HMC5883L               -----    -----      -----    -----      -----    -----      0FE6H    00
>> 17H
  +--> ?PR?SIN?SIN
  +--> ?PR?_ATAN2?ATAN2

BL51 BANKED LINKER/LOCATER V6.22                                                      08/02/2021  23:49:14  PAGE 18


?PR?_ATAN2?ATAN2                                 -----    -----      -----    -----      -----    -----      0FFDH    00
>> 08H
  +--> ?PR?ATAN?ATAN

?PR?_DRAWARM?DISPLAY                             -----    -----      -----    -----      -----    -----      0FE6H    00
>> 15H
  +--> ?PR?SIN?SIN
  +--> ?PR?SQRT?SQRT
  +--> ?PR?_DRAWLINE?DISPLAY

?PR?_DRAWLINE?DISPLAY                            -----    -----      -----    -----      -----    -----      0FFBH    00
>> 0CH
  +--> ?PR?_DRAWDOT?DISPLAY

?PR?RESETMATRIX?ELLIPSOID_FITTING                -----    -----      -----    -----      -----    -----      0FE6H    00
>> 02H

?PR?_CALCDATA_INPUT?ELLIPSOID_FITTING            -----    -----      -----    -----      -----    -----      0FE6H    00
>> 2AH

?PR?_ELLIPSOID_FITTING_PROCESS?ELLIPS...         -----    -----      -----    -----      -----    -----      0FE6H    00
>> 33H
  +--> ?PR?CALCDATA_INPUT_AVERAGE?ELLIPSOID_...
  +--> ?PR?MATRIX_GAUSSELIMINATION?ELLIPSOID...
  +--> ?CO?ELLIPSOID_FITTING
  +--> ?PR?PRINTF?PRINTF
  +--> ?PR?MATRIX_ROWSIMPLIFY?ELLIPSOID_FITTING
  +--> ?PR?_MATRIX_SOLVE?ELLIPSOID_FITTING
  +--> ?PR?SQRT?SQRT

?PR?CALCDATA_INPUT_AVERAGE?ELLIPSOID_...         -----    -----      -----    -----      -----    -----      1019H    00
>> 02H

?PR?MATRIX_GAUSSELIMINATION?ELLIPSOID...         -----    -----      -----    -----      -----    -----      1019H    00
>> 06H
  +--> ?PR?_MOVEBIGGESTELEMENT_TO_TOP?ELLIPS...
  +--> ?PR?_ROW2_ADD_KROW1?ELLIPSOID_FITTING

?PR?_MOVEBIGGESTELEMENT_TO_TOP?ELLIPS...         -----    -----      -----    -----      -----    -----      101FH    00
>> 06H
  +--> ?PR?_ABS?ELLIPSOID_FITTING
  +--> ?PR?_ROW2_SWOP_ROW1?ELLIPSOID_FITTING

?PR?_ABS?ELLIPSOID_FITTING                       -----    -----      -----    -----      -----    -----      1025H    00
>> 04H

?PR?_ROW2_SWOP_ROW1?ELLIPSOID_FITTING            -----    -----      -----    -----      -----    -----      1025H    00
>> 09H

?PR?_ROW2_ADD_KROW1?ELLIPSOID_FITTING            -----    -----      -----    -----      -----    -----      101FH    00
>> 09H

?PR?MATRIX_ROWSIMPLIFY?ELLIPSOID_FITTING         -----    -----      -----    -----      -----    -----      1019H    00
>> 05H
  +--> ?PR?_K_MUILTPLY_ROW?ELLIPSOID_FITTING

?PR?_K_MUILTPLY_ROW?ELLIPSOID_FITTING            -----    -----      -----    -----      -----    -----      101EH    00
BL51 BANKED LINKER/LOCATER V6.22                                                      08/02/2021  23:49:14  PAGE 19


>> 07H

?PR?_MATRIX_SOLVE?ELLIPSOID_FITTING              -----    -----      -----    -----      -----    -----      1019H    00
>> 08H

?PR?PW02INIT?PW02                                -----    -----      -----    -----      -----    -----      0FE6H    00
>> 01H
  +--> ?PR?_DELAY1MS?DELAY
  +--> ?PR?PW02ENTERATMODE?PW02
  +--> ?PR?_SHOWSTRING?DISPLAY
  +--> ?PR?_PW02SETBUAD?PW02
  +--> ?CO?PW02
  +--> ?PR?_PW02SETNAME?PW02
  +--> ?PR?_PW02SETADVT?PW02
  +--> ?PR?PW02EXITATMODE?PW02

?PR?PW02ENTERATMODE?PW02                         -----    -----      -----    -----      -----    -----      -----    --
>> ---
  +--> ?CO?PW02
  +--> ?PR?_SENDATCOMMAND?PW02

?PR?_SENDATCOMMAND?PW02                          -----    -----      -----    -----      -----    -----      1006H    00
>> 09H
  +--> ?PR?_UART2SENDSTR?PW02
  +--> ?PR?_DELAY1MS?DELAY

?PR?_UART2SENDSTR?PW02                           -----    -----      -----    -----      -----    -----      100FH    00
>> 03H

?PR?_PW02SETBUAD?PW02                            -----    -----      -----    -----      -----    -----      0FE7H    00
>> 0DH
  +--> ?CO?PW02
  +--> ?PR?PRINTF?PRINTF
  +--> ?PR?_SENDATCOMMAND?PW02

?PR?_PW02SETNAME?PW02                            -----    -----      -----    -----      -----    -----      0FE7H    00
>> 1FH
  +--> ?CO?PW02
  +--> ?PR?_STRCAT?STRCAT
  +--> ?PR?_SENDATCOMMAND?PW02

?PR?_PW02SETADVT?PW02                            -----    -----      -----    -----      -----    -----      0FE7H    00
>> 12H
  +--> ?CO?PW02
  +--> ?PR?PRINTF?PRINTF
  +--> ?PR?_SENDATCOMMAND?PW02

?PR?PW02EXITATMODE?PW02                          -----    -----      -----    -----      -----    -----      -----    --
>> ---
  +--> ?CO?PW02
  +--> ?PR?_SENDATCOMMAND?PW02

?PR?PW02CHECKCONNECTION?PW02                     -----    -----      -----    -----      -----    -----      0FE6H    00
>> 01H
  +--> ?PR?_DELAY1MS?DELAY
  +--> ?PR?_CLEARCACHE?DISPLAY
  +--> ?PR?PW02ENTERATMODE?PW02
BL51 BANKED LINKER/LOCATER V6.22                                                      08/02/2021  23:49:14  PAGE 20


  +--> ?PR?_SHOWSTRING?DISPLAY
  +--> ?PR?PW02GETRSSI?PW02
  +--> ?PR?PW02EXITATMODE?PW02

?PR?PW02GETRSSI?PW02                             -----    -----      -----    -----      -----    -----      -----    --
>> ---
  +--> ?CO?PW02
  +--> ?PR?_SENDATCOMMAND?PW02

?PR?_PW02GETRXDATA?PW02                          -----    -----      -----    -----      -----    -----      0FE6H    00
>> 03H

?PR?_SCREEROLLDOWN?DISPLAY                       -----    -----      0025H    0008H      -----    -----      0FE6H    00
>> 04H
  +--> ?PR?_OLED_DRAWBMP?OLED

?PR?_PCF8563WRITETIME?PCF8563                    -----    -----      -----    -----      -----    -----      0FE6H    00
>> 02H
  +--> ?PR?_PCF8563WRITEBYTE?PCF8563

?PR?_PCF8563WRITEDATE?PCF8563                    -----    -----      -----    -----      -----    -----      0FE6H    00
>> 05H
  +--> ?PR?_PCF8563WRITEBYTE?PCF8563

?PR?_PCF8563SETALARM?PCF8563                     -----    -----      -----    -----      -----    -----      0FE6H    00
>> 08H
  +--> ?PR?_PCF8563WRITEBYTE?PCF8563
  +--> ?PR?_PCF8563SETREGISTERBITS?PCF8563

?PR?PCF8563DISABLEALARM?PCF8563                  -----    -----      -----    -----      -----    -----      -----    --
>> ---
  +--> ?PR?_PCF8563SETREGISTERBITS?PCF8563

?PR?PCF8563READINTSRC?PCF8563                    -----    -----      -----    -----      -----    -----      -----    --
>> ---
  +--> ?PR?_PCF8563READBYTE?PCF8563

?PR?GETBATTERYLIFE?POWERMANAGE                   -----    -----      -----    -----      -----    -----      0FE6H    00
>> 09H
  +--> ?PR?GETBATTERYVOLTAGE?POWERMANAGE

?PR?GETBATTERYVOLTAGE?POWERMANAGE                -----    -----      -----    -----      -----    -----      0FEFH    00
>> 08H
  +--> ?PR?_ADCREAD?POWERMANAGE

?PR?LSM6DSMRESETSTEPCOUNTER?LSM6DSM              -----    -----      -----    -----      -----    -----      -----    --
>> ---
  +--> ?PR?_LSM6DSMRSETREGISTERBITS?LSM6DSM
  +--> ?PR?_DELAY1MS?DELAY



SYMBOL TABLE OF MODULE:  ..\Objects\iWatch-v1.1 (PW02)

  VALUE           TYPE          NAME
  ----------------------------------

BL51 BANKED LINKER/LOCATER V6.22                                                      08/02/2021  23:49:14  PAGE 21


  -------         MODULE        PW02
  C:0000H         SYMBOL        _ICE_DUMMY_
  C:DDB3H         PUBLIC        UART2_Isr
  D:0080H         PUBLIC        P0
  D:0090H         PUBLIC        P1
  D:00A0H         PUBLIC        P2
  D:00B0H         PUBLIC        P3
  C:D14CH         PUBLIC        PW02CheckConnection
  D:00C0H         PUBLIC        P4
  D:00C8H         PUBLIC        P5
  D:00E8H         PUBLIC        P6
  D:00F8H         PUBLIC        P7
  X:1123H         PUBLIC        rx_buf
  D:00A8H         PUBLIC        IE
  C:005EH         PUBLIC        _Uart2SendStr
  D:00B8H         PUBLIC        IP
  C:C82BH         PUBLIC        PW02Init
  D:00D8H         PUBLIC        CCON
  C:EC0FH         PUBLIC        PW02EnterATMode
  C:F21AH         PUBLIC        PW02Rest
  D:0098H         PUBLIC        SCON
  D:0088H         PUBLIC        TCON
  C:E2B0H         PUBLIC        _PW02SetBuad
  B:0090H.6       PUBLIC        P16
  C:DE2DH         PUBLIC        _PW02SetName
  C:F1DEH         PUBLIC        _PW02SetMode
  C:D440H         SYMBOL        _?ix1000
  C:D44CH         SYMBOL        _?ix1001
  C:D45CH         SYMBOL        _?ix1002
  B:0023H.7       PUBLIC        busy
  C:EC37H         PUBLIC        PW02ExitATMode
  D:009BH         PUBLIC        S2BUF
  B:0024H.0       PUBLIC        receive_flag
  B:0090H.6       PUBLIC        PW02_SLEEP
  C:DF1FH         PUBLIC        _SendATCommand
  D:009AH         PUBLIC        S2CON
  C:E129H         PUBLIC        _PW02SetADVT
  C:EC87H         PUBLIC        PW02GetRSSI
  C:EBB6H         PUBLIC        _PW02GetRxData
  X:11A3H         PUBLIC        rx_count
  D:00D0H         PUBLIC        PSW
  -------         PROC          _UART2SENDSTR
  X:100FH         SYMBOL        p
  C:005EH         LINE#         16
  C:0069H         LINE#         17
  C:0069H         LINE#         18
  C:0079H         LINE#         19
  C:0079H         LINE#         20
  C:007CH         LINE#         21
  C:007EH         LINE#         22
  C:0093H         LINE#         23
  C:0095H         LINE#         24
  C:009AH         LINE#         25
  -------         ENDPROC       _UART2SENDSTR
  -------         PROC          UART2_ISR
  C:DDB3H         LINE#         26
  C:DDBEH         LINE#         28
BL51 BANKED LINKER/LOCATER V6.22                                                      08/02/2021  23:49:14  PAGE 22


  C:DDC3H         LINE#         29
  C:DDC3H         LINE#         30
  C:DDC6H         LINE#         31
  C:DDC8H         LINE#         32
  C:DDC8H         LINE#         33
  C:DDCDH         LINE#         34
  C:DDCDH         LINE#         35
  C:DDD0H         LINE#         36
  C:DDE4H         LINE#         37
  C:DDF6H         LINE#         38
  C:DDF6H         LINE#         39
  C:DE07H         LINE#         40
  C:DE11H         LINE#         42
  C:DE1DH         LINE#         43
  C:DE1FH         LINE#         44
  C:DE24H         LINE#         45
  C:DE24H         LINE#         46
  C:DE24H         LINE#         47
  -------         ENDPROC       UART2_ISR
  -------         PROC          _PW02GETRXDATA
  X:0FE6H         SYMBOL        buf
  C:EBB6H         LINE#         48
  C:EBC1H         LINE#         49
  C:EBC1H         LINE#         50
  C:EBC4H         LINE#         51
  C:EBC4H         LINE#         52
  C:EBC6H         LINE#         53
  C:EBDEH         LINE#         54
  C:EBE1H         LINE#         55
  C:EBE1H         LINE#         57
  C:EBE3H         LINE#         58
  -------         ENDPROC       _PW02GETRXDATA
  C:DF1BH         SYMBOL        L?0054
  -------         PROC          L?0053
  -------         ENDPROC       L?0053
  C:DF1BH         SYMBOL        L?0054
  -------         PROC          _SENDATCOMMAND
  X:1006H         SYMBOL        command
  X:1009H         SYMBOL        retry_times
  X:100BH         SYMBOL        expected_response
  X:100EH         SYMBOL        response_len
  C:DF1FH         LINE#         59
  C:DF32H         LINE#         60
  C:DF32H         LINE#         61
  C:DF34H         LINE#         62
  C:DF34H         LINE#         63
  C:DF36H         LINE#         64
  C:DF39H         LINE#         65
  C:DF39H         LINE#         66
  C:DF47H         LINE#         67
  C:DF49H         LINE#         68
  C:DF57H         LINE#         69
  C:DF5EH         LINE#         70
  C:DF60H         LINE#         71
  C:DF62H         LINE#         72
  C:DF80H         LINE#         73
  C:DF83H         LINE#         75
BL51 BANKED LINKER/LOCATER V6.22                                                      08/02/2021  23:49:14  PAGE 23


  C:DF85H         LINE#         76
  -------         ENDPROC       _SENDATCOMMAND
  -------         PROC          PW02ENTERATMODE
  C:EC0FH         LINE#         77
  C:EC0FH         LINE#         78
  C:EC0FH         LINE#         79
  C:EC31H         LINE#         80
  C:EC34H         LINE#         82
  C:EC36H         LINE#         83
  -------         ENDPROC       PW02ENTERATMODE
  -------         PROC          PW02EXITATMODE
  C:EC37H         LINE#         84
  C:EC37H         LINE#         85
  C:EC37H         LINE#         86
  C:EC59H         LINE#         87
  C:EC5CH         LINE#         89
  C:EC5EH         LINE#         90
  -------         ENDPROC       PW02EXITATMODE
  -------         PROC          _PW02SETBUAD
  X:0FE7H         SYMBOL        baud_num
  -------         DO            
  X:0FE8H         SYMBOL        str
  -------         ENDDO         
  C:E2B0H         LINE#         91
  C:E2B5H         LINE#         92
  C:E2B5H         LINE#         93
  C:E2C8H         LINE#         94
  C:E2ECH         LINE#         95
  C:E308H         LINE#         96
  C:E30BH         LINE#         98
  C:E30DH         LINE#         99
  -------         ENDPROC       _PW02SETBUAD
  -------         PROC          _PW02SETADVT
  X:0FE7H         SYMBOL        time_in_ms
  -------         DO            
  X:0FE9H         SYMBOL        str
  -------         ENDDO         
  C:E129H         LINE#         100
  C:E131H         LINE#         101
  C:E131H         LINE#         102
  C:E144H         LINE#         103
  C:E16AH         LINE#         104
  C:E186H         LINE#         105
  C:E189H         LINE#         107
  C:E18BH         LINE#         108
  -------         ENDPROC       _PW02SETADVT
  -------         PROC          _PW02SETNAME
  X:0FE7H         SYMBOL        name
  -------         DO            
  X:0FEAH         SYMBOL        str
  -------         ENDDO         
  C:DE2DH         LINE#         109
  C:DE38H         LINE#         110
  C:DE38H         LINE#         111
  C:DE4BH         LINE#         112
  C:DE69H         LINE#         113
  C:DE80H         LINE#         114
BL51 BANKED LINKER/LOCATER V6.22                                                      08/02/2021  23:49:14  PAGE 24


  C:DE9EH         LINE#         115
  C:DEA1H         LINE#         117
  C:DEA3H         LINE#         118
  -------         ENDPROC       _PW02SETNAME
  -------         PROC          PW02GETRSSI
  C:EC87H         LINE#         119
  C:EC87H         LINE#         120
  C:EC87H         LINE#         121
  C:ECA8H         LINE#         122
  C:ECABH         LINE#         124
  C:ECADH         LINE#         125
  -------         ENDPROC       PW02GETRSSI
  -------         PROC          PW02REST
  C:F21AH         LINE#         126
  C:F21AH         LINE#         127
  C:F21AH         LINE#         128
  -------         ENDPROC       PW02REST
  -------         PROC          _PW02SETMODE
  D:0007H         SYMBOL        mode
  C:F1DEH         LINE#         130
  C:F1DEH         LINE#         131
  C:F1DEH         LINE#         132
  C:F1E2H         LINE#         133
  C:F1E5H         LINE#         135
  C:F1E7H         LINE#         136
  -------         ENDPROC       _PW02SETMODE
  -------         PROC          PW02CHECKCONNECTION
  -------         DO            
  X:0FE6H         SYMBOL        y
  -------         ENDDO         
  C:D14CH         LINE#         137
  C:D14CH         LINE#         138
  C:D14CH         LINE#         139
  C:D151H         LINE#         140
  C:D153H         LINE#         141
  C:D159H         LINE#         142
  C:D162H         LINE#         143
  C:D165H         LINE#         144
  C:D191H         LINE#         145
  C:D19AH         LINE#         146
  C:D19AH         LINE#         147
  C:D1C3H         LINE#         148
  C:D1C6H         LINE#         149
  C:D1F3H         LINE#         150
  C:D1F6H         LINE#         151
  C:D1F6H         LINE#         153
  C:D1F6H         LINE#         154
  C:D220H         LINE#         155
  C:D222H         LINE#         156
  C:D222H         LINE#         157
  -------         ENDPROC       PW02CHECKCONNECTION
  -------         PROC          PW02INIT
  -------         DO            
  X:0FE6H         SYMBOL        y
  -------         ENDDO         
  C:C82BH         LINE#         158
  C:C82BH         LINE#         159
BL51 BANKED LINKER/LOCATER V6.22                                                      08/02/2021  23:49:14  PAGE 25


  C:C82BH         LINE#         160
  C:C830H         LINE#         161
  C:C832H         LINE#         164
  C:C834H         LINE#         165
  C:C83AH         LINE#         166
  C:C840H         LINE#         167
  C:C86FH         LINE#         169
  C:C872H         LINE#         170
  C:C877H         LINE#         171
  C:C8A4H         LINE#         172
  C:C8ADH         LINE#         173
  C:C8DAH         LINE#         174
  C:C8E1H         LINE#         175
  C:C90EH         LINE#         176
  C:C914H         LINE#         177
  C:C943H         LINE#         179
  C:C946H         LINE#         180
  C:C948H         LINE#         181
  C:C94AH         LINE#         182
  -------         ENDPROC       PW02INIT
  -------         ENDMOD        PW02

  -------         MODULE        OLED
  C:0000H         SYMBOL        _ICE_DUMMY_
  C:F05DH         PUBLIC        OLED_Display_On
  B:0090H.2       PUBLIC        OLED_RST
  D:0080H         PUBLIC        P0
  D:0090H         PUBLIC        P1
  D:00A0H         PUBLIC        P2
  D:00B0H         PUBLIC        P3
  D:00C0H         PUBLIC        P4
  D:00C8H         PUBLIC        P5
  D:00E8H         PUBLIC        P6
  C:F07FH         PUBLIC        _OLED_Vertical_Reverse
  D:00F8H         PUBLIC        P7
  B:0090H.3       PUBLIC        OLED_DC
  D:00A8H         PUBLIC        IE
  D:00B8H         PUBLIC        IP
  C:D887H         PUBLIC        OLED_Init
  B:00C0H.4       PUBLIC        OLED_RD
  D:00D8H         PUBLIC        CCON
  C:EEEFH         PUBLIC        _OLED_WR_Byte
  B:00C0H.3       PUBLIC        OLED_WR
  C:F11DH         PUBLIC        _OLED_Set_Brightness
  D:0098H         PUBLIC        SCON
  D:0088H         PUBLIC        TCON
  C:EE3AH         PUBLIC        _OLED_Set_Pos
  C:EF19H         PUBLIC        _delay_ms
  C:F198H         PUBLIC        OLED_Display_Off
  C:F090H         PUBLIC        _OLED_Inverse
  C:F06EH         PUBLIC        _OLED_Horizental_Reverse
  C:EE1BH         PUBLIC        OLED_Clear
  C:E661H         PUBLIC        _OLED_DrawBMP
  D:00D0H         PUBLIC        PSW
  -------         PROC          _DELAY_MS
  D:0006H         SYMBOL        ms
  -------         DO            
BL51 BANKED LINKER/LOCATER V6.22                                                      08/02/2021  23:49:14  PAGE 26


  D:0005H         SYMBOL        i
  D:0004H         SYMBOL        j
  -------         ENDDO         
  C:EF19H         LINE#         13
  C:EF19H         LINE#         14
  C:EF19H         LINE#         16
  C:EF22H         LINE#         17
  C:EF22H         LINE#         18
  C:EF24H         LINE#         19
  C:EF26H         LINE#         21
  C:EF26H         LINE#         22
  C:EF28H         LINE#         23
  C:EF2AH         LINE#         24
  C:EF31H         LINE#         25
  -------         ENDPROC       _DELAY_MS
  C:EEEAH         SYMBOL        L?0046
  -------         PROC          L?0045
  -------         ENDPROC       L?0045
  C:EEEAH         SYMBOL        L?0046
  -------         PROC          _OLED_WR_BYTE
  D:0007H         SYMBOL        dat
  D:0005H         SYMBOL        cmd
  C:EEEFH         LINE#         31
  C:EEEFH         LINE#         32
  C:EEEFH         LINE#         34
  C:EEF2H         LINE#         35
  C:EEF6H         LINE#         37
  C:EEF8H         LINE#         38
  C:EEFAH         LINE#         39
  C:EEFCH         LINE#         40
  C:EEFEH         LINE#         42
  -------         ENDPROC       _OLED_WR_BYTE
  -------         PROC          _OLED_SET_POS
  D:0006H         SYMBOL        x
  D:0005H         SYMBOL        y
  C:EE3AH         LINE#         71
  C:EE3CH         LINE#         72
  C:EE3CH         LINE#         73
  C:EE45H         LINE#         74
  C:EE51H         LINE#         75
  -------         ENDPROC       _OLED_SET_POS
  -------         PROC          OLED_DISPLAY_ON
  C:F05DH         LINE#         78
  C:F05DH         LINE#         79
  C:F05DH         LINE#         80
  C:F064H         LINE#         81
  C:F069H         LINE#         82
  -------         ENDPROC       OLED_DISPLAY_ON
  -------         PROC          OLED_DISPLAY_OFF
  C:F198H         LINE#         85
  C:F198H         LINE#         86
  C:F198H         LINE#         87
  C:F19CH         LINE#         88
  C:F19FH         LINE#         89
  -------         ENDPROC       OLED_DISPLAY_OFF
  -------         PROC          _OLED_SET_BRIGHTNESS
  D:0006H         SYMBOL        brightness
BL51 BANKED LINKER/LOCATER V6.22                                                      08/02/2021  23:49:14  PAGE 27


  C:F11DH         LINE#         91
  C:F11FH         LINE#         92
  C:F11FH         LINE#         93
  C:F126H         LINE#         94
  -------         ENDPROC       _OLED_SET_BRIGHTNESS
  -------         PROC          _OLED_HORIZENTAL_REVERSE
  D:0007H         SYMBOL        reverse
  C:F06EH         LINE#         96
  C:F06EH         LINE#         97
  C:F06EH         LINE#         98
  C:F071H         LINE#         99
  C:F077H         LINE#         101
  C:F07EH         LINE#         102
  -------         ENDPROC       _OLED_HORIZENTAL_REVERSE
  -------         PROC          _OLED_VERTICAL_REVERSE
  D:0007H         SYMBOL        reverse
  C:F07FH         LINE#         103
  C:F07FH         LINE#         104
  C:F07FH         LINE#         105
  C:F082H         LINE#         106
  C:F088H         LINE#         108
  C:F08FH         LINE#         109
  -------         ENDPROC       _OLED_VERTICAL_REVERSE
  -------         PROC          _OLED_INVERSE
  D:0007H         SYMBOL        k
  C:F090H         LINE#         110
  C:F090H         LINE#         111
  C:F090H         LINE#         112
  C:F093H         LINE#         113
  C:F099H         LINE#         115
  C:F0A0H         LINE#         116
  -------         ENDPROC       _OLED_INVERSE
  -------         PROC          OLED_CLEAR
  -------         DO            
  D:0006H         SYMBOL        i
  D:0004H         SYMBOL        n
  -------         ENDDO         
  C:EE1BH         LINE#         117
  C:EE1BH         LINE#         118
  C:EE1BH         LINE#         120
  C:EE1DH         LINE#         121
  C:EE1DH         LINE#         122
  C:EE23H         LINE#         123
  C:EE23H         LINE#         124
  C:EE26H         LINE#         125
  C:EE28H         LINE#         126
  C:EE34H         LINE#         127
  C:EE39H         LINE#         128
  -------         ENDPROC       OLED_CLEAR
  -------         PROC          _OLED_DRAWBMP
  D:0001H         SYMBOL        buf
  -------         DO            
  D:0037H         SYMBOL        i
  D:0038H         SYMBOL        j
  D:0039H         SYMBOL        n
  -------         ENDDO         
  C:E661H         LINE#         129
BL51 BANKED LINKER/LOCATER V6.22                                                      08/02/2021  23:49:14  PAGE 28


  C:E661H         LINE#         130
  C:E661H         LINE#         133
  C:E664H         LINE#         134
  C:E664H         LINE#         135
  C:E66BH         LINE#         136
  C:E66EH         LINE#         137
  C:E673H         LINE#         138
  C:E67EH         LINE#         139
  C:E681H         LINE#         140
  C:E6A1H         LINE#         141
  C:E6AAH         LINE#         142
  -------         ENDPROC       _OLED_DRAWBMP
  -------         PROC          OLED_INIT
  C:D887H         LINE#         144
  C:D887H         LINE#         145
  C:D887H         LINE#         146
  C:D889H         LINE#         147
  C:D890H         LINE#         148
  C:D892H         LINE#         149
  C:D899H         LINE#         150
  C:D89BH         LINE#         151
  C:D89DH         LINE#         152
  C:D8A1H         LINE#         153
  C:D8A1H         LINE#         154
  C:D8A4H         LINE#         155
  C:D8A9H         LINE#         156
  C:D8AEH         LINE#         157
  C:D8B3H         LINE#         158
  C:D8B8H         LINE#         159
  C:D8BDH         LINE#         160
  C:D8C2H         LINE#         161
  C:D8C7H         LINE#         162
  C:D8CCH         LINE#         163
  C:D8D1H         LINE#         164
  C:D8D6H         LINE#         165
  C:D8DBH         LINE#         166
  C:D8E0H         LINE#         167
  C:D8E5H         LINE#         168
  C:D8EAH         LINE#         169
  C:D8EFH         LINE#         170
  C:D8F4H         LINE#         171
  C:D8F9H         LINE#         172
  C:D8FEH         LINE#         173
  C:D903H         LINE#         174
  C:D908H         LINE#         175
  C:D90DH         LINE#         176
  C:D912H         LINE#         177
  C:D917H         LINE#         178
  C:D91CH         LINE#         184
  C:D91FH         LINE#         185
  C:D922H         LINE#         186
  -------         ENDPROC       OLED_INIT
  -------         ENDMOD        OLED

  -------         MODULE        RDA5807M
  C:0000H         SYMBOL        _ICE_DUMMY_
  D:0080H         PUBLIC        P0
BL51 BANKED LINKER/LOCATER V6.22                                                      08/02/2021  23:49:14  PAGE 29


  D:0090H         PUBLIC        P1
  D:00A0H         PUBLIC        P2
  D:00B0H         PUBLIC        P3
  D:00C0H         PUBLIC        P4
  C:EC5FH         PUBLIC        _RDA5807MSetVOLUME
  D:00C8H         PUBLIC        P5
  D:00E8H         PUBLIC        P6
  D:00F8H         PUBLIC        P7
  D:00BAH         PUBLIC        P_SW2
  C:E18CH         PUBLIC        RDA5807MReadRges
  D:00A8H         PUBLIC        IE
  C:E05DH         PUBLIC        RDA5807MInit
  X:12A4H         PUBLIC        BAND
  D:00B8H         PUBLIC        IP
  X:12A5H         PUBLIC        CHAN
  C:E36FH         PUBLIC        RDA5807MWriteRegs
  D:00D8H         PUBLIC        CCON
  C:D735H         PUBLIC        _RDA5807MSEEK
  C:F1FCH         PUBLIC        RDA5807MPowerDown
  D:0098H         PUBLIC        SCON
  D:0088H         PUBLIC        TCON
  C:E73CH         PUBLIC        RDA5807MGetCurrentFq
  X:12A7H         PUBLIC        current_frequency
  X:12ABH         PUBLIC        REG02
  X:12ADH         PUBLIC        RSSI
  X:12AEH         PUBLIC        REG03
  X:12B0H         PUBLIC        REG04
  X:12B2H         PUBLIC        REG05
  X:12B4H         PUBLIC        SEEKTH
  C:F1E8H         PUBLIC        RDA5807MSetMute
  C:EA48H         PUBLIC        RDA5807MGetCurrentRSSI
  X:12B5H         PUBLIC        REG0A
  X:12B7H         PUBLIC        REG0B
  C:F1F2H         PUBLIC        RDA5807MPowerUp
  X:12B9H         PUBLIC        VOLUME
  C:D52BH         PUBLIC        _RDA5807MSetFq
  X:12BAH         PUBLIC        SPACE
  D:00D0H         PUBLIC        PSW
  -------         PROC          L?0026
  -------         ENDPROC       L?0026
  -------         PROC          RDA5807MWRITEREGS
  -------         DO            
  X:0FEAH         SYMBOL        reg
  -------         ENDDO         
  C:E36FH         LINE#         38
  C:E36FH         LINE#         39
  C:E36FH         LINE#         41
  C:E37CH         LINE#         42
  C:E37FH         LINE#         43
  C:E38CH         LINE#         44
  C:E38FH         LINE#         45
  C:E39CH         LINE#         46
  C:E39FH         LINE#         47
  C:E3ACH         LINE#         48
  C:E3AFH         LINE#         49
  C:E3B2H         LINE#         50
  C:E3BFH         LINE#         51
BL51 BANKED LINKER/LOCATER V6.22                                                      08/02/2021  23:49:14  PAGE 30


  C:E3C2H         LINE#         52
  -------         ENDPROC       RDA5807MWRITEREGS
  -------         PROC          RDA5807MREADRGES
  -------         DO            
  X:0FEAH         SYMBOL        read_buf
  -------         ENDDO         
  C:E18CH         LINE#         61
  C:E18CH         LINE#         62
  C:E18CH         LINE#         64
  C:E18FH         LINE#         65
  C:E19CH         LINE#         66
  C:E19FH         LINE#         67
  C:E1ACH         LINE#         68
  C:E1B7H         LINE#         69
  C:E1C6H         LINE#         70
  C:E1D3H         LINE#         71
  C:E1DEH         LINE#         72
  C:E1EDH         LINE#         73
  -------         ENDPROC       RDA5807MREADRGES
  -------         PROC          RDA5807MINIT
  C:E05DH         LINE#         81
  C:E05DH         LINE#         82
  C:E05DH         LINE#         84
  C:E064H         LINE#         85
  C:E067H         LINE#         86
  C:E06EH         LINE#         88
  C:E077H         LINE#         89
  C:E0A7H         LINE#         90
  C:E0ACH         LINE#         91
  C:E0BEH         LINE#         92
  C:E0C1H         LINE#         93
  C:E0C3H         LINE#         94
  -------         ENDPROC       RDA5807MINIT
  -------         PROC          _RDA5807MSETVOLUME
  D:0004H         SYMBOL        VOLUME
  C:EC5FH         LINE#         100
  C:EC63H         LINE#         101
  C:EC63H         LINE#         102
  C:EC6CH         LINE#         103
  C:EC70H         LINE#         104
  C:EC77H         LINE#         105
  C:EC84H         LINE#         106
  -------         ENDPROC       _RDA5807MSETVOLUME
  -------         PROC          _RDA5807MSEEK
  D:0005H         SYMBOL        direction
  -------         DO            
  X:12A3H         SYMBOL        step
  -------         ENDDO         
  C:D735H         LINE#         115
  C:D737H         LINE#         116
  C:D737H         LINE#         118
  C:D73DH         LINE#         119
  C:D73DH         LINE#         120
  C:D744H         LINE#         121
  C:D74BH         LINE#         122
  C:D754H         LINE#         124
  C:D758H         LINE#         125
BL51 BANKED LINKER/LOCATER V6.22                                                      08/02/2021  23:49:14  PAGE 31


  C:D762H         LINE#         126
  C:D765H         LINE#         128
  C:D76BH         LINE#         129
  C:D76DH         LINE#         130
  C:D775H         LINE#         131
  C:D775H         LINE#         132
  C:D778H         LINE#         133
  C:D77FH         LINE#         134
  C:D77FH         LINE#         135
  C:D786H         LINE#         136
  C:D798H         LINE#         137
  C:D7BAH         LINE#         138
  C:D7C6H         LINE#         139
  C:D7CBH         LINE#         140
  C:D7DAH         LINE#         141
  C:D7DAH         LINE#         144
  C:D7DAH         LINE#         145
  C:D7DFH         LINE#         146
  -------         ENDPROC       _RDA5807MSEEK
  -------         PROC          _RDA5807MSETFQ
[...]
  C:3BD3H         LINE#         2209
  C:3BD3H         LINE#         2210
  C:3BEEH         LINE#         2211
  C:3BF1H         LINE#         2212
  C:3C0EH         LINE#         2213
  C:3C0EH         LINE#         2214
  C:3C11H         LINE#         2215
  C:3C18H         LINE#         2216
  C:3C18H         LINE#         2217
  C:3C34H         LINE#         2218
  C:3C37H         LINE#         2219
  C:3C54H         LINE#         2220
  C:3C54H         LINE#         2221
  C:3C57H         LINE#         2222
  C:3C5EH         LINE#         2223
  C:3C5EH         LINE#         2224
  C:3C7AH         LINE#         2225
  C:3C82H         LINE#         2226
  C:3C9CH         LINE#         2227
  C:3CA2H         LINE#         2228
  C:3CA4H         LINE#         2229
  C:3CABH         LINE#         2230
  C:3CABH         LINE#         2231
  C:3CC7H         LINE#         2232
  C:3CCEH         LINE#         2233
  C:3CE8H         LINE#         2234
  C:3CEEH         LINE#         2235
  C:3CEEH         LINE#         2238
  C:3CFFH         LINE#         2239
  C:3CFFH         LINE#         2240
  C:3CFFH         LINE#         2241
  C:3D02H         LINE#         2242
BL51 BANKED LINKER/LOCATER V6.22                                                      08/02/2021  23:49:14  PAGE 121


  C:3D04H         LINE#         2243
  C:3D04H         LINE#         2244
  C:3D0AH         LINE#         2245
  C:3D0CH         LINE#         2246
  C:3D0CH         LINE#         2247
  C:3D0FH         LINE#         2248
  C:3D11H         LINE#         2249
  C:3D11H         LINE#         2250
  C:3D17H         LINE#         2251
  C:3D17H         LINE#         2252
  C:3D17H         LINE#         2253
  C:3D21H         LINE#         2254
  C:3D26H         LINE#         2255
  C:3D2CH         LINE#         2256
  C:3D32H         LINE#         2257
  C:3D3CH         LINE#         2258
  C:3D41H         LINE#         2259
  C:3D47H         LINE#         2260
  C:3D4DH         LINE#         2262
  C:3D60H         LINE#         2263
  C:3D60H         LINE#         2264
  C:3D89H         LINE#         2265
  C:3D89H         LINE#         2266
  C:3D8BH         LINE#         2267
  C:3D8DH         LINE#         2268
  C:3D8FH         LINE#         2269
  C:3D8FH         LINE#         2270
  C:3D97H         LINE#         2273
  C:3D9DH         LINE#         2274
  C:3DA4H         LINE#         2275
  C:3DB9H         LINE#         2276
  C:3DCAH         LINE#         2277
  C:3DDDH         LINE#         2278
  C:3DDDH         LINE#         2279
  C:3DF8H         LINE#         2280
  C:3E00H         LINE#         2283
  C:3E53H         LINE#         2284
  C:3E53H         LINE#         2285
  C:3E59H         LINE#         2286
  C:3E72H         LINE#         2287
  C:3E8EH         LINE#         2288
  C:3E91H         LINE#         2289
  C:3EA2H         LINE#         2290
  C:3EA7H         LINE#         2291
  C:3EACH         LINE#         2292
  C:3EB5H         LINE#         2293
  C:3EB8H         LINE#         2294
  C:3EC9H         LINE#         2295
  C:3ECEH         LINE#         2296
  C:3ED3H         LINE#         2297
  C:3EDCH         LINE#         2298
  C:3EDFH         LINE#         2299
  C:3EDFH         LINE#         2300
  C:3EEAH         LINE#         2301
  C:3EF6H         LINE#         2302
  C:3F02H         LINE#         2303
  C:3F0EH         LINE#         2304
BL51 BANKED LINKER/LOCATER V6.22                                                      08/02/2021  23:49:14  PAGE 122


  C:3F1BH         LINE#         2305
  C:3F28H         LINE#         2306
  C:3F34H         LINE#         2307
  C:3F41H         LINE#         2308
  C:3F4EH         LINE#         2309
  C:3F58H         LINE#         2310
  C:3F60H         LINE#         2311
  C:3F66H         LINE#         2312
  C:3F6EH         LINE#         2313
  C:3F74H         LINE#         2314
  C:3F7CH         LINE#         2315
  C:3F82H         LINE#         2316
  C:3F8AH         LINE#         2317
  C:3F93H         LINE#         2318
  C:3F98H         LINE#         2320
  C:3F9BH         LINE#         2321
  C:3F9BH         LINE#         2322
  C:3F9EH         LINE#         2323
  C:3F9EH         LINE#         2324
  C:3FC2H         LINE#         2325
  C:3FE6H         LINE#         2326
  C:3FE6H         LINE#         2327
  C:3FEFH         LINE#         2328
  C:3FEFH         LINE#         2329
  C:3FF6H         LINE#         2330
  C:3FF6H         LINE#         2331
  C:4002H         LINE#         2332
  C:4002H         LINE#         2333
  C:4002H         LINE#         2334
  C:4002H         LINE#         2335
  C:4004H         LINE#         2336
  C:4006H         LINE#         2337
  C:4006H         LINE#         2338
  C:4006H         LINE#         2339
  C:4006H         LINE#         2340
  C:4009H         LINE#         2341
  C:4009H         LINE#         2342
  C:400CH         LINE#         2343
  C:4010H         LINE#         2345
  C:4012H         LINE#         2346
  C:4012H         LINE#         2347
  C:4014H         LINE#         2348
  C:4014H         LINE#         2349
  C:4014H         LINE#         2350
  C:4014H         LINE#         2351
  C:4016H         LINE#         2352
  C:4016H         LINE#         2353
  C:4016H         LINE#         2354
  C:4016H         LINE#         2355
  C:401BH         LINE#         2356
  C:401BH         LINE#         2357
  C:401EH         LINE#         2358
  C:401EH         LINE#         2359
  C:4020H         LINE#         2360
  C:4027H         LINE#         2361
  C:402EH         LINE#         2362
  C:4034H         LINE#         2363
BL51 BANKED LINKER/LOCATER V6.22                                                      08/02/2021  23:49:14  PAGE 123


  C:4036H         LINE#         2364
  C:4036H         LINE#         2365
  C:4036H         LINE#         2367
  C:4039H         LINE#         2368
  C:4039H         LINE#         2369
  C:403BH         LINE#         2370
  C:403EH         LINE#         2371
  C:4041H         LINE#         2372
  C:4048H         LINE#         2403
  C:4048H         LINE#         2404
  C:404BH         LINE#         2405
  C:404BH         LINE#         2407
  C:404EH         LINE#         2408
  C:404EH         LINE#         2409
  C:4053H         LINE#         2410
  C:4055H         LINE#         2411
  C:4055H         LINE#         2412
  C:4055H         LINE#         2437
  C:405BH         LINE#         2438
  C:405BH         LINE#         2440
  C:405DH         LINE#         2441
  C:4065H         LINE#         2442
  C:406EH         LINE#         2444
  C:4075H         LINE#         2445
  C:4075H         LINE#         2447
  C:4078H         LINE#         2448
  C:407AH         LINE#         2449
  C:407CH         LINE#         2450
  C:407FH         LINE#         2451
  C:4086H         LINE#         2452
  C:408EH         LINE#         2453
  C:408EH         LINE#         2454
  C:40A4H         LINE#         2455
  C:40ACH         LINE#         2457
  C:40B2H         LINE#         2458
  C:40D2H         LINE#         2459
  C:40D4H         LINE#         2460
  C:40DCH         LINE#         2461
  C:40DCH         LINE#         2462
  C:40DEH         LINE#         2463
  C:40E1H         LINE#         2464
  C:40E1H         LINE#         2465
  C:40EAH         LINE#         2466
  C:40EAH         LINE#         2467
  C:40F4H         LINE#         2468
  C:40F4H         LINE#         2469
  C:40F7H         LINE#         2472
  C:4100H         LINE#         2473
  C:410CH         LINE#         2474
  C:410CH         LINE#         2475
  C:4122H         LINE#         2476
  C:4122H         LINE#         2478
  C:4128H         LINE#         2479
  C:4128H         LINE#         2480
  C:4139H         LINE#         2481
  C:4139H         LINE#         2482
  C:418CH         LINE#         2483
BL51 BANKED LINKER/LOCATER V6.22                                                      08/02/2021  23:49:14  PAGE 124


  C:4194H         LINE#         2484
  C:419DH         LINE#         2485
  C:41D9H         LINE#         2486
  C:41E2H         LINE#         2487
  C:41E5H         LINE#         2488
  C:41E5H         LINE#         2489
  C:41E5H         LINE#         2490
  C:41EBH         LINE#         2491
  C:41EBH         LINE#         2492
  C:4203H         LINE#         2493
  C:4203H         LINE#         2494
  C:420AH         LINE#         2495
  C:420CH         LINE#         2496
  C:4213H         LINE#         2497
  C:4215H         LINE#         2498
  C:4215H         LINE#         2499
  C:4215H         LINE#         2500
  C:4215H         LINE#         2502
  C:4215H         LINE#         2504
  -------         ENDPROC       MAIN
  -------         ENDMOD        MAIN

  -------         MODULE        ?C?FPADD
  C:6557H         PUBLIC        ?C?FPADD
  C:6553H         PUBLIC        ?C?FPSUB
  -------         ENDMOD        ?C?FPADD

  -------         MODULE        ?C?FPMUL
  C:6648H         PUBLIC        ?C?FPMUL
  -------         ENDMOD        ?C?FPMUL

  -------         MODULE        ?C?FPDIV
  C:6751H         PUBLIC        ?C?FPDIV
  -------         ENDMOD        ?C?FPDIV

  -------         MODULE        ?C?FPCMP
  C:67F0H         PUBLIC        ?C?FPCMP
  C:67EEH         PUBLIC        ?C?FPCMP3
  -------         ENDMOD        ?C?FPCMP

  -------         MODULE        ?C?FPNEG
  C:6867H         PUBLIC        ?C?FPNEG
  -------         ENDMOD        ?C?FPNEG

  -------         MODULE        ?C?FCAST
  C:6882H         PUBLIC        ?C?FCASTC
  C:687DH         PUBLIC        ?C?FCASTI
  C:6878H         PUBLIC        ?C?FCASTL
  -------         ENDMOD        ?C?FCAST

  -------         MODULE        ?C?CASTF
  C:68B6H         PUBLIC        ?C?CASTF
  -------         ENDMOD        ?C?CASTF

  -------         MODULE        PRINTF
  X:1019H         PUBLIC        ?_PRINTF?BYTE
  X:1019H         PUBLIC        ?_SPRINTF?BYTE
BL51 BANKED LINKER/LOCATER V6.22                                                      08/02/2021  23:49:14  PAGE 125


  C:975BH         PUBLIC        _PRINTF
  C:9755H         PUBLIC        _SPRINTF
  -------         ENDMOD        PRINTF

  -------         MODULE        SQRT
  C:D68DH         PUBLIC        _SQRT
  -------         ENDMOD        SQRT

  -------         MODULE        ATAN2
  X:0FFDH         PUBLIC        ?_atan2?BYTE
  C:D928H         PUBLIC        _atan2
  -------         ENDMOD        ATAN2

  -------         MODULE        SIN
  C:BAF9H         PUBLIC        _COS
  C:BB0FH         PUBLIC        _SIN
  C:BB4BH         PUBLIC        _TAN
  -------         ENDMOD        SIN

  -------         MODULE        ATAN
  C:C729H         PUBLIC        _ATAN
  -------         ENDMOD        ATAN

  -------         MODULE        ASIN
  C:E999H         PUBLIC        _ASIN
  -------         ENDMOD        ASIN

  -------         MODULE        POW
  X:0FE6H         PUBLIC        ?_pow?BYTE
  C:C0ADH         PUBLIC        _pow
  -------         ENDMOD        POW

  -------         MODULE        ?C?CHKFLOAT
  C:6937H         PUBLIC        ?C?CHKFLOAT
  -------         ENDMOD        ?C?CHKFLOAT

  -------         MODULE        ?C?FPROUND
  C:6951H         PUBLIC        ?C?FPROUND
  -------         ENDMOD        ?C?FPROUND

  -------         MODULE        ?C?FPCONVERT
  C:698EH         PUBLIC        ?C?FPCONVERT
  -------         ENDMOD        ?C?FPCONVERT

  -------         MODULE        EXP
  C:D9FDH         PUBLIC        _EXP
  -------         ENDMOD        EXP

  -------         MODULE        LOG
  C:C614H         PUBLIC        _LOG
  C:C610H         PUBLIC        _LOG10
  -------         ENDMOD        LOG

  -------         MODULE        ?C?FTNPWR
  C:6B10H         PUBLIC        ?C?FTNPWR
  -------         ENDMOD        ?C?FTNPWR

BL51 BANKED LINKER/LOCATER V6.22                                                      08/02/2021  23:49:14  PAGE 126


  -------         MODULE        ?C?COPY
  C:6C20H         PUBLIC        ?C?COPY
  -------         ENDMOD        ?C?COPY

  -------         MODULE        ?C?CLDPTR
  C:6C46H         PUBLIC        ?C?CLDPTR
  -------         ENDMOD        ?C?CLDPTR

  -------         MODULE        ?C?CLDOPTR
  C:6C5FH         PUBLIC        ?C?CLDOPTR
  -------         ENDMOD        ?C?CLDOPTR

  -------         MODULE        ?C?CILDOPTR
  C:6C8CH         PUBLIC        ?C?CILDOPTR
  -------         ENDMOD        ?C?CILDOPTR

  -------         MODULE        ?C?CSTPTR
  C:6CBFH         PUBLIC        ?C?CSTPTR
  -------         ENDMOD        ?C?CSTPTR

  -------         MODULE        ?C?CSTOPTR
  C:6CD1H         PUBLIC        ?C?CSTOPTR
  -------         ENDMOD        ?C?CSTOPTR

  -------         MODULE        ?C?UIDIV
  C:6CF3H         PUBLIC        ?C?UIDIV
  -------         ENDMOD        ?C?UIDIV

  -------         MODULE        ?C?SIDIV
  C:6D48H         PUBLIC        ?C?SIDIV
  -------         ENDMOD        ?C?SIDIV

  -------         MODULE        ?C?IILDX
  C:6D7EH         PUBLIC        ?C?IILDX
  -------         ENDMOD        ?C?IILDX

  -------         MODULE        ?C?ILDIX
  C:6D94H         PUBLIC        ?C?ILDIX
  -------         ENDMOD        ?C?ILDIX

  -------         MODULE        ?C?ILDPTR
  C:6DAAH         PUBLIC        ?C?ILDPTR
  -------         ENDMOD        ?C?ILDPTR

  -------         MODULE        ?C?ILDOPTR
  C:6DD5H         PUBLIC        ?C?ILDOPTR
  -------         ENDMOD        ?C?ILDOPTR

  -------         MODULE        ?C?ISTPTR
  C:6E0DH         PUBLIC        ?C?ISTPTR
  -------         ENDMOD        ?C?ISTPTR

  -------         MODULE        ?C?ISTOPTR
  C:6E2CH         PUBLIC        ?C?ISTOPTR
  -------         ENDMOD        ?C?ISTOPTR

  -------         MODULE        ?C?LMUL
BL51 BANKED LINKER/LOCATER V6.22                                                      08/02/2021  23:49:14  PAGE 127


  C:6E59H         PUBLIC        ?C?LMUL
  -------         ENDMOD        ?C?LMUL

  -------         MODULE        ?C?SLDIV
  C:E8DAH         PUBLIC        ?C?SLDIV
  -------         ENDMOD        ?C?SLDIV

  -------         MODULE        ?C?LNEG
  C:6EA8H         PUBLIC        ?C?LNEG
  -------         ENDMOD        ?C?LNEG

  -------         MODULE        ?C?SLCMP
  C:6EB6H         PUBLIC        ?C?SLCMP
  -------         ENDMOD        ?C?SLCMP

  -------         MODULE        ?C?SLSHR
  C:6ECCH         PUBLIC        ?C?SLSHR
  -------         ENDMOD        ?C?SLSHR

  -------         MODULE        ?C?LSHL
  C:6EE0H         PUBLIC        ?C?LSHL
  -------         ENDMOD        ?C?LSHL

  -------         MODULE        ?C?LLDPTR
  C:6EF3H         PUBLIC        ?C?LLDPTR
  -------         ENDMOD        ?C?LLDPTR

  -------         MODULE        ?C?LLDOPTR
  C:6F13H         PUBLIC        ?C?LLDOPTR
  -------         ENDMOD        ?C?LLDOPTR

  -------         MODULE        ?C?LSTPTR
  C:6F43H         PUBLIC        ?C?LSTPTR
  -------         ENDMOD        ?C?LSTPTR

  -------         MODULE        ?C?LSTOPTR
  C:6F5DH         PUBLIC        ?C?LSTOPTR
  -------         ENDMOD        ?C?LSTOPTR

  -------         MODULE        ?C?LLDIDATA
  C:6F81H         PUBLIC        ?C?LLDIDATA
  -------         ENDMOD        ?C?LLDIDATA

  -------         MODULE        ?C?LLDXDATA
  C:6F8DH         PUBLIC        ?C?LLDXDATA
  -------         ENDMOD        ?C?LLDXDATA

  -------         MODULE        ?C?LLDCODE
  C:6F99H         PUBLIC        ?C?LLDCODE
  -------         ENDMOD        ?C?LLDCODE

  -------         MODULE        ?C?LLDIDATA0
  C:6FA9H         PUBLIC        ?C?LLDIDATA0
  -------         ENDMOD        ?C?LLDIDATA0

  -------         MODULE        ?C?LLDXDATA0
  C:6FB6H         PUBLIC        ?C?LLDXDATA0
BL51 BANKED LINKER/LOCATER V6.22                                                      08/02/2021  23:49:14  PAGE 128


  -------         ENDMOD        ?C?LLDXDATA0

  -------         MODULE        ?C?LLDCODE0
  C:6FC2H         PUBLIC        ?C?LLDCODE0
  -------         ENDMOD        ?C?LLDCODE0

  -------         MODULE        ?C?LSTIDATA
  C:6FD2H         PUBLIC        ?C?LSTIDATA
  -------         ENDMOD        ?C?LSTIDATA

  -------         MODULE        ?C?LSTXDATA
  C:6FDEH         PUBLIC        ?C?LSTXDATA
  -------         ENDMOD        ?C?LSTXDATA

  -------         MODULE        ?C?LSTKXDATA
  C:6FEAH         PUBLIC        ?C?LSTKXDATA
  -------         ENDMOD        ?C?LSTKXDATA

  -------         MODULE        ?C?OFFXADD
  C:701BH         PUBLIC        ?C?OFFXADD
  -------         ENDMOD        ?C?OFFXADD

  -------         MODULE        ?C?PLDIXDATA
  C:7027H         PUBLIC        ?C?PLDIXDATA
  -------         ENDMOD        ?C?PLDIXDATA

  -------         MODULE        ?C?PSTXDATA
  C:703EH         PUBLIC        ?C?PSTXDATA
  -------         ENDMOD        ?C?PSTXDATA

  -------         MODULE        ?C?CCASE
  C:7047H         PUBLIC        ?C?CCASE
  -------         ENDMOD        ?C?CCASE

  -------         MODULE        PUTCHAR
  C:ECFCH         PUBLIC        _PUTCHAR
  -------         ENDMOD        PUTCHAR

  -------         MODULE        RAND
  X:12E4H         PUBLIC        ?SRAND?BYTE
  C:E614H         PUBLIC        RAND
  C:E652H         PUBLIC        _SRAND
  -------         ENDMOD        RAND

  -------         MODULE        STRCAT
  X:1006H         PUBLIC        ?_strcat?BYTE
  C:DFF2H         PUBLIC        _strcat
  -------         ENDMOD        STRCAT

  -------         MODULE        ?C?STRCPY
  C:7139H         PUBLIC        ?C?STRCPY
  -------         ENDMOD        ?C?STRCPY

  -------         MODULE        ?C?MEMCMP
  C:72DCH         PUBLIC        ?C?MEMCMP
  -------         ENDMOD        ?C?MEMCMP

BL51 BANKED LINKER/LOCATER V6.22                                                      08/02/2021  23:49:14  PAGE 129


  -------         MODULE        ?C?ULDIV
  C:733CH         PUBLIC        ?C?ULDIV
  -------         ENDMOD        ?C?ULDIV

  -------         MODULE        ?C?LLDPDATA
  C:73CEH         PUBLIC        ?C?LLDPDATA
  -------         ENDMOD        ?C?LLDPDATA

  -------         MODULE        ?C?LSTPDATA
  C:73DAH         PUBLIC        ?C?LSTPDATA
  -------         ENDMOD        ?C?LSTPDATA

*** WARNING L16: UNCALLED SEGMENT, IGNORED FOR OVERLAY PROCESS
    SEGMENT: ?PR?PW02REST?PW02

*** WARNING L16: UNCALLED SEGMENT, IGNORED FOR OVERLAY PROCESS
    SEGMENT: ?PR?RDA5807MGETCURRENTFQ?RDA5807M

*** WARNING L16: UNCALLED SEGMENT, IGNORED FOR OVERLAY PROCESS
    SEGMENT: ?PR?RDA5807MGETCURRENTRSSI?RDA5807M

*** WARNING L16: UNCALLED SEGMENT, IGNORED FOR OVERLAY PROCESS
    SEGMENT: ?PR?RDA5807MSETMUTE?RDA5807M

*** WARNING L16: UNCALLED SEGMENT, IGNORED FOR OVERLAY PROCESS
    SEGMENT: ?PR?PCF8563DISABLETIMER?PCF8563

*** WARNING L16: UNCALLED SEGMENT, IGNORED FOR OVERLAY PROCESS
    SEGMENT: ?PR?_BME280SINGLEMEASUREMENT?BME280

*** WARNING L16: UNCALLED SEGMENT, IGNORED FOR OVERLAY PROCESS
    SEGMENT: ?PR?LSM6DSMDISABLEPEDOMETER?LSM6DSM

*** WARNING L16: UNCALLED SEGMENT, IGNORED FOR OVERLAY PROCESS
    SEGMENT: ?PR?_ENABLE3V3OUTPUT?POWERMANAGE

*** WARNING L16: UNCALLED SEGMENT, IGNORED FOR OVERLAY PROCESS
    SEGMENT: ?PR?_BATTERYCHARGEENABLE?POWERMANAGE

*** WARNING L16: UNCALLED SEGMENT, IGNORED FOR OVERLAY PROCESS
    SEGMENT: ?PR?SYSTEMPOWERDOWN?POWERMANAGE

*** WARNING L16: UNCALLED SEGMENT, IGNORED FOR OVERLAY PROCESS
    SEGMENT: ?PR?SYSTEMDEEPPOWERDOWN?POWERMANAGE

*** WARNING L16: UNCALLED SEGMENT, IGNORED FOR OVERLAY PROCESS
    SEGMENT: ?PR?SYSTEMPOWERON?POWERMANAGE

*** WARNING L16: UNCALLED SEGMENT, IGNORED FOR OVERLAY PROCESS
    SEGMENT: ?PR?BUZZERINIT?BUZZER

*** WARNING L16: UNCALLED SEGMENT, IGNORED FOR OVERLAY PROCESS
    SEGMENT: ?PR?_CLEARCACHEAREA?DISPLAY

*** WARNING L16: UNCALLED SEGMENT, IGNORED FOR OVERLAY PROCESS
    SEGMENT: ?PR?BREATHINGLAMP?MAIN

BL51 BANKED LINKER/LOCATER V6.22                                                      08/02/2021  23:49:14  PAGE 130


Program Size: data=127.2 xdata=4847 code=62118
LINK/LOCATE RUN COMPLETE.  15 WARNING(S),  0 ERROR(S)
