BL51 BANKED LINKER/LOCATER V6.22                                                        08/26/2021  06:15:46  PAGE 1


BL51 BANKED LINKER/LOCATER V6.22, INVOKED BY:
E:\INSTALL_FILES\KEIL\C51\BIN\BL51.EXE ..\Objects\PW02.obj, ..\Objects\oled.obj, ..\Objects\RDA5807M.obj, ..\Objects\PCF
>> 8563.obj, ..\Objects\BME280.obj, ..\Objects\Ellipsoid fitting.obj, ..\Objects\HMC5883L.obj, ..\Objects\LSM6DSM.obj, .
>> .\Objects\PowerManage.obj, ..\Objects\IIC.obj, ..\Objects\Sys.obj, ..\Objects\EEPROM.obj, ..\Objects\Buzzer.obj, ..\O
>> bjects\Delay.obj, ..\Objects\Display.obj, ..\Objects\main.obj TO ..\Objects\iWatch-v1.1 PRINT (..\Listings\iWatch-v1.
>> m51) RAMSIZE (256)


MEMORY MODEL: LARGE WITH FLOATING POINT ARITHMETIC


INPUT MODULES INCLUDED:
  ..\Objects\PW02.obj (PW02)
  ..\Objects\oled.obj (OLED)
  ..\Objects\RDA5807M.obj (RDA5807M)
  ..\Objects\PCF8563.obj (PCF8563)
  ..\Objects\BME280.obj (BME280)
  ..\Objects\Ellipsoid fitting.obj (ELLIPSOID_FITTING)
  ..\Objects\HMC5883L.obj (HMC5883L)
  ..\Objects\LSM6DSM.obj (LSM6DSM)
  ..\Objects\PowerManage.obj (POWERMANAGE)
  ..\Objects\IIC.obj (IIC)
  ..\Objects\Sys.obj (SYS)
  ..\Objects\EEPROM.obj (EEPROM)
  ..\Objects\Buzzer.obj (BUZZER)
  ..\Objects\Delay.obj (DELAY)
  ..\Objects\Display.obj (DISPLAY)
  ..\Objects\main.obj (MAIN)
  E:\INSTALL_FILES\KEIL\C51\LIB\C51FPL.LIB (?C?FPADD)
  E:\INSTALL_FILES\KEIL\C51\LIB\C51FPL.LIB (?C?FPMUL)
  E:\INSTALL_FILES\KEIL\C51\LIB\C51FPL.LIB (?C?FPDIV)
  E:\INSTALL_FILES\KEIL\C51\LIB\C51FPL.LIB (?C?FPCMP)
  E:\INSTALL_FILES\KEIL\C51\LIB\C51FPL.LIB (?C?FPNEG)
  E:\INSTALL_FILES\KEIL\C51\LIB\C51FPL.LIB (?C?FCAST)
  E:\INSTALL_FILES\KEIL\C51\LIB\C51FPL.LIB (?C?CASTF)
  E:\INSTALL_FILES\KEIL\C51\LIB\C51FPL.LIB (PRINTF)
  E:\INSTALL_FILES\KEIL\C51\LIB\C51FPL.LIB (SQRT)
  E:\INSTALL_FILES\KEIL\C51\LIB\C51FPL.LIB (ATAN2)
  E:\INSTALL_FILES\KEIL\C51\LIB\C51FPL.LIB (SIN)
  E:\INSTALL_FILES\KEIL\C51\LIB\C51FPL.LIB (ATAN)
  E:\INSTALL_FILES\KEIL\C51\LIB\C51FPL.LIB (ASIN)
  E:\INSTALL_FILES\KEIL\C51\LIB\C51FPL.LIB (POW)
  E:\INSTALL_FILES\KEIL\C51\LIB\C51FPL.LIB (?C?FPGETOPN)
  E:\INSTALL_FILES\KEIL\C51\LIB\C51FPL.LIB (?C?CHKFLOAT)
  E:\INSTALL_FILES\KEIL\C51\LIB\C51FPL.LIB (?C?FPROUND)
  E:\INSTALL_FILES\KEIL\C51\LIB\C51FPL.LIB (?C?FPCONVERT)
  E:\INSTALL_FILES\KEIL\C51\LIB\C51FPL.LIB (?C?FPSERIES)
  E:\INSTALL_FILES\KEIL\C51\LIB\C51FPL.LIB (EXP)
  E:\INSTALL_FILES\KEIL\C51\LIB\C51FPL.LIB (LOG)
  E:\INSTALL_FILES\KEIL\C51\LIB\C51FPL.LIB (?C?FTNPWR)
  E:\INSTALL_FILES\KEIL\C51\LIB\C51L.LIB (?C_STARTUP)
  E:\INSTALL_FILES\KEIL\C51\LIB\C51L.LIB (?C?COPY)
  E:\INSTALL_FILES\KEIL\C51\LIB\C51L.LIB (?C?CLDPTR)
  E:\INSTALL_FILES\KEIL\C51\LIB\C51L.LIB (?C?CLDOPTR)
  E:\INSTALL_FILES\KEIL\C51\LIB\C51L.LIB (?C?CILDOPTR)
  E:\INSTALL_FILES\KEIL\C51\LIB\C51L.LIB (?C?CSTPTR)
  E:\INSTALL_FILES\KEIL\C51\LIB\C51L.LIB (?C?CSTOPTR)
  E:\INSTALL_FILES\KEIL\C51\LIB\C51L.LIB (?C?UIDIV)
BL51 BANKED LINKER/LOCATER V6.22                                                      08/26/2021  06:15:46  PAGE 2


  E:\INSTALL_FILES\KEIL\C51\LIB\C51L.LIB (?C?SIDIV)
  E:\INSTALL_FILES\KEIL\C51\LIB\C51L.LIB (?C?IILDX)
  E:\INSTALL_FILES\KEIL\C51\LIB\C51L.LIB (?C?ILDIX)
  E:\INSTALL_FILES\KEIL\C51\LIB\C51L.LIB (?C?ILDPTR)
  E:\INSTALL_FILES\KEIL\C51\LIB\C51L.LIB (?C?ILDOPTR)
  E:\INSTALL_FILES\KEIL\C51\LIB\C51L.LIB (?C?ISTPTR)
  E:\INSTALL_FILES\KEIL\C51\LIB\C51L.LIB (?C?ISTOPTR)
  E:\INSTALL_FILES\KEIL\C51\LIB\C51L.LIB (?C?LMUL)
  E:\INSTALL_FILES\KEIL\C51\LIB\C51L.LIB (?C?SLDIV)
  E:\INSTALL_FILES\KEIL\C51\LIB\C51L.LIB (?C?LNEG)
  E:\INSTALL_FILES\KEIL\C51\LIB\C51L.LIB (?C?SLCMP)
  E:\INSTALL_FILES\KEIL\C51\LIB\C51L.LIB (?C?SLSHR)
  E:\INSTALL_FILES\KEIL\C51\LIB\C51L.LIB (?C?LSHL)
  E:\INSTALL_FILES\KEIL\C51\LIB\C51L.LIB (?C?LLDPTR)
  E:\INSTALL_FILES\KEIL\C51\LIB\C51L.LIB (?C?LLDOPTR)
  E:\INSTALL_FILES\KEIL\C51\LIB\C51L.LIB (?C?LSTPTR)
  E:\INSTALL_FILES\KEIL\C51\LIB\C51L.LIB (?C?LSTOPTR)
  E:\INSTALL_FILES\KEIL\C51\LIB\C51L.LIB (?C?LLDIDATA)
  E:\INSTALL_FILES\KEIL\C51\LIB\C51L.LIB (?C?LLDXDATA)
  E:\INSTALL_FILES\KEIL\C51\LIB\C51L.LIB (?C?LLDCODE)
  E:\INSTALL_FILES\KEIL\C51\LIB\C51L.LIB (?C?LLDIDATA0)
  E:\INSTALL_FILES\KEIL\C51\LIB\C51L.LIB (?C?LLDXDATA0)
  E:\INSTALL_FILES\KEIL\C51\LIB\C51L.LIB (?C?LLDCODE0)
  E:\INSTALL_FILES\KEIL\C51\LIB\C51L.LIB (?C?LSTIDATA)
  E:\INSTALL_FILES\KEIL\C51\LIB\C51L.LIB (?C?LSTXDATA)
  E:\INSTALL_FILES\KEIL\C51\LIB\C51L.LIB (?C?LSTKXDATA)
  E:\INSTALL_FILES\KEIL\C51\LIB\C51L.LIB (?C?OFFXADD)
  E:\INSTALL_FILES\KEIL\C51\LIB\C51L.LIB (?C?PLDIXDATA)
  E:\INSTALL_FILES\KEIL\C51\LIB\C51L.LIB (?C?PSTXDATA)
  E:\INSTALL_FILES\KEIL\C51\LIB\C51L.LIB (?C?CCASE)
  E:\INSTALL_FILES\KEIL\C51\LIB\C51L.LIB (PUTCHAR)
  E:\INSTALL_FILES\KEIL\C51\LIB\C51L.LIB (RAND)
  E:\INSTALL_FILES\KEIL\C51\LIB\C51L.LIB (STRCAT)
  E:\INSTALL_FILES\KEIL\C51\LIB\C51L.LIB (?C?STRCPY)
  E:\INSTALL_FILES\KEIL\C51\LIB\C51L.LIB (?C?MEMCMP)
  E:\INSTALL_FILES\KEIL\C51\LIB\C51L.LIB (?C_INIT)
  E:\INSTALL_FILES\KEIL\C51\LIB\C51L.LIB (?C?ULDIV)
  E:\INSTALL_FILES\KEIL\C51\LIB\C51L.LIB (?C?LLDPDATA)
  E:\INSTALL_FILES\KEIL\C51\LIB\C51L.LIB (?C?LSTPDATA)


LINK MAP OF MODULE:  ..\Objects\iWatch-v1.1 (PW02)


            TYPE    BASE      LENGTH    RELOCATION   SEGMENT NAME
            -----------------------------------------------------

            * * * * * * *   D A T A   M E M O R Y   * * * * * * *
            REG     0000H     0008H     ABSOLUTE     "REG BANK 0"
            REG     0008H     0008H     ABSOLUTE     "REG BANK 1"
            DATA    0010H     0002H     UNIT         ?DT?IIC
                    0012H     000EH                  *** GAP ***
            BIT     0020H.0   0002H.6   UNIT         ?BI?MAIN
            BIT     0022H.6   0001H.1   UNIT         _BIT_GROUP_
            BIT     0023H.7   0000H.2   UNIT         ?BI?PW02
            BIT     0024H.1   0000H.1   UNIT         ?BI?BUZZER
                    0024H.2   0000H.6                *** GAP ***
BL51 BANKED LINKER/LOCATER V6.22                                                      08/26/2021  06:15:46  PAGE 3


            DATA    0025H     0016H     UNIT         _DATA_GROUP_
            IDATA   003BH     0030H     UNIT         _IDATA_GROUP_
            IDATA   006BH     001CH     UNIT         ?ID?LSM6DSM
            IDATA   0087H     0001H     UNIT         ?STACK

            * * * * * * *  X D A T A   M E M O R Y  * * * * * * *
            XDATA   0000H     0C08H     UNIT         ?XD?DISPLAY
            XDATA   0C08H     035EH     UNIT         ?XD?MAIN
            XDATA   0F66H     00E3H     UNIT         _XDATA_GROUP_
            XDATA   1049H     00DAH     UNIT         ?XD?ELLIPSOID_FITTING
            XDATA   1123H     0081H     UNIT         ?XD?PW02
            XDATA   11A4H     0075H     UNIT         ?XD?SYS
            XDATA   1219H     0054H     UNIT         ?XD?POWERMANAGE
            XDATA   126DH     0036H     UNIT         ?XD?BME280
            XDATA   12A3H     0018H     UNIT         ?XD?RDA5807M
            XDATA   12BBH     0013H     UNIT         ?XD?HMC5883L
            XDATA   12CEH     0009H     UNIT         ?XD?BME280_CAL_MEAS_DELAY?BME280
            XDATA   12D7H     0004H     UNIT         ?XD?RAND?RAND
            XDATA   12DBH     0003H     UNIT         ?XD?_BME280SINGLEMEASUREMENT?BME280
            XDATA   12DEH     0003H     UNIT         ?XD?BUZZER

            * * * * * * *   C O D E   M E M O R Y   * * * * * * *
            CODE    0000H     0003H     ABSOLUTE     
            CODE    0003H     0003H     ABSOLUTE     
            CODE    0006H     0004H     UNIT         ?PR?MCUSOFTRESET?SYS
                    000AH     0001H                  *** GAP ***
            CODE    000BH     0003H     ABSOLUTE     
            CODE    000EH     0004H     UNIT         ?PR?ENABLEWATCHDOG?SYS
                    0012H     0001H                  *** GAP ***
            CODE    0013H     0003H     ABSOLUTE     
            CODE    0016H     002CH     UNIT         ?PR?SYSTEMPOWERDOWN?POWERMANAGE
                    0042H     0001H                  *** GAP ***
            CODE    0043H     0003H     ABSOLUTE     
            CODE    0046H     000DH     UNIT         ?PR?_HMC5883L_WRITE_BYTE?HMC5883L
            CODE    0053H     0003H     ABSOLUTE     
            CODE    0056H     0004H     UNIT         ?PR?FEEDWATCHDOG?SYS
                    005AH     0001H                  *** GAP ***
            CODE    005BH     0003H     ABSOLUTE     
            CODE    005EH     003DH     UNIT         ?PR?_UART2SENDSTR?PW02
            CODE    009BH     0003H     ABSOLUTE     
            CODE    009EH     0003H     UNIT         ?PR?_SCREENREFRESHALL?DISPLAY
                    00A1H     0002H                  *** GAP ***
            CODE    00A3H     0003H     ABSOLUTE     
            CODE    00A6H     4339H     UNIT         ?PR?MAIN?MAIN
            CODE    43DFH     2338H     UNIT         ?CO?MAIN
            CODE    6717H     0E96H     UNIT         ?C?LIB_CODE
            CODE    75ADH     0E4EH     UNIT         ?C_INITSEG
            CODE    83FBH     0C4AH     UNIT         ?CO?DISPLAY
            CODE    9045H     0872H     UNIT         ?PR?_IMUUPDATE?LSM6DSM
            CODE    98B7H     0483H     UNIT         ?PR?PRINTF?PRINTF
            CODE    9D3AH     03FDH     UNIT         ?PR?_SCREENPUSHANIMATION?DISPLAY
            CODE    A137H     03B9H     UNIT         ?PR?COMPENSATE_PRESSURE?BME280
            CODE    A4F0H     037FH     UNIT         ?PR?_ELLIPSOID_FITTING_PROCESS?ELLIPSOID_FITTING
            CODE    A86FH     0334H     UNIT         ?PR?_SHOWSTRING?DISPLAY
            CODE    ABA3H     0282H     UNIT         ?PR?_DRAWLINE?DISPLAY
            CODE    AE25H     026AH     UNIT         ?PR?_DISPLAYTIME?DISPLAY
            CODE    B08FH     0252H     UNIT         ?PR?COMPENSATE_HUMIDITY?BME280
BL51 BANKED LINKER/LOCATER V6.22                                                      08/26/2021  06:15:46  PAGE 4


            CODE    B2E1H     0240H     UNIT         ?PR?_HMC5883L_GET_ANGLEXY?HMC5883L
            CODE    B521H     01FEH     UNIT         ?PR?_DRAWARM?DISPLAY
            CODE    B71FH     01F2H     UNIT         ?PR?_DRAWSELECTIONFRAME?DISPLAY
            CODE    B911H     01DBH     UNIT         ?PR?COMPENSATE_TEMPERATURE?BME280
            CODE    BAECH     018CH     UNIT         ?PR?_MATRIX_SOLVE?ELLIPSOID_FITTING
            CODE    BC78H     0188H     UNIT         ?PR?SIN?SIN
            CODE    BE00H     0181H     UNIT         ?PR?GETBATTERYLIFE?POWERMANAGE
            CODE    BF81H     0180H     UNIT         ?PR?BME280READCOMPENSATIONPARAMETER?BME280
            CODE    C101H     0173H     UNIT         ?PR?_CALCDATA_INPUT?ELLIPSOID_FITTING
            CODE    C274H     0166H     UNIT         ?PR?_POW?POW
            CODE    C3DAH     0157H     UNIT         ?PR?_BMPTOCACHE?DISPLAY
            CODE    C531H     014BH     UNIT         ?PR?_READ_HMC5883L?HMC5883L
            CODE    C67CH     012BH     UNIT         ?PR?_SCREEROLLDOWN?DISPLAY
            CODE    C7A7H     0129H     UNIT         ?PR?LOG?LOG
            CODE    C8D0H     0122H     UNIT         ?PR?ATAN?ATAN
            CODE    C9F2H     0120H     UNIT         ?PR?PW02INIT?PW02
            CODE    CB12H     011FH     UNIT         ?PR?TM3_IST?MAIN
            CODE    CC31H     011AH     UNIT         ?PR?SENSORINIT?MAIN
            CODE    CD4BH     0114H     UNIT         ?PR?_SCREEROLLUP?DISPLAY
            CODE    CE5FH     0109H     UNIT         ?PR?MATRIX_GAUSSELIMINATION?ELLIPSOID_FITTING
            CODE    CF68H     0105H     UNIT         ?PR?_PCF8563READTIME?PCF8563
            CODE    D06DH     00FEH     UNIT         ?PR?BME280_CAL_MEAS_DELAY?BME280
            CODE    D16BH     00EAH     UNIT         ?PR?_ROW2_SWOP_ROW1?ELLIPSOID_FITTING
            CODE    D255H     00D8H     UNIT         ?PR?BME280READSENSORRAWDATA?BME280
            CODE    D32DH     00D7H     UNIT         ?PR?PW02CHECKCONNECTION?PW02
            CODE    D404H     00D5H     UNIT         ?PR?GETBATTERYVOLTAGE?POWERMANAGE
            CODE    D4D9H     00C2H     UNIT         ?PR?_PCF8563SETALARM?PCF8563
            CODE    D59BH     00BEH     UNIT         ?CO?PW02
            CODE    D659H     00B3H     UNIT         ?PR?_LSM6DSMREADGYRANDACC?LSM6DSM
            CODE    D70CH     00AFH     UNIT         ?PR?_RDA5807MSETFQ?RDA5807M
            CODE    D7BBH     00AFH     UNIT         ?PR?_EEPROMREADCONFIGURATION?SYS
            CODE    D86AH     00ACH     UNIT         ?PR?SQRT?SQRT
            CODE    D916H     00ABH     UNIT         ?PR?_RDA5807MSEEK?RDA5807M
            CODE    D9C1H     00A7H     UNIT         ?PR?_ROW2_ADD_KROW1?ELLIPSOID_FITTING
            CODE    DA68H     00A1H     UNIT         ?PR?OLED_INIT?OLED
            CODE    DB09H     009DH     UNIT         ?PR?_ATAN2?ATAN2
            CODE    DBA6H     009AH     UNIT         ?PR?EXP?EXP
            CODE    DC40H     0099H     UNIT         ?PR?_MOVEBIGGESTELEMENT_TO_TOP?ELLIPSOID_FITTING
            CODE    DCD9H     0099H     UNIT         ?PR?_LSM6DSMENABLEAWT?LSM6DSM
            CODE    DD72H     0099H     UNIT         ?PR?TM4_ISR?BUZZER
            CODE    DE0BH     008CH     UNIT         ?C_C51STARTUP
            CODE    DE97H     0080H     UNIT         ?PR?CALCDATA_INPUT_AVERAGE?ELLIPSOID_FITTING
            CODE    DF17H     007DH     UNIT         ?PR?_CLEARCACHEAREA?DISPLAY
            CODE    DF94H     007AH     UNIT         ?PR?UART2_ISR?PW02
            CODE    E00EH     0077H     UNIT         ?PR?_PW02SETNAME?PW02
            CODE    E085H     0075H     UNIT         ?PR?_EEPROMWRITECONFIGURATION?SYS
            CODE    E0FAH     006DH     UNIT         ?PR?_SENDATCOMMAND?PW02
            CODE    E167H     006CH     UNIT         ?PR?MATRIX_ROWSIMPLIFY?ELLIPSOID_FITTING
            CODE    E1D3H     006BH     UNIT         ?PR?_STRCAT?STRCAT
            CODE    E23EH     0067H     UNIT         ?PR?RDA5807MINIT?RDA5807M
            CODE    E2A5H     0065H     UNIT         ?PR?_PCF8563WRITEDATE?PCF8563
            CODE    E30AH     0063H     UNIT         ?PR?_PW02SETADVT?PW02
            CODE    E36DH     0062H     UNIT         ?PR?RDA5807MREADRGES?RDA5807M
            CODE    E3CFH     0061H     UNIT         ?PR?_K_MUILTPLY_ROW?ELLIPSOID_FITTING
            CODE    E430H     0061H     UNIT         ?PR?_SCREENREFRESHAREA?DISPLAY
            CODE    E491H     005EH     UNIT         ?PR?_PW02SETBUAD?PW02
            CODE    E4EFH     005BH     UNIT         ?PR?_ABS?ELLIPSOID_FITTING
BL51 BANKED LINKER/LOCATER V6.22                                                      08/26/2021  06:15:46  PAGE 5


            CODE    E54AH     005AH     UNIT         ?PR?RDA5807MWRITEREGS?RDA5807M
            CODE    E5A4H     005AH     UNIT         ?PR?LSM6DSMINIT?LSM6DSM
            CODE    E5FEH     0058H     UNIT         ?PR?BME280INIT?BME280
            CODE    E656H     0055H     UNIT         ?PR?HMC5883L_INIT?HMC5883L
            CODE    E6ABH     0055H     UNIT         ?PR?_DRAWDOT?DISPLAY
            CODE    E700H     0052H     UNIT         ?PR?_DISPLAYINIT?DISPLAY
            CODE    E752H     0050H     UNIT         ?PR?INT1_ISR?MAIN
            CODE    E7A2H     004DH     UNIT         ?PR?_PCF8563WRITETIME?PCF8563
            CODE    E7EFH     004DH     UNIT         ?PR?RAND?RAND
            CODE    E83CH     004AH     UNIT         ?PR?_OLED_DRAWBMP?OLED
            CODE    E886H     004AH     UNIT         ?PR?_LSM6DSMENABLEPEDOMETER?LSM6DSM
            CODE    E8D0H     0047H     UNIT         ?PR?_BME280GETSENSORDATA?BME280
            CODE    E917H     0047H     UNIT         ?PR?_I2C_READ_MULTIBYTES?IIC
            CODE    E95EH     0047H     UNIT         ?PR?SYSINIT?SYS
            CODE    E9A5H     0046H     UNIT         ?PR?RDA5807MGETCURRENTFQ?RDA5807M
            CODE    E9EBH     0046H     UNIT         ?PR?RESETMATRIX?ELLIPSOID_FITTING
            CODE    EA31H     0045H     UNIT         ?PR?_EEPROM_READ_N?EEPROM
            CODE    EA76H     0045H     UNIT         ?PR?_EEPROM_WRITE_N?EEPROM
            CODE    EABBH     0044H     UNIT         ?PR?_HMC5883L_SET_CALIBRATION_VALUE?HMC5883L
            CODE    EAFFH     0044H     UNIT         ?C?LDIV
            CODE    EB43H     003FH     UNIT         ?PR?_I2C_NOADDR_WRITE_MULTIBYTES?IIC
            CODE    EB82H     003CH     UNIT         ?PR?_CLEARCACHE?DISPLAY
            CODE    EBBEH     003BH     UNIT         ?PR?ASIN?ASIN
            CODE    EBF9H     003AH     UNIT         ?PR?_PCF8563SETREGISTERBITS?PCF8563
            CODE    EC33H     003AH     UNIT         ?PR?_LSM6DSMRSETREGISTERBITS?LSM6DSM
            CODE    EC6DH     0039H     UNIT         ?PR?RDA5807MGETCURRENTRSSI?RDA5807M
            CODE    ECA6H     0039H     UNIT         ?PR?BUZZERINIT?BUZZER
            CODE    ECDFH     0037H     UNIT         ?PR?_PCF8563ENABLETIMER?PCF8563
            CODE    ED16H     0032H     UNIT         ?PR?SAVESCREEN?DISPLAY
            CODE    ED48H     0031H     UNIT         ?PR?_I2C_NOADDR_READ_MULTIBYTES?IIC
            CODE    ED79H     002FH     UNIT         ?PR?PININIT?SYS
            CODE    EDA8H     002EH     UNIT         ?PR?_PW02GETRXDATA?PW02
            CODE    EDD6H     002BH     UNIT         ?PR?SYSTEMDEEPPOWERDOWN?POWERMANAGE
            CODE    EE01H     0028H     UNIT         ?PR?PW02ENTERATMODE?PW02
            CODE    EE29H     0028H     UNIT         ?PR?PW02EXITATMODE?PW02
            CODE    EE51H     0028H     UNIT         ?PR?_RDA5807MSETVOLUME?RDA5807M
            CODE    EE79H     0027H     UNIT         ?PR?PW02GETRSSI?PW02
            CODE    EEA0H     0027H     UNIT         ?PR?_BME280WRITEBYTE?BME280
            CODE    EEC7H     0027H     UNIT         ?PR?LSM6DSMENABLETAPDETECTION?LSM6DSM
            CODE    EEEEH     0027H     UNIT         ?PR?PUTCHAR?PUTCHAR
            CODE    EF15H     0026H     UNIT         ?PR?_EEPROM_SECTORERASE?EEPROM
            CODE    EF3BH     0025H     UNIT         ?PR?PCF8563DISABLEALARM?PCF8563
            CODE    EF60H     0024H     UNIT         ?PR?_BME280SINGLEMEASUREMENT?BME280
            CODE    EF84H     0024H     UNIT         ?PR?KEYSCAN?MAIN
            CODE    EFA8H     0023H     UNIT         ?PR?I2C_STOP?IIC
            CODE    EFCBH     0022H     UNIT         ?PR?WAIT?IIC
            CODE    EFEDH     0022H     UNIT         ?PR?INT2_ISR?MAIN
            CODE    F00FH     0020H     UNIT         ?CO?ELLIPSOID_FITTING
            CODE    F02FH     001FH     UNIT         ?PR?OLED_CLEAR?OLED
            CODE    F04EH     001EH     UNIT         ?PR?_OLED_SET_POS?OLED
            CODE    F06CH     001EH     UNIT         ?PR?_BME280SETMODE?BME280
            CODE    F08AH     001DH     UNIT         ?PR?_SINGLE_READIIC?IIC
            CODE    F0A7H     001CH     UNIT         ?PR?I2C_RECVACK?IIC
            CODE    F0C3H     001BH     UNIT         ?PR?_ADCREAD?POWERMANAGE
            CODE    F0DEH     001BH     UNIT         ?PR?TM0_ISR?MAIN
            CODE    F0F9H     001AH     UNIT         ?PR?_OLED_WR_BYTE?OLED
            CODE    F113H     001AH     UNIT         ?PR?_DELAY1MS?DELAY
BL51 BANKED LINKER/LOCATER V6.22                                                      08/26/2021  06:15:46  PAGE 6


            CODE    F12DH     0019H     UNIT         ?PR?_DELAY_MS?OLED
            CODE    F146H     0019H     UNIT         ?PR?LSM6DSMGETCURRENTSTEP?LSM6DSM
            CODE    F15FH     0019H     UNIT         ?PR?LSM6DSMRESETSTEPCOUNTER?LSM6DSM
            CODE    F178H     0019H     UNIT         ?PR?UARTINIT?SYS
            CODE    F191H     0017H     UNIT         ?PR?_SCREENSETDIRECTION?DISPLAY
            CODE    F1A8H     0015H     UNIT         ?PR?_PCF8563WRITEBYTE?PCF8563
            CODE    F1BDH     0015H     UNIT         ?PR?_BME280CONTINUOUSMEASUREMENT?BME280
            CODE    F1D2H     0015H     UNIT         ?PR?_SINGLE_WRITEIIC?IIC
            CODE    F1E7H     0015H     UNIT         ?PR?_BUZZERONOFF?BUZZER
            CODE    F1FCH     0015H     UNIT         ?PR?BEE?BUZZER
            CODE    F211H     0015H     UNIT         ?PR?_DELAY1US?DELAY
            CODE    F226H     0014H     UNIT         ?PR?PCF8563INIT?PCF8563
            CODE    F23AH     0013H     UNIT         ?PR?UART2INIT?SYS
            CODE    F24DH     0012H     UNIT         ?PR?PCF8563DISABLETIMER?PCF8563
            CODE    F25FH     0012H     UNIT         ?PR?IIC_INIT?IIC
            CODE    F271H     0011H     UNIT         ?PR?OLED_DISPLAY_ON?OLED
            CODE    F282H     0011H     UNIT         ?PR?_OLED_HORIZENTAL_REVERSE?OLED
            CODE    F293H     0011H     UNIT         ?PR?_OLED_VERTICAL_REVERSE?OLED
            CODE    F2A4H     0011H     UNIT         ?PR?_OLED_INVERSE?OLED
            CODE    F2B5H     0010H     UNIT         ?PR?_PCF8563ENABLECLOCKOUPUT?PCF8563
            CODE    F2C5H     0010H     UNIT         ?PR?CHECKHMC5883LCONNECTION?HMC5883L
            CODE    F2D5H     0010H     UNIT         ?PR?LSM6DSMSOFTRESET?LSM6DSM
            CODE    F2E5H     0010H     UNIT         ?PR?TIMER3INIT?SYS
            CODE    F2F5H     000FH     UNIT         ?PR?LSM6DSMCHECKCONNECTION?LSM6DSM
            CODE    F304H     000FH     UNIT         ?PR?I2C_RECVBYTE?IIC
            CODE    F313H     000FH     UNIT         ?PR?I2C_SENDNAK?IIC
            CODE    F322H     000FH     UNIT         ?PR?BEEBEEBEE?BUZZER
            CODE    F331H     000EH     UNIT         ?PR?_OLED_SET_BRIGHTNESS?OLED
            CODE    F33FH     000EH     UNIT         ?PR?BME280CHECKCONNECTION?BME280
            CODE    F34DH     000EH     UNIT         ?PR?BME280SOFTRESET?BME280
            CODE    F35BH     000EH     UNIT         ?PR?_I2C_SENDBYTE?IIC
            CODE    F369H     000EH     UNIT         ?PR?I2C_SENDACK?IIC
            CODE    F377H     000EH     UNIT         ?PR?DISABLEEEPROM?EEPROM
            CODE    F385H     000DH     UNIT         ?PR?_LSM6DSMWRITEBYTE?LSM6DSM
            CODE    F392H     000DH     UNIT         ?PR?_BATTERYCHARGEENABLE?POWERMANAGE
            CODE    F39FH     000DH     UNIT         ?PR?TIMER0INIT?SYS
            CODE    F3ACH     000CH     UNIT         ?PR?OLED_DISPLAY_OFF?OLED
            CODE    F3B8H     000CH     UNIT         ?PR?SYSTEMPOWERON?POWERMANAGE
            CODE    F3C4H     000CH     UNIT         ?PR?I2C_START?IIC
            CODE    F3D0H     000CH     UNIT         ?PR?INITCONFIG?SYS
            CODE    F3DCH     000BH     UNIT         ?PR?_HMC5883L_SET_MODE?HMC5883L
            CODE    F3E7H     000BH     UNIT         ?PR?_SCREENSETBRIGHTNESS?DISPLAY
            CODE    F3F2H     000AH     UNIT         ?PR?_PW02SETMODE?PW02
            CODE    F3FCH     000AH     UNIT         ?PR?RDA5807MSETMUTE?RDA5807M
            CODE    F406H     000AH     UNIT         ?PR?RDA5807MPOWERUP?RDA5807M
            CODE    F410H     000AH     UNIT         ?PR?RDA5807MPOWERDOWN?RDA5807M
            CODE    F41AH     000AH     UNIT         ?PR?PCF8563READINTSRC?PCF8563
            CODE    F424H     000AH     UNIT         ?PR?_SCREENONOFF?DISPLAY
            CODE    F42EH     0009H     UNIT         ?PR?PW02REST?PW02
            CODE    F437H     0009H     UNIT         ?PR?PCF8563CLEARALARMFLAG?PCF8563
            CODE    F440H     0009H     UNIT         ?PR?PCF8563CLEARTIMERFLAG?PCF8563
            CODE    F449H     0009H     UNIT         ?PR?LSM6DSMENABLEEMBEDDEDFUNC?LSM6DSM
            CODE    F452H     0009H     UNIT         ?PR?LSM6DSMDISABLEPEDOMETER?LSM6DSM
            CODE    F45BH     0009H     UNIT         ?PR?_ENABLEBUZZER?BUZZER
            CODE    F464H     0008H     UNIT         ?PR?_PCF8563READBYTE?PCF8563
            CODE    F46CH     0008H     UNIT         ?PR?_BME280READBYTE?BME280
            CODE    F474H     0008H     UNIT         ?PR?_HMC5883L_READ_BYTE?HMC5883L
BL51 BANKED LINKER/LOCATER V6.22                                                      08/26/2021  06:15:46  PAGE 7


            CODE    F47CH     0008H     UNIT         ?PR?_LSM6DSMREADBYTE?LSM6DSM
            CODE    F484H     0008H     UNIT         ?PR?_LSM6DSMCONFIGACC?LSM6DSM
            CODE    F48CH     0008H     UNIT         ?PR?_LSM6DSMCONFIGGYR?LSM6DSM
            CODE    F494H     0008H     UNIT         ?PR?_LED?SYS
            CODE    F49CH     0007H     UNIT         ?PR?ADCINIT?POWERMANAGE
            CODE    F4A3H     0006H     UNIT         ?CO?BME280
            CODE    F4A9H     0006H     UNIT         ?PR?_ENABLE3V3OUTPUT?POWERMANAGE
            CODE    F4AFH     0003H     UNIT         ?PR?_SCREENSETINVERSE?DISPLAY
            CODE    F4B2H     0003H     UNIT         ?PR?INT0_ISR?MAIN
            CODE    F4B5H     0003H     UNIT         ?PR?INT3_ISR?MAIN



OVERLAY MAP OF MODULE:   ..\Objects\iWatch-v1.1 (PW02)


SEGMENT                                             BIT_GROUP          DATA_GROUP          IDATA_GROUP         XDATA_GRO
>> UP
  +--> CALLED SEGMENT                            START    LENGTH     START    LENGTH     START    LENGTH     START    LE
>> NGTH
------------------------------------------------------------------------------------------------------------------------
>> ----
?PR?TM4_ISR?BUZZER                               -----    -----      -----    -----      -----    -----      -----    --
>> ---
  +--> ?PR?_BUZZERONOFF?BUZZER

*** NEW ROOT ***************************************************

?PR?TM3_IST?MAIN                                 -----    -----      -----    -----      -----    -----      -----    --
>> ---
  +--> ?PR?MCUSOFTRESET?SYS
  +--> ?PR?KEYSCAN?MAIN
  +--> ?PR?BEE?BUZZER
  +--> ?PR?_LED?SYS

?PR?BEE?BUZZER                                   -----    -----      -----    -----      -----    -----      -----    --
>> ---
  +--> ?PR?_BUZZERONOFF?BUZZER

*** NEW ROOT ***************************************************

?PR?INT1_ISR?MAIN                                -----    -----      -----    -----      -----    -----      -----    --
>> ---
  +--> ?PR?BEE?BUZZER
  +--> ?PR?_SCREENONOFF?DISPLAY

?PR?_SCREENONOFF?DISPLAY                         -----    -----      -----    -----      -----    -----      -----    --
>> ---
  +--> ?PR?OLED_DISPLAY_ON?OLED
  +--> ?PR?OLED_DISPLAY_OFF?OLED

?PR?OLED_DISPLAY_ON?OLED                         -----    -----      -----    -----      -----    -----      -----    --
>> ---
  +--> ?PR?_OLED_WR_BYTE?OLED

?PR?OLED_DISPLAY_OFF?OLED                        -----    -----      -----    -----      -----    -----      -----    --
>> ---
BL51 BANKED LINKER/LOCATER V6.22                                                      08/26/2021  06:15:46  PAGE 8


  +--> ?PR?_OLED_WR_BYTE?OLED

*** NEW ROOT ***************************************************

?C_C51STARTUP                                    -----    -----      -----    -----      -----    -----      -----    --
>> ---
  +--> ?PR?MAIN?MAIN
  +--> ?C_INITSEG

?PR?MAIN?MAIN                                    -----    -----      -----    -----      -----    -----      0F66H    00
>> 80H
  +--> ?PR?SYSINIT?SYS
  +--> ?PR?_DISPLAYINIT?DISPLAY
  +--> ?PR?PCF8563INIT?PCF8563
  +--> ?PR?SENSORINIT?MAIN
  +--> ?PR?_CLEARCACHE?DISPLAY
  +--> ?PR?FEEDWATCHDOG?SYS
  +--> ?PR?_SCREENPUSHANIMATION?DISPLAY
  +--> ?PR?_PCF8563READTIME?PCF8563
  +--> ?PR?_DISPLAYTIME?DISPLAY
  +--> ?PR?_CLEARCACHEAREA?DISPLAY
  +--> ?CO?MAIN
  +--> ?PR?_BMPTOCACHE?DISPLAY
  +--> ?PR?PRINTF?PRINTF
  +--> ?PR?_STRCAT?STRCAT
  +--> ?PR?_SHOWSTRING?DISPLAY
  +--> ?PR?SAVESCREEN?DISPLAY
  +--> ?PR?_LSM6DSMCONFIGACC?LSM6DSM
  +--> ?PR?_LSM6DSMCONFIGGYR?LSM6DSM
  +--> ?PR?_LSM6DSMREADGYRANDACC?LSM6DSM
  +--> ?PR?_IMUUPDATE?LSM6DSM
  +--> ?PR?_DRAWSELECTIONFRAME?DISPLAY
  +--> ?PR?_SCREENREFRESHALL?DISPLAY
  +--> ?PR?_PCF8563ENABLECLOCKOUPUT?PCF8563
  +--> ?PR?LSM6DSMGETCURRENTSTEP?LSM6DSM
  +--> ?PR?_BME280CONTINUOUSMEASUREMENT?BME280
  +--> ?PR?_BME280GETSENSORDATA?BME280
  +--> ?PR?_POW?POW
  +--> ?PR?_BME280SETMODE?BME280
  +--> ?PR?RDA5807MPOWERUP?RDA5807M
  +--> ?PR?_RDA5807MSETFQ?RDA5807M
  +--> ?PR?_RDA5807MSETVOLUME?RDA5807M
  +--> ?PR?_RDA5807MSEEK?RDA5807M
  +--> ?PR?RDA5807MPOWERDOWN?RDA5807M
  +--> ?PR?_EEPROMWRITECONFIGURATION?SYS
  +--> ?PR?_HMC5883L_SET_MODE?HMC5883L
  +--> ?PR?_HMC5883L_SET_CALIBRATION_VALUE?H...
  +--> ?PR?_READ_HMC5883L?HMC5883L
  +--> ?PR?_HMC5883L_GET_ANGLEXY?HMC5883L
  +--> ?PR?_DRAWARM?DISPLAY
  +--> ?PR?RESETMATRIX?ELLIPSOID_FITTING
  +--> ?PR?_CALCDATA_INPUT?ELLIPSOID_FITTING
  +--> ?PR?BEE?BUZZER
  +--> ?PR?_ELLIPSOID_FITTING_PROCESS?ELLIPS...
  +--> ?PR?PW02INIT?PW02
  +--> ?PR?_PW02SETMODE?PW02
  +--> ?PR?PW02CHECKCONNECTION?PW02
BL51 BANKED LINKER/LOCATER V6.22                                                      08/26/2021  06:15:46  PAGE 9


  +--> ?PR?_PW02GETRXDATA?PW02
  +--> ?PR?PW02EXITATMODE?PW02
  +--> ?PR?_SCREENSETINVERSE?DISPLAY
  +--> ?PR?_DRAWDOT?DISPLAY
  +--> ?PR?_SCREENSETBRIGHTNESS?DISPLAY
  +--> ?PR?_LED?SYS
  +--> ?PR?_SCREEROLLDOWN?DISPLAY
  +--> ?PR?_SCREEROLLUP?DISPLAY
  +--> ?PR?_PCF8563WRITETIME?PCF8563
  +--> ?PR?_PCF8563WRITEDATE?PCF8563
  +--> ?PR?_PCF8563SETALARM?PCF8563
  +--> ?PR?PCF8563DISABLEALARM?PCF8563
  +--> ?PR?_SCREENSETDIRECTION?DISPLAY
  +--> ?PR?_ENABLEBUZZER?BUZZER
  +--> ?PR?MCUSOFTRESET?SYS
  +--> ?PR?RAND?RAND
  +--> ?PR?_SCREENONOFF?DISPLAY
  +--> ?PR?SYSTEMPOWERON?POWERMANAGE
  +--> ?PR?_PCF8563ENABLETIMER?PCF8563
  +--> ?PR?SYSTEMPOWERDOWN?POWERMANAGE
  +--> ?PR?SYSTEMDEEPPOWERDOWN?POWERMANAGE
  +--> ?PR?_ENABLE3V3OUTPUT?POWERMANAGE
  +--> ?PR?_DELAY1MS?DELAY
  +--> ?PR?PCF8563READINTSRC?PCF8563
  +--> ?PR?PCF8563CLEARALARMFLAG?PCF8563
  +--> ?PR?BEEBEEBEE?BUZZER
  +--> ?PR?PCF8563CLEARTIMERFLAG?PCF8563
  +--> ?PR?GETBATTERYLIFE?POWERMANAGE
  +--> ?PR?LSM6DSMRESETSTEPCOUNTER?LSM6DSM

?PR?SYSINIT?SYS                                  -----    -----      -----    -----      -----    -----      -----    --
>> ---
  +--> ?PR?PININIT?SYS
  +--> ?PR?UARTINIT?SYS
  +--> ?PR?UART2INIT?SYS
  +--> ?PR?TIMER0INIT?SYS
  +--> ?PR?TIMER3INIT?SYS
  +--> ?PR?INITCONFIG?SYS
  +--> ?PR?ADCINIT?POWERMANAGE
  +--> ?PR?IIC_INIT?IIC
  +--> ?PR?ENABLEWATCHDOG?SYS
  +--> ?PR?_EEPROMREADCONFIGURATION?SYS
  +--> ?PR?BUZZERINIT?BUZZER
  +--> ?PR?_ENABLEBUZZER?BUZZER
  +--> ?PR?_LED?SYS
  +--> ?PR?_BATTERYCHARGEENABLE?POWERMANAGE
  +--> ?PR?_DELAY1MS?DELAY
  +--> ?PR?_ENABLE3V3OUTPUT?POWERMANAGE

?PR?_EEPROMREADCONFIGURATION?SYS                 -----    -----      -----    -----      -----    -----      0FE6H    00
>> 06H
  +--> ?PR?_EEPROM_READ_N?EEPROM

?PR?_EEPROM_READ_N?EEPROM                        -----    -----      -----    -----      -----    -----      0FECH    00
>> 07H
  +--> ?PR?DISABLEEEPROM?EEPROM

BL51 BANKED LINKER/LOCATER V6.22                                                      08/26/2021  06:15:46  PAGE 10


?PR?_DISPLAYINIT?DISPLAY                         -----    -----      -----    -----      -----    -----      0FE6H    00
>> 03H
  +--> ?PR?OLED_INIT?OLED
  +--> ?PR?_SCREENSETBRIGHTNESS?DISPLAY
  +--> ?PR?_SCREENSETDIRECTION?DISPLAY
  +--> ?PR?_SCREENSETINVERSE?DISPLAY
  +--> ?PR?_SCREENONOFF?DISPLAY

?PR?OLED_INIT?OLED                               -----    -----      -----    -----      -----    -----      -----    --
>> ---
  +--> ?PR?_DELAY_MS?OLED
  +--> ?PR?_OLED_WR_BYTE?OLED
  +--> ?PR?OLED_CLEAR?OLED
  +--> ?PR?_OLED_SET_POS?OLED

?PR?OLED_CLEAR?OLED                              -----    -----      -----    -----      -----    -----      -----    --
>> ---
  +--> ?PR?_OLED_WR_BYTE?OLED

?PR?_OLED_SET_POS?OLED                           -----    -----      -----    -----      -----    -----      -----    --
>> ---
  +--> ?PR?_OLED_WR_BYTE?OLED

?PR?_SCREENSETBRIGHTNESS?DISPLAY                 -----    -----      -----    -----      -----    -----      -----    --
>> ---
  +--> ?PR?_OLED_SET_BRIGHTNESS?OLED

?PR?_OLED_SET_BRIGHTNESS?OLED                    -----    -----      -----    -----      -----    -----      -----    --
>> ---
  +--> ?PR?_OLED_WR_BYTE?OLED

?PR?_SCREENSETDIRECTION?DISPLAY                  -----    -----      -----    -----      -----    -----      -----    --
>> ---
  +--> ?PR?_OLED_HORIZENTAL_REVERSE?OLED
  +--> ?PR?_OLED_VERTICAL_REVERSE?OLED

?PR?_OLED_HORIZENTAL_REVERSE?OLED                -----    -----      -----    -----      -----    -----      -----    --
>> ---
  +--> ?PR?_OLED_WR_BYTE?OLED

?PR?_OLED_VERTICAL_REVERSE?OLED                  -----    -----      -----    -----      -----    -----      -----    --
>> ---
  +--> ?PR?_OLED_WR_BYTE?OLED

?PR?_SCREENSETINVERSE?DISPLAY                    -----    -----      -----    -----      -----    -----      -----    --
>> ---
  +--> ?PR?_OLED_INVERSE?OLED

?PR?_OLED_INVERSE?OLED                           -----    -----      -----    -----      -----    -----      -----    --
>> ---
  +--> ?PR?_OLED_WR_BYTE?OLED

?PR?PCF8563INIT?PCF8563                          -----    -----      -----    -----      -----    -----      -----    --
>> ---
  +--> ?PR?PCF8563CLEARALARMFLAG?PCF8563
  +--> ?PR?PCF8563CLEARTIMERFLAG?PCF8563
  +--> ?PR?_PCF8563ENABLETIMER?PCF8563
BL51 BANKED LINKER/LOCATER V6.22                                                      08/26/2021  06:15:46  PAGE 11


  +--> ?PR?_PCF8563ENABLECLOCKOUPUT?PCF8563

?PR?PCF8563CLEARALARMFLAG?PCF8563                -----    -----      -----    -----      -----    -----      -----    --
>> ---
  +--> ?PR?_PCF8563SETREGISTERBITS?PCF8563

?PR?_PCF8563SETREGISTERBITS?PCF8563              -----    -----      -----    -----      -----    -----      0FEEH    00
>> 03H
  +--> ?PR?_PCF8563READBYTE?PCF8563
  +--> ?PR?_PCF8563WRITEBYTE?PCF8563

?PR?_PCF8563READBYTE?PCF8563                     -----    -----      -----    -----      -----    -----      -----    --
>> ---
  +--> ?PR?_SINGLE_READIIC?IIC

?PR?_SINGLE_READIIC?IIC                          -----    -----      -----    -----      -----    -----      -----    --
>> ---
  +--> ?PR?I2C_RECVACK?IIC
  +--> ?PR?I2C_START?IIC
  +--> ?PR?_I2C_SENDBYTE?IIC
  +--> ?PR?I2C_RECVBYTE?IIC
  +--> ?PR?I2C_SENDNAK?IIC
  +--> ?PR?I2C_STOP?IIC

?PR?I2C_RECVACK?IIC                              -----    -----      -----    -----      -----    -----      -----    --
>> ---
  +--> ?PR?I2C_START?IIC
  +--> ?PR?_I2C_SENDBYTE?IIC
  +--> ?PR?WAIT?IIC

?PR?I2C_START?IIC                                -----    -----      -----    -----      -----    -----      -----    --
>> ---
  +--> ?PR?WAIT?IIC

?PR?_I2C_SENDBYTE?IIC                            -----    -----      -----    -----      -----    -----      -----    --
>> ---
  +--> ?PR?WAIT?IIC

?PR?I2C_RECVBYTE?IIC                             -----    -----      -----    -----      -----    -----      -----    --
>> ---
  +--> ?PR?WAIT?IIC

?PR?I2C_SENDNAK?IIC                              -----    -----      -----    -----      -----    -----      -----    --
>> ---
  +--> ?PR?WAIT?IIC

?PR?I2C_STOP?IIC                                 -----    -----      -----    -----      -----    -----      -----    --
>> ---
  +--> ?PR?I2C_RECVBYTE?IIC
  +--> ?PR?I2C_SENDNAK?IIC
  +--> ?PR?WAIT?IIC

?PR?_PCF8563WRITEBYTE?PCF8563                    -----    -----      -----    -----      -----    -----      -----    --
>> ---
  +--> ?PR?_SINGLE_WRITEIIC?IIC

?PR?_SINGLE_WRITEIIC?IIC                         -----    -----      -----    -----      -----    -----      -----    --
BL51 BANKED LINKER/LOCATER V6.22                                                      08/26/2021  06:15:46  PAGE 12


>> ---
  +--> ?PR?I2C_START?IIC
  +--> ?PR?I2C_RECVACK?IIC
  +--> ?PR?_I2C_SENDBYTE?IIC
  +--> ?PR?I2C_STOP?IIC

?PR?PCF8563CLEARTIMERFLAG?PCF8563                -----    -----      -----    -----      -----    -----      -----    --
>> ---
  +--> ?PR?_PCF8563SETREGISTERBITS?PCF8563

?PR?_PCF8563ENABLETIMER?PCF8563                  -----    -----      -----    -----      -----    -----      0FE6H    00
>> 02H
  +--> ?PR?_PCF8563SETREGISTERBITS?PCF8563
  +--> ?PR?_PCF8563WRITEBYTE?PCF8563

?PR?_PCF8563ENABLECLOCKOUPUT?PCF8563             -----    -----      -----    -----      -----    -----      -----    --
>> ---
  +--> ?PR?_PCF8563WRITEBYTE?PCF8563

?PR?SENSORINIT?MAIN                              -----    -----      -----    -----      -----    -----      0FE6H    00
>> 04H
  +--> ?PR?BME280INIT?BME280
  +--> ?CO?MAIN
  +--> ?PR?_SHOWSTRING?DISPLAY
  +--> ?PR?HMC5883L_INIT?HMC5883L
  +--> ?PR?LSM6DSMINIT?LSM6DSM
  +--> ?PR?RDA5807MINIT?RDA5807M
  +--> ?PR?_DELAY1MS?DELAY

?PR?BME280INIT?BME280                            -----    -----      -----    -----      -----    -----      0FEAH    00
>> 01H
  +--> ?PR?_DELAY1MS?DELAY
  +--> ?PR?BME280CHECKCONNECTION?BME280
  +--> ?PR?BME280SOFTRESET?BME280
  +--> ?PR?BME280READCOMPENSATIONPARAMETER?B...
  +--> ?PR?_BME280WRITEBYTE?BME280

?PR?BME280CHECKCONNECTION?BME280                 -----    -----      -----    -----      -----    -----      -----    --
>> ---
  +--> ?PR?_BME280READBYTE?BME280

?PR?_BME280READBYTE?BME280                       -----    -----      -----    -----      -----    -----      -----    --
>> ---
  +--> ?PR?_SINGLE_READIIC?IIC

?PR?BME280SOFTRESET?BME280                       -----    -----      -----    -----      -----    -----      -----    --
>> ---
  +--> ?PR?_BME280WRITEBYTE?BME280
  +--> ?PR?_DELAY1MS?DELAY

?PR?_BME280WRITEBYTE?BME280                      -----    -----      -----    -----      -----    -----      -----    --
>> ---
  +--> ?PR?_SINGLE_WRITEIIC?IIC

?PR?BME280READCOMPENSATIONPARAMETER?B...         -----    -----      -----    -----      -----    -----      0FEBH    00
>> 21H
  +--> ?PR?_I2C_READ_MULTIBYTES?IIC
BL51 BANKED LINKER/LOCATER V6.22                                                      08/26/2021  06:15:46  PAGE 13



?PR?_I2C_READ_MULTIBYTES?IIC                     -----    -----      -----    -----      -----    -----      100CH    00
>> 06H
  +--> ?PR?I2C_RECVACK?IIC
  +--> ?PR?I2C_START?IIC
  +--> ?PR?_I2C_SENDBYTE?IIC
  +--> ?PR?I2C_RECVBYTE?IIC
  +--> ?PR?I2C_SENDACK?IIC
  +--> ?PR?I2C_STOP?IIC

?PR?I2C_SENDACK?IIC                              -----    -----      -----    -----      -----    -----      -----    --
>> ---
  +--> ?PR?WAIT?IIC

?PR?_SHOWSTRING?DISPLAY                          -----    -----      0025H    000AH      -----    -----      0FEAH    00
>> 0BH
  +--> ?CO?DISPLAY
  +--> ?PR?_SCREEROLLUP?DISPLAY
  +--> ?PR?_CLEARCACHE?DISPLAY
  +--> ?PR?_SCREENREFRESHAREA?DISPLAY

?PR?_SCREEROLLUP?DISPLAY                         -----    -----      002FH    0008H      -----    -----      0FF5H    00
>> 04H
  +--> ?PR?_OLED_DRAWBMP?OLED

?PR?_OLED_DRAWBMP?OLED                           -----    -----      0037H    0004H      -----    -----      -----    --
>> ---
  +--> ?PR?_OLED_WR_BYTE?OLED

?PR?_CLEARCACHE?DISPLAY                          -----    -----      002FH    0002H      -----    -----      0FF5H    00
>> 03H

?PR?_SCREENREFRESHAREA?DISPLAY                   -----    -----      002FH    0004H      -----    -----      0FF5H    00
>> 04H
  +--> ?PR?_OLED_SET_POS?OLED
  +--> ?PR?_OLED_WR_BYTE?OLED

?PR?HMC5883L_INIT?HMC5883L                       -----    -----      -----    -----      -----    -----      0FEAH    00
>> 01H
  +--> ?PR?CHECKHMC5883LCONNECTION?HMC5883L
  +--> ?PR?_DELAY1MS?DELAY
  +--> ?PR?_HMC5883L_WRITE_BYTE?HMC5883L

?PR?CHECKHMC5883LCONNECTION?HMC5883L             -----    -----      -----    -----      -----    -----      -----    --
>> ---
  +--> ?PR?_HMC5883L_READ_BYTE?HMC5883L

?PR?_HMC5883L_READ_BYTE?HMC5883L                 -----    -----      -----    -----      -----    -----      -----    --
>> ---
  +--> ?PR?_SINGLE_READIIC?IIC

?PR?_HMC5883L_WRITE_BYTE?HMC5883L                -----    -----      -----    -----      -----    -----      -----    --
>> ---
  +--> ?PR?_SINGLE_WRITEIIC?IIC

?PR?LSM6DSMINIT?LSM6DSM                          -----    -----      -----    -----      -----    -----      0FEAH    00
>> 02H
BL51 BANKED LINKER/LOCATER V6.22                                                      08/26/2021  06:15:46  PAGE 14


  +--> ?PR?_DELAY1MS?DELAY
  +--> ?PR?LSM6DSMCHECKCONNECTION?LSM6DSM
  +--> ?PR?LSM6DSMSOFTRESET?LSM6DSM
  +--> ?PR?_LSM6DSMCONFIGACC?LSM6DSM
  +--> ?PR?_LSM6DSMCONFIGGYR?LSM6DSM
  +--> ?PR?_LSM6DSMENABLEAWT?LSM6DSM
  +--> ?PR?LSM6DSMENABLETAPDETECTION?LSM6DSM
  +--> ?PR?_LSM6DSMENABLEPEDOMETER?LSM6DSM
  +--> ?PR?LSM6DSMENABLEEMBEDDEDFUNC?LSM6DSM

?PR?LSM6DSMCHECKCONNECTION?LSM6DSM               -----    -----      -----    -----      -----    -----      -----    --
>> ---
  +--> ?PR?_LSM6DSMREADBYTE?LSM6DSM

?PR?_LSM6DSMREADBYTE?LSM6DSM                     -----    -----      -----    -----      -----    -----      -----    --
>> ---
  +--> ?PR?_SINGLE_READIIC?IIC

?PR?LSM6DSMSOFTRESET?LSM6DSM                     -----    -----      -----    -----      -----    -----      -----    --
>> ---
  +--> ?PR?_LSM6DSMRSETREGISTERBITS?LSM6DSM
  +--> ?PR?_DELAY1MS?DELAY

?PR?_LSM6DSMRSETREGISTERBITS?LSM6DSM             -----    -----      -----    -----      -----    -----      0FEFH    00
>> 03H
  +--> ?PR?_LSM6DSMREADBYTE?LSM6DSM
  +--> ?PR?_LSM6DSMWRITEBYTE?LSM6DSM

?PR?_LSM6DSMWRITEBYTE?LSM6DSM                    -----    -----      -----    -----      -----    -----      -----    --
>> ---
  +--> ?PR?_SINGLE_WRITEIIC?IIC

?PR?_LSM6DSMCONFIGACC?LSM6DSM                    -----    -----      -----    -----      -----    -----      -----    --
>> ---
  +--> ?PR?_LSM6DSMWRITEBYTE?LSM6DSM

?PR?_LSM6DSMCONFIGGYR?LSM6DSM                    -----    -----      -----    -----      -----    -----      -----    --
>> ---
  +--> ?PR?_LSM6DSMWRITEBYTE?LSM6DSM

?PR?_LSM6DSMENABLEAWT?LSM6DSM                    -----    -----      -----    -----      -----    -----      0FECH    00
>> 02H
  +--> ?PR?SIN?SIN
  +--> ?PR?_LSM6DSMWRITEBYTE?LSM6DSM
  +--> ?PR?_LSM6DSMRSETREGISTERBITS?LSM6DSM

?PR?SIN?SIN                                      0022H.6  0000H.1    -----    -----      -----    -----      0FFDH    00
>> 04H

?PR?LSM6DSMENABLETAPDETECTION?LSM6DSM            -----    -----      -----    -----      -----    -----      -----    --
>> ---
  +--> ?PR?_LSM6DSMRSETREGISTERBITS?LSM6DSM
  +--> ?PR?_LSM6DSMWRITEBYTE?LSM6DSM

?PR?_LSM6DSMENABLEPEDOMETER?LSM6DSM              -----    -----      -----    -----      -----    -----      0FECH    00
>> 03H
  +--> ?PR?_LSM6DSMWRITEBYTE?LSM6DSM
BL51 BANKED LINKER/LOCATER V6.22                                                      08/26/2021  06:15:46  PAGE 15


  +--> ?PR?_LSM6DSMRSETREGISTERBITS?LSM6DSM

?PR?LSM6DSMENABLEEMBEDDEDFUNC?LSM6DSM            -----    -----      -----    -----      -----    -----      -----    --
>> ---
  +--> ?PR?_LSM6DSMRSETREGISTERBITS?LSM6DSM

?PR?RDA5807MINIT?RDA5807M                        -----    -----      -----    -----      -----    -----      -----    --
>> ---
  +--> ?PR?RDA5807MWRITEREGS?RDA5807M
  +--> ?PR?_DELAY1MS?DELAY

?PR?RDA5807MWRITEREGS?RDA5807M                   -----    -----      -----    -----      -----    -----      0FEAH    00
>> 08H
  +--> ?PR?_I2C_NOADDR_WRITE_MULTIBYTES?IIC

?PR?_I2C_NOADDR_WRITE_MULTIBYTES?IIC             -----    -----      -----    -----      -----    -----      0FF2H    00
>> 03H
  +--> ?PR?I2C_START?IIC
  +--> ?PR?_I2C_SENDBYTE?IIC
  +--> ?PR?I2C_RECVACK?IIC
  +--> ?PR?I2C_STOP?IIC

?PR?_SCREENPUSHANIMATION?DISPLAY                 -----    -----      0025H    0008H      -----    -----      0FE6H    00
>> 04H
  +--> ?PR?_OLED_DRAWBMP?OLED

?PR?_PCF8563READTIME?PCF8563                     -----    -----      -----    -----      -----    -----      0FE6H    00
>> 0AH
  +--> ?PR?_I2C_READ_MULTIBYTES?IIC

?PR?_DISPLAYTIME?DISPLAY                         -----    -----      -----    -----      -----    -----      0FE6H    00
>> 12H
  +--> ?CO?DISPLAY
  +--> ?PR?_OLED_DRAWBMP?OLED

?PR?_CLEARCACHEAREA?DISPLAY                      -----    -----      0025H    0006H      -----    -----      0FE6H    00
>> 07H

?PR?_BMPTOCACHE?DISPLAY                          -----    -----      0025H    0008H      -----    -----      0FE6H    00
>> 0BH

?PR?PRINTF?PRINTF                                0022H.6  0001H.1    0025H    0005H      -----    -----      1019H    00
>> 30H
  +--> ?PR?PUTCHAR?PUTCHAR

?PR?_STRCAT?STRCAT                               -----    -----      -----    -----      -----    -----      1006H    00
>> 09H

?PR?SAVESCREEN?DISPLAY                           -----    -----      0025H    0002H      -----    -----      -----    --
>> ---

?PR?_LSM6DSMREADGYRANDACC?LSM6DSM                -----    -----      -----    -----      -----    -----      0FE6H    00
>> 0FH
  +--> ?PR?_I2C_READ_MULTIBYTES?IIC

?PR?_IMUUPDATE?LSM6DSM                           -----    -----      0025H    0004H      003BH    0030H      0FE6H    00
>> 03H
BL51 BANKED LINKER/LOCATER V6.22                                                      08/26/2021  06:15:46  PAGE 16


  +--> ?PR?SQRT?SQRT
  +--> ?PR?ASIN?ASIN
  +--> ?PR?ATAN?ATAN

?PR?SQRT?SQRT                                    -----    -----      -----    -----      -----    -----      1019H    00
>> 04H

?PR?ASIN?ASIN                                    -----    -----      -----    -----      -----    -----      -----    --
>> ---
  +--> ?PR?SQRT?SQRT
  +--> ?PR?ATAN?ATAN

?PR?ATAN?ATAN                                    0022H.6  0000H.2    -----    -----      -----    -----      1005H    00
>> 04H

?PR?_DRAWSELECTIONFRAME?DISPLAY                  -----    -----      -----    -----      -----    -----      -----    --
>> ---
  +--> ?PR?_DRAWDOT?DISPLAY

?PR?_SCREENREFRESHALL?DISPLAY                    -----    -----      -----    -----      -----    -----      -----    --
>> ---
  +--> ?PR?_OLED_DRAWBMP?OLED

?PR?LSM6DSMGETCURRENTSTEP?LSM6DSM                -----    -----      -----    -----      -----    -----      0FE6H    00
>> 01H
  +--> ?PR?_LSM6DSMREADBYTE?LSM6DSM

?PR?_BME280CONTINUOUSMEASUREMENT?BME280          -----    -----      -----    -----      -----    -----      -----    --
>> ---
  +--> ?PR?_BME280WRITEBYTE?BME280
  +--> ?PR?_BME280SETMODE?BME280

?PR?_BME280SETMODE?BME280                        -----    -----      -----    -----      -----    -----      -----    --
>> ---
  +--> ?PR?_BME280WRITEBYTE?BME280

?PR?_BME280GETSENSORDATA?BME280                  -----    -----      -----    -----      -----    -----      0FE6H    00
>> 03H
  +--> ?PR?BME280READSENSORRAWDATA?BME280
  +--> ?PR?COMPENSATE_TEMPERATURE?BME280
  +--> ?PR?COMPENSATE_PRESSURE?BME280
  +--> ?PR?COMPENSATE_HUMIDITY?BME280

?PR?BME280READSENSORRAWDATA?BME280               -----    -----      -----    -----      -----    -----      0FE9H    00
>> 08H
  +--> ?PR?_I2C_READ_MULTIBYTES?IIC

?PR?COMPENSATE_TEMPERATURE?BME280                -----    -----      -----    -----      -----    -----      0FE9H    00
>> 14H

?PR?COMPENSATE_PRESSURE?BME280                   -----    -----      -----    -----      -----    -----      0FE9H    00
>> 18H

?PR?COMPENSATE_HUMIDITY?BME280                   -----    -----      -----    -----      -----    -----      0FE9H    00
>> 24H

?PR?_POW?POW                                     -----    -----      -----    -----      -----    -----      0FE6H    00
BL51 BANKED LINKER/LOCATER V6.22                                                      08/26/2021  06:15:46  PAGE 17


>> 0AH
  +--> ?PR?LOG?LOG
  +--> ?PR?EXP?EXP

?PR?LOG?LOG                                      0022H.6  0000H.1    -----    -----      -----    -----      0FF0H    00
>> 04H

?PR?RDA5807MPOWERUP?RDA5807M                     -----    -----      -----    -----      -----    -----      -----    --
>> ---
  +--> ?PR?RDA5807MWRITEREGS?RDA5807M

?PR?_RDA5807MSETFQ?RDA5807M                      -----    -----      -----    -----      -----    -----      0FE6H    00
>> 04H
  +--> ?PR?RDA5807MWRITEREGS?RDA5807M
  +--> ?PR?_DELAY1MS?DELAY
  +--> ?PR?RDA5807MREADRGES?RDA5807M

?PR?RDA5807MREADRGES?RDA5807M                    -----    -----      -----    -----      -----    -----      0FEAH    00
>> 04H
  +--> ?PR?_I2C_NOADDR_READ_MULTIBYTES?IIC

?PR?_I2C_NOADDR_READ_MULTIBYTES?IIC              -----    -----      -----    -----      -----    -----      0FEEH    00
>> 03H
  +--> ?PR?I2C_START?IIC
  +--> ?PR?_I2C_SENDBYTE?IIC
  +--> ?PR?I2C_RECVACK?IIC
  +--> ?PR?I2C_STOP?IIC

?PR?_RDA5807MSETVOLUME?RDA5807M                  -----    -----      -----    -----      -----    -----      -----    --
>> ---
  +--> ?PR?RDA5807MWRITEREGS?RDA5807M

?PR?_RDA5807MSEEK?RDA5807M                       -----    -----      -----    -----      -----    -----      -----    --
>> ---
  +--> ?PR?RDA5807MWRITEREGS?RDA5807M
  +--> ?PR?RDA5807MREADRGES?RDA5807M

?PR?RDA5807MPOWERDOWN?RDA5807M                   -----    -----      -----    -----      -----    -----      -----    --
>> ---
  +--> ?PR?RDA5807MWRITEREGS?RDA5807M

?PR?_EEPROMWRITECONFIGURATION?SYS                -----    -----      -----    -----      -----    -----      0FE6H    00
>> 05H
  +--> ?PR?_EEPROM_SECTORERASE?EEPROM
  +--> ?PR?_EEPROM_WRITE_N?EEPROM

?PR?_EEPROM_SECTORERASE?EEPROM                   -----    -----      -----    -----      -----    -----      -----    --
>> ---
  +--> ?PR?DISABLEEEPROM?EEPROM

?PR?_EEPROM_WRITE_N?EEPROM                       -----    -----      -----    -----      -----    -----      0FEBH    00
>> 07H
  +--> ?PR?DISABLEEEPROM?EEPROM

?PR?_HMC5883L_SET_MODE?HMC5883L                  -----    -----      -----    -----      -----    -----      -----    --
>> ---
  +--> ?PR?_HMC5883L_WRITE_BYTE?HMC5883L
BL51 BANKED LINKER/LOCATER V6.22                                                      08/26/2021  06:15:46  PAGE 18



?PR?_HMC5883L_SET_CALIBRATION_VALUE?H...         -----    -----      -----    -----      -----    -----      0FE6H    00
>> 0EH

?PR?_READ_HMC5883L?HMC5883L                      -----    -----      -----    -----      -----    -----      0FE6H    00
>> 09H
  +--> ?PR?_I2C_READ_MULTIBYTES?IIC

?PR?_HMC5883L_GET_ANGLEXY?HMC5883L               -----    -----      -----    -----      -----    -----      0FE6H    00
>> 17H
  +--> ?PR?SIN?SIN
  +--> ?PR?_ATAN2?ATAN2

?PR?_ATAN2?ATAN2                                 -----    -----      -----    -----      -----    -----      0FFDH    00
>> 08H
  +--> ?PR?ATAN?ATAN

?PR?_DRAWARM?DISPLAY                             -----    -----      -----    -----      -----    -----      0FE6H    00
>> 15H
  +--> ?PR?SIN?SIN
  +--> ?PR?SQRT?SQRT
  +--> ?PR?_DRAWLINE?DISPLAY

?PR?_DRAWLINE?DISPLAY                            -----    -----      -----    -----      -----    -----      0FFBH    00
>> 0CH
  +--> ?PR?_DRAWDOT?DISPLAY

?PR?RESETMATRIX?ELLIPSOID_FITTING                -----    -----      -----    -----      -----    -----      0FE6H    00
>> 02H

?PR?_CALCDATA_INPUT?ELLIPSOID_FITTING            -----    -----      -----    -----      -----    -----      0FE6H    00
>> 2AH

?PR?_ELLIPSOID_FITTING_PROCESS?ELLIPS...         -----    -----      -----    -----      -----    -----      0FE6H    00
>> 33H
  +--> ?PR?CALCDATA_INPUT_AVERAGE?ELLIPSOID_...
  +--> ?PR?MATRIX_GAUSSELIMINATION?ELLIPSOID...
  +--> ?CO?ELLIPSOID_FITTING
  +--> ?PR?PRINTF?PRINTF
  +--> ?PR?MATRIX_ROWSIMPLIFY?ELLIPSOID_FITTING
  +--> ?PR?_MATRIX_SOLVE?ELLIPSOID_FITTING
  +--> ?PR?SQRT?SQRT

?PR?CALCDATA_INPUT_AVERAGE?ELLIPSOID_...         -----    -----      -----    -----      -----    -----      1019H    00
>> 02H

?PR?MATRIX_GAUSSELIMINATION?ELLIPSOID...         -----    -----      -----    -----      -----    -----      1019H    00
>> 06H
  +--> ?PR?_MOVEBIGGESTELEMENT_TO_TOP?ELLIPS...
  +--> ?PR?_ROW2_ADD_KROW1?ELLIPSOID_FITTING

?PR?_MOVEBIGGESTELEMENT_TO_TOP?ELLIPS...         -----    -----      -----    -----      -----    -----      101FH    00
>> 06H
  +--> ?PR?_ABS?ELLIPSOID_FITTING
  +--> ?PR?_ROW2_SWOP_ROW1?ELLIPSOID_FITTING

?PR?_ABS?ELLIPSOID_FITTING                       -----    -----      -----    -----      -----    -----      1025H    00
BL51 BANKED LINKER/LOCATER V6.22                                                      08/26/2021  06:15:46  PAGE 19


>> 04H

?PR?_ROW2_SWOP_ROW1?ELLIPSOID_FITTING            -----    -----      -----    -----      -----    -----      1025H    00
>> 09H

?PR?_ROW2_ADD_KROW1?ELLIPSOID_FITTING            -----    -----      -----    -----      -----    -----      101FH    00
>> 09H

?PR?MATRIX_ROWSIMPLIFY?ELLIPSOID_FITTING         -----    -----      -----    -----      -----    -----      1019H    00
>> 05H
  +--> ?PR?_K_MUILTPLY_ROW?ELLIPSOID_FITTING

?PR?_K_MUILTPLY_ROW?ELLIPSOID_FITTING            -----    -----      -----    -----      -----    -----      101EH    00
>> 07H

?PR?_MATRIX_SOLVE?ELLIPSOID_FITTING              -----    -----      -----    -----      -----    -----      1019H    00
>> 08H

?PR?PW02INIT?PW02                                -----    -----      -----    -----      -----    -----      0FE6H    00
>> 01H
  +--> ?PR?_DELAY1MS?DELAY
  +--> ?PR?PW02ENTERATMODE?PW02
  +--> ?PR?_SHOWSTRING?DISPLAY
  +--> ?PR?_PW02SETBUAD?PW02
  +--> ?CO?PW02
  +--> ?PR?_PW02SETNAME?PW02
  +--> ?PR?_PW02SETADVT?PW02
  +--> ?PR?PW02EXITATMODE?PW02

?PR?PW02ENTERATMODE?PW02                         -----    -----      -----    -----      -----    -----      -----    --
>> ---
  +--> ?CO?PW02
  +--> ?PR?_SENDATCOMMAND?PW02

?PR?_SENDATCOMMAND?PW02                          -----    -----      -----    -----      -----    -----      1006H    00
>> 09H
  +--> ?PR?_UART2SENDSTR?PW02
  +--> ?PR?_DELAY1MS?DELAY

?PR?_UART2SENDSTR?PW02                           -----    -----      -----    -----      -----    -----      100FH    00
>> 03H

?PR?_PW02SETBUAD?PW02                            -----    -----      -----    -----      -----    -----      0FE7H    00
>> 0DH
  +--> ?CO?PW02
  +--> ?PR?PRINTF?PRINTF
  +--> ?PR?_SENDATCOMMAND?PW02

?PR?_PW02SETNAME?PW02                            -----    -----      -----    -----      -----    -----      0FE7H    00
>> 1FH
  +--> ?CO?PW02
  +--> ?PR?_STRCAT?STRCAT
  +--> ?PR?_SENDATCOMMAND?PW02

?PR?_PW02SETADVT?PW02                            -----    -----      -----    -----      -----    -----      0FE7H    00
>> 12H
  +--> ?CO?PW02
BL51 BANKED LINKER/LOCATER V6.22                                                      08/26/2021  06:15:46  PAGE 20


  +--> ?PR?PRINTF?PRINTF
  +--> ?PR?_SENDATCOMMAND?PW02

?PR?PW02EXITATMODE?PW02                          -----    -----      -----    -----      -----    -----      -----    --
>> ---
  +--> ?CO?PW02
  +--> ?PR?_SENDATCOMMAND?PW02

?PR?PW02CHECKCONNECTION?PW02                     -----    -----      -----    -----      -----    -----      0FE6H    00
>> 01H
  +--> ?PR?_DELAY1MS?DELAY
  +--> ?PR?_CLEARCACHE?DISPLAY
  +--> ?PR?PW02ENTERATMODE?PW02
  +--> ?PR?_SHOWSTRING?DISPLAY
  +--> ?PR?PW02GETRSSI?PW02
  +--> ?PR?PW02EXITATMODE?PW02

?PR?PW02GETRSSI?PW02                             -----    -----      -----    -----      -----    -----      -----    --
>> ---
  +--> ?CO?PW02
  +--> ?PR?_SENDATCOMMAND?PW02

?PR?_PW02GETRXDATA?PW02                          -----    -----      -----    -----      -----    -----      0FE6H    00
>> 03H

?PR?_SCREEROLLDOWN?DISPLAY                       -----    -----      0025H    0008H      -----    -----      0FE6H    00
>> 04H
  +--> ?PR?_OLED_DRAWBMP?OLED

?PR?_PCF8563WRITETIME?PCF8563                    -----    -----      -----    -----      -----    -----      0FE6H    00
>> 02H
  +--> ?PR?_PCF8563WRITEBYTE?PCF8563

?PR?_PCF8563WRITEDATE?PCF8563                    -----    -----      -----    -----      -----    -----      0FE6H    00
>> 05H
  +--> ?PR?_PCF8563WRITEBYTE?PCF8563

?PR?_PCF8563SETALARM?PCF8563                     -----    -----      -----    -----      -----    -----      0FE6H    00
>> 08H
  +--> ?PR?_PCF8563WRITEBYTE?PCF8563
  +--> ?PR?_PCF8563SETREGISTERBITS?PCF8563

?PR?PCF8563DISABLEALARM?PCF8563                  -----    -----      -----    -----      -----    -----      -----    --
>> ---
  +--> ?PR?_PCF8563SETREGISTERBITS?PCF8563

?PR?SYSTEMPOWERON?POWERMANAGE                    -----    -----      -----    -----      -----    -----      -----    --
>> ---
  +--> ?PR?PININIT?SYS

?PR?SYSTEMPOWERDOWN?POWERMANAGE                  -----    -----      -----    -----      -----    -----      0FE6H    00
>> 01H

?PR?PCF8563READINTSRC?PCF8563                    -----    -----      -----    -----      -----    -----      -----    --
>> ---
  +--> ?PR?_PCF8563READBYTE?PCF8563

BL51 BANKED LINKER/LOCATER V6.22                                                      08/26/2021  06:15:46  PAGE 21


?PR?GETBATTERYLIFE?POWERMANAGE                   -----    -----      -----    -----      -----    -----      0FE6H    00
>> 09H
  +--> ?PR?GETBATTERYVOLTAGE?POWERMANAGE

?PR?GETBATTERYVOLTAGE?POWERMANAGE                -----    -----      -----    -----      -----    -----      0FEFH    00
>> 08H
  +--> ?PR?_ADCREAD?POWERMANAGE

?PR?LSM6DSMRESETSTEPCOUNTER?LSM6DSM              -----    -----      -----    -----      -----    -----      -----    --
>> ---
  +--> ?PR?_LSM6DSMRSETREGISTERBITS?LSM6DSM
  +--> ?PR?_DELAY1MS?DELAY



SYMBOL TABLE OF MODULE:  ..\Objects\iWatch-v1.1 (PW02)

  VALUE           TYPE          NAME
  ----------------------------------

  -------         MODULE        PW02
  C:0000H         SYMBOL        _ICE_DUMMY_
  C:DF94H         PUBLIC        UART2_Isr
  D:0080H         PUBLIC        P0
  D:0090H         PUBLIC        P1
  D:00A0H         PUBLIC        P2
  D:00B0H         PUBLIC        P3
  C:D32DH         PUBLIC        PW02CheckConnection
  D:00C0H         PUBLIC        P4
  D:00C8H         PUBLIC        P5
  D:00E8H         PUBLIC        P6
  D:00F8H         PUBLIC        P7
  X:1123H         PUBLIC        rx_buf
  D:00A8H         PUBLIC        IE
  C:005EH         PUBLIC        _Uart2SendStr
  D:00B8H         PUBLIC        IP
  C:C9F2H         PUBLIC        PW02Init
  D:00D8H         PUBLIC        CCON
  C:EE01H         PUBLIC        PW02EnterATMode
  C:F42EH         PUBLIC        PW02Rest
  D:0098H         PUBLIC        SCON
  D:0088H         PUBLIC        TCON
  C:E491H         PUBLIC        _PW02SetBuad
  B:0090H.6       PUBLIC        P16
  C:E00EH         PUBLIC        _PW02SetName
  C:F3F2H         PUBLIC        _PW02SetMode
  C:D621H         SYMBOL        _?ix1000
  C:D62DH         SYMBOL        _?ix1001
  C:D63DH         SYMBOL        _?ix1002
  B:0023H.7       PUBLIC        busy
  C:EE29H         PUBLIC        PW02ExitATMode
  D:009BH         PUBLIC        S2BUF
  B:0024H.0       PUBLIC        receive_flag
  B:0090H.6       PUBLIC        PW02_SLEEP
  C:E100H         PUBLIC        _SendATCommand
  D:009AH         PUBLIC        S2CON
  C:E30AH         PUBLIC        _PW02SetADVT
BL51 BANKED LINKER/LOCATER V6.22                                                      08/26/2021  06:15:46  PAGE 22


  C:EE79H         PUBLIC        PW02GetRSSI
  C:EDA8H         PUBLIC        _PW02GetRxData
  X:11A3H         PUBLIC        rx_count
  D:00D0H         PUBLIC        PSW
  -------         PROC          _UART2SENDSTR
  X:100FH         SYMBOL        p
  C:005EH         LINE#         16
  C:0069H         LINE#         17
  C:0069H         LINE#         18
  C:0079H         LINE#         19
  C:0079H         LINE#         20
  C:007CH         LINE#         21
  C:007EH         LINE#         22
  C:0093H         LINE#         23
  C:0095H         LINE#         24
  C:009AH         LINE#         25
  -------         ENDPROC       _UART2SENDSTR
  -------         PROC          UART2_ISR
  C:DF94H         LINE#         26
  C:DF9FH         LINE#         28
  C:DFA4H         LINE#         29
  C:DFA4H         LINE#         30
  C:DFA7H         LINE#         31
  C:DFA9H         LINE#         32
  C:DFA9H         LINE#         33
  C:DFAEH         LINE#         34
  C:DFAEH         LINE#         35
  C:DFB1H         LINE#         36
  C:DFC5H         LINE#         37
  C:DFD7H         LINE#         38
  C:DFD7H         LINE#         39
  C:DFE8H         LINE#         40
  C:DFF2H         LINE#         42
  C:DFFEH         LINE#         43
  C:E000H         LINE#         44
  C:E005H         LINE#         45
  C:E005H         LINE#         46
  C:E005H         LINE#         47
  -------         ENDPROC       UART2_ISR
  -------         PROC          _PW02GETRXDATA
  X:0FE6H         SYMBOL        buf
  C:EDA8H         LINE#         48
  C:EDB3H         LINE#         49
  C:EDB3H         LINE#         50
  C:EDB6H         LINE#         51
  C:EDB6H         LINE#         52
  C:EDB8H         LINE#         53
  C:EDD0H         LINE#         54
  C:EDD3H         LINE#         55
  C:EDD3H         LINE#         57
  C:EDD5H         LINE#         58
  -------         ENDPROC       _PW02GETRXDATA
  C:E0FCH         SYMBOL        L?0054
  -------         PROC          L?0053
  -------         ENDPROC       L?0053
  C:E0FCH         SYMBOL        L?0054
  -------         PROC          _SENDATCOMMAND
BL51 BANKED LINKER/LOCATER V6.22                                                      08/26/2021  06:15:46  PAGE 23


  X:1006H         SYMBOL        command
  X:1009H         SYMBOL        retry_times
  X:100BH         SYMBOL        expected_response
  X:100EH         SYMBOL        response_len
  C:E100H         LINE#         59
  C:E113H         LINE#         60
  C:E113H         LINE#         61
  C:E115H         LINE#         62
  C:E115H         LINE#         63
  C:E117H         LINE#         64
  C:E11AH         LINE#         65
  C:E11AH         LINE#         66
  C:E128H         LINE#         67
  C:E12AH         LINE#         68
  C:E138H         LINE#         69
  C:E13FH         LINE#         70
  C:E141H         LINE#         71
  C:E143H         LINE#         72
  C:E161H         LINE#         73
  C:E164H         LINE#         75
  C:E166H         LINE#         76
  -------         ENDPROC       _SENDATCOMMAND
  -------         PROC          PW02ENTERATMODE
  C:EE01H         LINE#         77
  C:EE01H         LINE#         78
  C:EE01H         LINE#         79
  C:EE23H         LINE#         80
  C:EE26H         LINE#         82
  C:EE28H         LINE#         83
  -------         ENDPROC       PW02ENTERATMODE
  -------         PROC          PW02EXITATMODE
  C:EE29H         LINE#         84
  C:EE29H         LINE#         85
  C:EE29H         LINE#         86
  C:EE4BH         LINE#         87
  C:EE4EH         LINE#         89
  C:EE50H         LINE#         90
  -------         ENDPROC       PW02EXITATMODE
  -------         PROC          _PW02SETBUAD
  X:0FE7H         SYMBOL        baud_num
  -------         DO            
  X:0FE8H         SYMBOL        str
  -------         ENDDO         
  C:E491H         LINE#         91
  C:E496H         LINE#         92
  C:E496H         LINE#         93
  C:E4A9H         LINE#         94
  C:E4CDH         LINE#         95
  C:E4E9H         LINE#         96
  C:E4ECH         LINE#         98
  C:E4EEH         LINE#         99
  -------         ENDPROC       _PW02SETBUAD
  -------         PROC          _PW02SETADVT
  X:0FE7H         SYMBOL        time_in_ms
  -------         DO            
  X:0FE9H         SYMBOL        str
  -------         ENDDO         
BL51 BANKED LINKER/LOCATER V6.22                                                      08/26/2021  06:15:46  PAGE 24


  C:E30AH         LINE#         100
  C:E312H         LINE#         101
  C:E312H         LINE#         102
  C:E325H         LINE#         103
  C:E34BH         LINE#         104
  C:E367H         LINE#         105
  C:E36AH         LINE#         107
  C:E36CH         LINE#         108
  -------         ENDPROC       _PW02SETADVT
  -------         PROC          _PW02SETNAME
  X:0FE7H         SYMBOL        name
  -------         DO            
  X:0FEAH         SYMBOL        str
  -------         ENDDO         
  C:E00EH         LINE#         109
  C:E019H         LINE#         110
  C:E019H         LINE#         111
  C:E02CH         LINE#         112
  C:E04AH         LINE#         113
  C:E061H         LINE#         114
  C:E07FH         LINE#         115
  C:E082H         LINE#         117
  C:E084H         LINE#         118
  -------         ENDPROC       _PW02SETNAME
  -------         PROC          PW02GETRSSI
  C:EE79H         LINE#         119
  C:EE79H         LINE#         120
  C:EE79H         LINE#         121
  C:EE9AH         LINE#         122
  C:EE9DH         LINE#         124
  C:EE9FH         LINE#         125
  -------         ENDPROC       PW02GETRSSI
  -------         PROC          PW02REST
  C:F42EH         LINE#         126
  C:F42EH         LINE#         127
  C:F42EH         LINE#         128
  -------         ENDPROC       PW02REST
  -------         PROC          _PW02SETMODE
  D:0007H         SYMBOL        mode
  C:F3F2H         LINE#         130
  C:F3F2H         LINE#         131
  C:F3F2H         LINE#         132
  C:F3F6H         LINE#         133
  C:F3F9H         LINE#         135
  C:F3FBH         LINE#         136
  -------         ENDPROC       _PW02SETMODE
  -------         PROC          PW02CHECKCONNECTION
  -------         DO            
  X:0FE6H         SYMBOL        y
  -------         ENDDO         
  C:D32DH         LINE#         137
  C:D32DH         LINE#         138
  C:D32DH         LINE#         139
  C:D332H         LINE#         140
  C:D334H         LINE#         141
  C:D33AH         LINE#         142
  C:D343H         LINE#         143
BL51 BANKED LINKER/LOCATER V6.22                                                      08/26/2021  06:15:46  PAGE 25


  C:D346H         LINE#         144
  C:D372H         LINE#         145
  C:D37BH         LINE#         146
  C:D37BH         LINE#         147
  C:D3A4H         LINE#         148
  C:D3A7H         LINE#         149
  C:D3D4H         LINE#         150
  C:D3D7H         LINE#         151
  C:D3D7H         LINE#         153
  C:D3D7H         LINE#         154
  C:D401H         LINE#         155
  C:D403H         LINE#         156
  C:D403H         LINE#         157
  -------         ENDPROC       PW02CHECKCONNECTION
  -------         PROC          PW02INIT
  -------         DO            
  X:0FE6H         SYMBOL        y
  -------         ENDDO         
  C:C9F2H         LINE#         158
  C:C9F2H         LINE#         159
  C:C9F2H         LINE#         160
  C:C9F7H         LINE#         161
  C:C9F9H         LINE#         164
  C:C9FBH         LINE#         165
  C:CA01H         LINE#         166
  C:CA07H         LINE#         167
  C:CA36H         LINE#         169
  C:CA39H         LINE#         170
  C:CA3EH         LINE#         171
  C:CA6BH         LINE#         172
  C:CA74H         LINE#         173
  C:CAA1H         LINE#         174
  C:CAA8H         LINE#         175
  C:CAD5H         LINE#         176
  C:CADBH         LINE#         177
  C:CB0AH         LINE#         179
  C:CB0DH         LINE#         180
  C:CB0FH         LINE#         181
  C:CB11H         LINE#         182
  -------         ENDPROC       PW02INIT
  -------         ENDMOD        PW02

  -------         MODULE        OLED
  C:0000H         SYMBOL        _ICE_DUMMY_
  C:F271H         PUBLIC        OLED_Display_On
  B:0090H.2       PUBLIC        OLED_RST
  D:0080H         PUBLIC        P0
  D:0090H         PUBLIC        P1
  D:00A0H         PUBLIC        P2
  D:00B0H         PUBLIC        P3
  D:00C0H         PUBLIC        P4
  D:00C8H         PUBLIC        P5
  D:00E8H         PUBLIC        P6
  C:F293H         PUBLIC        _OLED_Vertical_Reverse
  D:00F8H         PUBLIC        P7
  B:0090H.3       PUBLIC        OLED_DC
  D:00A8H         PUBLIC        IE
BL51 BANKED LINKER/LOCATER V6.22                                                      08/26/2021  06:15:46  PAGE 26


  D:00B8H         PUBLIC        IP
  C:DA68H         PUBLIC        OLED_Init
  B:00C0H.4       PUBLIC        OLED_RD
  D:00D8H         PUBLIC        CCON
  C:F103H         PUBLIC        _OLED_WR_Byte
  B:00C0H.3       PUBLIC        OLED_WR
  C:F331H         PUBLIC        _OLED_Set_Brightness
  D:0098H         PUBLIC        SCON
  D:0088H         PUBLIC        TCON
  C:F04EH         PUBLIC        _OLED_Set_Pos
  C:F12DH         PUBLIC        _delay_ms
  C:F3ACH         PUBLIC        OLED_Display_Off
  C:F2A4H         PUBLIC        _OLED_Inverse
  C:F282H         PUBLIC        _OLED_Horizental_Reverse
  C:F02FH         PUBLIC        OLED_Clear
  C:E83CH         PUBLIC        _OLED_DrawBMP
  D:00D0H         PUBLIC        PSW
  -------         PROC          _DELAY_MS
  D:0006H         SYMBOL        ms
  -------         DO            
  D:0005H         SYMBOL        i
  D:0004H         SYMBOL        j
  -------         ENDDO         
  C:F12DH         LINE#         13
  C:F12DH         LINE#         14
  C:F12DH         LINE#         16
  C:F136H         LINE#         17
  C:F136H         LINE#         18
  C:F138H         LINE#         19
  C:F13AH         LINE#         21
  C:F13AH         LINE#         22
  C:F13CH         LINE#         23
  C:F13EH         LINE#         24
  C:F145H         LINE#         25
  -------         ENDPROC       _DELAY_MS
  C:F0FEH         SYMBOL        L?0046
  -------         PROC          L?0045
  -------         ENDPROC       L?0045
  C:F0FEH         SYMBOL        L?0046
  -------         PROC          _OLED_WR_BYTE
  D:0007H         SYMBOL        dat
  D:0005H         SYMBOL        cmd
  C:F103H         LINE#         31
  C:F103H         LINE#         32
  C:F103H         LINE#         34
  C:F106H         LINE#         35
  C:F10AH         LINE#         37
  C:F10CH         LINE#         38
  C:F10EH         LINE#         39
  C:F110H         LINE#         40
  C:F112H         LINE#         42
  -------         ENDPROC       _OLED_WR_BYTE
  -------         PROC          _OLED_SET_POS
  D:0006H         SYMBOL        x
  D:0005H         SYMBOL        y
  C:F04EH         LINE#         71
  C:F050H         LINE#         72
BL51 BANKED LINKER/LOCATER V6.22                                                      08/26/2021  06:15:46  PAGE 27


  C:F050H         LINE#         73
  C:F059H         LINE#         74
  C:F065H         LINE#         75
  -------         ENDPROC       _OLED_SET_POS
  -------         PROC          OLED_DISPLAY_ON
  C:F271H         LINE#         78
  C:F271H         LINE#         79
  C:F271H         LINE#         80
  C:F278H         LINE#         81
  C:F27DH         LINE#         82
  -------         ENDPROC       OLED_DISPLAY_ON
  -------         PROC          OLED_DISPLAY_OFF
  C:F3ACH         LINE#         85
  C:F3ACH         LINE#         86
  C:F3ACH         LINE#         87
  C:F3B0H         LINE#         88
  C:F3B3H         LINE#         89
  -------         ENDPROC       OLED_DISPLAY_OFF
  -------         PROC          _OLED_SET_BRIGHTNESS
  D:0006H         SYMBOL        brightness
  C:F331H         LINE#         91
  C:F333H         LINE#         92
  C:F333H         LINE#         93
  C:F33AH         LINE#         94
  -------         ENDPROC       _OLED_SET_BRIGHTNESS
  -------         PROC          _OLED_HORIZENTAL_REVERSE
  D:0007H         SYMBOL        reverse
  C:F282H         LINE#         96
  C:F282H         LINE#         97
  C:F282H         LINE#         98
  C:F285H         LINE#         99
  C:F28BH         LINE#         101
  C:F292H         LINE#         102
  -------         ENDPROC       _OLED_HORIZENTAL_REVERSE
  -------         PROC          _OLED_VERTICAL_REVERSE
  D:0007H         SYMBOL        reverse
  C:F293H         LINE#         103
  C:F293H         LINE#         104
  C:F293H         LINE#         105
  C:F296H         LINE#         106
  C:F29CH         LINE#         108
  C:F2A3H         LINE#         109
  -------         ENDPROC       _OLED_VERTICAL_REVERSE
  -------         PROC          _OLED_INVERSE
  D:0007H         SYMBOL        k
  C:F2A4H         LINE#         110
  C:F2A4H         LINE#         111
  C:F2A4H         LINE#         112
  C:F2A7H         LINE#         113
  C:F2ADH         LINE#         115
  C:F2B4H         LINE#         116
  -------         ENDPROC       _OLED_INVERSE
  -------         PROC          OLED_CLEAR
  -------         DO            
  D:0006H         SYMBOL        i
  D:0004H         SYMBOL        n
  -------         ENDDO         
BL51 BANKED LINKER/LOCATER V6.22                                                      08/26/2021  06:15:46  PAGE 28


  C:F02FH         LINE#         117
  C:F02FH         LINE#         118
  C:F02FH         LINE#         120
  C:F031H         LINE#         121
  C:F031H         LINE#         122
  C:F037H         LINE#         123
  C:F037H         LINE#         124
  C:F03AH         LINE#         125
  C:F03CH         LINE#         126
  C:F048H         LINE#         127
  C:F04DH         LINE#         128
  -------         ENDPROC       OLED_CLEAR
  -------         PROC          _OLED_DRAWBMP
  D:0001H         SYMBOL        buf
  -------         DO            
  D:0037H         SYMBOL        i
  D:0038H         SYMBOL        j
  D:0039H         SYMBOL        n
  -------         ENDDO         
  C:E83CH         LINE#         129
  C:E83CH         LINE#         130
  C:E83CH         LINE#         133
  C:E83FH         LINE#         134
  C:E83FH         LINE#         135
  C:E846H         LINE#         136
  C:E849H         LINE#         137
  C:E84EH         LINE#         138
  C:E859H         LINE#         139
  C:E85CH         LINE#         140
  C:E87CH         LINE#         141
  C:E885H         LINE#         142
  -------         ENDPROC       _OLED_DRAWBMP
  -------         PROC          OLED_INIT
  C:DA68H         LINE#         144
  C:DA68H         LINE#         145
  C:DA68H         LINE#         146
  C:DA6AH         LINE#         147
  C:DA71H         LINE#         148
  C:DA73H         LINE#         149
  C:DA7AH         LINE#         150
  C:DA7CH         LINE#         151
  C:DA7EH         LINE#         152
  C:DA82H         LINE#         153
  C:DA82H         LINE#         154
  C:DA85H         LINE#         155
  C:DA8AH         LINE#         156
  C:DA8FH         LINE#         157
  C:DA94H         LINE#         158
  C:DA99H         LINE#         159
  C:DA9EH         LINE#         160
  C:DAA3H         LINE#         161
  C:DAA8H         LINE#         162
  C:DAADH         LINE#         163
  C:DAB2H         LINE#         164
  C:DAB7H         LINE#         165
  C:DABCH         LINE#         166
  C:DAC1H         LINE#         167
BL51 BANKED LINKER/LOCATER V6.22                                                      08/26/2021  06:15:46  PAGE 29


  C:DAC6H         LINE#         168
  C:DACBH         LINE#         169
  C:DAD0H         LINE#         170
  C:DAD5H         LINE#         171
  C:DADAH         LINE#         172
  C:DADFH         LINE#         173
  C:DAE4H         LINE#         174
  C:DAE9H         LINE#         175
  C:DAEEH         LINE#         176
  C:DAF3H         LINE#         177
  C:DAF8H         LINE#         178
  C:DAFDH         LINE#         184
  C:DB00H         LINE#         185
  C:DB03H         LINE#         186
  -------         ENDPROC       OLED_INIT
  -------         ENDMOD        OLED

  -------         MODULE        RDA5807M
  C:0000H         SYMBOL        _ICE_DUMMY_
  D:0080H         PUBLIC        P0
  D:0090H         PUBLIC        P1
  D:00A0H         PUBLIC        P2
  D:00B0H         PUBLIC        P3
  D:00C0H         PUBLIC        P4
  C:EE51H         PUBLIC        _RDA5807MSetVOLUME
  D:00C8H         PUBLIC        P5
  D:00E8H         PUBLIC        P6
  D:00F8H         PUBLIC        P7
  D:00BAH         PUBLIC        P_SW2
  C:E36DH         PUBLIC        RDA5807MReadRges
  D:00A8H         PUBLIC        IE
  C:E23EH         PUBLIC        RDA5807MInit
  X:12A4H         PUBLIC        BAND
  D:00B8H         PUBLIC        IP
  X:12A5H         PUBLIC        CHAN
  C:E550H         PUBLIC        RDA5807MWriteRegs
  D:00D8H         PUBLIC        CCON
  C:D916H         PUBLIC        _RDA5807MSEEK
  C:F410H         PUBLIC        RDA5807MPowerDown
  D:0098H         PUBLIC        SCON
  D:0088H         PUBLIC        TCON
  C:E9A5H         PUBLIC        RDA5807MGetCurrentFq
  X:12A7H         PUBLIC        current_frequency
  X:12ABH         PUBLIC        REG02
  X:12ADH         PUBLIC        RSSI
  X:12AEH         PUBLIC        REG03
  X:12B0H         PUBLIC        REG04
  X:12B2H         PUBLIC        REG05
  X:12B4H         PUBLIC        SEEKTH
  C:F3FCH         PUBLIC        RDA5807MSetMute
  C:EC6DH         PUBLIC        RDA5807MGetCurrentRSSI
  X:12B5H         PUBLIC        REG0A
  X:12B7H         PUBLIC        REG0B
  C:F406H         PUBLIC        RDA5807MPowerUp
  X:12B9H         PUBLIC        VOLUME
  C:D70CH         PUBLIC        _RDA5807MSetFq
  X:12BAH         PUBLIC        SPACE
BL51 BANKED LINKER/LOCATER V6.22                                                      08/26/2021  06:15:46  PAGE 30


  D:00D0H         PUBLIC        PSW
  -------         PROC          L?0026
  -------         ENDPROC       L?0026
  -------         PROC          RDA5807MWRITEREGS
  -------         DO            
  X:0FEAH         SYMBOL        reg
  -------         ENDDO         
  C:E550H         LINE#         38
  C:E550H         LINE#         39
  C:E550H         LINE#         41
  C:E55DH         LINE#         42
  C:E560H         LINE#         43
  C:E56DH         LINE#         44
  C:E570H         LINE#         45
  C:E57DH         LINE#         46
  C:E580H         LINE#         47
  C:E58DH         LINE#         48
  C:E590H         LINE#         49
  C:E593H         LINE#         50
  C:E5A0H         LINE#         51
  C:E5A3H         LINE#         52
  -------         ENDPROC       RDA5807MWRITEREGS
  -------         PROC          RDA5807MREADRGES
  -------         DO            
  X:0FEAH         SYMBOL        read_buf
  -------         ENDDO         
  C:E36DH         LINE#         61
  C:E36DH         LINE#         62
  C:E36DH         LINE#         64
  C:E370H         LINE#         65
  C:E37DH         LINE#         66
  C:E380H         LINE#         67
  C:E38DH         LINE#         68
  C:E398H         LINE#         69
  C:E3A7H         LINE#         70
  C:E3B4H         LINE#         71
  C:E3BFH         LINE#         72
  C:E3CEH         LINE#         73
  -------         ENDPROC       RDA5807MREADRGES
  -------         PROC          RDA5807MINIT
  C:E23EH         LINE#         81
  C:E23EH         LINE#         82
  C:E23EH         LINE#         84
  C:E245H         LINE#         85
  C:E248H         LINE#         86
  C:E24FH         LINE#         88
  C:E258H         LINE#         89
  C:E288H         LINE#         90
  C:E28DH         LINE#         91
  C:E29FH         LINE#         92
  C:E2A2H         LINE#         93
  C:E2A4H         LINE#         94
  -------         ENDPROC       RDA5807MINIT
  -------         PROC          _RDA5807MSETVOLUME
  D:0004H         SYMBOL        VOLUME
  C:EE51H         LINE#         100
  C:EE55H         LINE#         101
BL51 BANKED LINKER/LOCATER V6.22                                                      08/26/2021  06:15:46  PAGE 31


  C:EE55H         LINE#         102
  C:EE5EH         LINE#         103
  C:EE62H         LINE#         104
  C:EE69H         LINE#         105
  C:EE76H         LINE#         106
  -------         ENDPROC       _RDA5807MSETVOLUME
  -------         PROC          _RDA5807MSEEK
  D:0005H         SYMBOL        direction
  -------         DO            
  X:12A3H         SYMBOL        step
  -------         ENDDO         
  C:D916H         LINE#         115
  C:D918H         LINE#         116
  C:D918H         LINE#         118
  C:D91EH         LINE#         119
  C:D91EH         LINE#         120
  C:D925H         LINE#         121
  C:D92CH         LINE#         122
  C:D935H         LINE#         124
  C:D939H         LINE#         125
  C:D943H         LINE#         126
  C:D946H         LINE#         128
  C:D94CH         LINE#         129
  C:D94EH         LINE#         130
  C:D956H         LINE#         131
[...]
  C:3E3EH         LINE#         2213
  C:3E44H         LINE#         2214
BL51 BANKED LINKER/LOCATER V6.22                                                      08/26/2021  06:15:46  PAGE 122


  C:3E46H         LINE#         2215
  C:3E46H         LINE#         2216
  C:3E49H         LINE#         2217
  C:3E4BH         LINE#         2218
  C:3E4BH         LINE#         2219
  C:3E51H         LINE#         2220
  C:3E51H         LINE#         2221
  C:3E51H         LINE#         2222
  C:3E5BH         LINE#         2223
  C:3E60H         LINE#         2224
  C:3E66H         LINE#         2225
  C:3E6CH         LINE#         2226
  C:3E76H         LINE#         2227
  C:3E7BH         LINE#         2228
  C:3E81H         LINE#         2229
  C:3E87H         LINE#         2231
  C:3E9AH         LINE#         2232
  C:3E9AH         LINE#         2233
  C:3EC3H         LINE#         2234
  C:3EC3H         LINE#         2235
  C:3EC5H         LINE#         2236
  C:3EC7H         LINE#         2237
  C:3EC9H         LINE#         2238
  C:3EC9H         LINE#         2239
  C:3ED1H         LINE#         2242
  C:3ED7H         LINE#         2243
  C:3EDEH         LINE#         2244
  C:3EF3H         LINE#         2245
  C:3F04H         LINE#         2246
  C:3F17H         LINE#         2247
  C:3F17H         LINE#         2248
  C:3F32H         LINE#         2249
  C:3F3AH         LINE#         2252
  C:3F8DH         LINE#         2253
  C:3F8DH         LINE#         2254
  C:3F93H         LINE#         2255
  C:3FACH         LINE#         2256
  C:3FC8H         LINE#         2257
  C:3FCBH         LINE#         2258
  C:3FDCH         LINE#         2259
  C:3FE1H         LINE#         2260
  C:3FE6H         LINE#         2261
  C:3FEFH         LINE#         2262
  C:3FF2H         LINE#         2263
  C:4003H         LINE#         2264
  C:4008H         LINE#         2265
  C:400DH         LINE#         2266
  C:4016H         LINE#         2267
  C:4019H         LINE#         2268
  C:4019H         LINE#         2269
  C:4024H         LINE#         2270
  C:4030H         LINE#         2271
  C:403CH         LINE#         2272
  C:4048H         LINE#         2273
  C:4055H         LINE#         2274
  C:4062H         LINE#         2275
  C:406EH         LINE#         2276
BL51 BANKED LINKER/LOCATER V6.22                                                      08/26/2021  06:15:46  PAGE 123


  C:407BH         LINE#         2277
  C:4088H         LINE#         2278
  C:4092H         LINE#         2279
  C:409AH         LINE#         2280
  C:40A0H         LINE#         2281
  C:40A8H         LINE#         2282
  C:40AEH         LINE#         2283
  C:40B6H         LINE#         2284
  C:40BCH         LINE#         2285
  C:40C4H         LINE#         2286
  C:40CDH         LINE#         2287
  C:40D2H         LINE#         2289
  C:40D5H         LINE#         2290
  C:40D5H         LINE#         2291
  C:40D8H         LINE#         2292
  C:40D8H         LINE#         2293
  C:40FCH         LINE#         2294
  C:4120H         LINE#         2295
  C:4120H         LINE#         2296
  C:4129H         LINE#         2297
  C:4129H         LINE#         2298
  C:4130H         LINE#         2299
  C:4130H         LINE#         2300
  C:413CH         LINE#         2301
  C:413CH         LINE#         2302
  C:413CH         LINE#         2303
  C:413CH         LINE#         2304
  C:413EH         LINE#         2305
  C:4140H         LINE#         2306
  C:4140H         LINE#         2307
  C:4140H         LINE#         2308
  C:4140H         LINE#         2309
  C:4143H         LINE#         2310
  C:4143H         LINE#         2311
  C:4146H         LINE#         2312
  C:414AH         LINE#         2314
  C:414CH         LINE#         2315
  C:414CH         LINE#         2316
  C:414EH         LINE#         2317
  C:414EH         LINE#         2318
  C:414EH         LINE#         2319
  C:414EH         LINE#         2320
  C:4150H         LINE#         2321
  C:4150H         LINE#         2322
  C:4150H         LINE#         2323
  C:4150H         LINE#         2324
  C:4155H         LINE#         2325
  C:4155H         LINE#         2326
  C:4158H         LINE#         2327
  C:4158H         LINE#         2328
  C:415AH         LINE#         2329
  C:4161H         LINE#         2330
  C:4168H         LINE#         2331
  C:416EH         LINE#         2332
  C:4170H         LINE#         2333
  C:4170H         LINE#         2334
  C:4170H         LINE#         2336
BL51 BANKED LINKER/LOCATER V6.22                                                      08/26/2021  06:15:46  PAGE 124


  C:4173H         LINE#         2337
  C:4173H         LINE#         2338
  C:4175H         LINE#         2339
  C:4178H         LINE#         2340
  C:4181H         LINE#         2341
  C:4184H         LINE#         2342
  C:4184H         LINE#         2343
  C:4186H         LINE#         2344
  C:418DH         LINE#         2345
  C:418FH         LINE#         2346
  C:4194H         LINE#         2347
  C:4196H         LINE#         2348
  C:4198H         LINE#         2349
  C:419BH         LINE#         2350
  C:419BH         LINE#         2351
  C:419DH         LINE#         2352
  C:419FH         LINE#         2353
  C:41A2H         LINE#         2354
  C:41A7H         LINE#         2355
  C:41A9H         LINE#         2356
  C:41ABH         LINE#         2357
  C:41ADH         LINE#         2358
  C:41B0H         LINE#         2359
  C:41B0H         LINE#         2360
  C:41B2H         LINE#         2361
  C:41B4H         LINE#         2362
  C:41B7H         LINE#         2363
  C:41C0H         LINE#         2364
  C:41C2H         LINE#         2365
  C:41C5H         LINE#         2366
  C:41CAH         LINE#         2367
  C:41D1H         LINE#         2368
  C:41D3H         LINE#         2369
  C:41D3H         LINE#         2370
  C:41DAH         LINE#         2371
  C:41DAH         LINE#         2372
  C:41DDH         LINE#         2373
  C:41DDH         LINE#         2375
  C:41E0H         LINE#         2376
  C:41E0H         LINE#         2377
  C:41E5H         LINE#         2378
  C:41E7H         LINE#         2379
  C:41E7H         LINE#         2380
  C:41E7H         LINE#         2381
  C:41EAH         LINE#         2382
  C:41EAH         LINE#         2383
  C:41EDH         LINE#         2384
  C:41EDH         LINE#         2385
  C:41F0H         LINE#         2386
  C:41F0H         LINE#         2387
  C:41F0H         LINE#         2388
  C:41F6H         LINE#         2389
  C:41F6H         LINE#         2390
  C:41F9H         LINE#         2391
  C:41F9H         LINE#         2392
  C:41FCH         LINE#         2393
  C:41FCH         LINE#         2394
BL51 BANKED LINKER/LOCATER V6.22                                                      08/26/2021  06:15:46  PAGE 125


  C:4201H         LINE#         2395
  C:4208H         LINE#         2397
  C:420BH         LINE#         2398
  C:420BH         LINE#         2399
  C:4212H         LINE#         2400
  C:4212H         LINE#         2401
  C:4215H         LINE#         2402
  C:4215H         LINE#         2403
  C:421CH         LINE#         2404
  C:421CH         LINE#         2405
  C:4222H         LINE#         2406
  C:4222H         LINE#         2408
  C:4224H         LINE#         2409
  C:422CH         LINE#         2410
  C:4235H         LINE#         2412
  C:423CH         LINE#         2413
  C:423CH         LINE#         2415
  C:423FH         LINE#         2416
  C:4241H         LINE#         2417
  C:4243H         LINE#         2418
  C:4246H         LINE#         2419
  C:424DH         LINE#         2420
  C:4255H         LINE#         2421
  C:4255H         LINE#         2422
  C:426BH         LINE#         2423
  C:4273H         LINE#         2425
  C:4279H         LINE#         2426
  C:4299H         LINE#         2427
  C:429BH         LINE#         2428
  C:42A3H         LINE#         2429
  C:42A3H         LINE#         2430
  C:42A5H         LINE#         2431
  C:42A8H         LINE#         2432
  C:42A8H         LINE#         2433
  C:42B1H         LINE#         2434
  C:42B1H         LINE#         2435
  C:42BBH         LINE#         2436
  C:42BBH         LINE#         2437
  C:42BEH         LINE#         2440
  C:42C7H         LINE#         2441
  C:42D3H         LINE#         2442
  C:42D3H         LINE#         2443
  C:42E9H         LINE#         2444
  C:42E9H         LINE#         2446
  C:42EFH         LINE#         2447
  C:42EFH         LINE#         2448
  C:4300H         LINE#         2449
  C:4300H         LINE#         2450
  C:4353H         LINE#         2451
  C:435BH         LINE#         2452
  C:4364H         LINE#         2453
  C:43A0H         LINE#         2454
  C:43A9H         LINE#         2455
  C:43ACH         LINE#         2456
  C:43ACH         LINE#         2457
  C:43ACH         LINE#         2458
  C:43B2H         LINE#         2459
BL51 BANKED LINKER/LOCATER V6.22                                                      08/26/2021  06:15:46  PAGE 126


  C:43B2H         LINE#         2460
  C:43CAH         LINE#         2461
  C:43CAH         LINE#         2462
  C:43D1H         LINE#         2463
  C:43D3H         LINE#         2464
  C:43DAH         LINE#         2465
  C:43DCH         LINE#         2466
  C:43DCH         LINE#         2467
  C:43DCH         LINE#         2468
  C:43DCH         LINE#         2470
  C:43DCH         LINE#         2472
  C:43DCH         LINE#         2473
  -------         ENDPROC       MAIN
  -------         ENDMOD        MAIN

  -------         MODULE        ?C?FPADD
  C:671EH         PUBLIC        ?C?FPADD
  C:671AH         PUBLIC        ?C?FPSUB
  -------         ENDMOD        ?C?FPADD

  -------         MODULE        ?C?FPMUL
  C:680FH         PUBLIC        ?C?FPMUL
  -------         ENDMOD        ?C?FPMUL

  -------         MODULE        ?C?FPDIV
  C:6918H         PUBLIC        ?C?FPDIV
  -------         ENDMOD        ?C?FPDIV

  -------         MODULE        ?C?FPCMP
  C:69B7H         PUBLIC        ?C?FPCMP
  C:69B5H         PUBLIC        ?C?FPCMP3
  -------         ENDMOD        ?C?FPCMP

  -------         MODULE        ?C?FPNEG
  C:6A2EH         PUBLIC        ?C?FPNEG
  -------         ENDMOD        ?C?FPNEG

  -------         MODULE        ?C?FCAST
  C:6A49H         PUBLIC        ?C?FCASTC
  C:6A44H         PUBLIC        ?C?FCASTI
  C:6A3FH         PUBLIC        ?C?FCASTL
  -------         ENDMOD        ?C?FCAST

  -------         MODULE        ?C?CASTF
  C:6A7DH         PUBLIC        ?C?CASTF
  -------         ENDMOD        ?C?CASTF

  -------         MODULE        PRINTF
  X:1019H         PUBLIC        ?_PRINTF?BYTE
  X:1019H         PUBLIC        ?_SPRINTF?BYTE
  C:9922H         PUBLIC        _PRINTF
  C:991CH         PUBLIC        _SPRINTF
  -------         ENDMOD        PRINTF

  -------         MODULE        SQRT
  C:D86EH         PUBLIC        _SQRT
  -------         ENDMOD        SQRT
BL51 BANKED LINKER/LOCATER V6.22                                                      08/26/2021  06:15:46  PAGE 127



  -------         MODULE        ATAN2
  X:0FFDH         PUBLIC        ?_atan2?BYTE
  C:DB09H         PUBLIC        _atan2
  -------         ENDMOD        ATAN2

  -------         MODULE        SIN
  C:BCC0H         PUBLIC        _COS
  C:BCD6H         PUBLIC        _SIN
  C:BD12H         PUBLIC        _TAN
  -------         ENDMOD        SIN

  -------         MODULE        ATAN
  C:C8F0H         PUBLIC        _ATAN
  -------         ENDMOD        ATAN

  -------         MODULE        ASIN
  C:EBBEH         PUBLIC        _ASIN
  -------         ENDMOD        ASIN

  -------         MODULE        POW
  X:0FE6H         PUBLIC        ?_pow?BYTE
  C:C274H         PUBLIC        _pow
  -------         ENDMOD        POW

  -------         MODULE        ?C?CHKFLOAT
  C:6AFEH         PUBLIC        ?C?CHKFLOAT
  -------         ENDMOD        ?C?CHKFLOAT

  -------         MODULE        ?C?FPROUND
  C:6B18H         PUBLIC        ?C?FPROUND
  -------         ENDMOD        ?C?FPROUND

  -------         MODULE        ?C?FPCONVERT
  C:6B55H         PUBLIC        ?C?FPCONVERT
  -------         ENDMOD        ?C?FPCONVERT

  -------         MODULE        EXP
  C:DBDEH         PUBLIC        _EXP
  -------         ENDMOD        EXP

  -------         MODULE        LOG
  C:C7DBH         PUBLIC        _LOG
  C:C7D7H         PUBLIC        _LOG10
  -------         ENDMOD        LOG

  -------         MODULE        ?C?FTNPWR
  C:6CD7H         PUBLIC        ?C?FTNPWR
  -------         ENDMOD        ?C?FTNPWR

  -------         MODULE        ?C?COPY
  C:6DE7H         PUBLIC        ?C?COPY
  -------         ENDMOD        ?C?COPY

  -------         MODULE        ?C?CLDPTR
  C:6E0DH         PUBLIC        ?C?CLDPTR
  -------         ENDMOD        ?C?CLDPTR
BL51 BANKED LINKER/LOCATER V6.22                                                      08/26/2021  06:15:46  PAGE 128



  -------         MODULE        ?C?CLDOPTR
  C:6E26H         PUBLIC        ?C?CLDOPTR
  -------         ENDMOD        ?C?CLDOPTR

  -------         MODULE        ?C?CILDOPTR
  C:6E53H         PUBLIC        ?C?CILDOPTR
  -------         ENDMOD        ?C?CILDOPTR

  -------         MODULE        ?C?CSTPTR
  C:6E86H         PUBLIC        ?C?CSTPTR
  -------         ENDMOD        ?C?CSTPTR

  -------         MODULE        ?C?CSTOPTR
  C:6E98H         PUBLIC        ?C?CSTOPTR
  -------         ENDMOD        ?C?CSTOPTR

  -------         MODULE        ?C?UIDIV
  C:6EBAH         PUBLIC        ?C?UIDIV
  -------         ENDMOD        ?C?UIDIV

  -------         MODULE        ?C?SIDIV
  C:6F0FH         PUBLIC        ?C?SIDIV
  -------         ENDMOD        ?C?SIDIV

  -------         MODULE        ?C?IILDX
  C:6F45H         PUBLIC        ?C?IILDX
  -------         ENDMOD        ?C?IILDX

  -------         MODULE        ?C?ILDIX
  C:6F5BH         PUBLIC        ?C?ILDIX
  -------         ENDMOD        ?C?ILDIX

  -------         MODULE        ?C?ILDPTR
  C:6F71H         PUBLIC        ?C?ILDPTR
  -------         ENDMOD        ?C?ILDPTR

  -------         MODULE        ?C?ILDOPTR
  C:6F9CH         PUBLIC        ?C?ILDOPTR
  -------         ENDMOD        ?C?ILDOPTR

  -------         MODULE        ?C?ISTPTR
  C:6FD4H         PUBLIC        ?C?ISTPTR
  -------         ENDMOD        ?C?ISTPTR

  -------         MODULE        ?C?ISTOPTR
  C:6FF3H         PUBLIC        ?C?ISTOPTR
  -------         ENDMOD        ?C?ISTOPTR

  -------         MODULE        ?C?LMUL
  C:7020H         PUBLIC        ?C?LMUL
  -------         ENDMOD        ?C?LMUL

  -------         MODULE        ?C?SLDIV
  C:EAFFH         PUBLIC        ?C?SLDIV
  -------         ENDMOD        ?C?SLDIV

BL51 BANKED LINKER/LOCATER V6.22                                                      08/26/2021  06:15:46  PAGE 129


  -------         MODULE        ?C?LNEG
  C:706FH         PUBLIC        ?C?LNEG
  -------         ENDMOD        ?C?LNEG

  -------         MODULE        ?C?SLCMP
  C:707DH         PUBLIC        ?C?SLCMP
  -------         ENDMOD        ?C?SLCMP

  -------         MODULE        ?C?SLSHR
  C:7093H         PUBLIC        ?C?SLSHR
  -------         ENDMOD        ?C?SLSHR

  -------         MODULE        ?C?LSHL
  C:70A7H         PUBLIC        ?C?LSHL
  -------         ENDMOD        ?C?LSHL

  -------         MODULE        ?C?LLDPTR
  C:70BAH         PUBLIC        ?C?LLDPTR
  -------         ENDMOD        ?C?LLDPTR

  -------         MODULE        ?C?LLDOPTR
  C:70DAH         PUBLIC        ?C?LLDOPTR
  -------         ENDMOD        ?C?LLDOPTR

  -------         MODULE        ?C?LSTPTR
  C:710AH         PUBLIC        ?C?LSTPTR
  -------         ENDMOD        ?C?LSTPTR

  -------         MODULE        ?C?LSTOPTR
  C:7124H         PUBLIC        ?C?LSTOPTR
  -------         ENDMOD        ?C?LSTOPTR

  -------         MODULE        ?C?LLDIDATA
  C:7148H         PUBLIC        ?C?LLDIDATA
  -------         ENDMOD        ?C?LLDIDATA

  -------         MODULE        ?C?LLDXDATA
  C:7154H         PUBLIC        ?C?LLDXDATA
  -------         ENDMOD        ?C?LLDXDATA

  -------         MODULE        ?C?LLDCODE
  C:7160H         PUBLIC        ?C?LLDCODE
  -------         ENDMOD        ?C?LLDCODE

  -------         MODULE        ?C?LLDIDATA0
  C:7170H         PUBLIC        ?C?LLDIDATA0
  -------         ENDMOD        ?C?LLDIDATA0

  -------         MODULE        ?C?LLDXDATA0
  C:717DH         PUBLIC        ?C?LLDXDATA0
  -------         ENDMOD        ?C?LLDXDATA0

  -------         MODULE        ?C?LLDCODE0
  C:7189H         PUBLIC        ?C?LLDCODE0
  -------         ENDMOD        ?C?LLDCODE0

  -------         MODULE        ?C?LSTIDATA
BL51 BANKED LINKER/LOCATER V6.22                                                      08/26/2021  06:15:46  PAGE 130


  C:7199H         PUBLIC        ?C?LSTIDATA
  -------         ENDMOD        ?C?LSTIDATA

  -------         MODULE        ?C?LSTXDATA
  C:71A5H         PUBLIC        ?C?LSTXDATA
  -------         ENDMOD        ?C?LSTXDATA

  -------         MODULE        ?C?LSTKXDATA
  C:71B1H         PUBLIC        ?C?LSTKXDATA
  -------         ENDMOD        ?C?LSTKXDATA

  -------         MODULE        ?C?OFFXADD
  C:71E2H         PUBLIC        ?C?OFFXADD
  -------         ENDMOD        ?C?OFFXADD

  -------         MODULE        ?C?PLDIXDATA
  C:71EEH         PUBLIC        ?C?PLDIXDATA
  -------         ENDMOD        ?C?PLDIXDATA

  -------         MODULE        ?C?PSTXDATA
  C:7205H         PUBLIC        ?C?PSTXDATA
  -------         ENDMOD        ?C?PSTXDATA

  -------         MODULE        ?C?CCASE
  C:720EH         PUBLIC        ?C?CCASE
  -------         ENDMOD        ?C?CCASE

  -------         MODULE        PUTCHAR
  C:EEEEH         PUBLIC        _PUTCHAR
  -------         ENDMOD        PUTCHAR

  -------         MODULE        RAND
  X:12D7H         PUBLIC        ?SRAND?BYTE
  C:E7EFH         PUBLIC        RAND
  C:E82DH         PUBLIC        _SRAND
  -------         ENDMOD        RAND

  -------         MODULE        STRCAT
  X:1006H         PUBLIC        ?_strcat?BYTE
  C:E1D3H         PUBLIC        _strcat
  -------         ENDMOD        STRCAT

  -------         MODULE        ?C?STRCPY
  C:7300H         PUBLIC        ?C?STRCPY
  -------         ENDMOD        ?C?STRCPY

  -------         MODULE        ?C?MEMCMP
  C:74A3H         PUBLIC        ?C?MEMCMP
  -------         ENDMOD        ?C?MEMCMP

  -------         MODULE        ?C?ULDIV
  C:7503H         PUBLIC        ?C?ULDIV
  -------         ENDMOD        ?C?ULDIV

  -------         MODULE        ?C?LLDPDATA
  C:7595H         PUBLIC        ?C?LLDPDATA
  -------         ENDMOD        ?C?LLDPDATA
BL51 BANKED LINKER/LOCATER V6.22                                                      08/26/2021  06:15:46  PAGE 131



  -------         MODULE        ?C?LSTPDATA
  C:75A1H         PUBLIC        ?C?LSTPDATA
  -------         ENDMOD        ?C?LSTPDATA

*** WARNING L16: UNCALLED SEGMENT, IGNORED FOR OVERLAY PROCESS
    SEGMENT: ?PR?PW02REST?PW02

*** WARNING L16: UNCALLED SEGMENT, IGNORED FOR OVERLAY PROCESS
    SEGMENT: ?PR?RDA5807MGETCURRENTFQ?RDA5807M

*** WARNING L16: UNCALLED SEGMENT, IGNORED FOR OVERLAY PROCESS
    SEGMENT: ?PR?RDA5807MGETCURRENTRSSI?RDA5807M

*** WARNING L16: UNCALLED SEGMENT, IGNORED FOR OVERLAY PROCESS
    SEGMENT: ?PR?RDA5807MSETMUTE?RDA5807M

*** WARNING L16: UNCALLED SEGMENT, IGNORED FOR OVERLAY PROCESS
    SEGMENT: ?PR?PCF8563DISABLETIMER?PCF8563

*** WARNING L16: UNCALLED SEGMENT, IGNORED FOR OVERLAY PROCESS
    SEGMENT: ?PR?_BME280SINGLEMEASUREMENT?BME280

*** WARNING L16: UNCALLED SEGMENT, IGNORED FOR OVERLAY PROCESS
    SEGMENT: ?PR?LSM6DSMDISABLEPEDOMETER?LSM6DSM

*** WARNING L16: UNCALLED SEGMENT, IGNORED FOR OVERLAY PROCESS
    SEGMENT: ?PR?_DELAY1US?DELAY

Program Size: data=121.2 xdata=4833 code=62642
LINK/LOCATE RUN COMPLETE.  8 WARNING(S),  0 ERROR(S)
