BL51 BANKED LINKER/LOCATER V6.22                                                        07/12/2021  07:25:00  PAGE 1


BL51 BANKED LINKER/LOCATER V6.22, INVOKED BY:
E:\INSTALL_FILES\KEIL\C51\BIN\BL51.EXE ..\Objects\PW02.obj, ..\Objects\oled.obj, ..\Objects\RDA5807M.obj, ..\Objects\PCF
>> 8563.obj, ..\Objects\BME280.obj, ..\Objects\Ellipsoid fitting.obj, ..\Objects\HMC5883L.obj, ..\Objects\LSM6DSM.obj, .
>> .\Objects\PowerManage.obj, ..\Objects\IIC.obj, ..\Objects\Sys.obj, ..\Objects\EEPROM.obj, ..\Objects\Buzzer.obj, ..\O
>> bjects\Delay.obj, ..\Objects\Display.obj, ..\Objects\main.obj TO ..\Objects\iWatch-v1.1 PRINT (..\Listings\iWatch-v1.
>> m51) RAMSIZE (256)


MEMORY MODEL: LARGE WITH FLOATING POINT ARITHMETIC


INPUT MODULES INCLUDED:
  ..\Objects\PW02.obj (PW02)
  ..\Objects\oled.obj (OLED)
  ..\Objects\RDA5807M.obj (RDA5807M)
  ..\Objects\PCF8563.obj (PCF8563)
  ..\Objects\BME280.obj (BME280)
  ..\Objects\Ellipsoid fitting.obj (ELLIPSOID_FITTING)
  ..\Objects\HMC5883L.obj (HMC5883L)
  ..\Objects\LSM6DSM.obj (LSM6DSM)
  ..\Objects\PowerManage.obj (POWERMANAGE)
  ..\Objects\IIC.obj (IIC)
  ..\Objects\Sys.obj (SYS)
  ..\Objects\EEPROM.obj (EEPROM)
  ..\Objects\Buzzer.obj (BUZZER)
  ..\Objects\Delay.obj (DELAY)
  ..\Objects\Display.obj (DISPLAY)
  ..\Objects\main.obj (MAIN)
  E:\INSTALL_FILES\KEIL\C51\LIB\C51FPL.LIB (?C?FPADD)
  E:\INSTALL_FILES\KEIL\C51\LIB\C51FPL.LIB (?C?FPMUL)
  E:\INSTALL_FILES\KEIL\C51\LIB\C51FPL.LIB (?C?FPDIV)
  E:\INSTALL_FILES\KEIL\C51\LIB\C51FPL.LIB (?C?FPCMP)
  E:\INSTALL_FILES\KEIL\C51\LIB\C51FPL.LIB (?C?FPNEG)
  E:\INSTALL_FILES\KEIL\C51\LIB\C51FPL.LIB (?C?FCAST)
  E:\INSTALL_FILES\KEIL\C51\LIB\C51FPL.LIB (?C?CASTF)
  E:\INSTALL_FILES\KEIL\C51\LIB\C51FPL.LIB (PRINTF)
  E:\INSTALL_FILES\KEIL\C51\LIB\C51FPL.LIB (SQRT)
  E:\INSTALL_FILES\KEIL\C51\LIB\C51FPL.LIB (ATAN2)
  E:\INSTALL_FILES\KEIL\C51\LIB\C51FPL.LIB (SIN)
  E:\INSTALL_FILES\KEIL\C51\LIB\C51FPL.LIB (ATAN)
  E:\INSTALL_FILES\KEIL\C51\LIB\C51FPL.LIB (ASIN)
  E:\INSTALL_FILES\KEIL\C51\LIB\C51FPL.LIB (POW)
  E:\INSTALL_FILES\KEIL\C51\LIB\C51FPL.LIB (?C?FPGETOPN)
  E:\INSTALL_FILES\KEIL\C51\LIB\C51FPL.LIB (?C?CHKFLOAT)
  E:\INSTALL_FILES\KEIL\C51\LIB\C51FPL.LIB (?C?FPROUND)
  E:\INSTALL_FILES\KEIL\C51\LIB\C51FPL.LIB (?C?FPCONVERT)
  E:\INSTALL_FILES\KEIL\C51\LIB\C51FPL.LIB (?C?FPSERIES)
  E:\INSTALL_FILES\KEIL\C51\LIB\C51FPL.LIB (EXP)
  E:\INSTALL_FILES\KEIL\C51\LIB\C51FPL.LIB (LOG)
  E:\INSTALL_FILES\KEIL\C51\LIB\C51FPL.LIB (?C?FTNPWR)
  E:\INSTALL_FILES\KEIL\C51\LIB\C51L.LIB (?C_STARTUP)
  E:\INSTALL_FILES\KEIL\C51\LIB\C51L.LIB (?C?COPY)
  E:\INSTALL_FILES\KEIL\C51\LIB\C51L.LIB (?C?CLDPTR)
  E:\INSTALL_FILES\KEIL\C51\LIB\C51L.LIB (?C?CLDOPTR)
  E:\INSTALL_FILES\KEIL\C51\LIB\C51L.LIB (?C?CILDOPTR)
  E:\INSTALL_FILES\KEIL\C51\LIB\C51L.LIB (?C?CSTPTR)
  E:\INSTALL_FILES\KEIL\C51\LIB\C51L.LIB (?C?CSTOPTR)
  E:\INSTALL_FILES\KEIL\C51\LIB\C51L.LIB (?C?UIDIV)
BL51 BANKED LINKER/LOCATER V6.22                                                      07/12/2021  07:25:00  PAGE 2


  E:\INSTALL_FILES\KEIL\C51\LIB\C51L.LIB (?C?SIDIV)
  E:\INSTALL_FILES\KEIL\C51\LIB\C51L.LIB (?C?IILDX)
  E:\INSTALL_FILES\KEIL\C51\LIB\C51L.LIB (?C?ILDIX)
  E:\INSTALL_FILES\KEIL\C51\LIB\C51L.LIB (?C?ILDPTR)
  E:\INSTALL_FILES\KEIL\C51\LIB\C51L.LIB (?C?ILDOPTR)
  E:\INSTALL_FILES\KEIL\C51\LIB\C51L.LIB (?C?ISTPTR)
  E:\INSTALL_FILES\KEIL\C51\LIB\C51L.LIB (?C?ISTOPTR)
  E:\INSTALL_FILES\KEIL\C51\LIB\C51L.LIB (?C?LMUL)
  E:\INSTALL_FILES\KEIL\C51\LIB\C51L.LIB (?C?SLDIV)
  E:\INSTALL_FILES\KEIL\C51\LIB\C51L.LIB (?C?LNEG)
  E:\INSTALL_FILES\KEIL\C51\LIB\C51L.LIB (?C?SLCMP)
  E:\INSTALL_FILES\KEIL\C51\LIB\C51L.LIB (?C?SLSHR)
  E:\INSTALL_FILES\KEIL\C51\LIB\C51L.LIB (?C?LSHL)
  E:\INSTALL_FILES\KEIL\C51\LIB\C51L.LIB (?C?LLDPTR)
  E:\INSTALL_FILES\KEIL\C51\LIB\C51L.LIB (?C?LLDOPTR)
  E:\INSTALL_FILES\KEIL\C51\LIB\C51L.LIB (?C?LSTPTR)
  E:\INSTALL_FILES\KEIL\C51\LIB\C51L.LIB (?C?LSTOPTR)
  E:\INSTALL_FILES\KEIL\C51\LIB\C51L.LIB (?C?LLDIDATA)
  E:\INSTALL_FILES\KEIL\C51\LIB\C51L.LIB (?C?LLDXDATA)
  E:\INSTALL_FILES\KEIL\C51\LIB\C51L.LIB (?C?LLDCODE)
  E:\INSTALL_FILES\KEIL\C51\LIB\C51L.LIB (?C?LLDIDATA0)
  E:\INSTALL_FILES\KEIL\C51\LIB\C51L.LIB (?C?LLDXDATA0)
  E:\INSTALL_FILES\KEIL\C51\LIB\C51L.LIB (?C?LLDCODE0)
  E:\INSTALL_FILES\KEIL\C51\LIB\C51L.LIB (?C?LSTIDATA)
  E:\INSTALL_FILES\KEIL\C51\LIB\C51L.LIB (?C?LSTXDATA)
  E:\INSTALL_FILES\KEIL\C51\LIB\C51L.LIB (?C?LSTKXDATA)
  E:\INSTALL_FILES\KEIL\C51\LIB\C51L.LIB (?C?OFFXADD)
  E:\INSTALL_FILES\KEIL\C51\LIB\C51L.LIB (?C?PLDIXDATA)
  E:\INSTALL_FILES\KEIL\C51\LIB\C51L.LIB (?C?PSTXDATA)
  E:\INSTALL_FILES\KEIL\C51\LIB\C51L.LIB (?C?CCASE)
  E:\INSTALL_FILES\KEIL\C51\LIB\C51L.LIB (PUTCHAR)
  E:\INSTALL_FILES\KEIL\C51\LIB\C51L.LIB (RAND)
  E:\INSTALL_FILES\KEIL\C51\LIB\C51L.LIB (STRCAT)
  E:\INSTALL_FILES\KEIL\C51\LIB\C51L.LIB (?C?STRCPY)
  E:\INSTALL_FILES\KEIL\C51\LIB\C51L.LIB (?C?MEMCMP)
  E:\INSTALL_FILES\KEIL\C51\LIB\C51L.LIB (?C_INIT)
  E:\INSTALL_FILES\KEIL\C51\LIB\C51L.LIB (?C?ULDIV)
  E:\INSTALL_FILES\KEIL\C51\LIB\C51L.LIB (?C?LLDPDATA)
  E:\INSTALL_FILES\KEIL\C51\LIB\C51L.LIB (?C?LSTPDATA)


LINK MAP OF MODULE:  ..\Objects\iWatch-v1.1 (PW02)


            TYPE    BASE      LENGTH    RELOCATION   SEGMENT NAME
            -----------------------------------------------------

            * * * * * * *   D A T A   M E M O R Y   * * * * * * *
            REG     0000H     0008H     ABSOLUTE     "REG BANK 0"
            REG     0008H     0008H     ABSOLUTE     "REG BANK 1"
            DATA    0010H     0002H     UNIT         ?DT?IIC
                    0012H     000EH                  *** GAP ***
            BIT     0020H.0   0002H.6   UNIT         ?BI?MAIN
            BIT     0022H.6   0001H.1   UNIT         _BIT_GROUP_
            BIT     0023H.7   0000H.2   UNIT         ?BI?PW02
            BIT     0024H.1   0000H.1   UNIT         ?BI?BUZZER
                    0024H.2   0000H.6                *** GAP ***
BL51 BANKED LINKER/LOCATER V6.22                                                      07/12/2021  07:25:00  PAGE 3


            DATA    0025H     0016H     UNIT         _DATA_GROUP_
            IDATA   003BH     0030H     UNIT         _IDATA_GROUP_
            IDATA   006BH     001CH     UNIT         ?ID?LSM6DSM
            IDATA   0087H     0001H     UNIT         ?STACK

            * * * * * * *  X D A T A   M E M O R Y  * * * * * * *
            XDATA   0000H     0C08H     UNIT         ?XD?DISPLAY
            XDATA   0C08H     035EH     UNIT         ?XD?MAIN
            XDATA   0F66H     00E3H     UNIT         _XDATA_GROUP_
            XDATA   1049H     00DAH     UNIT         ?XD?ELLIPSOID_FITTING
            XDATA   1123H     0081H     UNIT         ?XD?PW02
            XDATA   11A4H     0075H     UNIT         ?XD?SYS
            XDATA   1219H     0054H     UNIT         ?XD?POWERMANAGE
            XDATA   126DH     0036H     UNIT         ?XD?BME280
            XDATA   12A3H     0018H     UNIT         ?XD?RDA5807M
            XDATA   12BBH     0013H     UNIT         ?XD?HMC5883L
            XDATA   12CEH     0009H     UNIT         ?XD?BME280_CAL_MEAS_DELAY?BME280
            XDATA   12D7H     0004H     UNIT         ?XD?RAND?RAND
            XDATA   12DBH     0003H     UNIT         ?XD?_BME280SINGLEMEASUREMENT?BME280
            XDATA   12DEH     0003H     UNIT         ?XD?BUZZER

            * * * * * * *   C O D E   M E M O R Y   * * * * * * *
            CODE    0000H     0003H     ABSOLUTE     
            CODE    0003H     0008H     UNIT         ?PR?_PCF8563READBYTE?PCF8563
            CODE    000BH     0003H     ABSOLUTE     
            CODE    000EH     0004H     UNIT         ?PR?MCUSOFTRESET?SYS
                    0012H     0001H                  *** GAP ***
            CODE    0013H     0003H     ABSOLUTE     
            CODE    0016H     002CH     UNIT         ?PR?SYSTEMPOWERDOWN?POWERMANAGE
                    0042H     0001H                  *** GAP ***
            CODE    0043H     0003H     ABSOLUTE     
            CODE    0046H     000DH     UNIT         ?PR?_HMC5883L_WRITE_BYTE?HMC5883L
            CODE    0053H     0003H     ABSOLUTE     
            CODE    0056H     0004H     UNIT         ?PR?ENABLEWATCHDOG?SYS
                    005AH     0001H                  *** GAP ***
            CODE    005BH     0003H     ABSOLUTE     
            CODE    005EH     003DH     UNIT         ?PR?_UART2SENDSTR?PW02
            CODE    009BH     0003H     ABSOLUTE     
            CODE    009EH     0004H     UNIT         ?PR?FEEDWATCHDOG?SYS
                    00A2H     0001H                  *** GAP ***
            CODE    00A3H     0003H     ABSOLUTE     
            CODE    00A6H     442BH     UNIT         ?PR?MAIN?MAIN
            CODE    44D1H     233EH     UNIT         ?CO?MAIN
            CODE    680FH     0E96H     UNIT         ?C?LIB_CODE
            CODE    76A5H     0E4EH     UNIT         ?C_INITSEG
            CODE    84F3H     0C4AH     UNIT         ?CO?DISPLAY
            CODE    913DH     0872H     UNIT         ?PR?_IMUUPDATE?LSM6DSM
            CODE    99AFH     0483H     UNIT         ?PR?PRINTF?PRINTF
            CODE    9E32H     03FDH     UNIT         ?PR?_SCREENPUSHANIMATION?DISPLAY
            CODE    A22FH     03B9H     UNIT         ?PR?COMPENSATE_PRESSURE?BME280
            CODE    A5E8H     037FH     UNIT         ?PR?_ELLIPSOID_FITTING_PROCESS?ELLIPSOID_FITTING
            CODE    A967H     0334H     UNIT         ?PR?_SHOWSTRING?DISPLAY
            CODE    AC9BH     0282H     UNIT         ?PR?_DRAWLINE?DISPLAY
            CODE    AF1DH     026AH     UNIT         ?PR?_DISPLAYTIME?DISPLAY
            CODE    B187H     0252H     UNIT         ?PR?COMPENSATE_HUMIDITY?BME280
            CODE    B3D9H     0240H     UNIT         ?PR?_HMC5883L_GET_ANGLEXY?HMC5883L
            CODE    B619H     01FEH     UNIT         ?PR?_DRAWARM?DISPLAY
BL51 BANKED LINKER/LOCATER V6.22                                                      07/12/2021  07:25:00  PAGE 4


            CODE    B817H     01F2H     UNIT         ?PR?_DRAWSELECTIONFRAME?DISPLAY
            CODE    BA09H     01EBH     UNIT         ?PR?_BMPTOCACHE?DISPLAY
            CODE    BBF4H     01DBH     UNIT         ?PR?COMPENSATE_TEMPERATURE?BME280
            CODE    BDCFH     018CH     UNIT         ?PR?_MATRIX_SOLVE?ELLIPSOID_FITTING
            CODE    BF5BH     0188H     UNIT         ?PR?SIN?SIN
            CODE    C0E3H     0181H     UNIT         ?PR?GETBATTERYLIFE?POWERMANAGE
            CODE    C264H     0180H     UNIT         ?PR?BME280READCOMPENSATIONPARAMETER?BME280
            CODE    C3E4H     0173H     UNIT         ?PR?_CALCDATA_INPUT?ELLIPSOID_FITTING
            CODE    C557H     0166H     UNIT         ?PR?_POW?POW
            CODE    C6BDH     014BH     UNIT         ?PR?_READ_HMC5883L?HMC5883L
            CODE    C808H     012BH     UNIT         ?PR?_SCREEROLLDOWN?DISPLAY
            CODE    C933H     0129H     UNIT         ?PR?LOG?LOG
            CODE    CA5CH     0122H     UNIT         ?PR?ATAN?ATAN
            CODE    CB7EH     0120H     UNIT         ?PR?PW02INIT?PW02
            CODE    CC9EH     011FH     UNIT         ?PR?TM3_IST?MAIN
            CODE    CDBDH     011AH     UNIT         ?PR?SENSORINIT?MAIN
            CODE    CED7H     0114H     UNIT         ?PR?_SCREEROLLUP?DISPLAY
            CODE    CFEBH     0109H     UNIT         ?PR?MATRIX_GAUSSELIMINATION?ELLIPSOID_FITTING
            CODE    D0F4H     0105H     UNIT         ?PR?_PCF8563READTIME?PCF8563
            CODE    D1F9H     00FEH     UNIT         ?PR?BME280_CAL_MEAS_DELAY?BME280
            CODE    D2F7H     00EAH     UNIT         ?PR?_ROW2_SWOP_ROW1?ELLIPSOID_FITTING
            CODE    D3E1H     00D8H     UNIT         ?PR?BME280READSENSORRAWDATA?BME280
            CODE    D4B9H     00D7H     UNIT         ?PR?PW02CHECKCONNECTION?PW02
            CODE    D590H     00D5H     UNIT         ?PR?GETBATTERYVOLTAGE?POWERMANAGE
            CODE    D665H     00C2H     UNIT         ?PR?_PCF8563SETALARM?PCF8563
            CODE    D727H     00BEH     UNIT         ?CO?PW02
            CODE    D7E5H     00B3H     UNIT         ?PR?_LSM6DSMREADGYRANDACC?LSM6DSM
            CODE    D898H     00AFH     UNIT         ?PR?_RDA5807MSETFQ?RDA5807M
            CODE    D947H     00AFH     UNIT         ?PR?_EEPROMREADCONFIGURATION?SYS
            CODE    D9F6H     00ACH     UNIT         ?PR?SQRT?SQRT
            CODE    DAA2H     00ABH     UNIT         ?PR?_RDA5807MSEEK?RDA5807M
            CODE    DB4DH     00A7H     UNIT         ?PR?_ROW2_ADD_KROW1?ELLIPSOID_FITTING
            CODE    DBF4H     00A1H     UNIT         ?PR?OLED_INIT?OLED
            CODE    DC95H     009DH     UNIT         ?PR?_ATAN2?ATAN2
            CODE    DD32H     009AH     UNIT         ?PR?EXP?EXP
            CODE    DDCCH     0099H     UNIT         ?PR?_MOVEBIGGESTELEMENT_TO_TOP?ELLIPSOID_FITTING
            CODE    DE65H     0099H     UNIT         ?PR?_LSM6DSMENABLEAWT?LSM6DSM
            CODE    DEFEH     0099H     UNIT         ?PR?TM4_ISR?BUZZER
            CODE    DF97H     008CH     UNIT         ?C_C51STARTUP
            CODE    E023H     0080H     UNIT         ?PR?CALCDATA_INPUT_AVERAGE?ELLIPSOID_FITTING
            CODE    E0A3H     007DH     UNIT         ?PR?_CLEARCACHEAREA?DISPLAY
            CODE    E120H     007AH     UNIT         ?PR?UART2_ISR?PW02
            CODE    E19AH     0077H     UNIT         ?PR?_PW02SETNAME?PW02
            CODE    E211H     0075H     UNIT         ?PR?_EEPROMWRITECONFIGURATION?SYS
            CODE    E286H     006FH     UNIT         ?PR?_I2C_READ_MULTIBYTES?IIC
            CODE    E2F5H     006DH     UNIT         ?PR?_SENDATCOMMAND?PW02
            CODE    E362H     006CH     UNIT         ?PR?MATRIX_ROWSIMPLIFY?ELLIPSOID_FITTING
            CODE    E3CEH     006BH     UNIT         ?PR?_STRCAT?STRCAT
            CODE    E439H     0067H     UNIT         ?PR?RDA5807MINIT?RDA5807M
            CODE    E4A0H     0065H     UNIT         ?PR?_PCF8563WRITEDATE?PCF8563
            CODE    E505H     0063H     UNIT         ?PR?_PW02SETADVT?PW02
            CODE    E568H     0062H     UNIT         ?PR?RDA5807MREADRGES?RDA5807M
            CODE    E5CAH     0061H     UNIT         ?PR?_K_MUILTPLY_ROW?ELLIPSOID_FITTING
            CODE    E62BH     0061H     UNIT         ?PR?_SCREENREFRESHAREA?DISPLAY
            CODE    E68CH     005EH     UNIT         ?PR?_PW02SETBUAD?PW02
            CODE    E6EAH     005BH     UNIT         ?PR?_ABS?ELLIPSOID_FITTING
            CODE    E745H     005AH     UNIT         ?PR?RDA5807MWRITEREGS?RDA5807M
BL51 BANKED LINKER/LOCATER V6.22                                                      07/12/2021  07:25:00  PAGE 5


            CODE    E79FH     005AH     UNIT         ?PR?LSM6DSMINIT?LSM6DSM
            CODE    E7F9H     0058H     UNIT         ?PR?BME280INIT?BME280
            CODE    E851H     0055H     UNIT         ?PR?HMC5883L_INIT?HMC5883L
            CODE    E8A6H     0055H     UNIT         ?PR?_DRAWDOT?DISPLAY
            CODE    E8FBH     0054H     UNIT         ?PR?_I2C_NOADDR_WRITE_MULTIBYTES?IIC
            CODE    E94FH     0052H     UNIT         ?PR?_DISPLAYINIT?DISPLAY
            CODE    E9A1H     0050H     UNIT         ?PR?INT1_ISR?MAIN
            CODE    E9F1H     004DH     UNIT         ?PR?_PCF8563WRITETIME?PCF8563
            CODE    EA3EH     004DH     UNIT         ?PR?RAND?RAND
            CODE    EA8BH     004AH     UNIT         ?PR?_OLED_DRAWBMP?OLED
            CODE    EAD5H     004AH     UNIT         ?PR?_LSM6DSMENABLEPEDOMETER?LSM6DSM
            CODE    EB1FH     0047H     UNIT         ?PR?_BME280GETSENSORDATA?BME280
            CODE    EB66H     0046H     UNIT         ?PR?RDA5807MGETCURRENTFQ?RDA5807M
            CODE    EBACH     0046H     UNIT         ?PR?RESETMATRIX?ELLIPSOID_FITTING
            CODE    EBF2H     0045H     UNIT         ?PR?_EEPROM_READ_N?EEPROM
            CODE    EC37H     0045H     UNIT         ?PR?_EEPROM_WRITE_N?EEPROM
            CODE    EC7CH     0044H     UNIT         ?PR?_HMC5883L_SET_CALIBRATION_VALUE?HMC5883L
            CODE    ECC0H     0044H     UNIT         ?PR?_I2C_NOADDR_READ_MULTIBYTES?IIC
            CODE    ED04H     0044H     UNIT         ?C?LDIV
            CODE    ED48H     003CH     UNIT         ?PR?_CLEARCACHE?DISPLAY
            CODE    ED84H     003BH     UNIT         ?PR?ASIN?ASIN
            CODE    EDBFH     003AH     UNIT         ?PR?_PCF8563SETREGISTERBITS?PCF8563
            CODE    EDF9H     003AH     UNIT         ?PR?_LSM6DSMRSETREGISTERBITS?LSM6DSM
            CODE    EE33H     003AH     UNIT         ?PR?_SINGLE_READIIC?IIC
            CODE    EE6DH     0039H     UNIT         ?PR?RDA5807MGETCURRENTRSSI?RDA5807M
            CODE    EEA6H     0039H     UNIT         ?PR?BUZZERINIT?BUZZER
            CODE    EEDFH     0037H     UNIT         ?PR?_PCF8563ENABLETIMER?PCF8563
            CODE    EF16H     0033H     UNIT         ?PR?SYSINIT?SYS
            CODE    EF49H     0032H     UNIT         ?PR?SAVESCREEN?DISPLAY
            CODE    EF7BH     002FH     UNIT         ?PR?PININIT?SYS
            CODE    EFAAH     002EH     UNIT         ?PR?_PW02GETRXDATA?PW02
            CODE    EFD8H     002BH     UNIT         ?PR?SYSTEMDEEPPOWERDOWN?POWERMANAGE
            CODE    F003H     0029H     UNIT         ?PR?_SINGLE_WRITEIIC?IIC
            CODE    F02CH     0028H     UNIT         ?PR?PW02ENTERATMODE?PW02
            CODE    F054H     0028H     UNIT         ?PR?PW02EXITATMODE?PW02
            CODE    F07CH     0028H     UNIT         ?PR?_RDA5807MSETVOLUME?RDA5807M
            CODE    F0A4H     0027H     UNIT         ?PR?PW02GETRSSI?PW02
            CODE    F0CBH     0027H     UNIT         ?PR?_BME280WRITEBYTE?BME280
            CODE    F0F2H     0027H     UNIT         ?PR?LSM6DSMENABLETAPDETECTION?LSM6DSM
            CODE    F119H     0027H     UNIT         ?PR?PUTCHAR?PUTCHAR
            CODE    F140H     0026H     UNIT         ?PR?_EEPROM_SECTORERASE?EEPROM
            CODE    F166H     0025H     UNIT         ?PR?PCF8563DISABLEALARM?PCF8563
            CODE    F18BH     0024H     UNIT         ?PR?_BME280SINGLEMEASUREMENT?BME280
            CODE    F1AFH     0024H     UNIT         ?PR?KEYSCAN?MAIN
            CODE    F1D3H     0022H     UNIT         ?PR?WAIT?IIC
            CODE    F1F5H     0022H     UNIT         ?PR?I2C_STOP?IIC
            CODE    F217H     0022H     UNIT         ?PR?INT2_ISR?MAIN
            CODE    F239H     0020H     UNIT         ?CO?ELLIPSOID_FITTING
            CODE    F259H     001FH     UNIT         ?PR?OLED_CLEAR?OLED
            CODE    F278H     001EH     UNIT         ?PR?_OLED_SET_POS?OLED
            CODE    F296H     001EH     UNIT         ?PR?_BME280SETMODE?BME280
            CODE    F2B4H     001BH     UNIT         ?PR?_ADCREAD?POWERMANAGE
            CODE    F2CFH     001BH     UNIT         ?PR?TM0_ISR?MAIN
            CODE    F2EAH     001AH     UNIT         ?PR?_OLED_WR_BYTE?OLED
            CODE    F304H     001AH     UNIT         ?PR?_DELAY1MS?DELAY
            CODE    F31EH     0019H     UNIT         ?PR?_DELAY_MS?OLED
            CODE    F337H     0019H     UNIT         ?PR?LSM6DSMGETCURRENTSTEP?LSM6DSM
BL51 BANKED LINKER/LOCATER V6.22                                                      07/12/2021  07:25:00  PAGE 6


            CODE    F350H     0019H     UNIT         ?PR?LSM6DSMRESETSTEPCOUNTER?LSM6DSM
            CODE    F369H     0019H     UNIT         ?PR?UARTINIT?SYS
            CODE    F382H     0017H     UNIT         ?PR?_SCREENSETDIRECTION?DISPLAY
            CODE    F399H     0015H     UNIT         ?PR?_PCF8563WRITEBYTE?PCF8563
            CODE    F3AEH     0015H     UNIT         ?PR?_BME280CONTINUOUSMEASUREMENT?BME280
            CODE    F3C3H     0015H     UNIT         ?PR?_BUZZERONOFF?BUZZER
            CODE    F3D8H     0015H     UNIT         ?PR?BEE?BUZZER
            CODE    F3EDH     0015H     UNIT         ?PR?_DELAY1US?DELAY
            CODE    F402H     0013H     UNIT         ?PR?UART2INIT?SYS
            CODE    F415H     0012H     UNIT         ?PR?PCF8563DISABLETIMER?PCF8563
            CODE    F427H     0012H     UNIT         ?PR?IIC_INIT?IIC
            CODE    F439H     0011H     UNIT         ?PR?OLED_DISPLAY_ON?OLED
            CODE    F44AH     0011H     UNIT         ?PR?_OLED_HORIZENTAL_REVERSE?OLED
            CODE    F45BH     0011H     UNIT         ?PR?_OLED_VERTICAL_REVERSE?OLED
            CODE    F46CH     0011H     UNIT         ?PR?_OLED_INVERSE?OLED
            CODE    F47DH     0011H     UNIT         ?PR?I2C_START?IIC
            CODE    F48EH     0010H     UNIT         ?PR?_PCF8563ENABLECLOCKOUPUT?PCF8563
            CODE    F49EH     0010H     UNIT         ?PR?CHECKHMC5883LCONNECTION?HMC5883L
            CODE    F4AEH     0010H     UNIT         ?PR?LSM6DSMSOFTRESET?LSM6DSM
            CODE    F4BEH     0010H     UNIT         ?PR?TIMER3INIT?SYS
            CODE    F4CEH     000FH     UNIT         ?PR?LSM6DSMCHECKCONNECTION?LSM6DSM
            CODE    F4DDH     000FH     UNIT         ?PR?I2C_RECVHYTE?IIC
            CODE    F4ECH     000FH     UNIT         ?PR?I2C_SENDNAK?IIC
            CODE    F4FBH     000FH     UNIT         ?PR?BEEBEEBEE?BUZZER
            CODE    F50AH     000EH     UNIT         ?PR?_OLED_SET_BRIGHTNESS?OLED
            CODE    F518H     000EH     UNIT         ?PR?BME280CHECKCONNECTION?BME280
            CODE    F526H     000EH     UNIT         ?PR?BME280SOFTRESET?BME280
            CODE    F534H     000EH     UNIT         ?PR?_I2D_SENDBYTE?IIC
            CODE    F542H     000EH     UNIT         ?PR?I2C_SENDACK?IIC
            CODE    F550H     000EH     UNIT         ?PR?DISABLEEEPROM?EEPROM
            CODE    F55EH     000DH     UNIT         ?PR?_LSM6DSMWRITEBYTE?LSM6DSM
            CODE    F56BH     000DH     UNIT         ?PR?_BATTERYCHARGEENABLE?POWERMANAGE
            CODE    F578H     000DH     UNIT         ?PR?TIMER0INIT?SYS
            CODE    F585H     000CH     UNIT         ?PR?OLED_DISPLAY_OFF?OLED
            CODE    F591H     000CH     UNIT         ?PR?SYSTEMPOWERON?POWERMANAGE
            CODE    F59DH     000CH     UNIT         ?PR?INITCONFIG?SYS
            CODE    F5A9H     000BH     UNIT         ?PR?_HMC5883L_SET_MODE?HMC5883L
            CODE    F5B4H     000BH     UNIT         ?PR?_SCREENSETBRIGHTNESS?DISPLAY
            CODE    F5BFH     000AH     UNIT         ?PR?_PW02SETMODE?PW02
            CODE    F5C9H     000AH     UNIT         ?PR?RDA5807MSETMUTE?RDA5807M
            CODE    F5D3H     000AH     UNIT         ?PR?RDA5807MPOWERUP?RDA5807M
            CODE    F5DDH     000AH     UNIT         ?PR?RDA5807MPOWERDOWN?RDA5807M
            CODE    F5E7H     000AH     UNIT         ?PR?PCF8563READINTSRC?PCF8563
            CODE    F5F1H     000AH     UNIT         ?PR?_SCREENONOFF?DISPLAY
            CODE    F5FBH     0009H     UNIT         ?PR?PW02REST?PW02
            CODE    F604H     0009H     UNIT         ?PR?PCF8563CLEARALARMFLAG?PCF8563
            CODE    F60DH     0009H     UNIT         ?PR?PCF8563CLEARTIMERFLAG?PCF8563
            CODE    F616H     0009H     UNIT         ?PR?LSM6DSMENABLEEMBEDDEDFUNC?LSM6DSM
            CODE    F61FH     0009H     UNIT         ?PR?LSM6DSMDISABLEPEDOMETER?LSM6DSM
            CODE    F628H     0009H     UNIT         ?PR?I2C_RECVACK?IIC
            CODE    F631H     0009H     UNIT         ?PR?_ENABLEBUZZER?BUZZER
            CODE    F63AH     0008H     UNIT         ?PR?_BME280READBYTE?BME280
            CODE    F642H     0008H     UNIT         ?PR?_HMC5883L_READ_BYTE?HMC5883L
            CODE    F64AH     0008H     UNIT         ?PR?_LSM6DSMREADBYTE?LSM6DSM
            CODE    F652H     0008H     UNIT         ?PR?_LSM6DSMCONFIGACC?LSM6DSM
            CODE    F65AH     0008H     UNIT         ?PR?_LSM6DSMCONFIGGYR?LSM6DSM
            CODE    F662H     0008H     UNIT         ?PR?_LED?SYS
BL51 BANKED LINKER/LOCATER V6.22                                                      07/12/2021  07:25:00  PAGE 7


            CODE    F66AH     0007H     UNIT         ?PR?PCF8563INIT?PCF8563
            CODE    F671H     0007H     UNIT         ?PR?ADCINIT?POWERMANAGE
            CODE    F678H     0006H     UNIT         ?CO?BME280
            CODE    F67EH     0006H     UNIT         ?PR?_ENABLE3V3OUTPUT?POWERMANAGE
            CODE    F684H     0003H     UNIT         ?PR?_SCREENREFRESHALL?DISPLAY
            CODE    F687H     0003H     UNIT         ?PR?_SCREENSETINVERSE?DISPLAY
            CODE    F68AH     0003H     UNIT         ?PR?INT3_ISR?MAIN



OVERLAY MAP OF MODULE:   ..\Objects\iWatch-v1.1 (PW02)


SEGMENT                                             BIT_GROUP          DATA_GROUP          IDATA_GROUP         XDATA_GRO
>> UP
  +--> CALLED SEGMENT                            START    LENGTH     START    LENGTH     START    LENGTH     START    LE
>> NGTH
------------------------------------------------------------------------------------------------------------------------
>> ----
?PR?TM4_ISR?BUZZER                               -----    -----      -----    -----      -----    -----      -----    --
>> ---
  +--> ?PR?_BUZZERONOFF?BUZZER

*** NEW ROOT ***************************************************

?PR?TM3_IST?MAIN                                 -----    -----      -----    -----      -----    -----      -----    --
>> ---
  +--> ?PR?MCUSOFTRESET?SYS
  +--> ?PR?KEYSCAN?MAIN
  +--> ?PR?BEE?BUZZER
  +--> ?PR?_LED?SYS

?PR?BEE?BUZZER                                   -----    -----      -----    -----      -----    -----      -----    --
>> ---
  +--> ?PR?_BUZZERONOFF?BUZZER

*** NEW ROOT ***************************************************

?PR?INT1_ISR?MAIN                                -----    -----      -----    -----      -----    -----      -----    --
>> ---
  +--> ?PR?BEE?BUZZER
  +--> ?PR?_SCREENONOFF?DISPLAY

?PR?_SCREENONOFF?DISPLAY                         -----    -----      -----    -----      -----    -----      -----    --
>> ---
  +--> ?PR?OLED_DISPLAY_ON?OLED
  +--> ?PR?OLED_DISPLAY_OFF?OLED

?PR?OLED_DISPLAY_ON?OLED                         -----    -----      -----    -----      -----    -----      -----    --
>> ---
  +--> ?PR?_OLED_WR_BYTE?OLED

?PR?OLED_DISPLAY_OFF?OLED                        -----    -----      -----    -----      -----    -----      -----    --
>> ---
  +--> ?PR?_OLED_WR_BYTE?OLED

*** NEW ROOT ***************************************************
BL51 BANKED LINKER/LOCATER V6.22                                                      07/12/2021  07:25:00  PAGE 8



?C_C51STARTUP                                    -----    -----      -----    -----      -----    -----      -----    --
>> ---
  +--> ?PR?MAIN?MAIN
  +--> ?C_INITSEG

?PR?MAIN?MAIN                                    -----    -----      -----    -----      -----    -----      0F66H    00
>> 80H
  +--> ?PR?SYSINIT?SYS
  +--> ?PR?_DISPLAYINIT?DISPLAY
  +--> ?PR?FEEDWATCHDOG?SYS
  +--> ?PR?_SCREENPUSHANIMATION?DISPLAY
  +--> ?PR?_PCF8563READTIME?PCF8563
  +--> ?PR?_DISPLAYTIME?DISPLAY
  +--> ?PR?_CLEARCACHEAREA?DISPLAY
  +--> ?CO?MAIN
  +--> ?PR?_BMPTOCACHE?DISPLAY
  +--> ?PR?PRINTF?PRINTF
  +--> ?PR?_STRCAT?STRCAT
  +--> ?PR?_SHOWSTRING?DISPLAY
  +--> ?PR?GETBATTERYLIFE?POWERMANAGE
  +--> ?PR?SAVESCREEN?DISPLAY
  +--> ?PR?_CLEARCACHE?DISPLAY
  +--> ?PR?_LSM6DSMCONFIGACC?LSM6DSM
  +--> ?PR?_LSM6DSMCONFIGGYR?LSM6DSM
  +--> ?PR?_LSM6DSMREADGYRANDACC?LSM6DSM
  +--> ?PR?_IMUUPDATE?LSM6DSM
  +--> ?PR?_DRAWSELECTIONFRAME?DISPLAY
  +--> ?PR?_SCREENREFRESHALL?DISPLAY
  +--> ?PR?_PCF8563ENABLECLOCKOUPUT?PCF8563
  +--> ?PR?LSM6DSMGETCURRENTSTEP?LSM6DSM
  +--> ?PR?_BME280CONTINUOUSMEASUREMENT?BME280
  +--> ?PR?_BME280GETSENSORDATA?BME280
  +--> ?PR?_POW?POW
  +--> ?PR?_BME280SETMODE?BME280
  +--> ?PR?RDA5807MPOWERUP?RDA5807M
  +--> ?PR?_RDA5807MSETFQ?RDA5807M
  +--> ?PR?_RDA5807MSETVOLUME?RDA5807M
  +--> ?PR?_RDA5807MSEEK?RDA5807M
  +--> ?PR?RDA5807MPOWERDOWN?RDA5807M
  +--> ?PR?_EEPROMWRITECONFIGURATION?SYS
  +--> ?PR?_HMC5883L_SET_MODE?HMC5883L
  +--> ?PR?_HMC5883L_SET_CALIBRATION_VALUE?H...
  +--> ?PR?_READ_HMC5883L?HMC5883L
  +--> ?PR?_HMC5883L_GET_ANGLEXY?HMC5883L
  +--> ?PR?_DRAWARM?DISPLAY
  +--> ?PR?RESETMATRIX?ELLIPSOID_FITTING
  +--> ?PR?_CALCDATA_INPUT?ELLIPSOID_FITTING
  +--> ?PR?BEE?BUZZER
  +--> ?PR?_ELLIPSOID_FITTING_PROCESS?ELLIPS...
  +--> ?PR?PW02INIT?PW02
  +--> ?PR?_PW02SETMODE?PW02
  +--> ?PR?PW02CHECKCONNECTION?PW02
  +--> ?PR?_PW02GETRXDATA?PW02
  +--> ?PR?PW02EXITATMODE?PW02
  +--> ?PR?_SCREENSETINVERSE?DISPLAY
  +--> ?PR?_DRAWDOT?DISPLAY
BL51 BANKED LINKER/LOCATER V6.22                                                      07/12/2021  07:25:00  PAGE 9


  +--> ?PR?_SCREENSETBRIGHTNESS?DISPLAY
  +--> ?PR?_LED?SYS
  +--> ?PR?_SCREEROLLDOWN?DISPLAY
  +--> ?PR?_SCREEROLLUP?DISPLAY
  +--> ?PR?_PCF8563WRITETIME?PCF8563
  +--> ?PR?_PCF8563WRITEDATE?PCF8563
  +--> ?PR?_PCF8563SETALARM?PCF8563
  +--> ?PR?PCF8563DISABLEALARM?PCF8563
  +--> ?PR?_SCREENSETDIRECTION?DISPLAY
  +--> ?PR?_ENABLEBUZZER?BUZZER
  +--> ?PR?MCUSOFTRESET?SYS
  +--> ?PR?RAND?RAND
  +--> ?PR?_SCREENONOFF?DISPLAY
  +--> ?PR?SYSTEMPOWERON?POWERMANAGE
  +--> ?PR?SENSORINIT?MAIN
  +--> ?PR?_PCF8563ENABLETIMER?PCF8563
  +--> ?PR?SYSTEMPOWERDOWN?POWERMANAGE
  +--> ?PR?SYSTEMDEEPPOWERDOWN?POWERMANAGE
  +--> ?PR?_ENABLE3V3OUTPUT?POWERMANAGE
  +--> ?PR?_DELAY1MS?DELAY
  +--> ?PR?PCF8563READINTSRC?PCF8563
  +--> ?PR?PCF8563CLEARALARMFLAG?PCF8563
  +--> ?PR?BEEBEEBEE?BUZZER
  +--> ?PR?PCF8563CLEARTIMERFLAG?PCF8563
  +--> ?PR?LSM6DSMRESETSTEPCOUNTER?LSM6DSM

?PR?SYSINIT?SYS                                  -----    -----      -----    -----      -----    -----      -----    --
>> ---
  +--> ?PR?PININIT?SYS
  +--> ?PR?UARTINIT?SYS
  +--> ?PR?UART2INIT?SYS
  +--> ?PR?TIMER0INIT?SYS
  +--> ?PR?TIMER3INIT?SYS
  +--> ?PR?INITCONFIG?SYS
  +--> ?PR?ADCINIT?POWERMANAGE
  +--> ?PR?IIC_INIT?IIC
  +--> ?PR?ENABLEWATCHDOG?SYS
  +--> ?PR?_EEPROMREADCONFIGURATION?SYS
  +--> ?PR?_LED?SYS
  +--> ?PR?_DELAY1MS?DELAY

?PR?_EEPROMREADCONFIGURATION?SYS                 -----    -----      -----    -----      -----    -----      0FE6H    00
>> 06H
  +--> ?PR?_EEPROM_READ_N?EEPROM

?PR?_EEPROM_READ_N?EEPROM                        -----    -----      -----    -----      -----    -----      0FECH    00
>> 07H
  +--> ?PR?DISABLEEEPROM?EEPROM

?PR?_DISPLAYINIT?DISPLAY                         -----    -----      -----    -----      -----    -----      0FE6H    00
>> 03H
  +--> ?PR?OLED_INIT?OLED
  +--> ?PR?_SCREENSETBRIGHTNESS?DISPLAY
  +--> ?PR?_SCREENSETDIRECTION?DISPLAY
  +--> ?PR?_SCREENSETINVERSE?DISPLAY
  +--> ?PR?_SCREENONOFF?DISPLAY

BL51 BANKED LINKER/LOCATER V6.22                                                      07/12/2021  07:25:00  PAGE 10


?PR?OLED_INIT?OLED                               -----    -----      -----    -----      -----    -----      -----    --
>> ---
  +--> ?PR?_DELAY_MS?OLED
  +--> ?PR?_OLED_WR_BYTE?OLED
  +--> ?PR?OLED_CLEAR?OLED
  +--> ?PR?_OLED_SET_POS?OLED

?PR?OLED_CLEAR?OLED                              -----    -----      -----    -----      -----    -----      -----    --
>> ---
  +--> ?PR?_OLED_WR_BYTE?OLED

?PR?_OLED_SET_POS?OLED                           -----    -----      -----    -----      -----    -----      -----    --
>> ---
  +--> ?PR?_OLED_WR_BYTE?OLED

?PR?_SCREENSETBRIGHTNESS?DISPLAY                 -----    -----      -----    -----      -----    -----      -----    --
>> ---
  +--> ?PR?_OLED_SET_BRIGHTNESS?OLED

?PR?_OLED_SET_BRIGHTNESS?OLED                    -----    -----      -----    -----      -----    -----      -----    --
>> ---
  +--> ?PR?_OLED_WR_BYTE?OLED

?PR?_SCREENSETDIRECTION?DISPLAY                  -----    -----      -----    -----      -----    -----      -----    --
>> ---
  +--> ?PR?_OLED_HORIZENTAL_REVERSE?OLED
  +--> ?PR?_OLED_VERTICAL_REVERSE?OLED

?PR?_OLED_HORIZENTAL_REVERSE?OLED                -----    -----      -----    -----      -----    -----      -----    --
>> ---
  +--> ?PR?_OLED_WR_BYTE?OLED

?PR?_OLED_VERTICAL_REVERSE?OLED                  -----    -----      -----    -----      -----    -----      -----    --
>> ---
  +--> ?PR?_OLED_WR_BYTE?OLED

?PR?_SCREENSETINVERSE?DISPLAY                    -----    -----      -----    -----      -----    -----      -----    --
>> ---
  +--> ?PR?_OLED_INVERSE?OLED

?PR?_OLED_INVERSE?OLED                           -----    -----      -----    -----      -----    -----      -----    --
>> ---
  +--> ?PR?_OLED_WR_BYTE?OLED

?PR?_SCREENPUSHANIMATION?DISPLAY                 -----    -----      0025H    0008H      -----    -----      0FE6H    00
>> 04H
  +--> ?PR?_OLED_DRAWBMP?OLED

?PR?_OLED_DRAWBMP?OLED                           -----    -----      0037H    0004H      -----    -----      -----    --
>> ---
  +--> ?PR?_OLED_WR_BYTE?OLED

?PR?_PCF8563READTIME?PCF8563                     -----    -----      -----    -----      -----    -----      0FE6H    00
>> 0AH
  +--> ?PR?_I2C_READ_MULTIBYTES?IIC

?PR?_I2C_READ_MULTIBYTES?IIC                     -----    -----      -----    -----      -----    -----      100CH    00
BL51 BANKED LINKER/LOCATER V6.22                                                      07/12/2021  07:25:00  PAGE 11


>> 07H
  +--> ?PR?I2C_START?IIC
  +--> ?PR?I2C_RECVACK?IIC
  +--> ?PR?I2C_SENDACK?IIC
  +--> ?PR?I2C_STOP?IIC

?PR?I2C_START?IIC                                -----    -----      -----    -----      -----    -----      -----    --
>> ---
  +--> ?PR?WAIT?IIC

?PR?I2C_RECVACK?IIC                              -----    -----      -----    -----      -----    -----      -----    --
>> ---
  +--> ?PR?WAIT?IIC

?PR?I2C_SENDACK?IIC                              -----    -----      -----    -----      -----    -----      -----    --
>> ---
  +--> ?PR?WAIT?IIC

?PR?I2C_STOP?IIC                                 -----    -----      -----    -----      -----    -----      -----    --
>> ---
  +--> ?PR?I2C_SENDNAK?IIC
  +--> ?PR?WAIT?IIC

?PR?I2C_SENDNAK?IIC                              -----    -----      -----    -----      -----    -----      -----    --
>> ---
  +--> ?PR?WAIT?IIC

?PR?_DISPLAYTIME?DISPLAY                         -----    -----      -----    -----      -----    -----      0FE6H    00
>> 12H
  +--> ?CO?DISPLAY
  +--> ?PR?_OLED_DRAWBMP?OLED

?PR?_CLEARCACHEAREA?DISPLAY                      -----    -----      0025H    0006H      -----    -----      0FE6H    00
>> 07H

?PR?_BMPTOCACHE?DISPLAY                          -----    -----      0025H    0008H      -----    -----      0FE6H    00
>> 0BH

?PR?PRINTF?PRINTF                                0022H.6  0001H.1    0025H    0005H      -----    -----      1019H    00
>> 30H
  +--> ?PR?PUTCHAR?PUTCHAR

?PR?_STRCAT?STRCAT                               -----    -----      -----    -----      -----    -----      1006H    00
>> 09H

?PR?_SHOWSTRING?DISPLAY                          -----    -----      0025H    000AH      -----    -----      0FEAH    00
>> 0BH
  +--> ?CO?DISPLAY
  +--> ?PR?_SCREEROLLUP?DISPLAY
  +--> ?PR?_CLEARCACHE?DISPLAY
  +--> ?PR?_SCREENREFRESHAREA?DISPLAY

?PR?_SCREEROLLUP?DISPLAY                         -----    -----      002FH    0008H      -----    -----      0FF5H    00
>> 04H
  +--> ?PR?_OLED_DRAWBMP?OLED

?PR?_CLEARCACHE?DISPLAY                          -----    -----      002FH    0002H      -----    -----      0FF5H    00
BL51 BANKED LINKER/LOCATER V6.22                                                      07/12/2021  07:25:00  PAGE 12


>> 03H

?PR?_SCREENREFRESHAREA?DISPLAY                   -----    -----      002FH    0004H      -----    -----      0FF5H    00
>> 04H
  +--> ?PR?_OLED_SET_POS?OLED
  +--> ?PR?_OLED_WR_BYTE?OLED

?PR?GETBATTERYLIFE?POWERMANAGE                   -----    -----      -----    -----      -----    -----      0FE6H    00
>> 09H
  +--> ?PR?GETBATTERYVOLTAGE?POWERMANAGE

?PR?GETBATTERYVOLTAGE?POWERMANAGE                -----    -----      -----    -----      -----    -----      0FEFH    00
>> 08H
  +--> ?PR?_ADCREAD?POWERMANAGE

?PR?SAVESCREEN?DISPLAY                           -----    -----      0025H    0002H      -----    -----      -----    --
>> ---

?PR?_LSM6DSMCONFIGACC?LSM6DSM                    -----    -----      -----    -----      -----    -----      -----    --
>> ---
  +--> ?PR?_LSM6DSMWRITEBYTE?LSM6DSM

?PR?_LSM6DSMWRITEBYTE?LSM6DSM                    -----    -----      -----    -----      -----    -----      -----    --
>> ---
  +--> ?PR?_SINGLE_WRITEIIC?IIC

?PR?_SINGLE_WRITEIIC?IIC                         -----    -----      -----    -----      -----    -----      0FF2H    00
>> 02H
  +--> ?PR?I2C_START?IIC
  +--> ?PR?I2C_RECVACK?IIC
  +--> ?PR?I2C_STOP?IIC

?PR?_LSM6DSMCONFIGGYR?LSM6DSM                    -----    -----      -----    -----      -----    -----      -----    --
>> ---
  +--> ?PR?_LSM6DSMWRITEBYTE?LSM6DSM

?PR?_LSM6DSMREADGYRANDACC?LSM6DSM                -----    -----      -----    -----      -----    -----      0FE6H    00
>> 0FH
  +--> ?PR?_I2C_READ_MULTIBYTES?IIC

?PR?_IMUUPDATE?LSM6DSM                           -----    -----      0025H    0004H      003BH    0030H      0FE6H    00
>> 03H
  +--> ?PR?SQRT?SQRT
  +--> ?PR?ASIN?ASIN
  +--> ?PR?ATAN?ATAN

?PR?SQRT?SQRT                                    -----    -----      -----    -----      -----    -----      1019H    00
>> 04H

?PR?ASIN?ASIN                                    -----    -----      -----    -----      -----    -----      -----    --
>> ---
  +--> ?PR?SQRT?SQRT
  +--> ?PR?ATAN?ATAN

?PR?ATAN?ATAN                                    0022H.6  0000H.2    -----    -----      -----    -----      1005H    00
>> 04H

BL51 BANKED LINKER/LOCATER V6.22                                                      07/12/2021  07:25:00  PAGE 13


?PR?_DRAWSELECTIONFRAME?DISPLAY                  -----    -----      -----    -----      -----    -----      -----    --
>> ---
  +--> ?PR?_DRAWDOT?DISPLAY

?PR?_SCREENREFRESHALL?DISPLAY                    -----    -----      -----    -----      -----    -----      -----    --
>> ---
  +--> ?PR?_OLED_DRAWBMP?OLED

?PR?_PCF8563ENABLECLOCKOUPUT?PCF8563             -----    -----      -----    -----      -----    -----      -----    --
>> ---
  +--> ?PR?_PCF8563WRITEBYTE?PCF8563

?PR?_PCF8563WRITEBYTE?PCF8563                    -----    -----      -----    -----      -----    -----      -----    --
>> ---
  +--> ?PR?_SINGLE_WRITEIIC?IIC

?PR?LSM6DSMGETCURRENTSTEP?LSM6DSM                -----    -----      -----    -----      -----    -----      0FE6H    00
>> 01H
  +--> ?PR?_LSM6DSMREADBYTE?LSM6DSM

?PR?_LSM6DSMREADBYTE?LSM6DSM                     -----    -----      -----    -----      -----    -----      -----    --
>> ---
  +--> ?PR?_SINGLE_READIIC?IIC

?PR?_SINGLE_READIIC?IIC                          -----    -----      -----    -----      -----    -----      0FF2H    00
>> 02H
  +--> ?PR?I2C_START?IIC
  +--> ?PR?I2C_RECVACK?IIC
  +--> ?PR?I2C_SENDNAK?IIC
  +--> ?PR?I2C_STOP?IIC

?PR?_BME280CONTINUOUSMEASUREMENT?BME280          -----    -----      -----    -----      -----    -----      -----    --
>> ---
  +--> ?PR?_BME280WRITEBYTE?BME280
  +--> ?PR?_BME280SETMODE?BME280

?PR?_BME280WRITEBYTE?BME280                      -----    -----      -----    -----      -----    -----      -----    --
>> ---
  +--> ?PR?_SINGLE_WRITEIIC?IIC

?PR?_BME280SETMODE?BME280                        -----    -----      -----    -----      -----    -----      -----    --
>> ---
  +--> ?PR?_BME280WRITEBYTE?BME280

?PR?_BME280GETSENSORDATA?BME280                  -----    -----      -----    -----      -----    -----      0FE6H    00
>> 03H
  +--> ?PR?BME280READSENSORRAWDATA?BME280
  +--> ?PR?COMPENSATE_TEMPERATURE?BME280
  +--> ?PR?COMPENSATE_PRESSURE?BME280
  +--> ?PR?COMPENSATE_HUMIDITY?BME280

?PR?BME280READSENSORRAWDATA?BME280               -----    -----      -----    -----      -----    -----      0FE9H    00
>> 08H
  +--> ?PR?_I2C_READ_MULTIBYTES?IIC

?PR?COMPENSATE_TEMPERATURE?BME280                -----    -----      -----    -----      -----    -----      0FE9H    00
>> 14H
BL51 BANKED LINKER/LOCATER V6.22                                                      07/12/2021  07:25:00  PAGE 14



?PR?COMPENSATE_PRESSURE?BME280                   -----    -----      -----    -----      -----    -----      0FE9H    00
>> 18H

?PR?COMPENSATE_HUMIDITY?BME280                   -----    -----      -----    -----      -----    -----      0FE9H    00
>> 24H

?PR?_POW?POW                                     -----    -----      -----    -----      -----    -----      0FE6H    00
>> 0AH
  +--> ?PR?LOG?LOG
  +--> ?PR?EXP?EXP

?PR?LOG?LOG                                      0022H.6  0000H.1    -----    -----      -----    -----      0FF0H    00
>> 04H

?PR?RDA5807MPOWERUP?RDA5807M                     -----    -----      -----    -----      -----    -----      -----    --
>> ---
  +--> ?PR?RDA5807MWRITEREGS?RDA5807M

?PR?RDA5807MWRITEREGS?RDA5807M                   -----    -----      -----    -----      -----    -----      0FEAH    00
>> 08H
  +--> ?PR?_I2C_NOADDR_WRITE_MULTIBYTES?IIC

?PR?_I2C_NOADDR_WRITE_MULTIBYTES?IIC             -----    -----      -----    -----      -----    -----      0FF2H    00
>> 05H
  +--> ?PR?I2C_START?IIC
  +--> ?PR?I2C_RECVACK?IIC
  +--> ?PR?I2C_STOP?IIC

?PR?_RDA5807MSETFQ?RDA5807M                      -----    -----      -----    -----      -----    -----      0FE6H    00
>> 04H
  +--> ?PR?RDA5807MWRITEREGS?RDA5807M
  +--> ?PR?_DELAY1MS?DELAY
  +--> ?PR?RDA5807MREADRGES?RDA5807M

?PR?RDA5807MREADRGES?RDA5807M                    -----    -----      -----    -----      -----    -----      0FEAH    00
>> 04H
  +--> ?PR?_I2C_NOADDR_READ_MULTIBYTES?IIC

?PR?_I2C_NOADDR_READ_MULTIBYTES?IIC              -----    -----      -----    -----      -----    -----      0FEEH    00
>> 05H
  +--> ?PR?I2C_START?IIC
  +--> ?PR?I2C_RECVACK?IIC
  +--> ?PR?I2C_STOP?IIC

?PR?_RDA5807MSETVOLUME?RDA5807M                  -----    -----      -----    -----      -----    -----      -----    --
>> ---
  +--> ?PR?RDA5807MWRITEREGS?RDA5807M

?PR?_RDA5807MSEEK?RDA5807M                       -----    -----      -----    -----      -----    -----      -----    --
>> ---
  +--> ?PR?RDA5807MWRITEREGS?RDA5807M
  +--> ?PR?RDA5807MREADRGES?RDA5807M

?PR?RDA5807MPOWERDOWN?RDA5807M                   -----    -----      -----    -----      -----    -----      -----    --
>> ---
  +--> ?PR?RDA5807MWRITEREGS?RDA5807M
BL51 BANKED LINKER/LOCATER V6.22                                                      07/12/2021  07:25:00  PAGE 15



?PR?_EEPROMWRITECONFIGURATION?SYS                -----    -----      -----    -----      -----    -----      0FE6H    00
>> 05H
  +--> ?PR?_EEPROM_SECTORERASE?EEPROM
  +--> ?PR?_EEPROM_WRITE_N?EEPROM

?PR?_EEPROM_SECTORERASE?EEPROM                   -----    -----      -----    -----      -----    -----      -----    --
>> ---
  +--> ?PR?DISABLEEEPROM?EEPROM

?PR?_EEPROM_WRITE_N?EEPROM                       -----    -----      -----    -----      -----    -----      0FEBH    00
>> 07H
  +--> ?PR?DISABLEEEPROM?EEPROM

?PR?_HMC5883L_SET_MODE?HMC5883L                  -----    -----      -----    -----      -----    -----      -----    --
>> ---
  +--> ?PR?_HMC5883L_WRITE_BYTE?HMC5883L

?PR?_HMC5883L_WRITE_BYTE?HMC5883L                -----    -----      -----    -----      -----    -----      -----    --
>> ---
  +--> ?PR?_SINGLE_WRITEIIC?IIC

?PR?_HMC5883L_SET_CALIBRATION_VALUE?H...         -----    -----      -----    -----      -----    -----      0FE6H    00
>> 0EH

?PR?_READ_HMC5883L?HMC5883L                      -----    -----      -----    -----      -----    -----      0FE6H    00
>> 09H
  +--> ?PR?_I2C_READ_MULTIBYTES?IIC

?PR?_HMC5883L_GET_ANGLEXY?HMC5883L               -----    -----      -----    -----      -----    -----      0FE6H    00
>> 17H
  +--> ?PR?SIN?SIN
  +--> ?PR?_ATAN2?ATAN2

?PR?SIN?SIN                                      0022H.6  0000H.1    -----    -----      -----    -----      0FFDH    00
>> 04H

?PR?_ATAN2?ATAN2                                 -----    -----      -----    -----      -----    -----      0FFDH    00
>> 08H
  +--> ?PR?ATAN?ATAN

?PR?_DRAWARM?DISPLAY                             -----    -----      -----    -----      -----    -----      0FE6H    00
>> 15H
  +--> ?PR?SIN?SIN
  +--> ?PR?SQRT?SQRT
  +--> ?PR?_DRAWLINE?DISPLAY

?PR?_DRAWLINE?DISPLAY                            -----    -----      -----    -----      -----    -----      0FFBH    00
>> 0CH
  +--> ?PR?_DRAWDOT?DISPLAY

?PR?RESETMATRIX?ELLIPSOID_FITTING                -----    -----      -----    -----      -----    -----      0FE6H    00
>> 02H

?PR?_CALCDATA_INPUT?ELLIPSOID_FITTING            -----    -----      -----    -----      -----    -----      0FE6H    00
>> 2AH

BL51 BANKED LINKER/LOCATER V6.22                                                      07/12/2021  07:25:00  PAGE 16


?PR?_ELLIPSOID_FITTING_PROCESS?ELLIPS...         -----    -----      -----    -----      -----    -----      0FE6H    00
>> 33H
  +--> ?PR?CALCDATA_INPUT_AVERAGE?ELLIPSOID_...
  +--> ?PR?MATRIX_GAUSSELIMINATION?ELLIPSOID...
  +--> ?CO?ELLIPSOID_FITTING
  +--> ?PR?PRINTF?PRINTF
  +--> ?PR?MATRIX_ROWSIMPLIFY?ELLIPSOID_FITTING
  +--> ?PR?_MATRIX_SOLVE?ELLIPSOID_FITTING
  +--> ?PR?SQRT?SQRT

?PR?CALCDATA_INPUT_AVERAGE?ELLIPSOID_...         -----    -----      -----    -----      -----    -----      1019H    00
>> 02H

?PR?MATRIX_GAUSSELIMINATION?ELLIPSOID...         -----    -----      -----    -----      -----    -----      1019H    00
>> 06H
  +--> ?PR?_MOVEBIGGESTELEMENT_TO_TOP?ELLIPS...
  +--> ?PR?_ROW2_ADD_KROW1?ELLIPSOID_FITTING

?PR?_MOVEBIGGESTELEMENT_TO_TOP?ELLIPS...         -----    -----      -----    -----      -----    -----      101FH    00
>> 06H
  +--> ?PR?_ABS?ELLIPSOID_FITTING
  +--> ?PR?_ROW2_SWOP_ROW1?ELLIPSOID_FITTING

?PR?_ABS?ELLIPSOID_FITTING                       -----    -----      -----    -----      -----    -----      1025H    00
>> 04H

?PR?_ROW2_SWOP_ROW1?ELLIPSOID_FITTING            -----    -----      -----    -----      -----    -----      1025H    00
>> 09H

?PR?_ROW2_ADD_KROW1?ELLIPSOID_FITTING            -----    -----      -----    -----      -----    -----      101FH    00
>> 09H

?PR?MATRIX_ROWSIMPLIFY?ELLIPSOID_FITTING         -----    -----      -----    -----      -----    -----      1019H    00
>> 05H
  +--> ?PR?_K_MUILTPLY_ROW?ELLIPSOID_FITTING

?PR?_K_MUILTPLY_ROW?ELLIPSOID_FITTING            -----    -----      -----    -----      -----    -----      101EH    00
>> 07H

?PR?_MATRIX_SOLVE?ELLIPSOID_FITTING              -----    -----      -----    -----      -----    -----      1019H    00
>> 08H

?PR?PW02INIT?PW02                                -----    -----      -----    -----      -----    -----      0FE6H    00
>> 01H
  +--> ?PR?_DELAY1MS?DELAY
  +--> ?PR?PW02ENTERATMODE?PW02
  +--> ?PR?_SHOWSTRING?DISPLAY
  +--> ?PR?_PW02SETBUAD?PW02
  +--> ?CO?PW02
  +--> ?PR?_PW02SETNAME?PW02
  +--> ?PR?_PW02SETADVT?PW02
  +--> ?PR?PW02EXITATMODE?PW02

?PR?PW02ENTERATMODE?PW02                         -----    -----      -----    -----      -----    -----      -----    --
>> ---
  +--> ?CO?PW02
  +--> ?PR?_SENDATCOMMAND?PW02
BL51 BANKED LINKER/LOCATER V6.22                                                      07/12/2021  07:25:00  PAGE 17



?PR?_SENDATCOMMAND?PW02                          -----    -----      -----    -----      -----    -----      1006H    00
>> 09H
  +--> ?PR?_UART2SENDSTR?PW02
  +--> ?PR?_DELAY1MS?DELAY

?PR?_UART2SENDSTR?PW02                           -----    -----      -----    -----      -----    -----      100FH    00
>> 03H

?PR?_PW02SETBUAD?PW02                            -----    -----      -----    -----      -----    -----      0FE7H    00
>> 0DH
  +--> ?CO?PW02
  +--> ?PR?PRINTF?PRINTF
  +--> ?PR?_SENDATCOMMAND?PW02

?PR?_PW02SETNAME?PW02                            -----    -----      -----    -----      -----    -----      0FE7H    00
>> 1FH
  +--> ?CO?PW02
  +--> ?PR?_STRCAT?STRCAT
  +--> ?PR?_SENDATCOMMAND?PW02

?PR?_PW02SETADVT?PW02                            -----    -----      -----    -----      -----    -----      0FE7H    00
>> 12H
  +--> ?CO?PW02
  +--> ?PR?PRINTF?PRINTF
  +--> ?PR?_SENDATCOMMAND?PW02

?PR?PW02EXITATMODE?PW02                          -----    -----      -----    -----      -----    -----      -----    --
>> ---
  +--> ?CO?PW02
  +--> ?PR?_SENDATCOMMAND?PW02

?PR?PW02CHECKCONNECTION?PW02                     -----    -----      -----    -----      -----    -----      0FE6H    00
>> 01H
  +--> ?PR?_DELAY1MS?DELAY
  +--> ?PR?_CLEARCACHE?DISPLAY
  +--> ?PR?PW02ENTERATMODE?PW02
  +--> ?PR?_SHOWSTRING?DISPLAY
  +--> ?PR?PW02GETRSSI?PW02
  +--> ?PR?PW02EXITATMODE?PW02

?PR?PW02GETRSSI?PW02                             -----    -----      -----    -----      -----    -----      -----    --
>> ---
  +--> ?CO?PW02
  +--> ?PR?_SENDATCOMMAND?PW02

?PR?_PW02GETRXDATA?PW02                          -----    -----      -----    -----      -----    -----      0FE6H    00
>> 03H

?PR?_SCREEROLLDOWN?DISPLAY                       -----    -----      0025H    0008H      -----    -----      0FE6H    00
>> 04H
  +--> ?PR?_OLED_DRAWBMP?OLED

?PR?_PCF8563WRITETIME?PCF8563                    -----    -----      -----    -----      -----    -----      0FE6H    00
>> 02H
  +--> ?PR?_PCF8563WRITEBYTE?PCF8563

BL51 BANKED LINKER/LOCATER V6.22                                                      07/12/2021  07:25:00  PAGE 18


?PR?_PCF8563WRITEDATE?PCF8563                    -----    -----      -----    -----      -----    -----      0FE6H    00
>> 05H
  +--> ?PR?_PCF8563WRITEBYTE?PCF8563

?PR?_PCF8563SETALARM?PCF8563                     -----    -----      -----    -----      -----    -----      0FE6H    00
>> 08H
  +--> ?PR?_PCF8563WRITEBYTE?PCF8563
  +--> ?PR?_PCF8563SETREGISTERBITS?PCF8563

?PR?_PCF8563SETREGISTERBITS?PCF8563              -----    -----      -----    -----      -----    -----      0FEEH    00
>> 03H
  +--> ?PR?_PCF8563READBYTE?PCF8563
  +--> ?PR?_PCF8563WRITEBYTE?PCF8563

?PR?_PCF8563READBYTE?PCF8563                     -----    -----      -----    -----      -----    -----      -----    --
>> ---
  +--> ?PR?_SINGLE_READIIC?IIC

?PR?PCF8563DISABLEALARM?PCF8563                  -----    -----      -----    -----      -----    -----      -----    --
>> ---
  +--> ?PR?_PCF8563SETREGISTERBITS?PCF8563

?PR?SYSTEMPOWERON?POWERMANAGE                    -----    -----      -----    -----      -----    -----      -----    --
>> ---
  +--> ?PR?PININIT?SYS

?PR?SENSORINIT?MAIN                              -----    -----      -----    -----      -----    -----      0FE6H    00
>> 04H
  +--> ?PR?BME280INIT?BME280
  +--> ?CO?MAIN
  +--> ?PR?_SHOWSTRING?DISPLAY
  +--> ?PR?HMC5883L_INIT?HMC5883L
  +--> ?PR?LSM6DSMINIT?LSM6DSM
  +--> ?PR?RDA5807MINIT?RDA5807M
  +--> ?PR?_DELAY1MS?DELAY

?PR?BME280INIT?BME280                            -----    -----      -----    -----      -----    -----      0FEAH    00
>> 01H
  +--> ?PR?_DELAY1MS?DELAY
  +--> ?PR?BME280CHECKCONNECTION?BME280
  +--> ?PR?BME280SOFTRESET?BME280
  +--> ?PR?BME280READCOMPENSATIONPARAMETER?B...
  +--> ?PR?_BME280WRITEBYTE?BME280

?PR?BME280CHECKCONNECTION?BME280                 -----    -----      -----    -----      -----    -----      -----    --
>> ---
  +--> ?PR?_BME280READBYTE?BME280

?PR?_BME280READBYTE?BME280                       -----    -----      -----    -----      -----    -----      -----    --
>> ---
  +--> ?PR?_SINGLE_READIIC?IIC

?PR?BME280SOFTRESET?BME280                       -----    -----      -----    -----      -----    -----      -----    --
>> ---
  +--> ?PR?_BME280WRITEBYTE?BME280
  +--> ?PR?_DELAY1MS?DELAY

BL51 BANKED LINKER/LOCATER V6.22                                                      07/12/2021  07:25:00  PAGE 19


?PR?BME280READCOMPENSATIONPARAMETER?B...         -----    -----      -----    -----      -----    -----      0FEBH    00
>> 21H
  +--> ?PR?_I2C_READ_MULTIBYTES?IIC

?PR?HMC5883L_INIT?HMC5883L                       -----    -----      -----    -----      -----    -----      0FEAH    00
>> 01H
  +--> ?PR?CHECKHMC5883LCONNECTION?HMC5883L
  +--> ?PR?_DELAY1MS?DELAY
  +--> ?PR?_HMC5883L_WRITE_BYTE?HMC5883L

?PR?CHECKHMC5883LCONNECTION?HMC5883L             -----    -----      -----    -----      -----    -----      -----    --
>> ---
  +--> ?PR?_HMC5883L_READ_BYTE?HMC5883L

?PR?_HMC5883L_READ_BYTE?HMC5883L                 -----    -----      -----    -----      -----    -----      -----    --
>> ---
  +--> ?PR?_SINGLE_READIIC?IIC

?PR?LSM6DSMINIT?LSM6DSM                          -----    -----      -----    -----      -----    -----      0FEAH    00
>> 02H
  +--> ?PR?_DELAY1MS?DELAY
  +--> ?PR?LSM6DSMCHECKCONNECTION?LSM6DSM
  +--> ?PR?LSM6DSMSOFTRESET?LSM6DSM
  +--> ?PR?_LSM6DSMCONFIGACC?LSM6DSM
  +--> ?PR?_LSM6DSMCONFIGGYR?LSM6DSM
  +--> ?PR?_LSM6DSMENABLEAWT?LSM6DSM
  +--> ?PR?LSM6DSMENABLETAPDETECTION?LSM6DSM
  +--> ?PR?_LSM6DSMENABLEPEDOMETER?LSM6DSM
  +--> ?PR?LSM6DSMENABLEEMBEDDEDFUNC?LSM6DSM

?PR?LSM6DSMCHECKCONNECTION?LSM6DSM               -----    -----      -----    -----      -----    -----      -----    --
>> ---
  +--> ?PR?_LSM6DSMREADBYTE?LSM6DSM

?PR?LSM6DSMSOFTRESET?LSM6DSM                     -----    -----      -----    -----      -----    -----      -----    --
>> ---
  +--> ?PR?_LSM6DSMRSETREGISTERBITS?LSM6DSM
  +--> ?PR?_DELAY1MS?DELAY

?PR?_LSM6DSMRSETREGISTERBITS?LSM6DSM             -----    -----      -----    -----      -----    -----      0FEFH    00
>> 03H
  +--> ?PR?_LSM6DSMREADBYTE?LSM6DSM
  +--> ?PR?_LSM6DSMWRITEBYTE?LSM6DSM

?PR?_LSM6DSMENABLEAWT?LSM6DSM                    -----    -----      -----    -----      -----    -----      0FECH    00
>> 02H
  +--> ?PR?SIN?SIN
  +--> ?PR?_LSM6DSMWRITEBYTE?LSM6DSM
  +--> ?PR?_LSM6DSMRSETREGISTERBITS?LSM6DSM

?PR?LSM6DSMENABLETAPDETECTION?LSM6DSM            -----    -----      -----    -----      -----    -----      -----    --
>> ---
  +--> ?PR?_LSM6DSMRSETREGISTERBITS?LSM6DSM
  +--> ?PR?_LSM6DSMWRITEBYTE?LSM6DSM

?PR?_LSM6DSMENABLEPEDOMETER?LSM6DSM              -----    -----      -----    -----      -----    -----      0FECH    00
>> 03H
BL51 BANKED LINKER/LOCATER V6.22                                                      07/12/2021  07:25:00  PAGE 20


  +--> ?PR?_LSM6DSMWRITEBYTE?LSM6DSM
  +--> ?PR?_LSM6DSMRSETREGISTERBITS?LSM6DSM

?PR?LSM6DSMENABLEEMBEDDEDFUNC?LSM6DSM            -----    -----      -----    -----      -----    -----      -----    --
>> ---
  +--> ?PR?_LSM6DSMRSETREGISTERBITS?LSM6DSM

?PR?RDA5807MINIT?RDA5807M                        -----    -----      -----    -----      -----    -----      -----    --
>> ---
  +--> ?PR?RDA5807MWRITEREGS?RDA5807M
  +--> ?PR?_DELAY1MS?DELAY

?PR?_PCF8563ENABLETIMER?PCF8563                  -----    -----      -----    -----      -----    -----      0FE6H    00
>> 02H
  +--> ?PR?_PCF8563SETREGISTERBITS?PCF8563
  +--> ?PR?_PCF8563WRITEBYTE?PCF8563

?PR?SYSTEMPOWERDOWN?POWERMANAGE                  -----    -----      -----    -----      -----    -----      0FE6H    00
>> 01H

?PR?PCF8563READINTSRC?PCF8563                    -----    -----      -----    -----      -----    -----      -----    --
>> ---
  +--> ?PR?_PCF8563READBYTE?PCF8563

?PR?PCF8563CLEARALARMFLAG?PCF8563                -----    -----      -----    -----      -----    -----      -----    --
>> ---
  +--> ?PR?_PCF8563SETREGISTERBITS?PCF8563

?PR?PCF8563CLEARTIMERFLAG?PCF8563                -----    -----      -----    -----      -----    -----      -----    --
>> ---
  +--> ?PR?_PCF8563SETREGISTERBITS?PCF8563

?PR?LSM6DSMRESETSTEPCOUNTER?LSM6DSM              -----    -----      -----    -----      -----    -----      -----    --
>> ---
  +--> ?PR?_LSM6DSMRSETREGISTERBITS?LSM6DSM
  +--> ?PR?_DELAY1MS?DELAY



UNRESOLVED EXTERNAL SYMBOLS:
   I2C_RECVBYTE
   _I2C_SENDBYTE



SYMBOL TABLE OF MODULE:  ..\Objects\iWatch-v1.1 (PW02)

  VALUE           TYPE          NAME
  ----------------------------------

  -------         MODULE        PW02
  C:0000H         SYMBOL        _ICE_DUMMY_
  C:E120H         PUBLIC        UART2_Isr
  D:0080H         PUBLIC        P0
  D:0090H         PUBLIC        P1
  D:00A0H         PUBLIC        P2
  D:00B0H         PUBLIC        P3
BL51 BANKED LINKER/LOCATER V6.22                                                      07/12/2021  07:25:00  PAGE 21


  C:D4B9H         PUBLIC        PW02CheckConnection
  D:00C0H         PUBLIC        P4
  D:00C8H         PUBLIC        P5
  D:00E8H         PUBLIC        P6
  D:00F8H         PUBLIC        P7
  X:1123H         PUBLIC        rx_buf
  D:00A8H         PUBLIC        IE
  C:005EH         PUBLIC        _Uart2SendStr
  D:00B8H         PUBLIC        IP
  C:CB7EH         PUBLIC        PW02Init
  D:00D8H         PUBLIC        CCON
  C:F02CH         PUBLIC        PW02EnterATMode
  C:F5FBH         PUBLIC        PW02Rest
  D:0098H         PUBLIC        SCON
  D:0088H         PUBLIC        TCON
  C:E68CH         PUBLIC        _PW02SetBuad
  B:0090H.6       PUBLIC        P16
  C:E19AH         PUBLIC        _PW02SetName
  C:F5BFH         PUBLIC        _PW02SetMode
  C:D7ADH         SYMBOL        _?ix1000
  C:D7B9H         SYMBOL        _?ix1001
  C:D7C9H         SYMBOL        _?ix1002
  B:0023H.7       PUBLIC        busy
  C:F054H         PUBLIC        PW02ExitATMode
  D:009BH         PUBLIC        S2BUF
  B:0024H.0       PUBLIC        receive_flag
  B:0090H.6       PUBLIC        PW02_SLEEP
  C:E2FBH         PUBLIC        _SendATCommand
  D:009AH         PUBLIC        S2CON
  C:E505H         PUBLIC        _PW02SetADVT
  C:F0A4H         PUBLIC        PW02GetRSSI
  C:EFAAH         PUBLIC        _PW02GetRxData
  X:11A3H         PUBLIC        rx_count
  D:00D0H         PUBLIC        PSW
  -------         PROC          _UART2SENDSTR
  X:100FH         SYMBOL        p
  C:005EH         LINE#         16
  C:0069H         LINE#         17
  C:0069H         LINE#         18
  C:0079H         LINE#         19
  C:0079H         LINE#         20
  C:007CH         LINE#         21
  C:007EH         LINE#         22
  C:0093H         LINE#         23
  C:0095H         LINE#         24
  C:009AH         LINE#         25
  -------         ENDPROC       _UART2SENDSTR
  -------         PROC          UART2_ISR
  C:E120H         LINE#         26
  C:E12BH         LINE#         28
  C:E130H         LINE#         29
  C:E130H         LINE#         30
  C:E133H         LINE#         31
  C:E135H         LINE#         32
  C:E135H         LINE#         33
  C:E13AH         LINE#         34
  C:E13AH         LINE#         35
BL51 BANKED LINKER/LOCATER V6.22                                                      07/12/2021  07:25:00  PAGE 22


  C:E13DH         LINE#         36
  C:E151H         LINE#         37
  C:E163H         LINE#         38
  C:E163H         LINE#         39
  C:E174H         LINE#         40
  C:E17EH         LINE#         42
  C:E18AH         LINE#         43
  C:E18CH         LINE#         44
  C:E191H         LINE#         45
  C:E191H         LINE#         46
  C:E191H         LINE#         47
  -------         ENDPROC       UART2_ISR
  -------         PROC          _PW02GETRXDATA
  X:0FE6H         SYMBOL        buf
  C:EFAAH         LINE#         48
  C:EFB5H         LINE#         49
  C:EFB5H         LINE#         50
  C:EFB8H         LINE#         51
  C:EFB8H         LINE#         52
  C:EFBAH         LINE#         53
  C:EFD2H         LINE#         54
  C:EFD5H         LINE#         55
  C:EFD5H         LINE#         57
  C:EFD7H         LINE#         58
  -------         ENDPROC       _PW02GETRXDATA
  C:E2F7H         SYMBOL        L?0054
  -------         PROC          L?0053
  -------         ENDPROC       L?0053
  C:E2F7H         SYMBOL        L?0054
  -------         PROC          _SENDATCOMMAND
  X:1006H         SYMBOL        command
  X:1009H         SYMBOL        retry_times
  X:100BH         SYMBOL        expected_response
  X:100EH         SYMBOL        response_len
  C:E2FBH         LINE#         59
  C:E30EH         LINE#         60
  C:E30EH         LINE#         61
  C:E310H         LINE#         62
  C:E310H         LINE#         63
  C:E312H         LINE#         64
  C:E315H         LINE#         65
  C:E315H         LINE#         66
  C:E323H         LINE#         67
  C:E325H         LINE#         68
  C:E333H         LINE#         69
  C:E33AH         LINE#         70
  C:E33CH         LINE#         71
  C:E33EH         LINE#         72
  C:E35CH         LINE#         73
  C:E35FH         LINE#         75
  C:E361H         LINE#         76
  -------         ENDPROC       _SENDATCOMMAND
  -------         PROC          PW02ENTERATMODE
  C:F02CH         LINE#         77
  C:F02CH         LINE#         78
  C:F02CH         LINE#         79
  C:F04EH         LINE#         80
BL51 BANKED LINKER/LOCATER V6.22                                                      07/12/2021  07:25:00  PAGE 23


  C:F051H         LINE#         82
  C:F053H         LINE#         83
  -------         ENDPROC       PW02ENTERATMODE
  -------         PROC          PW02EXITATMODE
  C:F054H         LINE#         84
  C:F054H         LINE#         85
  C:F054H         LINE#         86
  C:F076H         LINE#         87
  C:F079H         LINE#         89
  C:F07BH         LINE#         90
  -------         ENDPROC       PW02EXITATMODE
  -------         PROC          _PW02SETBUAD
  X:0FE7H         SYMBOL        baud_num
  -------         DO            
  X:0FE8H         SYMBOL        str
  -------         ENDDO         
  C:E68CH         LINE#         91
  C:E691H         LINE#         92
  C:E691H         LINE#         93
  C:E6A4H         LINE#         94
  C:E6C8H         LINE#         95
  C:E6E4H         LINE#         96
  C:E6E7H         LINE#         98
  C:E6E9H         LINE#         99
  -------         ENDPROC       _PW02SETBUAD
  -------         PROC          _PW02SETADVT
  X:0FE7H         SYMBOL        time_in_ms
  -------         DO            
  X:0FE9H         SYMBOL        str
  -------         ENDDO         
  C:E505H         LINE#         100
  C:E50DH         LINE#         101
  C:E50DH         LINE#         102
  C:E520H         LINE#         103
  C:E546H         LINE#         104
  C:E562H         LINE#         105
  C:E565H         LINE#         107
  C:E567H         LINE#         108
  -------         ENDPROC       _PW02SETADVT
  -------         PROC          _PW02SETNAME
  X:0FE7H         SYMBOL        name
  -------         DO            
  X:0FEAH         SYMBOL        str
  -------         ENDDO         
  C:E19AH         LINE#         109
  C:E1A5H         LINE#         110
  C:E1A5H         LINE#         111
  C:E1B8H         LINE#         112
  C:E1D6H         LINE#         113
  C:E1EDH         LINE#         114
  C:E20BH         LINE#         115
  C:E20EH         LINE#         117
  C:E210H         LINE#         118
  -------         ENDPROC       _PW02SETNAME
  -------         PROC          PW02GETRSSI
  C:F0A4H         LINE#         119
  C:F0A4H         LINE#         120
BL51 BANKED LINKER/LOCATER V6.22                                                      07/12/2021  07:25:00  PAGE 24


  C:F0A4H         LINE#         121
  C:F0C5H         LINE#         122
  C:F0C8H         LINE#         124
  C:F0CAH         LINE#         125
  -------         ENDPROC       PW02GETRSSI
  -------         PROC          PW02REST
  C:F5FBH         LINE#         126
  C:F5FBH         LINE#         127
  C:F5FBH         LINE#         128
  -------         ENDPROC       PW02REST
  -------         PROC          _PW02SETMODE
  D:0007H         SYMBOL        mode
  C:F5BFH         LINE#         130
  C:F5BFH         LINE#         131
  C:F5BFH         LINE#         132
  C:F5C3H         LINE#         133
  C:F5C6H         LINE#         135
  C:F5C8H         LINE#         136
  -------         ENDPROC       _PW02SETMODE
  -------         PROC          PW02CHECKCONNECTION
  -------         DO            
  X:0FE6H         SYMBOL        y
  -------         ENDDO         
  C:D4B9H         LINE#         137
  C:D4B9H         LINE#         138
  C:D4B9H         LINE#         139
  C:D4BEH         LINE#         140
  C:D4C0H         LINE#         141
  C:D4C6H         LINE#         142
  C:D4CFH         LINE#         143
  C:D4D2H         LINE#         144
  C:D4FEH         LINE#         145
  C:D507H         LINE#         146
  C:D507H         LINE#         147
  C:D530H         LINE#         148
  C:D533H         LINE#         149
  C:D560H         LINE#         150
  C:D563H         LINE#         151
  C:D563H         LINE#         153
  C:D563H         LINE#         154
  C:D58DH         LINE#         155
  C:D58FH         LINE#         156
  C:D58FH         LINE#         157
  -------         ENDPROC       PW02CHECKCONNECTION
  -------         PROC          PW02INIT
  -------         DO            
  X:0FE6H         SYMBOL        y
  -------         ENDDO         
  C:CB7EH         LINE#         158
  C:CB7EH         LINE#         159
  C:CB7EH         LINE#         160
  C:CB83H         LINE#         161
  C:CB85H         LINE#         164
  C:CB87H         LINE#         165
  C:CB8DH         LINE#         166
  C:CB93H         LINE#         167
  C:CBC2H         LINE#         169
BL51 BANKED LINKER/LOCATER V6.22                                                      07/12/2021  07:25:00  PAGE 25


  C:CBC5H         LINE#         170
  C:CBCAH         LINE#         171
  C:CBF7H         LINE#         172
  C:CC00H         LINE#         173
  C:CC2DH         LINE#         174
  C:CC34H         LINE#         175
  C:CC61H         LINE#         176
  C:CC67H         LINE#         177
  C:CC96H         LINE#         179
  C:CC99H         LINE#         180
  C:CC9BH         LINE#         181
  C:CC9DH         LINE#         182
  -------         ENDPROC       PW02INIT
  -------         ENDMOD        PW02

  -------         MODULE        OLED
  C:0000H         SYMBOL        _ICE_DUMMY_
  C:F439H         PUBLIC        OLED_Display_On
  B:0090H.2       PUBLIC        OLED_RST
  D:0080H         PUBLIC        P0
  D:0090H         PUBLIC        P1
  D:00A0H         PUBLIC        P2
  D:00B0H         PUBLIC        P3
  D:00C0H         PUBLIC        P4
  D:00C8H         PUBLIC        P5
  D:00E8H         PUBLIC        P6
  C:F45BH         PUBLIC        _OLED_Vertical_Reverse
  D:00F8H         PUBLIC        P7
  B:0090H.3       PUBLIC        OLED_DC
  D:00A8H         PUBLIC        IE
  D:00B8H         PUBLIC        IP
  C:DBF4H         PUBLIC        OLED_Init
  B:00C0H.4       PUBLIC        OLED_RD
  D:00D8H         PUBLIC        CCON
  C:F2F4H         PUBLIC        _OLED_WR_Byte
  B:00C0H.3       PUBLIC        OLED_WR
  C:F50AH         PUBLIC        _OLED_Set_Brightness
  D:0098H         PUBLIC        SCON
  D:0088H         PUBLIC        TCON
  C:F278H         PUBLIC        _OLED_Set_Pos
  C:F31EH         PUBLIC        _delay_ms
  C:F585H         PUBLIC        OLED_Display_Off
  C:F46CH         PUBLIC        _OLED_Inverse
  C:F44AH         PUBLIC        _OLED_Horizental_Reverse
  C:F259H         PUBLIC        OLED_Clear
  C:EA8BH         PUBLIC        _OLED_DrawBMP
  D:00D0H         PUBLIC        PSW
  -------         PROC          _DELAY_MS
  D:0006H         SYMBOL        ms
  -------         DO            
  D:0005H         SYMBOL        i
  D:0004H         SYMBOL        j
  -------         ENDDO         
  C:F31EH         LINE#         13
  C:F31EH         LINE#         14
  C:F31EH         LINE#         16
  C:F327H         LINE#         17
BL51 BANKED LINKER/LOCATER V6.22                                                      07/12/2021  07:25:00  PAGE 26


  C:F327H         LINE#         18
  C:F329H         LINE#         19
  C:F32BH         LINE#         21
  C:F32BH         LINE#         22
  C:F32DH         LINE#         23
  C:F32FH         LINE#         24
  C:F336H         LINE#         25
  -------         ENDPROC       _DELAY_MS
  C:F2EFH         SYMBOL        L?0046
  -------         PROC          L?0045
  -------         ENDPROC       L?0045
  C:F2EFH         SYMBOL        L?0046
  -------         PROC          _OLED_WR_BYTE
  D:0007H         SYMBOL        dat
  D:0005H         SYMBOL        cmd
  C:F2F4H         LINE#         31
  C:F2F4H         LINE#         32
  C:F2F4H         LINE#         34
  C:F2F7H         LINE#         35
  C:F2FBH         LINE#         37
  C:F2FDH         LINE#         38
  C:F2FFH         LINE#         39
  C:F301H         LINE#         40
  C:F303H         LINE#         42
  -------         ENDPROC       _OLED_WR_BYTE
  -------         PROC          _OLED_SET_POS
  D:0006H         SYMBOL        x
  D:0005H         SYMBOL        y
  C:F278H         LINE#         71
  C:F27AH         LINE#         72
  C:F27AH         LINE#         73
  C:F283H         LINE#         74
  C:F28FH         LINE#         75
  -------         ENDPROC       _OLED_SET_POS
  -------         PROC          OLED_DISPLAY_ON
  C:F439H         LINE#         78
  C:F439H         LINE#         79
  C:F439H         LINE#         80
  C:F440H         LINE#         81
  C:F445H         LINE#         82
  -------         ENDPROC       OLED_DISPLAY_ON
  -------         PROC          OLED_DISPLAY_OFF
  C:F585H         LINE#         85
  C:F585H         LINE#         86
  C:F585H         LINE#         87
  C:F589H         LINE#         88
  C:F58CH         LINE#         89
  -------         ENDPROC       OLED_DISPLAY_OFF
  -------         PROC          _OLED_SET_BRIGHTNESS
  D:0006H         SYMBOL        brightness
  C:F50AH         LINE#         91
  C:F50CH         LINE#         92
  C:F50CH         LINE#         93
  C:F513H         LINE#         94
  -------         ENDPROC       _OLED_SET_BRIGHTNESS
  -------         PROC          _OLED_HORIZENTAL_REVERSE
  D:0007H         SYMBOL        reverse
BL51 BANKED LINKER/LOCATER V6.22                                                      07/12/2021  07:25:00  PAGE 27


  C:F44AH         LINE#         96
  C:F44AH         LINE#         97
  C:F44AH         LINE#         98
  C:F44DH         LINE#         99
  C:F453H         LINE#         101
  C:F45AH         LINE#         102
  -------         ENDPROC       _OLED_HORIZENTAL_REVERSE
  -------         PROC          _OLED_VERTICAL_REVERSE
  D:0007H         SYMBOL        reverse
  C:F45BH         LINE#         103
  C:F45BH         LINE#         104
  C:F45BH         LINE#         105
  C:F45EH         LINE#         106
  C:F464H         LINE#         108
  C:F46BH         LINE#         109
  -------         ENDPROC       _OLED_VERTICAL_REVERSE
  -------         PROC          _OLED_INVERSE
  D:0007H         SYMBOL        k
  C:F46CH         LINE#         110
  C:F46CH         LINE#         111
  C:F46CH         LINE#         112
  C:F46FH         LINE#         113
  C:F475H         LINE#         115
  C:F47CH         LINE#         116
  -------         ENDPROC       _OLED_INVERSE
  -------         PROC          OLED_CLEAR
  -------         DO            
  D:0006H         SYMBOL        i
  D:0004H         SYMBOL        n
  -------         ENDDO         
  C:F259H         LINE#         117
  C:F259H         LINE#         118
  C:F259H         LINE#         120
  C:F25BH         LINE#         121
  C:F25BH         LINE#         122
  C:F261H         LINE#         123
  C:F261H         LINE#         124
  C:F264H         LINE#         125
  C:F266H         LINE#         126
  C:F272H         LINE#         127
  C:F277H         LINE#         128
  -------         ENDPROC       OLED_CLEAR
  -------         PROC          _OLED_DRAWBMP
  D:0001H         SYMBOL        buf
  -------         DO            
  D:0037H         SYMBOL        i
  D:0038H         SYMBOL        j
  D:0039H         SYMBOL        n
  -------         ENDDO         
  C:EA8BH         LINE#         129
  C:EA8BH         LINE#         130
  C:EA8BH         LINE#         133
  C:EA8EH         LINE#         134
  C:EA8EH         LINE#         135
  C:EA95H         LINE#         136
  C:EA98H         LINE#         137
  C:EA9DH         LINE#         138
BL51 BANKED LINKER/LOCATER V6.22                                                      07/12/2021  07:25:00  PAGE 28


  C:EAA8H         LINE#         139
  C:EAABH         LINE#         140
  C:EACBH         LINE#         141
  C:EAD4H         LINE#         142
  -------         ENDPROC       _OLED_DRAWBMP
  -------         PROC          OLED_INIT
  C:DBF4H         LINE#         144
  C:DBF4H         LINE#         145
  C:DBF4H         LINE#         146
  C:DBF6H         LINE#         147
  C:DBFDH         LINE#         148
  C:DBFFH         LINE#         149
  C:DC06H         LINE#         150
  C:DC08H         LINE#         151
  C:DC0AH         LINE#         152
  C:DC0EH         LINE#         153
  C:DC0EH         LINE#         154
  C:DC11H         LINE#         155
  C:DC16H         LINE#         156
  C:DC1BH         LINE#         157
  C:DC20H         LINE#         158
  C:DC25H         LINE#         159
  C:DC2AH         LINE#         160
  C:DC2FH         LINE#         161
  C:DC34H         LINE#         162
  C:DC39H         LINE#         163
  C:DC3EH         LINE#         164
  C:DC43H         LINE#         165
  C:DC48H         LINE#         166
  C:DC4DH         LINE#         167
  C:DC52H         LINE#         168
  C:DC57H         LINE#         169
  C:DC5CH         LINE#         170
  C:DC61H         LINE#         171
  C:DC66H         LINE#         172
  C:DC6BH         LINE#         173
  C:DC70H         LINE#         174
  C:DC75H         LINE#         175
  C:DC7AH         LINE#         176
  C:DC7FH         LINE#         177
  C:DC84H         LINE#         178
  C:DC89H         LINE#         184
  C:DC8CH         LINE#         185
  C:DC8FH         LINE#         186
  -------         ENDPROC       OLED_INIT
  -------         ENDMOD        OLED

  -------         MODULE        RDA5807M
  C:0000H         SYMBOL        _ICE_DUMMY_
  D:0080H         PUBLIC        P0
  D:0090H         PUBLIC        P1
  D:00A0H         PUBLIC        P2
  D:00B0H         PUBLIC        P3
  D:00C0H         PUBLIC        P4
  C:F07CH         PUBLIC        _RDA5807MSetVOLUME
  D:00C8H         PUBLIC        P5
  D:00E8H         PUBLIC        P6
BL51 BANKED LINKER/LOCATER V6.22                                                      07/12/2021  07:25:00  PAGE 29


  D:00F8H         PUBLIC        P7
  D:00BAH         PUBLIC        P_SW2
  C:E568H         PUBLIC        RDA5807MReadRges
  D:00A8H         PUBLIC        IE
  C:E439H         PUBLIC        RDA5807MInit
  X:12A4H         PUBLIC        BAND
  D:00B8H         PUBLIC        IP
  X:12A5H         PUBLIC        CHAN
  C:E74BH         PUBLIC        RDA5807MWriteRegs
  D:00D8H         PUBLIC        CCON
  C:DAA2H         PUBLIC        _RDA5807MSEEK
  C:F5DDH         PUBLIC        RDA5807MPowerDown
  D:0098H         PUBLIC        SCON
  D:0088H         PUBLIC        TCON
  C:EB66H         PUBLIC        RDA5807MGetCurrentFq
  X:12A7H         PUBLIC        current_frequency
  X:12ABH         PUBLIC        REG02
  X:12ADH         PUBLIC        RSSI
  X:12AEH         PUBLIC        REG03
  X:12B0H         PUBLIC        REG04
  X:12B2H         PUBLIC        REG05
  X:12B4H         PUBLIC        SEEKTH
  C:F5C9H         PUBLIC        RDA5807MSetMute
  C:EE6DH         PUBLIC        RDA5807MGetCurrentRSSI
  X:12B5H         PUBLIC        REG0A
  X:12B7H         PUBLIC        REG0B
  C:F5D3H         PUBLIC        RDA5807MPowerUp
  X:12B9H         PUBLIC        VOLUME
  C:D898H         PUBLIC        _RDA5807MSetFq
  X:12BAH         PUBLIC        SPACE
  D:00D0H         PUBLIC        PSW
  -------         PROC          L?0026
  -------         ENDPROC       L?0026
  -------         PROC          RDA5807MWRITEREGS
  -------         DO            
  X:0FEAH         SYMBOL        reg
  -------         ENDDO         
  C:E74BH         LINE#         38
  C:E74BH         LINE#         39
  C:E74BH         LINE#         41
  C:E758H         LINE#         42
  C:E75BH         LINE#         43
  C:E768H         LINE#         44
  C:E76BH         LINE#         45
  C:E778H         LINE#         46
  C:E77BH         LINE#         47
  C:E788H         LINE#         48
  C:E78BH         LINE#         49
  C:E78EH         LINE#         50
  C:E79BH         LINE#         51
  C:E79EH         LINE#         52
  -------         ENDPROC       RDA5807MWRITEREGS
  -------         PROC          RDA5807MREADRGES
  -------         DO            
  X:0FEAH         SYMBOL        read_buf
  -------         ENDDO         
  C:E568H         LINE#         61
BL51 BANKED LINKER/LOCATER V6.22                                                      07/12/2021  07:25:00  PAGE 30


  C:E568H         LINE#         62
  C:E568H         LINE#         64
  C:E56BH         LINE#         65
  C:E578H         LINE#         66
  C:E57BH         LINE#         67
  C:E588H         LINE#         68
  C:E593H         LINE#         69
  C:E5A2H         LINE#         70
  C:E5AFH         LINE#         71
  C:E5BAH         LINE#         72
  C:E5C9H         LINE#         73
  -------         ENDPROC       RDA5807MREADRGES
  -------         PROC          RDA5807MINIT
  C:E439H         LINE#         81
  C:E439H         LINE#         82
  C:E439H         LINE#         84
  C:E440H         LINE#         85
  C:E443H         LINE#         86
  C:E44AH         LINE#         88
  C:E453H         LINE#         89
  C:E483H         LINE#         90
  C:E488H         LINE#         91
  C:E49AH         LINE#         92
  C:E49DH         LINE#         93
  C:E49FH         LINE#         94
  -------         ENDPROC       RDA5807MINIT
  -------         PROC          _RDA5807MSETVOLUME
  D:0004H         SYMBOL        VOLUME
  C:F07CH         LINE#         100
  C:F080H         LINE#         101
  C:F080H         LINE#         102
  C:F089H         LINE#         103
  C:F08DH         LINE#         104
  C:F094H         LINE#         105
  C:F0A1H         LINE#         106
  -------         ENDPROC       _RDA5807MSETVOLUME
  -------         PROC          _RDA5807MSEEK
  D:0005H         SYMBOL        direction
  -------         DO            
  X:12A3H         SYMBOL        step
  -------         ENDDO         
  C:DAA2H         LINE#         115
  C:DAA4H         LINE#         116
  C:DAA4H         LINE#         118
  C:DAAAH         LINE#         119
  C:DAAAH         LINE#         120
  C:DAB1H         LINE#         121
  C:DAB8H         LINE#         122
  C:DAC1H         LINE#         124
  C:DAC5H         LINE#         125
  C:DACFH         LINE#         126
  C:DAD2H         LINE#         128
  C:DAD8H         LINE#         129
  C:DADAH         LINE#         130
  C:DAE2H         LINE#         131
  C:DAE2H         LINE#         132
  C:DAE5H         LINE#         133
BL51 BANKED LINKER/LOCATER V6.22                                                      07/12/2021  07:25:00  PAGE 31


  C:DAECH         LINE#         134
  C:DAECH         LINE#         135
  C:DAF3H         LINE#         136
  C:DB05H         LINE#         137
  C:DB27H         LINE#         138
  C:DB33H         LINE#         139
  C:DB38H         LINE#         140
  C:DB47H         LINE#         141
  C:DB47H         LINE#         144
  C:DB47H         LINE#         145
  C:DB4CH         LINE#         146
  -------         ENDPROC       _RDA5807MSEEK
  -------         PROC          _RDA5807MSETFQ
  X:0FE6H         SYMBOL        fq
  C:D898H         LINE#         152
  C:D89EH         LINE#         153
  C:D89EH         LINE#         154
  C:D8A5H         LINE#         155
  C:D8ACH         LINE#         156
  C:D8DAH         LINE#         157
  C:D8EDH         LINE#         158
  C:D906H         LINE#         159
  C:D909H         LINE#         160
  C:D90BH         LINE#         161
  C:D913H         LINE#         162
  C:D913H         LINE#         163
  C:D91AH         LINE#         164
  C:D91DH         LINE#         165
  C:D91FH         LINE#         166
  C:D926H         LINE#         167
[...]
  C:4231H         LINE#         2305
  C:4231H         LINE#         2306
  C:4231H         LINE#         2307
  C:4233H         LINE#         2308
  C:4235H         LINE#         2309
BL51 BANKED LINKER/LOCATER V6.22                                                      07/12/2021  07:25:00  PAGE 123


  C:4235H         LINE#         2310
  C:4235H         LINE#         2311
  C:4235H         LINE#         2312
  C:4238H         LINE#         2313
  C:4238H         LINE#         2314
  C:423BH         LINE#         2315
  C:423FH         LINE#         2317
  C:4241H         LINE#         2318
  C:4241H         LINE#         2319
  C:4243H         LINE#         2320
  C:4243H         LINE#         2321
  C:4243H         LINE#         2322
  C:4243H         LINE#         2323
  C:4245H         LINE#         2324
  C:4245H         LINE#         2325
  C:4245H         LINE#         2326
  C:4245H         LINE#         2327
  C:424AH         LINE#         2328
  C:424AH         LINE#         2329
  C:424DH         LINE#         2330
  C:424DH         LINE#         2331
  C:424FH         LINE#         2332
  C:4256H         LINE#         2333
  C:425DH         LINE#         2334
  C:4263H         LINE#         2335
  C:4265H         LINE#         2336
  C:4265H         LINE#         2337
  C:4265H         LINE#         2338
  C:4268H         LINE#         2339
  C:4268H         LINE#         2340
  C:426AH         LINE#         2341
  C:426DH         LINE#         2342
  C:4276H         LINE#         2343
  C:4279H         LINE#         2344
  C:4279H         LINE#         2345
  C:427BH         LINE#         2346
  C:4282H         LINE#         2347
  C:4284H         LINE#         2348
  C:4289H         LINE#         2349
  C:428BH         LINE#         2350
  C:428DH         LINE#         2351
  C:4290H         LINE#         2352
  C:4290H         LINE#         2353
  C:4292H         LINE#         2354
  C:4294H         LINE#         2355
  C:4297H         LINE#         2356
  C:429CH         LINE#         2357
  C:429EH         LINE#         2358
  C:42A0H         LINE#         2359
  C:42A2H         LINE#         2360
  C:42A5H         LINE#         2361
  C:42A5H         LINE#         2362
  C:42A7H         LINE#         2363
  C:42A9H         LINE#         2364
  C:42ACH         LINE#         2365
  C:42B5H         LINE#         2366
  C:42B7H         LINE#         2367
BL51 BANKED LINKER/LOCATER V6.22                                                      07/12/2021  07:25:00  PAGE 124


  C:42BAH         LINE#         2368
  C:42BFH         LINE#         2369
  C:42C6H         LINE#         2370
  C:42C8H         LINE#         2371
  C:42C8H         LINE#         2372
  C:42CFH         LINE#         2373
  C:42CFH         LINE#         2374
  C:42D2H         LINE#         2375
  C:42D2H         LINE#         2376
  C:42D5H         LINE#         2377
  C:42D5H         LINE#         2378
  C:42DAH         LINE#         2379
  C:42DCH         LINE#         2380
  C:42DCH         LINE#         2381
  C:42DCH         LINE#         2382
  C:42DFH         LINE#         2383
  C:42DFH         LINE#         2384
  C:42E2H         LINE#         2385
  C:42E2H         LINE#         2386
  C:42E5H         LINE#         2387
  C:42E5H         LINE#         2388
  C:42E5H         LINE#         2389
  C:42E8H         LINE#         2390
  C:42E8H         LINE#         2391
  C:42EBH         LINE#         2392
  C:42EBH         LINE#         2393
  C:42EEH         LINE#         2394
  C:42EEH         LINE#         2395
  C:42F3H         LINE#         2396
  C:42FAH         LINE#         2397
  C:42FAH         LINE#         2398
  C:42FDH         LINE#         2399
  C:42FDH         LINE#         2400
  C:4304H         LINE#         2401
  C:4304H         LINE#         2402
  C:4307H         LINE#         2403
  C:4307H         LINE#         2404
  C:430EH         LINE#         2405
  C:430EH         LINE#         2406
  C:4314H         LINE#         2407
  C:4314H         LINE#         2409
  C:4316H         LINE#         2410
  C:431EH         LINE#         2411
  C:4327H         LINE#         2412
  C:432EH         LINE#         2413
  C:432EH         LINE#         2414
  C:4331H         LINE#         2415
  C:4333H         LINE#         2416
  C:4335H         LINE#         2417
  C:4338H         LINE#         2418
  C:433FH         LINE#         2419
  C:4347H         LINE#         2420
  C:4347H         LINE#         2421
  C:435DH         LINE#         2422
  C:4365H         LINE#         2424
  C:436BH         LINE#         2425
  C:438BH         LINE#         2426
BL51 BANKED LINKER/LOCATER V6.22                                                      07/12/2021  07:25:00  PAGE 125


  C:438DH         LINE#         2427
  C:4395H         LINE#         2428
  C:4395H         LINE#         2429
  C:4397H         LINE#         2430
  C:439AH         LINE#         2431
  C:439AH         LINE#         2432
  C:43A3H         LINE#         2433
  C:43A3H         LINE#         2434
  C:43ADH         LINE#         2435
  C:43ADH         LINE#         2436
  C:43B0H         LINE#         2439
  C:43B9H         LINE#         2440
  C:43C5H         LINE#         2441
  C:43C5H         LINE#         2442
  C:43DBH         LINE#         2443
  C:43DBH         LINE#         2445
  C:43E1H         LINE#         2446
  C:43E1H         LINE#         2447
  C:43F2H         LINE#         2448
  C:43F2H         LINE#         2449
  C:4445H         LINE#         2450
  C:444DH         LINE#         2451
  C:4456H         LINE#         2452
  C:4492H         LINE#         2453
  C:449BH         LINE#         2454
  C:449EH         LINE#         2455
  C:449EH         LINE#         2456
  C:449EH         LINE#         2457
  C:44A4H         LINE#         2458
  C:44A4H         LINE#         2459
  C:44BCH         LINE#         2460
  C:44BCH         LINE#         2461
  C:44C3H         LINE#         2462
  C:44C5H         LINE#         2463
  C:44CCH         LINE#         2464
  C:44CEH         LINE#         2465
  C:44CEH         LINE#         2466
  C:44CEH         LINE#         2467
  C:44CEH         LINE#         2468
  C:44CEH         LINE#         2470
  -------         ENDPROC       MAIN
  -------         ENDMOD        MAIN

  -------         MODULE        ?C?FPADD
  C:6816H         PUBLIC        ?C?FPADD
  C:6812H         PUBLIC        ?C?FPSUB
  -------         ENDMOD        ?C?FPADD

  -------         MODULE        ?C?FPMUL
  C:6907H         PUBLIC        ?C?FPMUL
  -------         ENDMOD        ?C?FPMUL

  -------         MODULE        ?C?FPDIV
  C:6A10H         PUBLIC        ?C?FPDIV
  -------         ENDMOD        ?C?FPDIV

  -------         MODULE        ?C?FPCMP
BL51 BANKED LINKER/LOCATER V6.22                                                      07/12/2021  07:25:00  PAGE 126


  C:6AAFH         PUBLIC        ?C?FPCMP
  C:6AADH         PUBLIC        ?C?FPCMP3
  -------         ENDMOD        ?C?FPCMP

  -------         MODULE        ?C?FPNEG
  C:6B26H         PUBLIC        ?C?FPNEG
  -------         ENDMOD        ?C?FPNEG

  -------         MODULE        ?C?FCAST
  C:6B41H         PUBLIC        ?C?FCASTC
  C:6B3CH         PUBLIC        ?C?FCASTI
  C:6B37H         PUBLIC        ?C?FCASTL
  -------         ENDMOD        ?C?FCAST

  -------         MODULE        ?C?CASTF
  C:6B75H         PUBLIC        ?C?CASTF
  -------         ENDMOD        ?C?CASTF

  -------         MODULE        PRINTF
  X:1019H         PUBLIC        ?_PRINTF?BYTE
  X:1019H         PUBLIC        ?_SPRINTF?BYTE
  C:9A1AH         PUBLIC        _PRINTF
  C:9A14H         PUBLIC        _SPRINTF
  -------         ENDMOD        PRINTF

  -------         MODULE        SQRT
  C:D9FAH         PUBLIC        _SQRT
  -------         ENDMOD        SQRT

  -------         MODULE        ATAN2
  X:0FFDH         PUBLIC        ?_atan2?BYTE
  C:DC95H         PUBLIC        _atan2
  -------         ENDMOD        ATAN2

  -------         MODULE        SIN
  C:BFA3H         PUBLIC        _COS
  C:BFB9H         PUBLIC        _SIN
  C:BFF5H         PUBLIC        _TAN
  -------         ENDMOD        SIN

  -------         MODULE        ATAN
  C:CA7CH         PUBLIC        _ATAN
  -------         ENDMOD        ATAN

  -------         MODULE        ASIN
  C:ED84H         PUBLIC        _ASIN
  -------         ENDMOD        ASIN

  -------         MODULE        POW
  X:0FE6H         PUBLIC        ?_pow?BYTE
  C:C557H         PUBLIC        _pow
  -------         ENDMOD        POW

  -------         MODULE        ?C?CHKFLOAT
  C:6BF6H         PUBLIC        ?C?CHKFLOAT
  -------         ENDMOD        ?C?CHKFLOAT

BL51 BANKED LINKER/LOCATER V6.22                                                      07/12/2021  07:25:00  PAGE 127


  -------         MODULE        ?C?FPROUND
  C:6C10H         PUBLIC        ?C?FPROUND
  -------         ENDMOD        ?C?FPROUND

  -------         MODULE        ?C?FPCONVERT
  C:6C4DH         PUBLIC        ?C?FPCONVERT
  -------         ENDMOD        ?C?FPCONVERT

  -------         MODULE        EXP
  C:DD6AH         PUBLIC        _EXP
  -------         ENDMOD        EXP

  -------         MODULE        LOG
  C:C967H         PUBLIC        _LOG
  C:C963H         PUBLIC        _LOG10
  -------         ENDMOD        LOG

  -------         MODULE        ?C?FTNPWR
  C:6DCFH         PUBLIC        ?C?FTNPWR
  -------         ENDMOD        ?C?FTNPWR

  -------         MODULE        ?C?COPY
  C:6EDFH         PUBLIC        ?C?COPY
  -------         ENDMOD        ?C?COPY

  -------         MODULE        ?C?CLDPTR
  C:6F05H         PUBLIC        ?C?CLDPTR
  -------         ENDMOD        ?C?CLDPTR

  -------         MODULE        ?C?CLDOPTR
  C:6F1EH         PUBLIC        ?C?CLDOPTR
  -------         ENDMOD        ?C?CLDOPTR

  -------         MODULE        ?C?CILDOPTR
  C:6F4BH         PUBLIC        ?C?CILDOPTR
  -------         ENDMOD        ?C?CILDOPTR

  -------         MODULE        ?C?CSTPTR
  C:6F7EH         PUBLIC        ?C?CSTPTR
  -------         ENDMOD        ?C?CSTPTR

  -------         MODULE        ?C?CSTOPTR
  C:6F90H         PUBLIC        ?C?CSTOPTR
  -------         ENDMOD        ?C?CSTOPTR

  -------         MODULE        ?C?UIDIV
  C:6FB2H         PUBLIC        ?C?UIDIV
  -------         ENDMOD        ?C?UIDIV

  -------         MODULE        ?C?SIDIV
  C:7007H         PUBLIC        ?C?SIDIV
  -------         ENDMOD        ?C?SIDIV

  -------         MODULE        ?C?IILDX
  C:703DH         PUBLIC        ?C?IILDX
  -------         ENDMOD        ?C?IILDX

BL51 BANKED LINKER/LOCATER V6.22                                                      07/12/2021  07:25:00  PAGE 128


  -------         MODULE        ?C?ILDIX
  C:7053H         PUBLIC        ?C?ILDIX
  -------         ENDMOD        ?C?ILDIX

  -------         MODULE        ?C?ILDPTR
  C:7069H         PUBLIC        ?C?ILDPTR
  -------         ENDMOD        ?C?ILDPTR

  -------         MODULE        ?C?ILDOPTR
  C:7094H         PUBLIC        ?C?ILDOPTR
  -------         ENDMOD        ?C?ILDOPTR

  -------         MODULE        ?C?ISTPTR
  C:70CCH         PUBLIC        ?C?ISTPTR
  -------         ENDMOD        ?C?ISTPTR

  -------         MODULE        ?C?ISTOPTR
  C:70EBH         PUBLIC        ?C?ISTOPTR
  -------         ENDMOD        ?C?ISTOPTR

  -------         MODULE        ?C?LMUL
  C:7118H         PUBLIC        ?C?LMUL
  -------         ENDMOD        ?C?LMUL

  -------         MODULE        ?C?SLDIV
  C:ED04H         PUBLIC        ?C?SLDIV
  -------         ENDMOD        ?C?SLDIV

  -------         MODULE        ?C?LNEG
  C:7167H         PUBLIC        ?C?LNEG
  -------         ENDMOD        ?C?LNEG

  -------         MODULE        ?C?SLCMP
  C:7175H         PUBLIC        ?C?SLCMP
  -------         ENDMOD        ?C?SLCMP

  -------         MODULE        ?C?SLSHR
  C:718BH         PUBLIC        ?C?SLSHR
  -------         ENDMOD        ?C?SLSHR

  -------         MODULE        ?C?LSHL
  C:719FH         PUBLIC        ?C?LSHL
  -------         ENDMOD        ?C?LSHL

  -------         MODULE        ?C?LLDPTR
  C:71B2H         PUBLIC        ?C?LLDPTR
  -------         ENDMOD        ?C?LLDPTR

  -------         MODULE        ?C?LLDOPTR
  C:71D2H         PUBLIC        ?C?LLDOPTR
  -------         ENDMOD        ?C?LLDOPTR

  -------         MODULE        ?C?LSTPTR
  C:7202H         PUBLIC        ?C?LSTPTR
  -------         ENDMOD        ?C?LSTPTR

  -------         MODULE        ?C?LSTOPTR
BL51 BANKED LINKER/LOCATER V6.22                                                      07/12/2021  07:25:00  PAGE 129


  C:721CH         PUBLIC        ?C?LSTOPTR
  -------         ENDMOD        ?C?LSTOPTR

  -------         MODULE        ?C?LLDIDATA
  C:7240H         PUBLIC        ?C?LLDIDATA
  -------         ENDMOD        ?C?LLDIDATA

  -------         MODULE        ?C?LLDXDATA
  C:724CH         PUBLIC        ?C?LLDXDATA
  -------         ENDMOD        ?C?LLDXDATA

  -------         MODULE        ?C?LLDCODE
  C:7258H         PUBLIC        ?C?LLDCODE
  -------         ENDMOD        ?C?LLDCODE

  -------         MODULE        ?C?LLDIDATA0
  C:7268H         PUBLIC        ?C?LLDIDATA0
  -------         ENDMOD        ?C?LLDIDATA0

  -------         MODULE        ?C?LLDXDATA0
  C:7275H         PUBLIC        ?C?LLDXDATA0
  -------         ENDMOD        ?C?LLDXDATA0

  -------         MODULE        ?C?LLDCODE0
  C:7281H         PUBLIC        ?C?LLDCODE0
  -------         ENDMOD        ?C?LLDCODE0

  -------         MODULE        ?C?LSTIDATA
  C:7291H         PUBLIC        ?C?LSTIDATA
  -------         ENDMOD        ?C?LSTIDATA

  -------         MODULE        ?C?LSTXDATA
  C:729DH         PUBLIC        ?C?LSTXDATA
  -------         ENDMOD        ?C?LSTXDATA

  -------         MODULE        ?C?LSTKXDATA
  C:72A9H         PUBLIC        ?C?LSTKXDATA
  -------         ENDMOD        ?C?LSTKXDATA

  -------         MODULE        ?C?OFFXADD
  C:72DAH         PUBLIC        ?C?OFFXADD
  -------         ENDMOD        ?C?OFFXADD

  -------         MODULE        ?C?PLDIXDATA
  C:72E6H         PUBLIC        ?C?PLDIXDATA
  -------         ENDMOD        ?C?PLDIXDATA

  -------         MODULE        ?C?PSTXDATA
  C:72FDH         PUBLIC        ?C?PSTXDATA
  -------         ENDMOD        ?C?PSTXDATA

  -------         MODULE        ?C?CCASE
  C:7306H         PUBLIC        ?C?CCASE
  -------         ENDMOD        ?C?CCASE

  -------         MODULE        PUTCHAR
  C:F119H         PUBLIC        _PUTCHAR
BL51 BANKED LINKER/LOCATER V6.22                                                      07/12/2021  07:25:00  PAGE 130


  -------         ENDMOD        PUTCHAR

  -------         MODULE        RAND
  X:12D7H         PUBLIC        ?SRAND?BYTE
  C:EA3EH         PUBLIC        RAND
  C:EA7CH         PUBLIC        _SRAND
  -------         ENDMOD        RAND

  -------         MODULE        STRCAT
  X:1006H         PUBLIC        ?_strcat?BYTE
  C:E3CEH         PUBLIC        _strcat
  -------         ENDMOD        STRCAT

  -------         MODULE        ?C?STRCPY
  C:73F8H         PUBLIC        ?C?STRCPY
  -------         ENDMOD        ?C?STRCPY

  -------         MODULE        ?C?MEMCMP
  C:759BH         PUBLIC        ?C?MEMCMP
  -------         ENDMOD        ?C?MEMCMP

  -------         MODULE        ?C?ULDIV
  C:75FBH         PUBLIC        ?C?ULDIV
  -------         ENDMOD        ?C?ULDIV

  -------         MODULE        ?C?LLDPDATA
  C:768DH         PUBLIC        ?C?LLDPDATA
  -------         ENDMOD        ?C?LLDPDATA

  -------         MODULE        ?C?LSTPDATA
  C:7699H         PUBLIC        ?C?LSTPDATA
  -------         ENDMOD        ?C?LSTPDATA

*** WARNING L16: UNCALLED SEGMENT, IGNORED FOR OVERLAY PROCESS
    SEGMENT: ?PR?PW02REST?PW02

*** WARNING L16: UNCALLED SEGMENT, IGNORED FOR OVERLAY PROCESS
    SEGMENT: ?PR?RDA5807MGETCURRENTFQ?RDA5807M

*** WARNING L16: UNCALLED SEGMENT, IGNORED FOR OVERLAY PROCESS
    SEGMENT: ?PR?RDA5807MGETCURRENTRSSI?RDA5807M

*** WARNING L16: UNCALLED SEGMENT, IGNORED FOR OVERLAY PROCESS
    SEGMENT: ?PR?RDA5807MSETMUTE?RDA5807M

*** WARNING L16: UNCALLED SEGMENT, IGNORED FOR OVERLAY PROCESS
    SEGMENT: ?PR?PCF8563DISABLETIMER?PCF8563

*** WARNING L16: UNCALLED SEGMENT, IGNORED FOR OVERLAY PROCESS
    SEGMENT: ?PR?PCF8563INIT?PCF8563

*** WARNING L16: UNCALLED SEGMENT, IGNORED FOR OVERLAY PROCESS
    SEGMENT: ?PR?_BME280SINGLEMEASUREMENT?BME280

*** WARNING L16: UNCALLED SEGMENT, IGNORED FOR OVERLAY PROCESS
    SEGMENT: ?PR?LSM6DSMDISABLEPEDOMETER?LSM6DSM

BL51 BANKED LINKER/LOCATER V6.22                                                      07/12/2021  07:25:00  PAGE 131


*** WARNING L16: UNCALLED SEGMENT, IGNORED FOR OVERLAY PROCESS
    SEGMENT: ?PR?_BATTERYCHARGEENABLE?POWERMANAGE

*** WARNING L16: UNCALLED SEGMENT, IGNORED FOR OVERLAY PROCESS
    SEGMENT: ?PR?_I2D_SENDBYTE?IIC

*** WARNING L16: UNCALLED SEGMENT, IGNORED FOR OVERLAY PROCESS
    SEGMENT: ?PR?I2C_RECVHYTE?IIC

*** WARNING L16: UNCALLED SEGMENT, IGNORED FOR OVERLAY PROCESS
    SEGMENT: ?PR?BUZZERINIT?BUZZER

*** WARNING L16: UNCALLED SEGMENT, IGNORED FOR OVERLAY PROCESS
    SEGMENT: ?PR?_DELAY1US?DELAY

*** WARNING L1: UNRESOLVED EXTERNAL SYMBOL
    SYMBOL:  _I2C_SENDBYTE
    MODULE:  ..\Objects\IIC.obj (IIC)

*** WARNING L1: UNRESOLVED EXTERNAL SYMBOL
    SYMBOL:  I2C_RECVBYTE
    MODULE:  ..\Objects\IIC.obj (IIC)

*** WARNING L2: REFERENCE MADE TO UNRESOLVED EXTERNAL
    SYMBOL:  _I2C_SENDBYTE
    MODULE:  ..\Objects\IIC.obj (IIC)
    ADDRESS: F00AH

*** WARNING L2: REFERENCE MADE TO UNRESOLVED EXTERNAL
    SYMBOL:  _I2C_SENDBYTE
    MODULE:  ..\Objects\IIC.obj (IIC)
    ADDRESS: F015H

*** WARNING L2: REFERENCE MADE TO UNRESOLVED EXTERNAL
    SYMBOL:  _I2C_SENDBYTE
    MODULE:  ..\Objects\IIC.obj (IIC)
    ADDRESS: F020H

*** WARNING L2: REFERENCE MADE TO UNRESOLVED EXTERNAL
    SYMBOL:  _I2C_SENDBYTE
    MODULE:  ..\Objects\IIC.obj (IIC)
    ADDRESS: EE42H

*** WARNING L2: REFERENCE MADE TO UNRESOLVED EXTERNAL
    SYMBOL:  _I2C_SENDBYTE
    MODULE:  ..\Objects\IIC.obj (IIC)
    ADDRESS: EE4DH

*** WARNING L2: REFERENCE MADE TO UNRESOLVED EXTERNAL
    SYMBOL:  _I2C_SENDBYTE
    MODULE:  ..\Objects\IIC.obj (IIC)
    ADDRESS: EE5BH

*** WARNING L2: REFERENCE MADE TO UNRESOLVED EXTERNAL
    SYMBOL:  I2C_RECVBYTE
    MODULE:  ..\Objects\IIC.obj (IIC)
    ADDRESS: EE61H
BL51 BANKED LINKER/LOCATER V6.22                                                      07/12/2021  07:25:00  PAGE 132



*** WARNING L2: REFERENCE MADE TO UNRESOLVED EXTERNAL
    SYMBOL:  _I2C_SENDBYTE
    MODULE:  ..\Objects\IIC.obj (IIC)
    ADDRESS: E90EH

*** WARNING L2: REFERENCE MADE TO UNRESOLVED EXTERNAL
    SYMBOL:  _I2C_SENDBYTE
    MODULE:  ..\Objects\IIC.obj (IIC)
    ADDRESS: E93BH

*** WARNING L2: REFERENCE MADE TO UNRESOLVED EXTERNAL
    SYMBOL:  _I2C_SENDBYTE
    MODULE:  ..\Objects\IIC.obj (IIC)
    ADDRESS: ECD4H

*** WARNING L2: REFERENCE MADE TO UNRESOLVED EXTERNAL
    SYMBOL:  I2C_RECVBYTE
    MODULE:  ..\Objects\IIC.obj (IIC)
    ADDRESS: ECEDH

*** WARNING L2: REFERENCE MADE TO UNRESOLVED EXTERNAL
    SYMBOL:  I2C_RECVBYTE
    MODULE:  ..\Objects\IIC.obj (IIC)
    ADDRESS: ECFBH

*** WARNING L2: REFERENCE MADE TO UNRESOLVED EXTERNAL
    SYMBOL:  _I2C_SENDBYTE
    MODULE:  ..\Objects\IIC.obj (IIC)
    ADDRESS: E295H

*** WARNING L2: REFERENCE MADE TO UNRESOLVED EXTERNAL
    SYMBOL:  _I2C_SENDBYTE
    MODULE:  ..\Objects\IIC.obj (IIC)
    ADDRESS: E2A0H

*** WARNING L2: REFERENCE MADE TO UNRESOLVED EXTERNAL
    SYMBOL:  _I2C_SENDBYTE
    MODULE:  ..\Objects\IIC.obj (IIC)
    ADDRESS: E2AFH

*** WARNING L2: REFERENCE MADE TO UNRESOLVED EXTERNAL
    SYMBOL:  I2C_RECVBYTE
    MODULE:  ..\Objects\IIC.obj (IIC)
    ADDRESS: E2C5H

*** WARNING L2: REFERENCE MADE TO UNRESOLVED EXTERNAL
    SYMBOL:  I2C_RECVBYTE
    MODULE:  ..\Objects\IIC.obj (IIC)
    ADDRESS: E2E9H

Program Size: data=121.2 xdata=4833 code=63113
LINK/LOCATE RUN COMPLETE.  32 WARNING(S),  0 ERROR(S)
