BL51 BANKED LINKER/LOCATER V6.22                                                        09/13/2021  23:37:23  PAGE 1


BL51 BANKED LINKER/LOCATER V6.22, INVOKED BY:
E:\INSTALL_FILES\KEIL\C51\BIN\BL51.EXE ..\Objects\PW02.obj, ..\Objects\oled.obj, ..\Objects\RDA5807M.obj, ..\Objects\PCF
>> 8563.obj, ..\Objects\BME280.obj, ..\Objects\Ellipsoid fitting.obj, ..\Objects\HMC5883L.obj, ..\Objects\LSM6DSM.obj, .
>> .\Objects\PowerManage.obj, ..\Objects\IIC.obj, ..\Objects\Sys.obj, ..\Objects\EEPROM.obj, ..\Objects\Buzzer.obj, ..\O
>> bjects\Delay.obj, ..\Objects\Display.obj, ..\Objects\main.obj TO ..\Objects\iWatch-v1.1 PRINT (..\Listings\iWatch-v1.
>> m51) RAMSIZE (256)


MEMORY MODEL: LARGE WITH FLOATING POINT ARITHMETIC


INPUT MODULES INCLUDED:
  ..\Objects\PW02.obj (PW02)
  ..\Objects\oled.obj (OLED)
  ..\Objects\RDA5807M.obj (RDA5807M)
  ..\Objects\PCF8563.obj (PCF8563)
  ..\Objects\BME280.obj (BME280)
  ..\Objects\Ellipsoid fitting.obj (ELLIPSOID_FITTING)
  ..\Objects\HMC5883L.obj (HMC5883L)
  ..\Objects\LSM6DSM.obj (LSM6DSM)
  ..\Objects\PowerManage.obj (POWERMANAGE)
  ..\Objects\IIC.obj (IIC)
  ..\Objects\Sys.obj (SYS)
  ..\Objects\EEPROM.obj (EEPROM)
  ..\Objects\Buzzer.obj (BUZZER)
  ..\Objects\Delay.obj (DELAY)
  ..\Objects\Display.obj (DISPLAY)
  ..\Objects\main.obj (MAIN)
  E:\INSTALL_FILES\KEIL\C51\LIB\C51FPL.LIB (?C?FPADD)
  E:\INSTALL_FILES\KEIL\C51\LIB\C51FPL.LIB (?C?FPMUL)
  E:\INSTALL_FILES\KEIL\C51\LIB\C51FPL.LIB (?C?FPDIV)
  E:\INSTALL_FILES\KEIL\C51\LIB\C51FPL.LIB (?C?FPCMP)
  E:\INSTALL_FILES\KEIL\C51\LIB\C51FPL.LIB (?C?FPNEG)
  E:\INSTALL_FILES\KEIL\C51\LIB\C51FPL.LIB (?C?FCAST)
  E:\INSTALL_FILES\KEIL\C51\LIB\C51FPL.LIB (?C?CASTF)
  E:\INSTALL_FILES\KEIL\C51\LIB\C51FPL.LIB (PRINTF)
  E:\INSTALL_FILES\KEIL\C51\LIB\C51FPL.LIB (SQRT)
  E:\INSTALL_FILES\KEIL\C51\LIB\C51FPL.LIB (ATAN2)
  E:\INSTALL_FILES\KEIL\C51\LIB\C51FPL.LIB (SIN)
  E:\INSTALL_FILES\KEIL\C51\LIB\C51FPL.LIB (ATAN)
  E:\INSTALL_FILES\KEIL\C51\LIB\C51FPL.LIB (ASIN)
  E:\INSTALL_FILES\KEIL\C51\LIB\C51FPL.LIB (POW)
  E:\INSTALL_FILES\KEIL\C51\LIB\C51FPL.LIB (?C?FPGETOPN)
  E:\INSTALL_FILES\KEIL\C51\LIB\C51FPL.LIB (?C?CHKFLOAT)
  E:\INSTALL_FILES\KEIL\C51\LIB\C51FPL.LIB (?C?FPROUND)
  E:\INSTALL_FILES\KEIL\C51\LIB\C51FPL.LIB (?C?FPCONVERT)
  E:\INSTALL_FILES\KEIL\C51\LIB\C51FPL.LIB (?C?FPSERIES)
  E:\INSTALL_FILES\KEIL\C51\LIB\C51FPL.LIB (EXP)
  E:\INSTALL_FILES\KEIL\C51\LIB\C51FPL.LIB (LOG)
  E:\INSTALL_FILES\KEIL\C51\LIB\C51FPL.LIB (?C?FTNPWR)
  E:\INSTALL_FILES\KEIL\C51\LIB\C51L.LIB (?C_STARTUP)
  E:\INSTALL_FILES\KEIL\C51\LIB\C51L.LIB (?C?COPY)
  E:\INSTALL_FILES\KEIL\C51\LIB\C51L.LIB (?C?CLDPTR)
  E:\INSTALL_FILES\KEIL\C51\LIB\C51L.LIB (?C?CLDOPTR)
  E:\INSTALL_FILES\KEIL\C51\LIB\C51L.LIB (?C?CILDOPTR)
  E:\INSTALL_FILES\KEIL\C51\LIB\C51L.LIB (?C?CSTPTR)
  E:\INSTALL_FILES\KEIL\C51\LIB\C51L.LIB (?C?CSTOPTR)
  E:\INSTALL_FILES\KEIL\C51\LIB\C51L.LIB (?C?UIDIV)
BL51 BANKED LINKER/LOCATER V6.22                                                      09/13/2021  23:37:23  PAGE 2


  E:\INSTALL_FILES\KEIL\C51\LIB\C51L.LIB (?C?SIDIV)
  E:\INSTALL_FILES\KEIL\C51\LIB\C51L.LIB (?C?IILDX)
  E:\INSTALL_FILES\KEIL\C51\LIB\C51L.LIB (?C?ILDIX)
  E:\INSTALL_FILES\KEIL\C51\LIB\C51L.LIB (?C?ILDPTR)
  E:\INSTALL_FILES\KEIL\C51\LIB\C51L.LIB (?C?ILDOPTR)
  E:\INSTALL_FILES\KEIL\C51\LIB\C51L.LIB (?C?ISTPTR)
  E:\INSTALL_FILES\KEIL\C51\LIB\C51L.LIB (?C?ISTOPTR)
  E:\INSTALL_FILES\KEIL\C51\LIB\C51L.LIB (?C?LMUL)
  E:\INSTALL_FILES\KEIL\C51\LIB\C51L.LIB (?C?SLDIV)
  E:\INSTALL_FILES\KEIL\C51\LIB\C51L.LIB (?C?LNEG)
  E:\INSTALL_FILES\KEIL\C51\LIB\C51L.LIB (?C?SLCMP)
  E:\INSTALL_FILES\KEIL\C51\LIB\C51L.LIB (?C?SLSHR)
  E:\INSTALL_FILES\KEIL\C51\LIB\C51L.LIB (?C?LSHL)
  E:\INSTALL_FILES\KEIL\C51\LIB\C51L.LIB (?C?LLDPTR)
  E:\INSTALL_FILES\KEIL\C51\LIB\C51L.LIB (?C?LLDOPTR)
  E:\INSTALL_FILES\KEIL\C51\LIB\C51L.LIB (?C?LSTPTR)
  E:\INSTALL_FILES\KEIL\C51\LIB\C51L.LIB (?C?LSTOPTR)
  E:\INSTALL_FILES\KEIL\C51\LIB\C51L.LIB (?C?LLDIDATA)
  E:\INSTALL_FILES\KEIL\C51\LIB\C51L.LIB (?C?LLDXDATA)
  E:\INSTALL_FILES\KEIL\C51\LIB\C51L.LIB (?C?LLDCODE)
  E:\INSTALL_FILES\KEIL\C51\LIB\C51L.LIB (?C?LLDIDATA0)
  E:\INSTALL_FILES\KEIL\C51\LIB\C51L.LIB (?C?LLDXDATA0)
  E:\INSTALL_FILES\KEIL\C51\LIB\C51L.LIB (?C?LLDCODE0)
  E:\INSTALL_FILES\KEIL\C51\LIB\C51L.LIB (?C?LSTIDATA)
  E:\INSTALL_FILES\KEIL\C51\LIB\C51L.LIB (?C?LSTXDATA)
  E:\INSTALL_FILES\KEIL\C51\LIB\C51L.LIB (?C?LSTKXDATA)
  E:\INSTALL_FILES\KEIL\C51\LIB\C51L.LIB (?C?OFFXADD)
  E:\INSTALL_FILES\KEIL\C51\LIB\C51L.LIB (?C?PLDIXDATA)
  E:\INSTALL_FILES\KEIL\C51\LIB\C51L.LIB (?C?PSTXDATA)
  E:\INSTALL_FILES\KEIL\C51\LIB\C51L.LIB (?C?CCASE)
  E:\INSTALL_FILES\KEIL\C51\LIB\C51L.LIB (PUTCHAR)
  E:\INSTALL_FILES\KEIL\C51\LIB\C51L.LIB (RAND)
  E:\INSTALL_FILES\KEIL\C51\LIB\C51L.LIB (STRCAT)
  E:\INSTALL_FILES\KEIL\C51\LIB\C51L.LIB (?C?STRCPY)
  E:\INSTALL_FILES\KEIL\C51\LIB\C51L.LIB (?C?MEMCMP)
  E:\INSTALL_FILES\KEIL\C51\LIB\C51L.LIB (?C_INIT)
  E:\INSTALL_FILES\KEIL\C51\LIB\C51L.LIB (?C?ULDIV)
  E:\INSTALL_FILES\KEIL\C51\LIB\C51L.LIB (?C?LLDPDATA)
  E:\INSTALL_FILES\KEIL\C51\LIB\C51L.LIB (?C?LSTPDATA)


LINK MAP OF MODULE:  ..\Objects\iWatch-v1.1 (PW02)


            TYPE    BASE      LENGTH    RELOCATION   SEGMENT NAME
            -----------------------------------------------------

            * * * * * * *   D A T A   M E M O R Y   * * * * * * *
            REG     0000H     0008H     ABSOLUTE     "REG BANK 0"
            REG     0008H     0008H     ABSOLUTE     "REG BANK 1"
            DATA    0010H     0002H     UNIT         ?DT?IIC
                    0012H     000EH                  *** GAP ***
            BIT     0020H.0   0002H.5   UNIT         ?BI?MAIN
            BIT     0022H.5   0001H.1   UNIT         _BIT_GROUP_
            BIT     0023H.6   0000H.2   UNIT         ?BI?PW02
            BIT     0024H.0   0000H.1   UNIT         ?BI?BUZZER
                    0024H.1   0000H.7                *** GAP ***
BL51 BANKED LINKER/LOCATER V6.22                                                      09/13/2021  23:37:23  PAGE 3


            DATA    0025H     0016H     UNIT         _DATA_GROUP_
            IDATA   003BH     0030H     UNIT         _IDATA_GROUP_
            IDATA   006BH     001CH     UNIT         ?ID?LSM6DSM
            IDATA   0087H     0001H     UNIT         ?STACK

            * * * * * * *  X D A T A   M E M O R Y  * * * * * * *
            XDATA   0000H     0C08H     UNIT         ?XD?DISPLAY
            XDATA   0C08H     035CH     UNIT         ?XD?MAIN
            XDATA   0F64H     00E3H     UNIT         _XDATA_GROUP_
            XDATA   1047H     00DAH     UNIT         ?XD?ELLIPSOID_FITTING
            XDATA   1121H     0081H     UNIT         ?XD?PW02
            XDATA   11A2H     0075H     UNIT         ?XD?SYS
            XDATA   1217H     0054H     UNIT         ?XD?POWERMANAGE
            XDATA   126BH     0036H     UNIT         ?XD?BME280
            XDATA   12A1H     0018H     UNIT         ?XD?RDA5807M
            XDATA   12B9H     0013H     UNIT         ?XD?HMC5883L
            XDATA   12CCH     0009H     UNIT         ?XD?BME280_CAL_MEAS_DELAY?BME280
            XDATA   12D5H     0004H     UNIT         ?XD?RAND?RAND
            XDATA   12D9H     0003H     UNIT         ?XD?_BME280SINGLEMEASUREMENT?BME280
            XDATA   12DCH     0003H     UNIT         ?XD?BUZZER

            * * * * * * *   C O D E   M E M O R Y   * * * * * * *
            CODE    0000H     0003H     ABSOLUTE     
            CODE    0003H     0003H     ABSOLUTE     
            CODE    0006H     0004H     UNIT         ?PR?MCUSOFTRESET?SYS
                    000AH     0001H                  *** GAP ***
            CODE    000BH     0003H     ABSOLUTE     
            CODE    000EH     0004H     UNIT         ?PR?ENABLEWATCHDOG?SYS
                    0012H     0001H                  *** GAP ***
            CODE    0013H     0003H     ABSOLUTE     
            CODE    0016H     002CH     UNIT         ?PR?SYSTEMPOWERDOWN?POWERMANAGE
                    0042H     0001H                  *** GAP ***
            CODE    0043H     0003H     ABSOLUTE     
            CODE    0046H     000DH     UNIT         ?PR?_HMC5883L_WRITE_BYTE?HMC5883L
            CODE    0053H     0003H     ABSOLUTE     
            CODE    0056H     0004H     UNIT         ?PR?FEEDWATCHDOG?SYS
                    005AH     0001H                  *** GAP ***
            CODE    005BH     0003H     ABSOLUTE     
            CODE    005EH     003DH     UNIT         ?PR?_UART2SENDSTR?PW02
            CODE    009BH     0003H     ABSOLUTE     
            CODE    009EH     0003H     UNIT         ?PR?_SCREENREFRESHALL?DISPLAY
                    00A1H     0002H                  *** GAP ***
            CODE    00A3H     0003H     ABSOLUTE     
            CODE    00A6H     4370H     UNIT         ?PR?MAIN?MAIN
            CODE    4416H     2335H     UNIT         ?CO?MAIN
            CODE    674BH     0E96H     UNIT         ?C?LIB_CODE
            CODE    75E1H     0E44H     UNIT         ?C_INITSEG
            CODE    8425H     0C4AH     UNIT         ?CO?DISPLAY
            CODE    906FH     0872H     UNIT         ?PR?_IMUUPDATE?LSM6DSM
            CODE    98E1H     0483H     UNIT         ?PR?PRINTF?PRINTF
            CODE    9D64H     03FDH     UNIT         ?PR?_SCREENPUSHANIMATION?DISPLAY
            CODE    A161H     03B9H     UNIT         ?PR?COMPENSATE_PRESSURE?BME280
            CODE    A51AH     037FH     UNIT         ?PR?_ELLIPSOID_FITTING_PROCESS?ELLIPSOID_FITTING
            CODE    A899H     0334H     UNIT         ?PR?_SHOWSTRING?DISPLAY
            CODE    ABCDH     0282H     UNIT         ?PR?_DRAWLINE?DISPLAY
            CODE    AE4FH     026AH     UNIT         ?PR?_DISPLAYTIME?DISPLAY
            CODE    B0B9H     0252H     UNIT         ?PR?COMPENSATE_HUMIDITY?BME280
BL51 BANKED LINKER/LOCATER V6.22                                                      09/13/2021  23:37:23  PAGE 4


            CODE    B30BH     0240H     UNIT         ?PR?_HMC5883L_GET_ANGLEXY?HMC5883L
            CODE    B54BH     01FEH     UNIT         ?PR?_DRAWARM?DISPLAY
            CODE    B749H     01F2H     UNIT         ?PR?_DRAWSELECTIONFRAME?DISPLAY
            CODE    B93BH     01DBH     UNIT         ?PR?COMPENSATE_TEMPERATURE?BME280
            CODE    BB16H     018CH     UNIT         ?PR?_MATRIX_SOLVE?ELLIPSOID_FITTING
            CODE    BCA2H     0188H     UNIT         ?PR?SIN?SIN
            CODE    BE2AH     0181H     UNIT         ?PR?GETBATTERYLIFE?POWERMANAGE
            CODE    BFABH     0180H     UNIT         ?PR?BME280READCOMPENSATIONPARAMETER?BME280
            CODE    C12BH     0173H     UNIT         ?PR?_CALCDATA_INPUT?ELLIPSOID_FITTING
            CODE    C29EH     0166H     UNIT         ?PR?_POW?POW
            CODE    C404H     0157H     UNIT         ?PR?_BMPTOCACHE?DISPLAY
            CODE    C55BH     014BH     UNIT         ?PR?_READ_HMC5883L?HMC5883L
            CODE    C6A6H     012BH     UNIT         ?PR?_SCREEROLLDOWN?DISPLAY
            CODE    C7D1H     0129H     UNIT         ?PR?LOG?LOG
            CODE    C8FAH     0122H     UNIT         ?PR?ATAN?ATAN
            CODE    CA1CH     0120H     UNIT         ?PR?PW02INIT?PW02
            CODE    CB3CH     011BH     UNIT         ?PR?TM3_IST?MAIN
            CODE    CC57H     011AH     UNIT         ?PR?SENSORINIT?MAIN
            CODE    CD71H     0114H     UNIT         ?PR?_SCREEROLLUP?DISPLAY
            CODE    CE85H     0109H     UNIT         ?PR?MATRIX_GAUSSELIMINATION?ELLIPSOID_FITTING
            CODE    CF8EH     0105H     UNIT         ?PR?_PCF8563READTIME?PCF8563
            CODE    D093H     00FEH     UNIT         ?PR?BME280_CAL_MEAS_DELAY?BME280
            CODE    D191H     00EAH     UNIT         ?PR?_ROW2_SWOP_ROW1?ELLIPSOID_FITTING
            CODE    D27BH     00D8H     UNIT         ?PR?BME280READSENSORRAWDATA?BME280
            CODE    D353H     00D7H     UNIT         ?PR?PW02CHECKCONNECTION?PW02
            CODE    D42AH     00D5H     UNIT         ?PR?GETBATTERYVOLTAGE?POWERMANAGE
            CODE    D4FFH     00C2H     UNIT         ?PR?_PCF8563SETALARM?PCF8563
            CODE    D5C1H     00BEH     UNIT         ?CO?PW02
            CODE    D67FH     00B3H     UNIT         ?PR?_LSM6DSMREADGYRANDACC?LSM6DSM
            CODE    D732H     00AFH     UNIT         ?PR?_RDA5807MSETFQ?RDA5807M
            CODE    D7E1H     00AFH     UNIT         ?PR?_EEPROMREADCONFIGURATION?SYS
            CODE    D890H     00ACH     UNIT         ?PR?SQRT?SQRT
            CODE    D93CH     00A9H     UNIT         ?PR?_RDA5807MSEEK?RDA5807M
            CODE    D9E5H     00A7H     UNIT         ?PR?_ROW2_ADD_KROW1?ELLIPSOID_FITTING
            CODE    DA8CH     00A1H     UNIT         ?PR?OLED_INIT?OLED
            CODE    DB2DH     009DH     UNIT         ?PR?_ATAN2?ATAN2
            CODE    DBCAH     009AH     UNIT         ?PR?EXP?EXP
            CODE    DC64H     0099H     UNIT         ?PR?_MOVEBIGGESTELEMENT_TO_TOP?ELLIPSOID_FITTING
            CODE    DCFDH     0099H     UNIT         ?PR?_LSM6DSMENABLEAWT?LSM6DSM
            CODE    DD96H     0099H     UNIT         ?PR?TM4_ISR?BUZZER
            CODE    DE2FH     008CH     UNIT         ?C_C51STARTUP
            CODE    DEBBH     0080H     UNIT         ?PR?CALCDATA_INPUT_AVERAGE?ELLIPSOID_FITTING
            CODE    DF3BH     007DH     UNIT         ?PR?_CLEARCACHEAREA?DISPLAY
            CODE    DFB8H     007AH     UNIT         ?PR?UART2_ISR?PW02
            CODE    E032H     0077H     UNIT         ?PR?_PW02SETNAME?PW02
            CODE    E0A9H     0075H     UNIT         ?PR?_EEPROMWRITECONFIGURATION?SYS
            CODE    E11EH     006DH     UNIT         ?PR?_SENDATCOMMAND?PW02
            CODE    E18BH     006CH     UNIT         ?PR?MATRIX_ROWSIMPLIFY?ELLIPSOID_FITTING
            CODE    E1F7H     006BH     UNIT         ?PR?_STRCAT?STRCAT
            CODE    E262H     0067H     UNIT         ?PR?RDA5807MINIT?RDA5807M
            CODE    E2C9H     0065H     UNIT         ?PR?_PCF8563WRITEDATE?PCF8563
            CODE    E32EH     0063H     UNIT         ?PR?_PW02SETADVT?PW02
            CODE    E391H     0061H     UNIT         ?PR?_K_MUILTPLY_ROW?ELLIPSOID_FITTING
            CODE    E3F2H     0061H     UNIT         ?PR?_SCREENREFRESHAREA?DISPLAY
            CODE    E453H     005EH     UNIT         ?PR?_PW02SETBUAD?PW02
            CODE    E4B1H     005BH     UNIT         ?PR?_ABS?ELLIPSOID_FITTING
            CODE    E50CH     005AH     UNIT         ?PR?LSM6DSMINIT?LSM6DSM
BL51 BANKED LINKER/LOCATER V6.22                                                      09/13/2021  23:37:23  PAGE 5


            CODE    E566H     0058H     UNIT         ?PR?BME280INIT?BME280
            CODE    E5BEH     0055H     UNIT         ?PR?RDA5807MREADRGES?RDA5807M
            CODE    E613H     0055H     UNIT         ?PR?HMC5883L_INIT?HMC5883L
            CODE    E668H     0055H     UNIT         ?PR?_DRAWDOT?DISPLAY
            CODE    E6BDH     0052H     UNIT         ?PR?_DISPLAYINIT?DISPLAY
            CODE    E70FH     0050H     UNIT         ?PR?INT1_ISR?MAIN
            CODE    E75FH     004FH     UNIT         ?PR?_I2C_READ_MULTIBYTES?IIC
            CODE    E7AEH     004DH     UNIT         ?PR?RDA5807MWRITEREGS?RDA5807M
            CODE    E7FBH     004DH     UNIT         ?PR?_PCF8563WRITETIME?PCF8563
            CODE    E848H     004DH     UNIT         ?PR?RAND?RAND
            CODE    E895H     004AH     UNIT         ?PR?_OLED_DRAWBMP?OLED
            CODE    E8DFH     004AH     UNIT         ?PR?_LSM6DSMENABLEPEDOMETER?LSM6DSM
            CODE    E929H     0047H     UNIT         ?PR?_BME280GETSENSORDATA?BME280
            CODE    E970H     0047H     UNIT         ?PR?SYSINIT?SYS
            CODE    E9B7H     0046H     UNIT         ?PR?RDA5807MGETCURRENTFQ?RDA5807M
            CODE    E9FDH     0046H     UNIT         ?PR?RESETMATRIX?ELLIPSOID_FITTING
            CODE    EA43H     0045H     UNIT         ?PR?_EEPROM_READ_N?EEPROM
            CODE    EA88H     0045H     UNIT         ?PR?_EEPROM_WRITE_N?EEPROM
            CODE    EACDH     0044H     UNIT         ?PR?_HMC5883L_SET_CALIBRATION_VALUE?HMC5883L
            CODE    EB11H     0044H     UNIT         ?C?LDIV
            CODE    EB55H     003CH     UNIT         ?PR?_CLEARCACHE?DISPLAY
            CODE    EB91H     003BH     UNIT         ?PR?ASIN?ASIN
            CODE    EBCCH     003AH     UNIT         ?PR?_PCF8563SETREGISTERBITS?PCF8563
            CODE    EC06H     003AH     UNIT         ?PR?_LSM6DSMRSETREGISTERBITS?LSM6DSM
            CODE    EC40H     0039H     UNIT         ?PR?RDA5807MGETCURRENTRSSI?RDA5807M
            CODE    EC79H     0039H     UNIT         ?PR?BUZZERINIT?BUZZER
            CODE    ECB2H     0037H     UNIT         ?PR?_PCF8563ENABLETIMER?PCF8563
            CODE    ECE9H     0032H     UNIT         ?PR?SAVESCREEN?DISPLAY
            CODE    ED1BH     002FH     UNIT         ?PR?PININIT?SYS
            CODE    ED4AH     002EH     UNIT         ?PR?_PW02GETRXDATA?PW02
            CODE    ED78H     002BH     UNIT         ?PR?SYSTEMDEEPPOWERDOWN?POWERMANAGE
            CODE    EDA3H     0028H     UNIT         ?PR?PW02ENTERATMODE?PW02
            CODE    EDCBH     0028H     UNIT         ?PR?PW02EXITATMODE?PW02
            CODE    EDF3H     0028H     UNIT         ?PR?_RDA5807MSETVOLUME?RDA5807M
            CODE    EE1BH     0028H     UNIT         ?PR?I2C_RECVACK?IIC
            CODE    EE43H     0027H     UNIT         ?PR?PW02GETRSSI?PW02
            CODE    EE6AH     0027H     UNIT         ?PR?_BME280WRITEBYTE?BME280
            CODE    EE91H     0027H     UNIT         ?PR?LSM6DSMENABLETAPDETECTION?LSM6DSM
            CODE    EEB8H     0027H     UNIT         ?PR?PUTCHAR?PUTCHAR
            CODE    EEDFH     0026H     UNIT         ?PR?_EEPROM_SECTORERASE?EEPROM
            CODE    EF05H     0025H     UNIT         ?PR?PCF8563DISABLEALARM?PCF8563
            CODE    EF2AH     0024H     UNIT         ?PR?_BME280SINGLEMEASUREMENT?BME280
            CODE    EF4EH     0024H     UNIT         ?PR?KEYSCAN?MAIN
            CODE    EF72H     0023H     UNIT         ?PR?_SINGLE_WRITEIIC?IIC
            CODE    EF95H     0022H     UNIT         ?PR?WAIT?IIC
            CODE    EFB7H     0022H     UNIT         ?PR?INT2_ISR?MAIN
            CODE    EFD9H     0020H     UNIT         ?CO?ELLIPSOID_FITTING
            CODE    EFF9H     001FH     UNIT         ?PR?OLED_CLEAR?OLED
            CODE    F018H     001EH     UNIT         ?PR?_OLED_SET_POS?OLED
            CODE    F036H     001EH     UNIT         ?PR?_BME280SETMODE?BME280
            CODE    F054H     001BH     UNIT         ?PR?_ADCREAD?POWERMANAGE
            CODE    F06FH     001BH     UNIT         ?PR?TM0_ISR?MAIN
            CODE    F08AH     001AH     UNIT         ?PR?_OLED_WR_BYTE?OLED
            CODE    F0A4H     001AH     UNIT         ?PR?_DELAY1MS?DELAY
            CODE    F0BEH     0019H     UNIT         ?PR?_DELAY_MS?OLED
            CODE    F0D7H     0019H     UNIT         ?PR?LSM6DSMGETCURRENTSTEP?LSM6DSM
            CODE    F0F0H     0019H     UNIT         ?PR?LSM6DSMRESETSTEPCOUNTER?LSM6DSM
BL51 BANKED LINKER/LOCATER V6.22                                                      09/13/2021  23:37:23  PAGE 6


            CODE    F109H     0019H     UNIT         ?PR?UARTINIT?SYS
            CODE    F122H     0017H     UNIT         ?PR?_SCREENSETDIRECTION?DISPLAY
            CODE    F139H     0015H     UNIT         ?PR?_PCF8563WRITEBYTE?PCF8563
            CODE    F14EH     0015H     UNIT         ?PR?_BME280CONTINUOUSMEASUREMENT?BME280
            CODE    F163H     0015H     UNIT         ?PR?_BUZZERONOFF?BUZZER
            CODE    F178H     0015H     UNIT         ?PR?BEE?BUZZER
            CODE    F18DH     0015H     UNIT         ?PR?_DELAY1US?DELAY
            CODE    F1A2H     0014H     UNIT         ?PR?PCF8563INIT?PCF8563
            CODE    F1B6H     0013H     UNIT         ?PR?UART2INIT?SYS
            CODE    F1C9H     0012H     UNIT         ?PR?PCF8563DISABLETIMER?PCF8563
            CODE    F1DBH     0012H     UNIT         ?PR?IIC_INIT?IIC
            CODE    F1EDH     0012H     UNIT         ?PR?_SINGLE_READIIC?IIC
            CODE    F1FFH     0011H     UNIT         ?PR?OLED_DISPLAY_ON?OLED
            CODE    F210H     0011H     UNIT         ?PR?_OLED_HORIZENTAL_REVERSE?OLED
            CODE    F221H     0011H     UNIT         ?PR?_OLED_VERTICAL_REVERSE?OLED
            CODE    F232H     0011H     UNIT         ?PR?_OLED_INVERSE?OLED
            CODE    F243H     0010H     UNIT         ?PR?_PCF8563ENABLECLOCKOUPUT?PCF8563
            CODE    F253H     0010H     UNIT         ?PR?CHECKHMC5883LCONNECTION?HMC5883L
            CODE    F263H     0010H     UNIT         ?PR?LSM6DSMSOFTRESET?LSM6DSM
            CODE    F273H     0010H     UNIT         ?PR?TIMER3INIT?SYS
            CODE    F283H     000FH     UNIT         ?PR?LSM6DSMCHECKCONNECTION?LSM6DSM
            CODE    F292H     000FH     UNIT         ?PR?I2C_RECVBYTE?IIC
            CODE    F2A1H     000FH     UNIT         ?PR?I2C_SENDNAK?IIC
            CODE    F2B0H     000FH     UNIT         ?PR?BEEBEEBEE?BUZZER
            CODE    F2BFH     000EH     UNIT         ?PR?_OLED_SET_BRIGHTNESS?OLED
            CODE    F2CDH     000EH     UNIT         ?PR?BME280CHECKCONNECTION?BME280
            CODE    F2DBH     000EH     UNIT         ?PR?BME280SOFTRESET?BME280
            CODE    F2E9H     000EH     UNIT         ?PR?_I2C_SENDBYTE?IIC
            CODE    F2F7H     000EH     UNIT         ?PR?I2C_SENDACK?IIC
            CODE    F305H     000EH     UNIT         ?PR?DISABLEEEPROM?EEPROM
            CODE    F313H     000DH     UNIT         ?PR?_LSM6DSMWRITEBYTE?LSM6DSM
            CODE    F320H     000DH     UNIT         ?PR?_BATTERYCHARGEENABLE?POWERMANAGE
            CODE    F32DH     000DH     UNIT         ?PR?TIMER0INIT?SYS
            CODE    F33AH     000CH     UNIT         ?PR?OLED_DISPLAY_OFF?OLED
            CODE    F346H     000CH     UNIT         ?PR?SYSTEMPOWERON?POWERMANAGE
            CODE    F352H     000CH     UNIT         ?PR?INITCONFIG?SYS
            CODE    F35EH     000BH     UNIT         ?PR?_HMC5883L_SET_MODE?HMC5883L
            CODE    F369H     000BH     UNIT         ?PR?_SCREENSETBRIGHTNESS?DISPLAY
            CODE    F374H     000AH     UNIT         ?PR?_PW02SETMODE?PW02
            CODE    F37EH     000AH     UNIT         ?PR?RDA5807MSETMUTE?RDA5807M
            CODE    F388H     000AH     UNIT         ?PR?RDA5807MPOWERUP?RDA5807M
            CODE    F392H     000AH     UNIT         ?PR?RDA5807MPOWERDOWN?RDA5807M
            CODE    F39CH     000AH     UNIT         ?PR?PCF8563READINTSRC?PCF8563
            CODE    F3A6H     000AH     UNIT         ?PR?_SCREENONOFF?DISPLAY
            CODE    F3B0H     0009H     UNIT         ?PR?PW02REST?PW02
            CODE    F3B9H     0009H     UNIT         ?PR?PCF8563CLEARALARMFLAG?PCF8563
            CODE    F3C2H     0009H     UNIT         ?PR?PCF8563CLEARTIMERFLAG?PCF8563
            CODE    F3CBH     0009H     UNIT         ?PR?LSM6DSMENABLEEMBEDDEDFUNC?LSM6DSM
            CODE    F3D4H     0009H     UNIT         ?PR?LSM6DSMDISABLEPEDOMETER?LSM6DSM
            CODE    F3DDH     0009H     UNIT         ?PR?I2C_START?IIC
            CODE    F3E6H     0009H     UNIT         ?PR?I2C_STOP?IIC
            CODE    F3EFH     0009H     UNIT         ?PR?_ENABLEBUZZER?BUZZER
            CODE    F3F8H     0008H     UNIT         ?PR?_PCF8563READBYTE?PCF8563
            CODE    F400H     0008H     UNIT         ?PR?_BME280READBYTE?BME280
            CODE    F408H     0008H     UNIT         ?PR?_HMC5883L_READ_BYTE?HMC5883L
            CODE    F410H     0008H     UNIT         ?PR?_LSM6DSMREADBYTE?LSM6DSM
            CODE    F418H     0008H     UNIT         ?PR?_LSM6DSMCONFIGACC?LSM6DSM
BL51 BANKED LINKER/LOCATER V6.22                                                      09/13/2021  23:37:23  PAGE 7


            CODE    F420H     0008H     UNIT         ?PR?_LSM6DSMCONFIGGYR?LSM6DSM
            CODE    F428H     0008H     UNIT         ?PR?_LED?SYS
            CODE    F430H     0007H     UNIT         ?PR?ADCINIT?POWERMANAGE
            CODE    F437H     0006H     UNIT         ?CO?BME280
            CODE    F43DH     0006H     UNIT         ?PR?_ENABLE3V3OUTPUT?POWERMANAGE
            CODE    F443H     0003H     UNIT         ?PR?_SCREENSETINVERSE?DISPLAY
            CODE    F446H     0003H     UNIT         ?PR?INT0_ISR?MAIN
            CODE    F449H     0003H     UNIT         ?PR?INT3_ISR?MAIN



OVERLAY MAP OF MODULE:   ..\Objects\iWatch-v1.1 (PW02)


SEGMENT                                             BIT_GROUP          DATA_GROUP          IDATA_GROUP         XDATA_GRO
>> UP
  +--> CALLED SEGMENT                            START    LENGTH     START    LENGTH     START    LENGTH     START    LE
>> NGTH
------------------------------------------------------------------------------------------------------------------------
>> ----
?PR?TM4_ISR?BUZZER                               -----    -----      -----    -----      -----    -----      -----    --
>> ---
  +--> ?PR?_BUZZERONOFF?BUZZER

*** NEW ROOT ***************************************************

?PR?TM3_IST?MAIN                                 -----    -----      -----    -----      -----    -----      -----    --
>> ---
  +--> ?PR?MCUSOFTRESET?SYS
  +--> ?PR?KEYSCAN?MAIN
  +--> ?PR?BEE?BUZZER

?PR?BEE?BUZZER                                   -----    -----      -----    -----      -----    -----      -----    --
>> ---
  +--> ?PR?_BUZZERONOFF?BUZZER

*** NEW ROOT ***************************************************

?PR?INT1_ISR?MAIN                                -----    -----      -----    -----      -----    -----      -----    --
>> ---
  +--> ?PR?BEE?BUZZER
  +--> ?PR?_SCREENONOFF?DISPLAY

?PR?_SCREENONOFF?DISPLAY                         -----    -----      -----    -----      -----    -----      -----    --
>> ---
  +--> ?PR?OLED_DISPLAY_ON?OLED
  +--> ?PR?OLED_DISPLAY_OFF?OLED

?PR?OLED_DISPLAY_ON?OLED                         -----    -----      -----    -----      -----    -----      -----    --
>> ---
  +--> ?PR?_OLED_WR_BYTE?OLED

?PR?OLED_DISPLAY_OFF?OLED                        -----    -----      -----    -----      -----    -----      -----    --
>> ---
  +--> ?PR?_OLED_WR_BYTE?OLED

*** NEW ROOT ***************************************************
BL51 BANKED LINKER/LOCATER V6.22                                                      09/13/2021  23:37:23  PAGE 8



?C_C51STARTUP                                    -----    -----      -----    -----      -----    -----      -----    --
>> ---
  +--> ?PR?MAIN?MAIN
  +--> ?C_INITSEG

?PR?MAIN?MAIN                                    -----    -----      -----    -----      -----    -----      0F64H    00
>> 80H
  +--> ?PR?SYSINIT?SYS
  +--> ?PR?_DISPLAYINIT?DISPLAY
  +--> ?PR?PCF8563INIT?PCF8563
  +--> ?PR?SENSORINIT?MAIN
  +--> ?PR?_CLEARCACHE?DISPLAY
  +--> ?PR?FEEDWATCHDOG?SYS
  +--> ?PR?_SCREENPUSHANIMATION?DISPLAY
  +--> ?PR?_PCF8563READTIME?PCF8563
  +--> ?PR?_DISPLAYTIME?DISPLAY
  +--> ?PR?_CLEARCACHEAREA?DISPLAY
  +--> ?CO?MAIN
  +--> ?PR?_BMPTOCACHE?DISPLAY
  +--> ?PR?PRINTF?PRINTF
  +--> ?PR?_STRCAT?STRCAT
  +--> ?PR?_SHOWSTRING?DISPLAY
  +--> ?PR?GETBATTERYLIFE?POWERMANAGE
  +--> ?PR?SAVESCREEN?DISPLAY
  +--> ?PR?_LSM6DSMCONFIGACC?LSM6DSM
  +--> ?PR?_LSM6DSMCONFIGGYR?LSM6DSM
  +--> ?PR?_LSM6DSMREADGYRANDACC?LSM6DSM
  +--> ?PR?_IMUUPDATE?LSM6DSM
  +--> ?PR?_DRAWSELECTIONFRAME?DISPLAY
  +--> ?PR?_SCREENREFRESHALL?DISPLAY
  +--> ?PR?_PCF8563ENABLECLOCKOUPUT?PCF8563
  +--> ?PR?LSM6DSMGETCURRENTSTEP?LSM6DSM
  +--> ?PR?_BME280CONTINUOUSMEASUREMENT?BME280
  +--> ?PR?_BME280GETSENSORDATA?BME280
  +--> ?PR?_POW?POW
  +--> ?PR?_BME280SETMODE?BME280
  +--> ?PR?RDA5807MPOWERUP?RDA5807M
  +--> ?PR?_RDA5807MSETFQ?RDA5807M
  +--> ?PR?_RDA5807MSETVOLUME?RDA5807M
  +--> ?PR?_RDA5807MSEEK?RDA5807M
  +--> ?PR?RDA5807MPOWERDOWN?RDA5807M
  +--> ?PR?_EEPROMWRITECONFIGURATION?SYS
  +--> ?PR?_HMC5883L_SET_MODE?HMC5883L
  +--> ?PR?_HMC5883L_SET_CALIBRATION_VALUE?H...
  +--> ?PR?_READ_HMC5883L?HMC5883L
  +--> ?PR?_HMC5883L_GET_ANGLEXY?HMC5883L
  +--> ?PR?_DRAWARM?DISPLAY
  +--> ?PR?RESETMATRIX?ELLIPSOID_FITTING
  +--> ?PR?_CALCDATA_INPUT?ELLIPSOID_FITTING
  +--> ?PR?BEE?BUZZER
  +--> ?PR?_ELLIPSOID_FITTING_PROCESS?ELLIPS...
  +--> ?PR?PW02INIT?PW02
  +--> ?PR?_PW02SETMODE?PW02
  +--> ?PR?PW02CHECKCONNECTION?PW02
  +--> ?PR?_PW02GETRXDATA?PW02
  +--> ?PR?PW02EXITATMODE?PW02
BL51 BANKED LINKER/LOCATER V6.22                                                      09/13/2021  23:37:23  PAGE 9


  +--> ?PR?_SCREENSETINVERSE?DISPLAY
  +--> ?PR?_DRAWDOT?DISPLAY
  +--> ?PR?_SCREEROLLDOWN?DISPLAY
  +--> ?PR?_SCREEROLLUP?DISPLAY
  +--> ?PR?_PCF8563WRITETIME?PCF8563
  +--> ?PR?_PCF8563WRITEDATE?PCF8563
  +--> ?PR?_PCF8563SETALARM?PCF8563
  +--> ?PR?PCF8563DISABLEALARM?PCF8563
  +--> ?PR?_SCREENSETBRIGHTNESS?DISPLAY
  +--> ?PR?_SCREENSETDIRECTION?DISPLAY
  +--> ?PR?_ENABLEBUZZER?BUZZER
  +--> ?PR?MCUSOFTRESET?SYS
  +--> ?PR?RAND?RAND
  +--> ?PR?_SCREENONOFF?DISPLAY
  +--> ?PR?SYSTEMPOWERON?POWERMANAGE
  +--> ?PR?_PCF8563ENABLETIMER?PCF8563
  +--> ?PR?SYSTEMPOWERDOWN?POWERMANAGE
  +--> ?PR?SYSTEMDEEPPOWERDOWN?POWERMANAGE
  +--> ?PR?_ENABLE3V3OUTPUT?POWERMANAGE
  +--> ?PR?_DELAY1MS?DELAY
  +--> ?PR?PCF8563READINTSRC?PCF8563
  +--> ?PR?PCF8563CLEARALARMFLAG?PCF8563
  +--> ?PR?BEEBEEBEE?BUZZER
  +--> ?PR?PCF8563CLEARTIMERFLAG?PCF8563
  +--> ?PR?LSM6DSMRESETSTEPCOUNTER?LSM6DSM

?PR?SYSINIT?SYS                                  -----    -----      -----    -----      -----    -----      -----    --
>> ---
  +--> ?PR?PININIT?SYS
  +--> ?PR?UARTINIT?SYS
  +--> ?PR?UART2INIT?SYS
  +--> ?PR?TIMER0INIT?SYS
  +--> ?PR?TIMER3INIT?SYS
  +--> ?PR?INITCONFIG?SYS
  +--> ?PR?ADCINIT?POWERMANAGE
  +--> ?PR?IIC_INIT?IIC
  +--> ?PR?ENABLEWATCHDOG?SYS
  +--> ?PR?_EEPROMREADCONFIGURATION?SYS
  +--> ?PR?BUZZERINIT?BUZZER
  +--> ?PR?_ENABLEBUZZER?BUZZER
  +--> ?PR?_LED?SYS
  +--> ?PR?_BATTERYCHARGEENABLE?POWERMANAGE
  +--> ?PR?_DELAY1MS?DELAY
  +--> ?PR?_ENABLE3V3OUTPUT?POWERMANAGE

?PR?_EEPROMREADCONFIGURATION?SYS                 -----    -----      -----    -----      -----    -----      0FE4H    00
>> 06H
  +--> ?PR?_EEPROM_READ_N?EEPROM

?PR?_EEPROM_READ_N?EEPROM                        -----    -----      -----    -----      -----    -----      0FEAH    00
>> 07H
  +--> ?PR?DISABLEEEPROM?EEPROM

?PR?_DISPLAYINIT?DISPLAY                         -----    -----      -----    -----      -----    -----      0FE4H    00
>> 03H
  +--> ?PR?OLED_INIT?OLED
  +--> ?PR?_SCREENSETBRIGHTNESS?DISPLAY
BL51 BANKED LINKER/LOCATER V6.22                                                      09/13/2021  23:37:23  PAGE 10


  +--> ?PR?_SCREENSETDIRECTION?DISPLAY
  +--> ?PR?_SCREENSETINVERSE?DISPLAY
  +--> ?PR?_SCREENONOFF?DISPLAY

?PR?OLED_INIT?OLED                               -----    -----      -----    -----      -----    -----      -----    --
>> ---
  +--> ?PR?_DELAY_MS?OLED
  +--> ?PR?_OLED_WR_BYTE?OLED
  +--> ?PR?OLED_CLEAR?OLED
  +--> ?PR?_OLED_SET_POS?OLED

?PR?OLED_CLEAR?OLED                              -----    -----      -----    -----      -----    -----      -----    --
>> ---
  +--> ?PR?_OLED_WR_BYTE?OLED

?PR?_OLED_SET_POS?OLED                           -----    -----      -----    -----      -----    -----      -----    --
>> ---
  +--> ?PR?_OLED_WR_BYTE?OLED

?PR?_SCREENSETBRIGHTNESS?DISPLAY                 -----    -----      -----    -----      -----    -----      -----    --
>> ---
  +--> ?PR?_OLED_SET_BRIGHTNESS?OLED

?PR?_OLED_SET_BRIGHTNESS?OLED                    -----    -----      -----    -----      -----    -----      -----    --
>> ---
  +--> ?PR?_OLED_WR_BYTE?OLED

?PR?_SCREENSETDIRECTION?DISPLAY                  -----    -----      -----    -----      -----    -----      -----    --
>> ---
  +--> ?PR?_OLED_HORIZENTAL_REVERSE?OLED
  +--> ?PR?_OLED_VERTICAL_REVERSE?OLED

?PR?_OLED_HORIZENTAL_REVERSE?OLED                -----    -----      -----    -----      -----    -----      -----    --
>> ---
  +--> ?PR?_OLED_WR_BYTE?OLED

?PR?_OLED_VERTICAL_REVERSE?OLED                  -----    -----      -----    -----      -----    -----      -----    --
>> ---
  +--> ?PR?_OLED_WR_BYTE?OLED

?PR?_SCREENSETINVERSE?DISPLAY                    -----    -----      -----    -----      -----    -----      -----    --
>> ---
  +--> ?PR?_OLED_INVERSE?OLED

?PR?_OLED_INVERSE?OLED                           -----    -----      -----    -----      -----    -----      -----    --
>> ---
  +--> ?PR?_OLED_WR_BYTE?OLED

?PR?PCF8563INIT?PCF8563                          -----    -----      -----    -----      -----    -----      -----    --
>> ---
  +--> ?PR?PCF8563CLEARALARMFLAG?PCF8563
  +--> ?PR?PCF8563CLEARTIMERFLAG?PCF8563
  +--> ?PR?_PCF8563ENABLETIMER?PCF8563
  +--> ?PR?_PCF8563ENABLECLOCKOUPUT?PCF8563

?PR?PCF8563CLEARALARMFLAG?PCF8563                -----    -----      -----    -----      -----    -----      -----    --
>> ---
BL51 BANKED LINKER/LOCATER V6.22                                                      09/13/2021  23:37:23  PAGE 11


  +--> ?PR?_PCF8563SETREGISTERBITS?PCF8563

?PR?_PCF8563SETREGISTERBITS?PCF8563              -----    -----      -----    -----      -----    -----      0FECH    00
>> 03H
  +--> ?PR?_PCF8563READBYTE?PCF8563
  +--> ?PR?_PCF8563WRITEBYTE?PCF8563

?PR?_PCF8563READBYTE?PCF8563                     -----    -----      -----    -----      -----    -----      -----    --
>> ---
  +--> ?PR?_SINGLE_READIIC?IIC

?PR?_SINGLE_READIIC?IIC                          -----    -----      -----    -----      -----    -----      -----    --
>> ---
  +--> ?PR?I2C_RECVACK?IIC
  +--> ?PR?I2C_RECVBYTE?IIC
  +--> ?PR?I2C_SENDNAK?IIC
  +--> ?PR?I2C_STOP?IIC

?PR?I2C_RECVACK?IIC                              -----    -----      -----    -----      -----    -----      -----    --
>> ---
  +--> ?PR?I2C_START?IIC
  +--> ?PR?_I2C_SENDBYTE?IIC
  +--> ?PR?WAIT?IIC

?PR?I2C_START?IIC                                -----    -----      -----    -----      -----    -----      -----    --
>> ---
  +--> ?PR?WAIT?IIC

?PR?_I2C_SENDBYTE?IIC                            -----    -----      -----    -----      -----    -----      -----    --
>> ---
  +--> ?PR?WAIT?IIC

?PR?I2C_RECVBYTE?IIC                             -----    -----      -----    -----      -----    -----      -----    --
>> ---
  +--> ?PR?WAIT?IIC

?PR?I2C_SENDNAK?IIC                              -----    -----      -----    -----      -----    -----      -----    --
>> ---
  +--> ?PR?WAIT?IIC

?PR?I2C_STOP?IIC                                 -----    -----      -----    -----      -----    -----      -----    --
>> ---
  +--> ?PR?WAIT?IIC

?PR?_PCF8563WRITEBYTE?PCF8563                    -----    -----      -----    -----      -----    -----      -----    --
>> ---
  +--> ?PR?_SINGLE_WRITEIIC?IIC

?PR?_SINGLE_WRITEIIC?IIC                         -----    -----      -----    -----      -----    -----      -----    --
>> ---
  +--> ?PR?I2C_START?IIC
  +--> ?PR?_I2C_SENDBYTE?IIC
  +--> ?PR?I2C_RECVACK?IIC
  +--> ?PR?I2C_STOP?IIC

?PR?PCF8563CLEARTIMERFLAG?PCF8563                -----    -----      -----    -----      -----    -----      -----    --
>> ---
BL51 BANKED LINKER/LOCATER V6.22                                                      09/13/2021  23:37:23  PAGE 12


  +--> ?PR?_PCF8563SETREGISTERBITS?PCF8563

?PR?_PCF8563ENABLETIMER?PCF8563                  -----    -----      -----    -----      -----    -----      0FE4H    00
>> 02H
  +--> ?PR?_PCF8563SETREGISTERBITS?PCF8563
  +--> ?PR?_PCF8563WRITEBYTE?PCF8563

?PR?_PCF8563ENABLECLOCKOUPUT?PCF8563             -----    -----      -----    -----      -----    -----      -----    --
>> ---
  +--> ?PR?_PCF8563WRITEBYTE?PCF8563

?PR?SENSORINIT?MAIN                              -----    -----      -----    -----      -----    -----      0FE4H    00
>> 04H
  +--> ?PR?BME280INIT?BME280
  +--> ?CO?MAIN
  +--> ?PR?_SHOWSTRING?DISPLAY
  +--> ?PR?HMC5883L_INIT?HMC5883L
  +--> ?PR?LSM6DSMINIT?LSM6DSM
  +--> ?PR?RDA5807MINIT?RDA5807M
  +--> ?PR?_DELAY1MS?DELAY

?PR?BME280INIT?BME280                            -----    -----      -----    -----      -----    -----      0FE8H    00
>> 01H
  +--> ?PR?_DELAY1MS?DELAY
  +--> ?PR?BME280CHECKCONNECTION?BME280
  +--> ?PR?BME280SOFTRESET?BME280
  +--> ?PR?BME280READCOMPENSATIONPARAMETER?B...
  +--> ?PR?_BME280WRITEBYTE?BME280

?PR?BME280CHECKCONNECTION?BME280                 -----    -----      -----    -----      -----    -----      -----    --
>> ---
  +--> ?PR?_BME280READBYTE?BME280

?PR?_BME280READBYTE?BME280                       -----    -----      -----    -----      -----    -----      -----    --
>> ---
  +--> ?PR?_SINGLE_READIIC?IIC

?PR?BME280SOFTRESET?BME280                       -----    -----      -----    -----      -----    -----      -----    --
>> ---
  +--> ?PR?_BME280WRITEBYTE?BME280
  +--> ?PR?_DELAY1MS?DELAY

?PR?_BME280WRITEBYTE?BME280                      -----    -----      -----    -----      -----    -----      -----    --
>> ---
  +--> ?PR?_SINGLE_WRITEIIC?IIC

?PR?BME280READCOMPENSATIONPARAMETER?B...         -----    -----      -----    -----      -----    -----      0FE9H    00
>> 21H
  +--> ?PR?_I2C_READ_MULTIBYTES?IIC

?PR?_I2C_READ_MULTIBYTES?IIC                     -----    -----      -----    -----      -----    -----      100AH    00
>> 06H
  +--> ?PR?I2C_RECVACK?IIC
  +--> ?PR?I2C_RECVBYTE?IIC
  +--> ?PR?I2C_SENDACK?IIC
  +--> ?PR?I2C_SENDNAK?IIC
  +--> ?PR?I2C_STOP?IIC
BL51 BANKED LINKER/LOCATER V6.22                                                      09/13/2021  23:37:23  PAGE 13



?PR?I2C_SENDACK?IIC                              -----    -----      -----    -----      -----    -----      -----    --
>> ---
  +--> ?PR?WAIT?IIC

?PR?_SHOWSTRING?DISPLAY                          -----    -----      0025H    000AH      -----    -----      0FE8H    00
>> 0BH
  +--> ?CO?DISPLAY
  +--> ?PR?_SCREEROLLUP?DISPLAY
  +--> ?PR?_CLEARCACHE?DISPLAY
  +--> ?PR?_SCREENREFRESHAREA?DISPLAY

?PR?_SCREEROLLUP?DISPLAY                         -----    -----      002FH    0008H      -----    -----      0FF3H    00
>> 04H
  +--> ?PR?_OLED_DRAWBMP?OLED

?PR?_OLED_DRAWBMP?OLED                           -----    -----      0037H    0004H      -----    -----      -----    --
>> ---
  +--> ?PR?_OLED_WR_BYTE?OLED

?PR?_CLEARCACHE?DISPLAY                          -----    -----      002FH    0002H      -----    -----      0FF3H    00
>> 03H

?PR?_SCREENREFRESHAREA?DISPLAY                   -----    -----      002FH    0004H      -----    -----      0FF3H    00
>> 04H
  +--> ?PR?_OLED_SET_POS?OLED
  +--> ?PR?_OLED_WR_BYTE?OLED

?PR?HMC5883L_INIT?HMC5883L                       -----    -----      -----    -----      -----    -----      0FE8H    00
>> 01H
  +--> ?PR?CHECKHMC5883LCONNECTION?HMC5883L
  +--> ?PR?_DELAY1MS?DELAY
  +--> ?PR?_HMC5883L_WRITE_BYTE?HMC5883L

?PR?CHECKHMC5883LCONNECTION?HMC5883L             -----    -----      -----    -----      -----    -----      -----    --
>> ---
  +--> ?PR?_HMC5883L_READ_BYTE?HMC5883L

?PR?_HMC5883L_READ_BYTE?HMC5883L                 -----    -----      -----    -----      -----    -----      -----    --
>> ---
  +--> ?PR?_SINGLE_READIIC?IIC

?PR?_HMC5883L_WRITE_BYTE?HMC5883L                -----    -----      -----    -----      -----    -----      -----    --
>> ---
  +--> ?PR?_SINGLE_WRITEIIC?IIC

?PR?LSM6DSMINIT?LSM6DSM                          -----    -----      -----    -----      -----    -----      0FE8H    00
>> 02H
  +--> ?PR?_DELAY1MS?DELAY
  +--> ?PR?LSM6DSMCHECKCONNECTION?LSM6DSM
  +--> ?PR?LSM6DSMSOFTRESET?LSM6DSM
  +--> ?PR?_LSM6DSMCONFIGACC?LSM6DSM
  +--> ?PR?_LSM6DSMCONFIGGYR?LSM6DSM
  +--> ?PR?_LSM6DSMENABLEAWT?LSM6DSM
  +--> ?PR?LSM6DSMENABLETAPDETECTION?LSM6DSM
  +--> ?PR?_LSM6DSMENABLEPEDOMETER?LSM6DSM
  +--> ?PR?LSM6DSMENABLEEMBEDDEDFUNC?LSM6DSM
BL51 BANKED LINKER/LOCATER V6.22                                                      09/13/2021  23:37:23  PAGE 14



?PR?LSM6DSMCHECKCONNECTION?LSM6DSM               -----    -----      -----    -----      -----    -----      -----    --
>> ---
  +--> ?PR?_LSM6DSMREADBYTE?LSM6DSM

?PR?_LSM6DSMREADBYTE?LSM6DSM                     -----    -----      -----    -----      -----    -----      -----    --
>> ---
  +--> ?PR?_SINGLE_READIIC?IIC

?PR?LSM6DSMSOFTRESET?LSM6DSM                     -----    -----      -----    -----      -----    -----      -----    --
>> ---
  +--> ?PR?_LSM6DSMRSETREGISTERBITS?LSM6DSM
  +--> ?PR?_DELAY1MS?DELAY

?PR?_LSM6DSMRSETREGISTERBITS?LSM6DSM             -----    -----      -----    -----      -----    -----      0FEDH    00
>> 03H
  +--> ?PR?_LSM6DSMREADBYTE?LSM6DSM
  +--> ?PR?_LSM6DSMWRITEBYTE?LSM6DSM

?PR?_LSM6DSMWRITEBYTE?LSM6DSM                    -----    -----      -----    -----      -----    -----      -----    --
>> ---
  +--> ?PR?_SINGLE_WRITEIIC?IIC

?PR?_LSM6DSMCONFIGACC?LSM6DSM                    -----    -----      -----    -----      -----    -----      -----    --
>> ---
  +--> ?PR?_LSM6DSMWRITEBYTE?LSM6DSM

?PR?_LSM6DSMCONFIGGYR?LSM6DSM                    -----    -----      -----    -----      -----    -----      -----    --
>> ---
  +--> ?PR?_LSM6DSMWRITEBYTE?LSM6DSM

?PR?_LSM6DSMENABLEAWT?LSM6DSM                    -----    -----      -----    -----      -----    -----      0FEAH    00
>> 02H
  +--> ?PR?SIN?SIN
  +--> ?PR?_LSM6DSMWRITEBYTE?LSM6DSM
  +--> ?PR?_LSM6DSMRSETREGISTERBITS?LSM6DSM

?PR?SIN?SIN                                      0022H.5  0000H.1    -----    -----      -----    -----      0FFBH    00
>> 04H

?PR?LSM6DSMENABLETAPDETECTION?LSM6DSM            -----    -----      -----    -----      -----    -----      -----    --
>> ---
  +--> ?PR?_LSM6DSMRSETREGISTERBITS?LSM6DSM
  +--> ?PR?_LSM6DSMWRITEBYTE?LSM6DSM

?PR?_LSM6DSMENABLEPEDOMETER?LSM6DSM              -----    -----      -----    -----      -----    -----      0FEAH    00
>> 03H
  +--> ?PR?_LSM6DSMWRITEBYTE?LSM6DSM
  +--> ?PR?_LSM6DSMRSETREGISTERBITS?LSM6DSM

?PR?LSM6DSMENABLEEMBEDDEDFUNC?LSM6DSM            -----    -----      -----    -----      -----    -----      -----    --
>> ---
  +--> ?PR?_LSM6DSMRSETREGISTERBITS?LSM6DSM

?PR?RDA5807MINIT?RDA5807M                        -----    -----      -----    -----      -----    -----      -----    --
>> ---
  +--> ?PR?RDA5807MWRITEREGS?RDA5807M
BL51 BANKED LINKER/LOCATER V6.22                                                      09/13/2021  23:37:23  PAGE 15


  +--> ?PR?_DELAY1MS?DELAY

?PR?RDA5807MWRITEREGS?RDA5807M                   -----    -----      -----    -----      -----    -----      0FE8H    00
>> 08H

?PR?_SCREENPUSHANIMATION?DISPLAY                 -----    -----      0025H    0008H      -----    -----      0FE4H    00
>> 04H
  +--> ?PR?_OLED_DRAWBMP?OLED

?PR?_PCF8563READTIME?PCF8563                     -----    -----      -----    -----      -----    -----      0FE4H    00
>> 0AH
  +--> ?PR?_I2C_READ_MULTIBYTES?IIC

?PR?_DISPLAYTIME?DISPLAY                         -----    -----      -----    -----      -----    -----      0FE4H    00
>> 12H
  +--> ?CO?DISPLAY
  +--> ?PR?_OLED_DRAWBMP?OLED

?PR?_CLEARCACHEAREA?DISPLAY                      -----    -----      0025H    0006H      -----    -----      0FE4H    00
>> 07H

?PR?_BMPTOCACHE?DISPLAY                          -----    -----      0025H    0008H      -----    -----      0FE4H    00
>> 0BH

?PR?PRINTF?PRINTF                                0022H.5  0001H.1    0025H    0005H      -----    -----      1017H    00
>> 30H
  +--> ?PR?PUTCHAR?PUTCHAR

?PR?_STRCAT?STRCAT                               -----    -----      -----    -----      -----    -----      1004H    00
>> 09H

?PR?GETBATTERYLIFE?POWERMANAGE                   -----    -----      -----    -----      -----    -----      0FE4H    00
>> 09H
  +--> ?PR?GETBATTERYVOLTAGE?POWERMANAGE

?PR?GETBATTERYVOLTAGE?POWERMANAGE                -----    -----      -----    -----      -----    -----      0FEDH    00
>> 08H
  +--> ?PR?_ADCREAD?POWERMANAGE

?PR?SAVESCREEN?DISPLAY                           -----    -----      0025H    0002H      -----    -----      -----    --
>> ---

?PR?_LSM6DSMREADGYRANDACC?LSM6DSM                -----    -----      -----    -----      -----    -----      0FE4H    00
>> 0FH
  +--> ?PR?_I2C_READ_MULTIBYTES?IIC

?PR?_IMUUPDATE?LSM6DSM                           -----    -----      0025H    0004H      003BH    0030H      0FE4H    00
>> 03H
  +--> ?PR?SQRT?SQRT
  +--> ?PR?ASIN?ASIN
  +--> ?PR?ATAN?ATAN

?PR?SQRT?SQRT                                    -----    -----      -----    -----      -----    -----      1017H    00
>> 04H

?PR?ASIN?ASIN                                    -----    -----      -----    -----      -----    -----      -----    --
>> ---
BL51 BANKED LINKER/LOCATER V6.22                                                      09/13/2021  23:37:23  PAGE 16


  +--> ?PR?SQRT?SQRT
  +--> ?PR?ATAN?ATAN

?PR?ATAN?ATAN                                    0022H.5  0000H.2    -----    -----      -----    -----      1003H    00
>> 04H

?PR?_DRAWSELECTIONFRAME?DISPLAY                  -----    -----      -----    -----      -----    -----      -----    --
>> ---
  +--> ?PR?_DRAWDOT?DISPLAY

?PR?_SCREENREFRESHALL?DISPLAY                    -----    -----      -----    -----      -----    -----      -----    --
>> ---
  +--> ?PR?_OLED_DRAWBMP?OLED

?PR?LSM6DSMGETCURRENTSTEP?LSM6DSM                -----    -----      -----    -----      -----    -----      0FE4H    00
>> 01H
  +--> ?PR?_LSM6DSMREADBYTE?LSM6DSM

?PR?_BME280CONTINUOUSMEASUREMENT?BME280          -----    -----      -----    -----      -----    -----      -----    --
>> ---
  +--> ?PR?_BME280WRITEBYTE?BME280
  +--> ?PR?_BME280SETMODE?BME280

?PR?_BME280SETMODE?BME280                        -----    -----      -----    -----      -----    -----      -----    --
>> ---
  +--> ?PR?_BME280WRITEBYTE?BME280

?PR?_BME280GETSENSORDATA?BME280                  -----    -----      -----    -----      -----    -----      0FE4H    00
>> 03H
  +--> ?PR?BME280READSENSORRAWDATA?BME280
  +--> ?PR?COMPENSATE_TEMPERATURE?BME280
  +--> ?PR?COMPENSATE_PRESSURE?BME280
  +--> ?PR?COMPENSATE_HUMIDITY?BME280

?PR?BME280READSENSORRAWDATA?BME280               -----    -----      -----    -----      -----    -----      0FE7H    00
>> 08H
  +--> ?PR?_I2C_READ_MULTIBYTES?IIC

?PR?COMPENSATE_TEMPERATURE?BME280                -----    -----      -----    -----      -----    -----      0FE7H    00
>> 14H

?PR?COMPENSATE_PRESSURE?BME280                   -----    -----      -----    -----      -----    -----      0FE7H    00
>> 18H

?PR?COMPENSATE_HUMIDITY?BME280                   -----    -----      -----    -----      -----    -----      0FE7H    00
>> 24H

?PR?_POW?POW                                     -----    -----      -----    -----      -----    -----      0FE4H    00
>> 0AH
  +--> ?PR?LOG?LOG
  +--> ?PR?EXP?EXP

?PR?LOG?LOG                                      0022H.5  0000H.1    -----    -----      -----    -----      0FEEH    00
>> 04H

?PR?RDA5807MPOWERUP?RDA5807M                     -----    -----      -----    -----      -----    -----      -----    --
>> ---
BL51 BANKED LINKER/LOCATER V6.22                                                      09/13/2021  23:37:23  PAGE 17


  +--> ?PR?RDA5807MWRITEREGS?RDA5807M

?PR?_RDA5807MSETFQ?RDA5807M                      -----    -----      -----    -----      -----    -----      0FE4H    00
>> 04H
  +--> ?PR?RDA5807MWRITEREGS?RDA5807M
  +--> ?PR?_DELAY1MS?DELAY
  +--> ?PR?RDA5807MREADRGES?RDA5807M

?PR?RDA5807MREADRGES?RDA5807M                    -----    -----      -----    -----      -----    -----      0FE8H    00
>> 04H

?PR?_RDA5807MSETVOLUME?RDA5807M                  -----    -----      -----    -----      -----    -----      -----    --
>> ---
  +--> ?PR?RDA5807MWRITEREGS?RDA5807M

?PR?_RDA5807MSEEK?RDA5807M                       -----    -----      -----    -----      -----    -----      -----    --
>> ---
  +--> ?PR?RDA5807MWRITEREGS?RDA5807M
  +--> ?PR?RDA5807MREADRGES?RDA5807M

?PR?RDA5807MPOWERDOWN?RDA5807M                   -----    -----      -----    -----      -----    -----      -----    --
>> ---
  +--> ?PR?RDA5807MWRITEREGS?RDA5807M

?PR?_EEPROMWRITECONFIGURATION?SYS                -----    -----      -----    -----      -----    -----      0FE4H    00
>> 05H
  +--> ?PR?_EEPROM_SECTORERASE?EEPROM
  +--> ?PR?_EEPROM_WRITE_N?EEPROM

?PR?_EEPROM_SECTORERASE?EEPROM                   -----    -----      -----    -----      -----    -----      -----    --
>> ---
  +--> ?PR?DISABLEEEPROM?EEPROM

?PR?_EEPROM_WRITE_N?EEPROM                       -----    -----      -----    -----      -----    -----      0FE9H    00
>> 07H
  +--> ?PR?DISABLEEEPROM?EEPROM

?PR?_HMC5883L_SET_MODE?HMC5883L                  -----    -----      -----    -----      -----    -----      -----    --
>> ---
  +--> ?PR?_HMC5883L_WRITE_BYTE?HMC5883L

?PR?_HMC5883L_SET_CALIBRATION_VALUE?H...         -----    -----      -----    -----      -----    -----      0FE4H    00
>> 0EH

?PR?_READ_HMC5883L?HMC5883L                      -----    -----      -----    -----      -----    -----      0FE4H    00
>> 09H
  +--> ?PR?_I2C_READ_MULTIBYTES?IIC

?PR?_HMC5883L_GET_ANGLEXY?HMC5883L               -----    -----      -----    -----      -----    -----      0FE4H    00
>> 17H
  +--> ?PR?SIN?SIN
  +--> ?PR?_ATAN2?ATAN2

?PR?_ATAN2?ATAN2                                 -----    -----      -----    -----      -----    -----      0FFBH    00
>> 08H
  +--> ?PR?ATAN?ATAN

BL51 BANKED LINKER/LOCATER V6.22                                                      09/13/2021  23:37:23  PAGE 18


?PR?_DRAWARM?DISPLAY                             -----    -----      -----    -----      -----    -----      0FE4H    00
>> 15H
  +--> ?PR?SIN?SIN
  +--> ?PR?SQRT?SQRT
  +--> ?PR?_DRAWLINE?DISPLAY

?PR?_DRAWLINE?DISPLAY                            -----    -----      -----    -----      -----    -----      0FF9H    00
>> 0CH
  +--> ?PR?_DRAWDOT?DISPLAY

?PR?RESETMATRIX?ELLIPSOID_FITTING                -----    -----      -----    -----      -----    -----      0FE4H    00
>> 02H

?PR?_CALCDATA_INPUT?ELLIPSOID_FITTING            -----    -----      -----    -----      -----    -----      0FE4H    00
>> 2AH

?PR?_ELLIPSOID_FITTING_PROCESS?ELLIPS...         -----    -----      -----    -----      -----    -----      0FE4H    00
>> 33H
  +--> ?PR?CALCDATA_INPUT_AVERAGE?ELLIPSOID_...
  +--> ?PR?MATRIX_GAUSSELIMINATION?ELLIPSOID...
  +--> ?CO?ELLIPSOID_FITTING
  +--> ?PR?PRINTF?PRINTF
  +--> ?PR?MATRIX_ROWSIMPLIFY?ELLIPSOID_FITTING
  +--> ?PR?_MATRIX_SOLVE?ELLIPSOID_FITTING
  +--> ?PR?SQRT?SQRT

?PR?CALCDATA_INPUT_AVERAGE?ELLIPSOID_...         -----    -----      -----    -----      -----    -----      1017H    00
>> 02H

?PR?MATRIX_GAUSSELIMINATION?ELLIPSOID...         -----    -----      -----    -----      -----    -----      1017H    00
>> 06H
  +--> ?PR?_MOVEBIGGESTELEMENT_TO_TOP?ELLIPS...
  +--> ?PR?_ROW2_ADD_KROW1?ELLIPSOID_FITTING

?PR?_MOVEBIGGESTELEMENT_TO_TOP?ELLIPS...         -----    -----      -----    -----      -----    -----      101DH    00
>> 06H
  +--> ?PR?_ABS?ELLIPSOID_FITTING
  +--> ?PR?_ROW2_SWOP_ROW1?ELLIPSOID_FITTING

?PR?_ABS?ELLIPSOID_FITTING                       -----    -----      -----    -----      -----    -----      1023H    00
>> 04H

?PR?_ROW2_SWOP_ROW1?ELLIPSOID_FITTING            -----    -----      -----    -----      -----    -----      1023H    00
>> 09H

?PR?_ROW2_ADD_KROW1?ELLIPSOID_FITTING            -----    -----      -----    -----      -----    -----      101DH    00
>> 09H

?PR?MATRIX_ROWSIMPLIFY?ELLIPSOID_FITTING         -----    -----      -----    -----      -----    -----      1017H    00
>> 05H
  +--> ?PR?_K_MUILTPLY_ROW?ELLIPSOID_FITTING

?PR?_K_MUILTPLY_ROW?ELLIPSOID_FITTING            -----    -----      -----    -----      -----    -----      101CH    00
>> 07H

?PR?_MATRIX_SOLVE?ELLIPSOID_FITTING              -----    -----      -----    -----      -----    -----      1017H    00
>> 08H
BL51 BANKED LINKER/LOCATER V6.22                                                      09/13/2021  23:37:23  PAGE 19



?PR?PW02INIT?PW02                                -----    -----      -----    -----      -----    -----      0FE4H    00
>> 01H
  +--> ?PR?_DELAY1MS?DELAY
  +--> ?PR?PW02ENTERATMODE?PW02
  +--> ?PR?_SHOWSTRING?DISPLAY
  +--> ?PR?_PW02SETBUAD?PW02
  +--> ?CO?PW02
  +--> ?PR?_PW02SETNAME?PW02
  +--> ?PR?_PW02SETADVT?PW02
  +--> ?PR?PW02EXITATMODE?PW02

?PR?PW02ENTERATMODE?PW02                         -----    -----      -----    -----      -----    -----      -----    --
>> ---
  +--> ?CO?PW02
  +--> ?PR?_SENDATCOMMAND?PW02

?PR?_SENDATCOMMAND?PW02                          -----    -----      -----    -----      -----    -----      1004H    00
>> 09H
  +--> ?PR?_UART2SENDSTR?PW02
  +--> ?PR?_DELAY1MS?DELAY

?PR?_UART2SENDSTR?PW02                           -----    -----      -----    -----      -----    -----      100DH    00
>> 03H

?PR?_PW02SETBUAD?PW02                            -----    -----      -----    -----      -----    -----      0FE5H    00
>> 0DH
  +--> ?CO?PW02
  +--> ?PR?PRINTF?PRINTF
  +--> ?PR?_SENDATCOMMAND?PW02

?PR?_PW02SETNAME?PW02                            -----    -----      -----    -----      -----    -----      0FE5H    00
>> 1FH
  +--> ?CO?PW02
  +--> ?PR?_STRCAT?STRCAT
  +--> ?PR?_SENDATCOMMAND?PW02

?PR?_PW02SETADVT?PW02                            -----    -----      -----    -----      -----    -----      0FE5H    00
>> 12H
  +--> ?CO?PW02
  +--> ?PR?PRINTF?PRINTF
  +--> ?PR?_SENDATCOMMAND?PW02

?PR?PW02EXITATMODE?PW02                          -----    -----      -----    -----      -----    -----      -----    --
>> ---
  +--> ?CO?PW02
  +--> ?PR?_SENDATCOMMAND?PW02

?PR?PW02CHECKCONNECTION?PW02                     -----    -----      -----    -----      -----    -----      0FE4H    00
>> 01H
  +--> ?PR?_DELAY1MS?DELAY
  +--> ?PR?_CLEARCACHE?DISPLAY
  +--> ?PR?PW02ENTERATMODE?PW02
  +--> ?PR?_SHOWSTRING?DISPLAY
  +--> ?PR?PW02GETRSSI?PW02
  +--> ?PR?PW02EXITATMODE?PW02

BL51 BANKED LINKER/LOCATER V6.22                                                      09/13/2021  23:37:23  PAGE 20


?PR?PW02GETRSSI?PW02                             -----    -----      -----    -----      -----    -----      -----    --
>> ---
  +--> ?CO?PW02
  +--> ?PR?_SENDATCOMMAND?PW02

?PR?_PW02GETRXDATA?PW02                          -----    -----      -----    -----      -----    -----      0FE4H    00
>> 03H

?PR?_SCREEROLLDOWN?DISPLAY                       -----    -----      0025H    0008H      -----    -----      0FE4H    00
>> 04H
  +--> ?PR?_OLED_DRAWBMP?OLED

?PR?_PCF8563WRITETIME?PCF8563                    -----    -----      -----    -----      -----    -----      0FE4H    00
>> 02H
  +--> ?PR?_PCF8563WRITEBYTE?PCF8563

?PR?_PCF8563WRITEDATE?PCF8563                    -----    -----      -----    -----      -----    -----      0FE4H    00
>> 05H
  +--> ?PR?_PCF8563WRITEBYTE?PCF8563

?PR?_PCF8563SETALARM?PCF8563                     -----    -----      -----    -----      -----    -----      0FE4H    00
>> 08H
  +--> ?PR?_PCF8563WRITEBYTE?PCF8563
  +--> ?PR?_PCF8563SETREGISTERBITS?PCF8563

?PR?PCF8563DISABLEALARM?PCF8563                  -----    -----      -----    -----      -----    -----      -----    --
>> ---
  +--> ?PR?_PCF8563SETREGISTERBITS?PCF8563

?PR?SYSTEMPOWERON?POWERMANAGE                    -----    -----      -----    -----      -----    -----      -----    --
>> ---
  +--> ?PR?PININIT?SYS

?PR?SYSTEMPOWERDOWN?POWERMANAGE                  -----    -----      -----    -----      -----    -----      0FE4H    00
>> 01H

?PR?PCF8563READINTSRC?PCF8563                    -----    -----      -----    -----      -----    -----      -----    --
>> ---
  +--> ?PR?_PCF8563READBYTE?PCF8563

?PR?LSM6DSMRESETSTEPCOUNTER?LSM6DSM              -----    -----      -----    -----      -----    -----      -----    --
>> ---
  +--> ?PR?_LSM6DSMRSETREGISTERBITS?LSM6DSM
  +--> ?PR?_DELAY1MS?DELAY



SYMBOL TABLE OF MODULE:  ..\Objects\iWatch-v1.1 (PW02)

  VALUE           TYPE          NAME
  ----------------------------------

  -------         MODULE        PW02
  C:0000H         SYMBOL        _ICE_DUMMY_
  C:DFB8H         PUBLIC        UART2_Isr
  D:0080H         PUBLIC        P0
  D:0090H         PUBLIC        P1
BL51 BANKED LINKER/LOCATER V6.22                                                      09/13/2021  23:37:23  PAGE 21


  D:00A0H         PUBLIC        P2
  D:00B0H         PUBLIC        P3
  C:D353H         PUBLIC        PW02CheckConnection
  D:00C0H         PUBLIC        P4
  D:00C8H         PUBLIC        P5
  D:00E8H         PUBLIC        P6
  D:00F8H         PUBLIC        P7
  X:1121H         PUBLIC        rx_buf
  D:00A8H         PUBLIC        IE
  C:005EH         PUBLIC        _Uart2SendStr
  D:00B8H         PUBLIC        IP
  C:CA1CH         PUBLIC        PW02Init
  D:00D8H         PUBLIC        CCON
  C:EDA3H         PUBLIC        PW02EnterATMode
  C:F3B0H         PUBLIC        PW02Rest
  D:0098H         PUBLIC        SCON
  D:0088H         PUBLIC        TCON
  C:E453H         PUBLIC        _PW02SetBuad
  B:0090H.6       PUBLIC        P16
  C:E032H         PUBLIC        _PW02SetName
  C:F374H         PUBLIC        _PW02SetMode
  C:D647H         SYMBOL        _?ix1000
  C:D653H         SYMBOL        _?ix1001
  C:D663H         SYMBOL        _?ix1002
  B:0023H.6       PUBLIC        busy
  C:EDCBH         PUBLIC        PW02ExitATMode
  D:009BH         PUBLIC        S2BUF
  B:0023H.7       PUBLIC        receive_flag
  B:0090H.6       PUBLIC        PW02_SLEEP
  C:E124H         PUBLIC        _SendATCommand
  D:009AH         PUBLIC        S2CON
  C:E32EH         PUBLIC        _PW02SetADVT
  C:EE43H         PUBLIC        PW02GetRSSI
  C:ED4AH         PUBLIC        _PW02GetRxData
  X:11A1H         PUBLIC        rx_count
  D:00D0H         PUBLIC        PSW
  -------         PROC          _UART2SENDSTR
  X:100DH         SYMBOL        p
  C:005EH         LINE#         16
  C:0069H         LINE#         17
  C:0069H         LINE#         18
  C:0079H         LINE#         19
  C:0079H         LINE#         20
  C:007CH         LINE#         21
  C:007EH         LINE#         22
  C:0093H         LINE#         23
  C:0095H         LINE#         24
  C:009AH         LINE#         25
  -------         ENDPROC       _UART2SENDSTR
  -------         PROC          UART2_ISR
  C:DFB8H         LINE#         26
  C:DFC3H         LINE#         28
  C:DFC8H         LINE#         29
  C:DFC8H         LINE#         30
  C:DFCBH         LINE#         31
  C:DFCDH         LINE#         32
  C:DFCDH         LINE#         33
BL51 BANKED LINKER/LOCATER V6.22                                                      09/13/2021  23:37:23  PAGE 22


  C:DFD2H         LINE#         34
  C:DFD2H         LINE#         35
  C:DFD5H         LINE#         36
  C:DFE9H         LINE#         37
  C:DFFBH         LINE#         38
  C:DFFBH         LINE#         39
  C:E00CH         LINE#         40
  C:E016H         LINE#         42
  C:E022H         LINE#         43
  C:E024H         LINE#         44
  C:E029H         LINE#         45
  C:E029H         LINE#         46
  C:E029H         LINE#         47
  -------         ENDPROC       UART2_ISR
  -------         PROC          _PW02GETRXDATA
  X:0FE4H         SYMBOL        buf
  C:ED4AH         LINE#         48
  C:ED55H         LINE#         49
  C:ED55H         LINE#         50
  C:ED58H         LINE#         51
  C:ED58H         LINE#         52
  C:ED5AH         LINE#         53
  C:ED72H         LINE#         54
  C:ED75H         LINE#         55
  C:ED75H         LINE#         57
  C:ED77H         LINE#         58
  -------         ENDPROC       _PW02GETRXDATA
  C:E120H         SYMBOL        L?0054
  -------         PROC          L?0053
  -------         ENDPROC       L?0053
  C:E120H         SYMBOL        L?0054
  -------         PROC          _SENDATCOMMAND
  X:1004H         SYMBOL        command
  X:1007H         SYMBOL        retry_times
  X:1009H         SYMBOL        expected_response
  X:100CH         SYMBOL        response_len
  C:E124H         LINE#         59
  C:E137H         LINE#         60
  C:E137H         LINE#         61
  C:E139H         LINE#         62
  C:E139H         LINE#         63
  C:E13BH         LINE#         64
  C:E13EH         LINE#         65
  C:E13EH         LINE#         66
  C:E14CH         LINE#         67
  C:E14EH         LINE#         68
  C:E15CH         LINE#         69
  C:E163H         LINE#         70
  C:E165H         LINE#         71
  C:E167H         LINE#         72
  C:E185H         LINE#         73
  C:E188H         LINE#         75
  C:E18AH         LINE#         76
  -------         ENDPROC       _SENDATCOMMAND
  -------         PROC          PW02ENTERATMODE
  C:EDA3H         LINE#         77
  C:EDA3H         LINE#         78
BL51 BANKED LINKER/LOCATER V6.22                                                      09/13/2021  23:37:23  PAGE 23


  C:EDA3H         LINE#         79
  C:EDC5H         LINE#         80
  C:EDC8H         LINE#         82
  C:EDCAH         LINE#         83
  -------         ENDPROC       PW02ENTERATMODE
  -------         PROC          PW02EXITATMODE
  C:EDCBH         LINE#         84
  C:EDCBH         LINE#         85
  C:EDCBH         LINE#         86
  C:EDEDH         LINE#         87
  C:EDF0H         LINE#         89
  C:EDF2H         LINE#         90
  -------         ENDPROC       PW02EXITATMODE
  -------         PROC          _PW02SETBUAD
  X:0FE5H         SYMBOL        baud_num
  -------         DO            
  X:0FE6H         SYMBOL        str
  -------         ENDDO         
  C:E453H         LINE#         91
  C:E458H         LINE#         92
  C:E458H         LINE#         93
  C:E46BH         LINE#         94
  C:E48FH         LINE#         95
  C:E4ABH         LINE#         96
  C:E4AEH         LINE#         98
  C:E4B0H         LINE#         99
  -------         ENDPROC       _PW02SETBUAD
  -------         PROC          _PW02SETADVT
  X:0FE5H         SYMBOL        time_in_ms
  -------         DO            
  X:0FE7H         SYMBOL        str
  -------         ENDDO         
  C:E32EH         LINE#         100
  C:E336H         LINE#         101
  C:E336H         LINE#         102
  C:E349H         LINE#         103
  C:E36FH         LINE#         104
  C:E38BH         LINE#         105
  C:E38EH         LINE#         107
  C:E390H         LINE#         108
  -------         ENDPROC       _PW02SETADVT
  -------         PROC          _PW02SETNAME
  X:0FE5H         SYMBOL        name
  -------         DO            
  X:0FE8H         SYMBOL        str
  -------         ENDDO         
  C:E032H         LINE#         109
  C:E03DH         LINE#         110
  C:E03DH         LINE#         111
  C:E050H         LINE#         112
  C:E06EH         LINE#         113
  C:E085H         LINE#         114
  C:E0A3H         LINE#         115
  C:E0A6H         LINE#         117
  C:E0A8H         LINE#         118
  -------         ENDPROC       _PW02SETNAME
  -------         PROC          PW02GETRSSI
BL51 BANKED LINKER/LOCATER V6.22                                                      09/13/2021  23:37:23  PAGE 24


  C:EE43H         LINE#         119
  C:EE43H         LINE#         120
  C:EE43H         LINE#         121
  C:EE64H         LINE#         122
  C:EE67H         LINE#         124
  C:EE69H         LINE#         125
  -------         ENDPROC       PW02GETRSSI
  -------         PROC          PW02REST
  C:F3B0H         LINE#         126
  C:F3B0H         LINE#         127
  C:F3B0H         LINE#         128
  -------         ENDPROC       PW02REST
  -------         PROC          _PW02SETMODE
  D:0007H         SYMBOL        mode
  C:F374H         LINE#         130
  C:F374H         LINE#         131
  C:F374H         LINE#         132
  C:F378H         LINE#         133
  C:F37BH         LINE#         135
  C:F37DH         LINE#         136
  -------         ENDPROC       _PW02SETMODE
  -------         PROC          PW02CHECKCONNECTION
  -------         DO            
  X:0FE4H         SYMBOL        y
  -------         ENDDO         
  C:D353H         LINE#         137
  C:D353H         LINE#         138
  C:D353H         LINE#         139
  C:D358H         LINE#         140
  C:D35AH         LINE#         141
  C:D360H         LINE#         142
  C:D369H         LINE#         143
  C:D36CH         LINE#         144
  C:D398H         LINE#         145
  C:D3A1H         LINE#         146
  C:D3A1H         LINE#         147
  C:D3CAH         LINE#         148
  C:D3CDH         LINE#         149
  C:D3FAH         LINE#         150
  C:D3FDH         LINE#         151
  C:D3FDH         LINE#         153
  C:D3FDH         LINE#         154
  C:D427H         LINE#         155
  C:D429H         LINE#         156
  C:D429H         LINE#         157
  -------         ENDPROC       PW02CHECKCONNECTION
  -------         PROC          PW02INIT
  -------         DO            
  X:0FE4H         SYMBOL        y
  -------         ENDDO         
  C:CA1CH         LINE#         158
  C:CA1CH         LINE#         159
  C:CA1CH         LINE#         160
  C:CA21H         LINE#         161
  C:CA23H         LINE#         164
  C:CA25H         LINE#         165
  C:CA2BH         LINE#         166
BL51 BANKED LINKER/LOCATER V6.22                                                      09/13/2021  23:37:23  PAGE 25


  C:CA31H         LINE#         167
  C:CA60H         LINE#         169
  C:CA63H         LINE#         170
  C:CA68H         LINE#         171
  C:CA95H         LINE#         172
  C:CA9EH         LINE#         173
  C:CACBH         LINE#         174
  C:CAD2H         LINE#         175
  C:CAFFH         LINE#         176
  C:CB05H         LINE#         177
  C:CB34H         LINE#         179
  C:CB37H         LINE#         180
  C:CB39H         LINE#         181
  C:CB3BH         LINE#         182
  -------         ENDPROC       PW02INIT
  -------         ENDMOD        PW02

  -------         MODULE        OLED
  C:0000H         SYMBOL        _ICE_DUMMY_
  C:F1FFH         PUBLIC        OLED_Display_On
  B:0090H.2       PUBLIC        OLED_RST
  D:0080H         PUBLIC        P0
  D:0090H         PUBLIC        P1
  D:00A0H         PUBLIC        P2
  D:00B0H         PUBLIC        P3
  D:00C0H         PUBLIC        P4
  D:00C8H         PUBLIC        P5
  D:00E8H         PUBLIC        P6
  C:F221H         PUBLIC        _OLED_Vertical_Reverse
  D:00F8H         PUBLIC        P7
  B:0090H.3       PUBLIC        OLED_DC
  D:00A8H         PUBLIC        IE
  D:00B8H         PUBLIC        IP
  C:DA8CH         PUBLIC        OLED_Init
  B:00C0H.4       PUBLIC        OLED_RD
  D:00D8H         PUBLIC        CCON
  C:F094H         PUBLIC        _OLED_WR_Byte
  B:00C0H.3       PUBLIC        OLED_WR
  C:F2BFH         PUBLIC        _OLED_Set_Brightness
  D:0098H         PUBLIC        SCON
  D:0088H         PUBLIC        TCON
  C:F018H         PUBLIC        _OLED_Set_Pos
  C:F0BEH         PUBLIC        _delay_ms
  C:F33AH         PUBLIC        OLED_Display_Off
  C:F232H         PUBLIC        _OLED_Inverse
  C:F210H         PUBLIC        _OLED_Horizental_Reverse
  C:EFF9H         PUBLIC        OLED_Clear
  C:E895H         PUBLIC        _OLED_DrawBMP
  D:00D0H         PUBLIC        PSW
  -------         PROC          _DELAY_MS
  D:0006H         SYMBOL        ms
  -------         DO            
  D:0005H         SYMBOL        i
  D:0004H         SYMBOL        j
  -------         ENDDO         
  C:F0BEH         LINE#         13
  C:F0BEH         LINE#         14
BL51 BANKED LINKER/LOCATER V6.22                                                      09/13/2021  23:37:23  PAGE 26


  C:F0BEH         LINE#         16
  C:F0C7H         LINE#         17
  C:F0C7H         LINE#         18
  C:F0C9H         LINE#         19
  C:F0CBH         LINE#         21
  C:F0CBH         LINE#         22
  C:F0CDH         LINE#         23
  C:F0CFH         LINE#         24
  C:F0D6H         LINE#         25
  -------         ENDPROC       _DELAY_MS
  C:F08FH         SYMBOL        L?0046
  -------         PROC          L?0045
  -------         ENDPROC       L?0045
  C:F08FH         SYMBOL        L?0046
  -------         PROC          _OLED_WR_BYTE
  D:0007H         SYMBOL        dat
  D:0005H         SYMBOL        cmd
  C:F094H         LINE#         31
  C:F094H         LINE#         32
  C:F094H         LINE#         34
  C:F097H         LINE#         35
  C:F09BH         LINE#         37
  C:F09DH         LINE#         38
  C:F09FH         LINE#         39
  C:F0A1H         LINE#         40
  C:F0A3H         LINE#         42
  -------         ENDPROC       _OLED_WR_BYTE
  -------         PROC          _OLED_SET_POS
  D:0006H         SYMBOL        x
  D:0005H         SYMBOL        y
  C:F018H         LINE#         71
  C:F01AH         LINE#         72
  C:F01AH         LINE#         73
  C:F023H         LINE#         74
  C:F02FH         LINE#         75
  -------         ENDPROC       _OLED_SET_POS
  -------         PROC          OLED_DISPLAY_ON
  C:F1FFH         LINE#         78
  C:F1FFH         LINE#         79
  C:F1FFH         LINE#         80
  C:F206H         LINE#         81
  C:F20BH         LINE#         82
  -------         ENDPROC       OLED_DISPLAY_ON
  -------         PROC          OLED_DISPLAY_OFF
  C:F33AH         LINE#         85
  C:F33AH         LINE#         86
  C:F33AH         LINE#         87
  C:F33EH         LINE#         88
  C:F341H         LINE#         89
  -------         ENDPROC       OLED_DISPLAY_OFF
  -------         PROC          _OLED_SET_BRIGHTNESS
  D:0006H         SYMBOL        brightness
  C:F2BFH         LINE#         91
  C:F2C1H         LINE#         92
  C:F2C1H         LINE#         93
  C:F2C8H         LINE#         94
  -------         ENDPROC       _OLED_SET_BRIGHTNESS
BL51 BANKED LINKER/LOCATER V6.22                                                      09/13/2021  23:37:23  PAGE 27


  -------         PROC          _OLED_HORIZENTAL_REVERSE
  D:0007H         SYMBOL        reverse
  C:F210H         LINE#         96
  C:F210H         LINE#         97
  C:F210H         LINE#         98
  C:F213H         LINE#         99
  C:F219H         LINE#         101
  C:F220H         LINE#         102
  -------         ENDPROC       _OLED_HORIZENTAL_REVERSE
  -------         PROC          _OLED_VERTICAL_REVERSE
  D:0007H         SYMBOL        reverse
  C:F221H         LINE#         103
  C:F221H         LINE#         104
  C:F221H         LINE#         105
  C:F224H         LINE#         106
  C:F22AH         LINE#         108
  C:F231H         LINE#         109
  -------         ENDPROC       _OLED_VERTICAL_REVERSE
  -------         PROC          _OLED_INVERSE
  D:0007H         SYMBOL        k
  C:F232H         LINE#         110
  C:F232H         LINE#         111
  C:F232H         LINE#         112
  C:F235H         LINE#         113
  C:F23BH         LINE#         115
  C:F242H         LINE#         116
  -------         ENDPROC       _OLED_INVERSE
  -------         PROC          OLED_CLEAR
  -------         DO            
  D:0006H         SYMBOL        i
  D:0004H         SYMBOL        n
  -------         ENDDO         
  C:EFF9H         LINE#         117
  C:EFF9H         LINE#         118
  C:EFF9H         LINE#         120
  C:EFFBH         LINE#         121
  C:EFFBH         LINE#         122
  C:F001H         LINE#         123
  C:F001H         LINE#         124
  C:F004H         LINE#         125
  C:F006H         LINE#         126
  C:F012H         LINE#         127
  C:F017H         LINE#         128
  -------         ENDPROC       OLED_CLEAR
  -------         PROC          _OLED_DRAWBMP
  D:0001H         SYMBOL        buf
  -------         DO            
  D:0037H         SYMBOL        i
  D:0038H         SYMBOL        j
  D:0039H         SYMBOL        n
  -------         ENDDO         
  C:E895H         LINE#         129
  C:E895H         LINE#         130
  C:E895H         LINE#         133
  C:E898H         LINE#         134
  C:E898H         LINE#         135
  C:E89FH         LINE#         136
BL51 BANKED LINKER/LOCATER V6.22                                                      09/13/2021  23:37:23  PAGE 28


  C:E8A2H         LINE#         137
  C:E8A7H         LINE#         138
  C:E8B2H         LINE#         139
  C:E8B5H         LINE#         140
  C:E8D5H         LINE#         141
  C:E8DEH         LINE#         142
  -------         ENDPROC       _OLED_DRAWBMP
  -------         PROC          OLED_INIT
  C:DA8CH         LINE#         144
  C:DA8CH         LINE#         145
  C:DA8CH         LINE#         146
  C:DA8EH         LINE#         147
  C:DA95H         LINE#         148
  C:DA97H         LINE#         149
  C:DA9EH         LINE#         150
  C:DAA0H         LINE#         151
  C:DAA2H         LINE#         152
  C:DAA6H         LINE#         153
  C:DAA6H         LINE#         154
  C:DAA9H         LINE#         155
  C:DAAEH         LINE#         156
  C:DAB3H         LINE#         157
  C:DAB8H         LINE#         158
  C:DABDH         LINE#         159
  C:DAC2H         LINE#         160
  C:DAC7H         LINE#         161
  C:DACCH         LINE#         162
  C:DAD1H         LINE#         163
  C:DAD6H         LINE#         164
  C:DADBH         LINE#         165
  C:DAE0H         LINE#         166
  C:DAE5H         LINE#         167
  C:DAEAH         LINE#         168
  C:DAEFH         LINE#         169
  C:DAF4H         LINE#         170
  C:DAF9H         LINE#         171
  C:DAFEH         LINE#         172
  C:DB03H         LINE#         173
  C:DB08H         LINE#         174
  C:DB0DH         LINE#         175
  C:DB12H         LINE#         176
  C:DB17H         LINE#         177
  C:DB1CH         LINE#         178
  C:DB21H         LINE#         184
  C:DB24H         LINE#         185
  C:DB27H         LINE#         186
  -------         ENDPROC       OLED_INIT
  -------         ENDMOD        OLED

  -------         MODULE        RDA5807M
  C:0000H         SYMBOL        _ICE_DUMMY_
  D:0080H         PUBLIC        P0
  D:0090H         PUBLIC        P1
  D:00A0H         PUBLIC        P2
  D:00B0H         PUBLIC        P3
  D:00C0H         PUBLIC        P4
  C:EDF3H         PUBLIC        _RDA5807MSetVOLUME
BL51 BANKED LINKER/LOCATER V6.22                                                      09/13/2021  23:37:23  PAGE 29


  D:00C8H         PUBLIC        P5
  D:00E8H         PUBLIC        P6
  D:00F8H         PUBLIC        P7
  D:00BAH         PUBLIC        P_SW2
  C:E5BEH         PUBLIC        RDA5807MReadRges
  D:00A8H         PUBLIC        IE
  C:E262H         PUBLIC        RDA5807MInit
  X:12A2H         PUBLIC        BAND
  D:00B8H         PUBLIC        IP
  X:12A3H         PUBLIC        CHAN
  C:E7B4H         PUBLIC        RDA5807MWriteRegs
  D:00D8H         PUBLIC        CCON
  C:D93CH         PUBLIC        _RDA5807MSEEK
  C:F392H         PUBLIC        RDA5807MPowerDown
  D:0098H         PUBLIC        SCON
  D:0088H         PUBLIC        TCON
  C:E9B7H         PUBLIC        RDA5807MGetCurrentFq
  X:12A5H         PUBLIC        current_frequency
  X:12A9H         PUBLIC        REG02
  X:12ABH         PUBLIC        RSSI
  X:12ACH         PUBLIC        REG03
  X:12AEH         PUBLIC        REG04
  X:12B0H         PUBLIC        REG05
  X:12B2H         PUBLIC        SEEKTH
  C:F37EH         PUBLIC        RDA5807MSetMute
  C:EC40H         PUBLIC        RDA5807MGetCurrentRSSI
  X:12B3H         PUBLIC        REG0A
  X:12B5H         PUBLIC        REG0B
  C:F388H         PUBLIC        RDA5807MPowerUp
  X:12B7H         PUBLIC        VOLUME
  C:D732H         PUBLIC        _RDA5807MSetFq
  X:12B8H         PUBLIC        SPACE
  D:00D0H         PUBLIC        PSW
  -------         PROC          L?0026
  -------         ENDPROC       L?0026
  -------         PROC          RDA5807MWRITEREGS
  -------         DO            
  X:0FE8H         SYMBOL        reg
  -------         ENDDO         
  C:E7B4H         LINE#         38
  C:E7B4H         LINE#         39
  C:E7B4H         LINE#         41
  C:E7C1H         LINE#         42
  C:E7C4H         LINE#         43
  C:E7D1H         LINE#         44
  C:E7D4H         LINE#         45
  C:E7E1H         LINE#         46
  C:E7E4H         LINE#         47
  C:E7F1H         LINE#         48
  C:E7F4H         LINE#         49
  C:E7F7H         LINE#         51
  C:E7FAH         LINE#         52
  -------         ENDPROC       RDA5807MWRITEREGS
  -------         PROC          RDA5807MREADRGES
  -------         DO            
  X:0FE8H         SYMBOL        read_buf
  -------         ENDDO         
BL51 BANKED LINKER/LOCATER V6.22                                                      09/13/2021  23:37:23  PAGE 30


  C:E5BEH         LINE#         61
  C:E5BEH         LINE#         62
  C:E5BEH         LINE#         64
  C:E5C1H         LINE#         66
  C:E5C4H         LINE#         67
  C:E5D1H         LINE#         68
  C:E5DCH         LINE#         69
  C:E5EBH         LINE#         70
  C:E5F8H         LINE#         71
  C:E603H         LINE#         72
  C:E612H         LINE#         73
  -------         ENDPROC       RDA5807MREADRGES
  -------         PROC          RDA5807MINIT
  C:E262H         LINE#         81
  C:E262H         LINE#         82
  C:E262H         LINE#         84
  C:E269H         LINE#         85
  C:E26CH         LINE#         86
  C:E273H         LINE#         88
  C:E27CH         LINE#         89
  C:E2ACH         LINE#         90
  C:E2B1H         LINE#         91
  C:E2C3H         LINE#         92
  C:E2C6H         LINE#         93
  C:E2C8H         LINE#         94
  -------         ENDPROC       RDA5807MINIT
  -------         PROC          _RDA5807MSETVOLUME
  D:0004H         SYMBOL        VOLUME
  C:EDF3H         LINE#         100
  C:EDF7H         LINE#         101
  C:EDF7H         LINE#         102
  C:EE00H         LINE#         103
  C:EE04H         LINE#         104
  C:EE0BH         LINE#         105
  C:EE18H         LINE#         106
  -------         ENDPROC       _RDA5807MSETVOLUME
  -------         PROC          _RDA5807MSEEK
  D:0004H         SYMBOL        direction
  -------         DO            
  X:12A1H         SYMBOL        step
  -------         ENDDO         
  C:D93CH         LINE#         115
  C:D93EH         LINE#         116
  C:D93EH         LINE#         118
  C:D945H         LINE#         119
  C:D945H         LINE#         120
  C:D94CH         LINE#         121
  C:D953H         LINE#         122
  C:D95CH         LINE#         124
  C:D960H         LINE#         125
  C:D96AH         LINE#         126
  C:D96DH         LINE#         128
  C:D973H         LINE#         129
  C:D975H         LINE#         130
  C:D97AH         LINE#         131
  C:D97AH         LINE#         132
  C:D97DH         LINE#         133
BL51 BANKED LINKER/LOCATER V6.22                                                      09/13/2021  23:37:23  PAGE 31


  C:D984H         LINE#         134
  C:D984H         LINE#         135
  C:D98BH         LINE#         136
  C:D99DH         LINE#         137
  C:D9BFH         LINE#         138
  C:D9CBH         LINE#         139
  C:D9D0H         LINE#         140
  C:D9DFH         LINE#         141
  C:D9DFH         LINE#         144
  C:D9DFH         LINE#         145
  C:D9E4H         LINE#         146
  -------         ENDPROC       _RDA5807MSEEK
  -------         PROC          _RDA5807MSETFQ
  X:0FE4H         SYMBOL        fq
  C:D732H         LINE#         152
  C:D738H         LINE#         153
  C:D738H         LINE#         154
  C:D73FH         LINE#         155
  C:D746H         LINE#         156
  C:D774H         LINE#         157
  C:D787H         LINE#         158
  C:D7A0H         LINE#         159
  C:D7A3H         LINE#         160
  C:D7A5H         LINE#         161
  C:D7ADH         LINE#         162
[...]
  C:3E70H         LINE#         2210
  C:3E73H         LINE#         2211
  C:3E75H         LINE#         2212
  C:3E75H         LINE#         2213
  C:3E7BH         LINE#         2214
  C:3E7DH         LINE#         2215
  C:3E7DH         LINE#         2216
  C:3E80H         LINE#         2217
  C:3E82H         LINE#         2218
  C:3E82H         LINE#         2219
  C:3E88H         LINE#         2220
  C:3E88H         LINE#         2221
  C:3E88H         LINE#         2222
  C:3E92H         LINE#         2223
  C:3E97H         LINE#         2224
  C:3E9DH         LINE#         2225
  C:3EA3H         LINE#         2226
  C:3EADH         LINE#         2227
  C:3EB2H         LINE#         2228
  C:3EB8H         LINE#         2229
  C:3EBEH         LINE#         2231
  C:3ED1H         LINE#         2232
  C:3ED1H         LINE#         2233
  C:3EFAH         LINE#         2234
  C:3EFAH         LINE#         2235
  C:3EFCH         LINE#         2236
  C:3EFEH         LINE#         2237
  C:3F00H         LINE#         2238
  C:3F00H         LINE#         2239
  C:3F08H         LINE#         2242
  C:3F0EH         LINE#         2243
  C:3F15H         LINE#         2244
  C:3F2AH         LINE#         2245
  C:3F3BH         LINE#         2246
  C:3F4EH         LINE#         2247
  C:3F4EH         LINE#         2248
  C:3F69H         LINE#         2249
  C:3F71H         LINE#         2252
  C:3FC4H         LINE#         2253
  C:3FC4H         LINE#         2254
  C:3FCAH         LINE#         2255
  C:3FE3H         LINE#         2256
BL51 BANKED LINKER/LOCATER V6.22                                                      09/13/2021  23:37:23  PAGE 120


  C:3FFFH         LINE#         2257
  C:4002H         LINE#         2258
  C:4013H         LINE#         2259
  C:4018H         LINE#         2260
  C:401DH         LINE#         2261
  C:4026H         LINE#         2262
  C:4029H         LINE#         2263
  C:403AH         LINE#         2264
  C:403FH         LINE#         2265
  C:4044H         LINE#         2266
  C:404DH         LINE#         2267
  C:4050H         LINE#         2268
  C:4050H         LINE#         2269
  C:405BH         LINE#         2270
  C:4067H         LINE#         2271
  C:4073H         LINE#         2272
  C:407FH         LINE#         2273
  C:408CH         LINE#         2274
  C:4099H         LINE#         2275
  C:40A5H         LINE#         2276
  C:40B2H         LINE#         2277
  C:40BFH         LINE#         2278
  C:40C9H         LINE#         2279
  C:40D1H         LINE#         2280
  C:40D7H         LINE#         2281
  C:40DFH         LINE#         2282
  C:40E5H         LINE#         2283
  C:40EDH         LINE#         2284
  C:40F3H         LINE#         2285
  C:40FBH         LINE#         2286
  C:4104H         LINE#         2287
  C:4109H         LINE#         2289
  C:410CH         LINE#         2290
  C:410CH         LINE#         2291
  C:410FH         LINE#         2292
  C:410FH         LINE#         2293
  C:4133H         LINE#         2294
  C:4157H         LINE#         2295
  C:4157H         LINE#         2296
  C:4160H         LINE#         2297
  C:4160H         LINE#         2298
  C:4167H         LINE#         2299
  C:4167H         LINE#         2300
  C:4173H         LINE#         2301
  C:4173H         LINE#         2302
  C:4173H         LINE#         2303
  C:4173H         LINE#         2304
  C:4175H         LINE#         2305
  C:4177H         LINE#         2306
  C:4177H         LINE#         2307
  C:4177H         LINE#         2308
  C:4177H         LINE#         2309
  C:417AH         LINE#         2310
  C:417AH         LINE#         2311
  C:417DH         LINE#         2312
  C:4181H         LINE#         2314
  C:4183H         LINE#         2315
BL51 BANKED LINKER/LOCATER V6.22                                                      09/13/2021  23:37:23  PAGE 121


  C:4183H         LINE#         2316
  C:4185H         LINE#         2317
  C:4185H         LINE#         2318
  C:4185H         LINE#         2319
  C:4185H         LINE#         2320
  C:4187H         LINE#         2321
  C:4187H         LINE#         2322
  C:4187H         LINE#         2323
  C:4187H         LINE#         2324
  C:418CH         LINE#         2325
  C:418CH         LINE#         2326
  C:418FH         LINE#         2327
  C:418FH         LINE#         2328
  C:4191H         LINE#         2329
  C:4198H         LINE#         2330
  C:419FH         LINE#         2331
  C:41A5H         LINE#         2332
  C:41A7H         LINE#         2333
  C:41A7H         LINE#         2334
  C:41A7H         LINE#         2336
  C:41AAH         LINE#         2337
  C:41AAH         LINE#         2338
  C:41ACH         LINE#         2339
  C:41AFH         LINE#         2340
  C:41B8H         LINE#         2341
  C:41BBH         LINE#         2342
  C:41BBH         LINE#         2343
  C:41BDH         LINE#         2344
  C:41C4H         LINE#         2345
  C:41C6H         LINE#         2346
  C:41CBH         LINE#         2347
  C:41CDH         LINE#         2348
  C:41CFH         LINE#         2349
  C:41D2H         LINE#         2350
  C:41D2H         LINE#         2351
  C:41D4H         LINE#         2352
  C:41D6H         LINE#         2353
  C:41D9H         LINE#         2354
  C:41DEH         LINE#         2355
  C:41E0H         LINE#         2356
  C:41E2H         LINE#         2357
  C:41E4H         LINE#         2358
  C:41E7H         LINE#         2359
  C:41E7H         LINE#         2360
  C:41E9H         LINE#         2361
  C:41EBH         LINE#         2362
  C:41EEH         LINE#         2363
  C:41F7H         LINE#         2364
  C:41F9H         LINE#         2365
  C:41FCH         LINE#         2366
  C:4201H         LINE#         2367
  C:4208H         LINE#         2368
  C:420AH         LINE#         2369
  C:420AH         LINE#         2370
  C:4211H         LINE#         2371
  C:4211H         LINE#         2372
  C:4214H         LINE#         2373
BL51 BANKED LINKER/LOCATER V6.22                                                      09/13/2021  23:37:23  PAGE 122


  C:4214H         LINE#         2375
  C:4217H         LINE#         2376
  C:4217H         LINE#         2377
  C:421CH         LINE#         2378
  C:421EH         LINE#         2379
  C:421EH         LINE#         2380
  C:421EH         LINE#         2381
  C:4221H         LINE#         2382
  C:4221H         LINE#         2383
  C:4224H         LINE#         2384
  C:4224H         LINE#         2385
  C:4227H         LINE#         2386
  C:4227H         LINE#         2387
  C:4227H         LINE#         2388
  C:422DH         LINE#         2389
  C:422DH         LINE#         2390
  C:4230H         LINE#         2391
  C:4230H         LINE#         2392
  C:4233H         LINE#         2393
  C:4233H         LINE#         2394
  C:4238H         LINE#         2395
  C:423FH         LINE#         2397
  C:4242H         LINE#         2398
  C:4242H         LINE#         2399
  C:4249H         LINE#         2400
  C:4249H         LINE#         2401
  C:424CH         LINE#         2402
  C:424CH         LINE#         2403
  C:4253H         LINE#         2404
  C:4253H         LINE#         2405
  C:4259H         LINE#         2406
  C:4259H         LINE#         2408
  C:425BH         LINE#         2409
  C:4263H         LINE#         2410
  C:426CH         LINE#         2412
  C:4273H         LINE#         2413
  C:4273H         LINE#         2415
  C:4276H         LINE#         2416
  C:4278H         LINE#         2417
  C:427AH         LINE#         2418
  C:427DH         LINE#         2419
  C:4284H         LINE#         2420
  C:428CH         LINE#         2421
  C:428CH         LINE#         2422
  C:42A2H         LINE#         2423
  C:42AAH         LINE#         2425
  C:42B0H         LINE#         2426
  C:42D0H         LINE#         2427
  C:42D2H         LINE#         2428
  C:42DAH         LINE#         2429
  C:42DAH         LINE#         2430
  C:42DCH         LINE#         2431
  C:42DFH         LINE#         2432
  C:42DFH         LINE#         2433
  C:42E8H         LINE#         2434
  C:42E8H         LINE#         2435
  C:42F2H         LINE#         2436
BL51 BANKED LINKER/LOCATER V6.22                                                      09/13/2021  23:37:23  PAGE 123


  C:42F2H         LINE#         2437
  C:42F5H         LINE#         2440
  C:42FEH         LINE#         2441
  C:430AH         LINE#         2442
  C:430AH         LINE#         2443
  C:4320H         LINE#         2444
  C:4320H         LINE#         2446
  C:4326H         LINE#         2447
  C:4326H         LINE#         2448
  C:4337H         LINE#         2449
  C:4337H         LINE#         2450
  C:438AH         LINE#         2451
  C:4392H         LINE#         2452
  C:439BH         LINE#         2453
  C:43D7H         LINE#         2454
  C:43E0H         LINE#         2455
  C:43E3H         LINE#         2456
  C:43E3H         LINE#         2457
  C:43E3H         LINE#         2458
  C:43E9H         LINE#         2459
  C:43E9H         LINE#         2460
  C:4401H         LINE#         2461
  C:4401H         LINE#         2462
  C:4408H         LINE#         2463
  C:440AH         LINE#         2464
  C:4411H         LINE#         2465
  C:4413H         LINE#         2466
  C:4413H         LINE#         2467
  C:4413H         LINE#         2468
  C:4413H         LINE#         2470
  C:4413H         LINE#         2472
  C:4413H         LINE#         2473
  -------         ENDPROC       MAIN
  -------         ENDMOD        MAIN

  -------         MODULE        ?C?FPADD
  C:6752H         PUBLIC        ?C?FPADD
  C:674EH         PUBLIC        ?C?FPSUB
  -------         ENDMOD        ?C?FPADD

  -------         MODULE        ?C?FPMUL
  C:6843H         PUBLIC        ?C?FPMUL
  -------         ENDMOD        ?C?FPMUL

  -------         MODULE        ?C?FPDIV
  C:694CH         PUBLIC        ?C?FPDIV
  -------         ENDMOD        ?C?FPDIV

  -------         MODULE        ?C?FPCMP
  C:69EBH         PUBLIC        ?C?FPCMP
  C:69E9H         PUBLIC        ?C?FPCMP3
  -------         ENDMOD        ?C?FPCMP

  -------         MODULE        ?C?FPNEG
  C:6A62H         PUBLIC        ?C?FPNEG
  -------         ENDMOD        ?C?FPNEG

BL51 BANKED LINKER/LOCATER V6.22                                                      09/13/2021  23:37:23  PAGE 124


  -------         MODULE        ?C?FCAST
  C:6A7DH         PUBLIC        ?C?FCASTC
  C:6A78H         PUBLIC        ?C?FCASTI
  C:6A73H         PUBLIC        ?C?FCASTL
  -------         ENDMOD        ?C?FCAST

  -------         MODULE        ?C?CASTF
  C:6AB1H         PUBLIC        ?C?CASTF
  -------         ENDMOD        ?C?CASTF

  -------         MODULE        PRINTF
  X:1017H         PUBLIC        ?_PRINTF?BYTE
  X:1017H         PUBLIC        ?_SPRINTF?BYTE
  C:994CH         PUBLIC        _PRINTF
  C:9946H         PUBLIC        _SPRINTF
  -------         ENDMOD        PRINTF

  -------         MODULE        SQRT
  C:D894H         PUBLIC        _SQRT
  -------         ENDMOD        SQRT

  -------         MODULE        ATAN2
  X:0FFBH         PUBLIC        ?_atan2?BYTE
  C:DB2DH         PUBLIC        _atan2
  -------         ENDMOD        ATAN2

  -------         MODULE        SIN
  C:BCEAH         PUBLIC        _COS
  C:BD00H         PUBLIC        _SIN
  C:BD3CH         PUBLIC        _TAN
  -------         ENDMOD        SIN

  -------         MODULE        ATAN
  C:C91AH         PUBLIC        _ATAN
  -------         ENDMOD        ATAN

  -------         MODULE        ASIN
  C:EB91H         PUBLIC        _ASIN
  -------         ENDMOD        ASIN

  -------         MODULE        POW
  X:0FE4H         PUBLIC        ?_pow?BYTE
  C:C29EH         PUBLIC        _pow
  -------         ENDMOD        POW

  -------         MODULE        ?C?CHKFLOAT
  C:6B32H         PUBLIC        ?C?CHKFLOAT
  -------         ENDMOD        ?C?CHKFLOAT

  -------         MODULE        ?C?FPROUND
  C:6B4CH         PUBLIC        ?C?FPROUND
  -------         ENDMOD        ?C?FPROUND

  -------         MODULE        ?C?FPCONVERT
  C:6B89H         PUBLIC        ?C?FPCONVERT
  -------         ENDMOD        ?C?FPCONVERT

BL51 BANKED LINKER/LOCATER V6.22                                                      09/13/2021  23:37:23  PAGE 125


  -------         MODULE        EXP
  C:DC02H         PUBLIC        _EXP
  -------         ENDMOD        EXP

  -------         MODULE        LOG
  C:C805H         PUBLIC        _LOG
  C:C801H         PUBLIC        _LOG10
  -------         ENDMOD        LOG

  -------         MODULE        ?C?FTNPWR
  C:6D0BH         PUBLIC        ?C?FTNPWR
  -------         ENDMOD        ?C?FTNPWR

  -------         MODULE        ?C?COPY
  C:6E1BH         PUBLIC        ?C?COPY
  -------         ENDMOD        ?C?COPY

  -------         MODULE        ?C?CLDPTR
  C:6E41H         PUBLIC        ?C?CLDPTR
  -------         ENDMOD        ?C?CLDPTR

  -------         MODULE        ?C?CLDOPTR
  C:6E5AH         PUBLIC        ?C?CLDOPTR
  -------         ENDMOD        ?C?CLDOPTR

  -------         MODULE        ?C?CILDOPTR
  C:6E87H         PUBLIC        ?C?CILDOPTR
  -------         ENDMOD        ?C?CILDOPTR

  -------         MODULE        ?C?CSTPTR
  C:6EBAH         PUBLIC        ?C?CSTPTR
  -------         ENDMOD        ?C?CSTPTR

  -------         MODULE        ?C?CSTOPTR
  C:6ECCH         PUBLIC        ?C?CSTOPTR
  -------         ENDMOD        ?C?CSTOPTR

  -------         MODULE        ?C?UIDIV
  C:6EEEH         PUBLIC        ?C?UIDIV
  -------         ENDMOD        ?C?UIDIV

  -------         MODULE        ?C?SIDIV
  C:6F43H         PUBLIC        ?C?SIDIV
  -------         ENDMOD        ?C?SIDIV

  -------         MODULE        ?C?IILDX
  C:6F79H         PUBLIC        ?C?IILDX
  -------         ENDMOD        ?C?IILDX

  -------         MODULE        ?C?ILDIX
  C:6F8FH         PUBLIC        ?C?ILDIX
  -------         ENDMOD        ?C?ILDIX

  -------         MODULE        ?C?ILDPTR
  C:6FA5H         PUBLIC        ?C?ILDPTR
  -------         ENDMOD        ?C?ILDPTR

BL51 BANKED LINKER/LOCATER V6.22                                                      09/13/2021  23:37:23  PAGE 126


  -------         MODULE        ?C?ILDOPTR
  C:6FD0H         PUBLIC        ?C?ILDOPTR
  -------         ENDMOD        ?C?ILDOPTR

  -------         MODULE        ?C?ISTPTR
  C:7008H         PUBLIC        ?C?ISTPTR
  -------         ENDMOD        ?C?ISTPTR

  -------         MODULE        ?C?ISTOPTR
  C:7027H         PUBLIC        ?C?ISTOPTR
  -------         ENDMOD        ?C?ISTOPTR

  -------         MODULE        ?C?LMUL
  C:7054H         PUBLIC        ?C?LMUL
  -------         ENDMOD        ?C?LMUL

  -------         MODULE        ?C?SLDIV
  C:EB11H         PUBLIC        ?C?SLDIV
  -------         ENDMOD        ?C?SLDIV

  -------         MODULE        ?C?LNEG
  C:70A3H         PUBLIC        ?C?LNEG
  -------         ENDMOD        ?C?LNEG

  -------         MODULE        ?C?SLCMP
  C:70B1H         PUBLIC        ?C?SLCMP
  -------         ENDMOD        ?C?SLCMP

  -------         MODULE        ?C?SLSHR
  C:70C7H         PUBLIC        ?C?SLSHR
  -------         ENDMOD        ?C?SLSHR

  -------         MODULE        ?C?LSHL
  C:70DBH         PUBLIC        ?C?LSHL
  -------         ENDMOD        ?C?LSHL

  -------         MODULE        ?C?LLDPTR
  C:70EEH         PUBLIC        ?C?LLDPTR
  -------         ENDMOD        ?C?LLDPTR

  -------         MODULE        ?C?LLDOPTR
  C:710EH         PUBLIC        ?C?LLDOPTR
  -------         ENDMOD        ?C?LLDOPTR

  -------         MODULE        ?C?LSTPTR
  C:713EH         PUBLIC        ?C?LSTPTR
  -------         ENDMOD        ?C?LSTPTR

  -------         MODULE        ?C?LSTOPTR
  C:7158H         PUBLIC        ?C?LSTOPTR
  -------         ENDMOD        ?C?LSTOPTR

  -------         MODULE        ?C?LLDIDATA
  C:717CH         PUBLIC        ?C?LLDIDATA
  -------         ENDMOD        ?C?LLDIDATA

  -------         MODULE        ?C?LLDXDATA
BL51 BANKED LINKER/LOCATER V6.22                                                      09/13/2021  23:37:23  PAGE 127


  C:7188H         PUBLIC        ?C?LLDXDATA
  -------         ENDMOD        ?C?LLDXDATA

  -------         MODULE        ?C?LLDCODE
  C:7194H         PUBLIC        ?C?LLDCODE
  -------         ENDMOD        ?C?LLDCODE

  -------         MODULE        ?C?LLDIDATA0
  C:71A4H         PUBLIC        ?C?LLDIDATA0
  -------         ENDMOD        ?C?LLDIDATA0

  -------         MODULE        ?C?LLDXDATA0
  C:71B1H         PUBLIC        ?C?LLDXDATA0
  -------         ENDMOD        ?C?LLDXDATA0

  -------         MODULE        ?C?LLDCODE0
  C:71BDH         PUBLIC        ?C?LLDCODE0
  -------         ENDMOD        ?C?LLDCODE0

  -------         MODULE        ?C?LSTIDATA
  C:71CDH         PUBLIC        ?C?LSTIDATA
  -------         ENDMOD        ?C?LSTIDATA

  -------         MODULE        ?C?LSTXDATA
  C:71D9H         PUBLIC        ?C?LSTXDATA
  -------         ENDMOD        ?C?LSTXDATA

  -------         MODULE        ?C?LSTKXDATA
  C:71E5H         PUBLIC        ?C?LSTKXDATA
  -------         ENDMOD        ?C?LSTKXDATA

  -------         MODULE        ?C?OFFXADD
  C:7216H         PUBLIC        ?C?OFFXADD
  -------         ENDMOD        ?C?OFFXADD

  -------         MODULE        ?C?PLDIXDATA
  C:7222H         PUBLIC        ?C?PLDIXDATA
  -------         ENDMOD        ?C?PLDIXDATA

  -------         MODULE        ?C?PSTXDATA
  C:7239H         PUBLIC        ?C?PSTXDATA
  -------         ENDMOD        ?C?PSTXDATA

  -------         MODULE        ?C?CCASE
  C:7242H         PUBLIC        ?C?CCASE
  -------         ENDMOD        ?C?CCASE

  -------         MODULE        PUTCHAR
  C:EEB8H         PUBLIC        _PUTCHAR
  -------         ENDMOD        PUTCHAR

  -------         MODULE        RAND
  X:12D5H         PUBLIC        ?SRAND?BYTE
  C:E848H         PUBLIC        RAND
  C:E886H         PUBLIC        _SRAND
  -------         ENDMOD        RAND

BL51 BANKED LINKER/LOCATER V6.22                                                      09/13/2021  23:37:23  PAGE 128


  -------         MODULE        STRCAT
  X:1004H         PUBLIC        ?_strcat?BYTE
  C:E1F7H         PUBLIC        _strcat
  -------         ENDMOD        STRCAT

  -------         MODULE        ?C?STRCPY
  C:7334H         PUBLIC        ?C?STRCPY
  -------         ENDMOD        ?C?STRCPY

  -------         MODULE        ?C?MEMCMP
  C:74D7H         PUBLIC        ?C?MEMCMP
  -------         ENDMOD        ?C?MEMCMP

  -------         MODULE        ?C?ULDIV
  C:7537H         PUBLIC        ?C?ULDIV
  -------         ENDMOD        ?C?ULDIV

  -------         MODULE        ?C?LLDPDATA
  C:75C9H         PUBLIC        ?C?LLDPDATA
  -------         ENDMOD        ?C?LLDPDATA

  -------         MODULE        ?C?LSTPDATA
  C:75D5H         PUBLIC        ?C?LSTPDATA
  -------         ENDMOD        ?C?LSTPDATA

*** WARNING L16: UNCALLED SEGMENT, IGNORED FOR OVERLAY PROCESS
    SEGMENT: ?PR?PW02REST?PW02

*** WARNING L16: UNCALLED SEGMENT, IGNORED FOR OVERLAY PROCESS
    SEGMENT: ?PR?RDA5807MGETCURRENTFQ?RDA5807M

*** WARNING L16: UNCALLED SEGMENT, IGNORED FOR OVERLAY PROCESS
    SEGMENT: ?PR?RDA5807MGETCURRENTRSSI?RDA5807M

*** WARNING L16: UNCALLED SEGMENT, IGNORED FOR OVERLAY PROCESS
    SEGMENT: ?PR?RDA5807MSETMUTE?RDA5807M

*** WARNING L16: UNCALLED SEGMENT, IGNORED FOR OVERLAY PROCESS
    SEGMENT: ?PR?PCF8563DISABLETIMER?PCF8563

*** WARNING L16: UNCALLED SEGMENT, IGNORED FOR OVERLAY PROCESS
    SEGMENT: ?PR?_BME280SINGLEMEASUREMENT?BME280

*** WARNING L16: UNCALLED SEGMENT, IGNORED FOR OVERLAY PROCESS
    SEGMENT: ?PR?LSM6DSMDISABLEPEDOMETER?LSM6DSM

*** WARNING L16: UNCALLED SEGMENT, IGNORED FOR OVERLAY PROCESS
    SEGMENT: ?PR?_DELAY1US?DELAY

Program Size: data=121.1 xdata=4831 code=62534
LINK/LOCATE RUN COMPLETE.  8 WARNING(S),  0 ERROR(S)
