BL51 BANKED LINKER/LOCATER V6.22                                                        07/19/2021  23:10:50  PAGE 1


BL51 BANKED LINKER/LOCATER V6.22, INVOKED BY:
E:\INSTALL_FILES\KEIL\C51\BIN\BL51.EXE ..\Objects\PW02.obj, ..\Objects\oled.obj, ..\Objects\RDA5807M.obj, ..\Objects\PCF
>> 8563.obj, ..\Objects\BME280.obj, ..\Objects\Ellipsoid fitting.obj, ..\Objects\HMC5883L.obj, ..\Objects\LSM6DSM.obj, .
>> .\Objects\PowerManage.obj, ..\Objects\IIC.obj, ..\Objects\Sys.obj, ..\Objects\EEPROM.obj, ..\Objects\Buzzer.obj, ..\O
>> bjects\Delay.obj, ..\Objects\Display.obj, ..\Objects\main.obj TO ..\Objects\iWatch-v1.1 PRINT (..\Listings\iWatch-v1.
>> m51) RAMSIZE (256)


MEMORY MODEL: LARGE WITH FLOATING POINT ARITHMETIC


INPUT MODULES INCLUDED:
  ..\Objects\PW02.obj (PW02)
  ..\Objects\oled.obj (OLED)
  ..\Objects\RDA5807M.obj (RDA5807M)
  ..\Objects\PCF8563.obj (PCF8563)
  ..\Objects\BME280.obj (BME280)
  ..\Objects\Ellipsoid fitting.obj (ELLIPSOID_FITTING)
  ..\Objects\HMC5883L.obj (HMC5883L)
  ..\Objects\LSM6DSM.obj (LSM6DSM)
  ..\Objects\PowerManage.obj (POWERMANAGE)
  ..\Objects\IIC.obj (IIC)
  ..\Objects\Sys.obj (SYS)
  ..\Objects\EEPROM.obj (EEPROM)
  ..\Objects\Buzzer.obj (BUZZER)
  ..\Objects\Delay.obj (DELAY)
  ..\Objects\Display.obj (DISPLAY)
  ..\Objects\main.obj (MAIN)
  E:\INSTALL_FILES\KEIL\C51\LIB\C51FPL.LIB (?C?FPADD)
  E:\INSTALL_FILES\KEIL\C51\LIB\C51FPL.LIB (?C?FPMUL)
  E:\INSTALL_FILES\KEIL\C51\LIB\C51FPL.LIB (?C?FPDIV)
  E:\INSTALL_FILES\KEIL\C51\LIB\C51FPL.LIB (?C?FPCMP)
  E:\INSTALL_FILES\KEIL\C51\LIB\C51FPL.LIB (?C?FPNEG)
  E:\INSTALL_FILES\KEIL\C51\LIB\C51FPL.LIB (?C?FCAST)
  E:\INSTALL_FILES\KEIL\C51\LIB\C51FPL.LIB (?C?CASTF)
  E:\INSTALL_FILES\KEIL\C51\LIB\C51FPL.LIB (PRINTF)
  E:\INSTALL_FILES\KEIL\C51\LIB\C51FPL.LIB (SQRT)
  E:\INSTALL_FILES\KEIL\C51\LIB\C51FPL.LIB (ATAN2)
  E:\INSTALL_FILES\KEIL\C51\LIB\C51FPL.LIB (SIN)
  E:\INSTALL_FILES\KEIL\C51\LIB\C51FPL.LIB (ATAN)
  E:\INSTALL_FILES\KEIL\C51\LIB\C51FPL.LIB (ASIN)
  E:\INSTALL_FILES\KEIL\C51\LIB\C51FPL.LIB (POW)
  E:\INSTALL_FILES\KEIL\C51\LIB\C51FPL.LIB (?C?FPGETOPN)
  E:\INSTALL_FILES\KEIL\C51\LIB\C51FPL.LIB (?C?CHKFLOAT)
  E:\INSTALL_FILES\KEIL\C51\LIB\C51FPL.LIB (?C?FPROUND)
  E:\INSTALL_FILES\KEIL\C51\LIB\C51FPL.LIB (?C?FPCONVERT)
  E:\INSTALL_FILES\KEIL\C51\LIB\C51FPL.LIB (?C?FPSERIES)
  E:\INSTALL_FILES\KEIL\C51\LIB\C51FPL.LIB (EXP)
  E:\INSTALL_FILES\KEIL\C51\LIB\C51FPL.LIB (LOG)
  E:\INSTALL_FILES\KEIL\C51\LIB\C51FPL.LIB (?C?FTNPWR)
  E:\INSTALL_FILES\KEIL\C51\LIB\C51L.LIB (?C_STARTUP)
  E:\INSTALL_FILES\KEIL\C51\LIB\C51L.LIB (?C?COPY)
  E:\INSTALL_FILES\KEIL\C51\LIB\C51L.LIB (?C?CLDPTR)
  E:\INSTALL_FILES\KEIL\C51\LIB\C51L.LIB (?C?CLDOPTR)
  E:\INSTALL_FILES\KEIL\C51\LIB\C51L.LIB (?C?CILDOPTR)
  E:\INSTALL_FILES\KEIL\C51\LIB\C51L.LIB (?C?CSTPTR)
  E:\INSTALL_FILES\KEIL\C51\LIB\C51L.LIB (?C?CSTOPTR)
  E:\INSTALL_FILES\KEIL\C51\LIB\C51L.LIB (?C?UIDIV)
BL51 BANKED LINKER/LOCATER V6.22                                                      07/19/2021  23:10:50  PAGE 2


  E:\INSTALL_FILES\KEIL\C51\LIB\C51L.LIB (?C?SIDIV)
  E:\INSTALL_FILES\KEIL\C51\LIB\C51L.LIB (?C?IILDX)
  E:\INSTALL_FILES\KEIL\C51\LIB\C51L.LIB (?C?ILDIX)
  E:\INSTALL_FILES\KEIL\C51\LIB\C51L.LIB (?C?ILDPTR)
  E:\INSTALL_FILES\KEIL\C51\LIB\C51L.LIB (?C?ILDOPTR)
  E:\INSTALL_FILES\KEIL\C51\LIB\C51L.LIB (?C?ISTPTR)
  E:\INSTALL_FILES\KEIL\C51\LIB\C51L.LIB (?C?ISTOPTR)
  E:\INSTALL_FILES\KEIL\C51\LIB\C51L.LIB (?C?LMUL)
  E:\INSTALL_FILES\KEIL\C51\LIB\C51L.LIB (?C?SLDIV)
  E:\INSTALL_FILES\KEIL\C51\LIB\C51L.LIB (?C?LNEG)
  E:\INSTALL_FILES\KEIL\C51\LIB\C51L.LIB (?C?SLCMP)
  E:\INSTALL_FILES\KEIL\C51\LIB\C51L.LIB (?C?SLSHR)
  E:\INSTALL_FILES\KEIL\C51\LIB\C51L.LIB (?C?LSHL)
  E:\INSTALL_FILES\KEIL\C51\LIB\C51L.LIB (?C?LLDPTR)
  E:\INSTALL_FILES\KEIL\C51\LIB\C51L.LIB (?C?LLDOPTR)
  E:\INSTALL_FILES\KEIL\C51\LIB\C51L.LIB (?C?LSTPTR)
  E:\INSTALL_FILES\KEIL\C51\LIB\C51L.LIB (?C?LSTOPTR)
  E:\INSTALL_FILES\KEIL\C51\LIB\C51L.LIB (?C?LLDIDATA)
  E:\INSTALL_FILES\KEIL\C51\LIB\C51L.LIB (?C?LLDXDATA)
  E:\INSTALL_FILES\KEIL\C51\LIB\C51L.LIB (?C?LLDCODE)
  E:\INSTALL_FILES\KEIL\C51\LIB\C51L.LIB (?C?LLDIDATA0)
  E:\INSTALL_FILES\KEIL\C51\LIB\C51L.LIB (?C?LLDXDATA0)
  E:\INSTALL_FILES\KEIL\C51\LIB\C51L.LIB (?C?LLDCODE0)
  E:\INSTALL_FILES\KEIL\C51\LIB\C51L.LIB (?C?LSTIDATA)
  E:\INSTALL_FILES\KEIL\C51\LIB\C51L.LIB (?C?LSTXDATA)
  E:\INSTALL_FILES\KEIL\C51\LIB\C51L.LIB (?C?LSTKXDATA)
  E:\INSTALL_FILES\KEIL\C51\LIB\C51L.LIB (?C?OFFXADD)
  E:\INSTALL_FILES\KEIL\C51\LIB\C51L.LIB (?C?PLDIXDATA)
  E:\INSTALL_FILES\KEIL\C51\LIB\C51L.LIB (?C?PSTXDATA)
  E:\INSTALL_FILES\KEIL\C51\LIB\C51L.LIB (?C?CCASE)
  E:\INSTALL_FILES\KEIL\C51\LIB\C51L.LIB (PUTCHAR)
  E:\INSTALL_FILES\KEIL\C51\LIB\C51L.LIB (RAND)
  E:\INSTALL_FILES\KEIL\C51\LIB\C51L.LIB (STRCAT)
  E:\INSTALL_FILES\KEIL\C51\LIB\C51L.LIB (?C?STRCPY)
  E:\INSTALL_FILES\KEIL\C51\LIB\C51L.LIB (?C?MEMCMP)
  E:\INSTALL_FILES\KEIL\C51\LIB\C51L.LIB (?C_INIT)
  E:\INSTALL_FILES\KEIL\C51\LIB\C51L.LIB (?C?ULDIV)
  E:\INSTALL_FILES\KEIL\C51\LIB\C51L.LIB (?C?LLDPDATA)
  E:\INSTALL_FILES\KEIL\C51\LIB\C51L.LIB (?C?LSTPDATA)


LINK MAP OF MODULE:  ..\Objects\iWatch-v1.1 (PW02)


            TYPE    BASE      LENGTH    RELOCATION   SEGMENT NAME
            -----------------------------------------------------

            * * * * * * *   D A T A   M E M O R Y   * * * * * * *
            REG     0000H     0008H     ABSOLUTE     "REG BANK 0"
            REG     0008H     0008H     ABSOLUTE     "REG BANK 1"
            DATA    0010H     0002H     UNIT         ?DT?IIC
                    0012H     000EH                  *** GAP ***
            BIT     0020H.0   0002H.6   UNIT         ?BI?MAIN
            BIT     0022H.6   0001H.1   UNIT         _BIT_GROUP_
            BIT     0023H.7   0000H.2   UNIT         ?BI?PW02
            BIT     0024H.1   0000H.1   UNIT         ?BI?BUZZER
                    0024H.2   0000H.6                *** GAP ***
BL51 BANKED LINKER/LOCATER V6.22                                                      07/19/2021  23:10:50  PAGE 3


            DATA    0025H     0016H     UNIT         _DATA_GROUP_
            IDATA   003BH     0030H     UNIT         _IDATA_GROUP_
            IDATA   006BH     001CH     UNIT         ?ID?LSM6DSM
            IDATA   0087H     0001H     UNIT         ?STACK

            * * * * * * *  X D A T A   M E M O R Y  * * * * * * *
            XDATA   0000H     0C08H     UNIT         ?XD?DISPLAY
            XDATA   0C08H     035EH     UNIT         ?XD?MAIN
            XDATA   0F66H     00E3H     UNIT         _XDATA_GROUP_
            XDATA   1049H     00DAH     UNIT         ?XD?ELLIPSOID_FITTING
            XDATA   1123H     0081H     UNIT         ?XD?PW02
            XDATA   11A4H     0075H     UNIT         ?XD?SYS
            XDATA   1219H     0054H     UNIT         ?XD?POWERMANAGE
            XDATA   126DH     0036H     UNIT         ?XD?BME280
            XDATA   12A3H     0018H     UNIT         ?XD?RDA5807M
            XDATA   12BBH     0013H     UNIT         ?XD?HMC5883L
            XDATA   12CEH     0009H     UNIT         ?XD?BME280_CAL_MEAS_DELAY?BME280
            XDATA   12D7H     0004H     UNIT         ?XD?RAND?RAND
            XDATA   12DBH     0003H     UNIT         ?XD?_BME280SINGLEMEASUREMENT?BME280
            XDATA   12DEH     0003H     UNIT         ?XD?BUZZER

            * * * * * * *   C O D E   M E M O R Y   * * * * * * *
            CODE    0000H     0003H     ABSOLUTE     
            CODE    0003H     0008H     UNIT         ?PR?_PCF8563READBYTE?PCF8563
            CODE    000BH     0003H     ABSOLUTE     
            CODE    000EH     0004H     UNIT         ?PR?MCUSOFTRESET?SYS
                    0012H     0001H                  *** GAP ***
            CODE    0013H     0003H     ABSOLUTE     
            CODE    0016H     002CH     UNIT         ?PR?SYSTEMPOWERDOWN?POWERMANAGE
                    0042H     0001H                  *** GAP ***
            CODE    0043H     0003H     ABSOLUTE     
            CODE    0046H     000DH     UNIT         ?PR?_HMC5883L_WRITE_BYTE?HMC5883L
            CODE    0053H     0003H     ABSOLUTE     
            CODE    0056H     0004H     UNIT         ?PR?ENABLEWATCHDOG?SYS
                    005AH     0001H                  *** GAP ***
            CODE    005BH     0003H     ABSOLUTE     
            CODE    005EH     003DH     UNIT         ?PR?_UART2SENDSTR?PW02
            CODE    009BH     0003H     ABSOLUTE     
            CODE    009EH     0004H     UNIT         ?PR?FEEDWATCHDOG?SYS
                    00A2H     0001H                  *** GAP ***
            CODE    00A3H     0003H     ABSOLUTE     
            CODE    00A6H     443AH     UNIT         ?PR?MAIN?MAIN
            CODE    44E0H     233EH     UNIT         ?CO?MAIN
            CODE    681EH     0E96H     UNIT         ?C?LIB_CODE
            CODE    76B4H     0E4EH     UNIT         ?C_INITSEG
            CODE    8502H     0C4AH     UNIT         ?CO?DISPLAY
            CODE    914CH     0872H     UNIT         ?PR?_IMUUPDATE?LSM6DSM
            CODE    99BEH     0483H     UNIT         ?PR?PRINTF?PRINTF
            CODE    9E41H     03FDH     UNIT         ?PR?_SCREENPUSHANIMATION?DISPLAY
            CODE    A23EH     03B9H     UNIT         ?PR?COMPENSATE_PRESSURE?BME280
            CODE    A5F7H     037FH     UNIT         ?PR?_ELLIPSOID_FITTING_PROCESS?ELLIPSOID_FITTING
            CODE    A976H     0334H     UNIT         ?PR?_SHOWSTRING?DISPLAY
            CODE    ACAAH     0282H     UNIT         ?PR?_DRAWLINE?DISPLAY
            CODE    AF2CH     026AH     UNIT         ?PR?_DISPLAYTIME?DISPLAY
            CODE    B196H     0252H     UNIT         ?PR?COMPENSATE_HUMIDITY?BME280
            CODE    B3E8H     0240H     UNIT         ?PR?_HMC5883L_GET_ANGLEXY?HMC5883L
            CODE    B628H     01FEH     UNIT         ?PR?_DRAWARM?DISPLAY
BL51 BANKED LINKER/LOCATER V6.22                                                      07/19/2021  23:10:50  PAGE 4


            CODE    B826H     01F2H     UNIT         ?PR?_DRAWSELECTIONFRAME?DISPLAY
            CODE    BA18H     01EBH     UNIT         ?PR?_BMPTOCACHE?DISPLAY
            CODE    BC03H     01DBH     UNIT         ?PR?COMPENSATE_TEMPERATURE?BME280
            CODE    BDDEH     018CH     UNIT         ?PR?_MATRIX_SOLVE?ELLIPSOID_FITTING
            CODE    BF6AH     0188H     UNIT         ?PR?SIN?SIN
            CODE    C0F2H     0181H     UNIT         ?PR?GETBATTERYLIFE?POWERMANAGE
            CODE    C273H     0180H     UNIT         ?PR?BME280READCOMPENSATIONPARAMETER?BME280
            CODE    C3F3H     0173H     UNIT         ?PR?_CALCDATA_INPUT?ELLIPSOID_FITTING
            CODE    C566H     0166H     UNIT         ?PR?_POW?POW
            CODE    C6CCH     014BH     UNIT         ?PR?_READ_HMC5883L?HMC5883L
            CODE    C817H     012BH     UNIT         ?PR?_SCREEROLLDOWN?DISPLAY
            CODE    C942H     0129H     UNIT         ?PR?LOG?LOG
            CODE    CA6BH     0122H     UNIT         ?PR?ATAN?ATAN
            CODE    CB8DH     0120H     UNIT         ?PR?PW02INIT?PW02
            CODE    CCADH     011FH     UNIT         ?PR?TM3_IST?MAIN
            CODE    CDCCH     011AH     UNIT         ?PR?SENSORINIT?MAIN
            CODE    CEE6H     0114H     UNIT         ?PR?_SCREEROLLUP?DISPLAY
            CODE    CFFAH     0109H     UNIT         ?PR?MATRIX_GAUSSELIMINATION?ELLIPSOID_FITTING
            CODE    D103H     0105H     UNIT         ?PR?_PCF8563READTIME?PCF8563
            CODE    D208H     00FEH     UNIT         ?PR?BME280_CAL_MEAS_DELAY?BME280
            CODE    D306H     00EAH     UNIT         ?PR?_ROW2_SWOP_ROW1?ELLIPSOID_FITTING
            CODE    D3F0H     00D8H     UNIT         ?PR?BME280READSENSORRAWDATA?BME280
            CODE    D4C8H     00D7H     UNIT         ?PR?PW02CHECKCONNECTION?PW02
            CODE    D59FH     00D5H     UNIT         ?PR?GETBATTERYVOLTAGE?POWERMANAGE
            CODE    D674H     00C2H     UNIT         ?PR?_PCF8563SETALARM?PCF8563
            CODE    D736H     00BEH     UNIT         ?CO?PW02
            CODE    D7F4H     00B3H     UNIT         ?PR?_LSM6DSMREADGYRANDACC?LSM6DSM
            CODE    D8A7H     00AFH     UNIT         ?PR?_RDA5807MSETFQ?RDA5807M
            CODE    D956H     00AFH     UNIT         ?PR?_EEPROMREADCONFIGURATION?SYS
            CODE    DA05H     00ACH     UNIT         ?PR?SQRT?SQRT
            CODE    DAB1H     00ABH     UNIT         ?PR?_RDA5807MSEEK?RDA5807M
            CODE    DB5CH     00A7H     UNIT         ?PR?_ROW2_ADD_KROW1?ELLIPSOID_FITTING
            CODE    DC03H     00A1H     UNIT         ?PR?OLED_INIT?OLED
            CODE    DCA4H     009DH     UNIT         ?PR?_ATAN2?ATAN2
            CODE    DD41H     009AH     UNIT         ?PR?EXP?EXP
            CODE    DDDBH     0099H     UNIT         ?PR?_MOVEBIGGESTELEMENT_TO_TOP?ELLIPSOID_FITTING
            CODE    DE74H     0099H     UNIT         ?PR?_LSM6DSMENABLEAWT?LSM6DSM
            CODE    DF0DH     0099H     UNIT         ?PR?TM4_ISR?BUZZER
            CODE    DFA6H     008CH     UNIT         ?C_C51STARTUP
            CODE    E032H     0080H     UNIT         ?PR?CALCDATA_INPUT_AVERAGE?ELLIPSOID_FITTING
            CODE    E0B2H     007DH     UNIT         ?PR?_CLEARCACHEAREA?DISPLAY
            CODE    E12FH     007AH     UNIT         ?PR?UART2_ISR?PW02
            CODE    E1A9H     0077H     UNIT         ?PR?_PW02SETNAME?PW02
            CODE    E220H     0075H     UNIT         ?PR?_EEPROMWRITECONFIGURATION?SYS
            CODE    E295H     006DH     UNIT         ?PR?_SENDATCOMMAND?PW02
            CODE    E302H     006CH     UNIT         ?PR?MATRIX_ROWSIMPLIFY?ELLIPSOID_FITTING
            CODE    E36EH     006BH     UNIT         ?PR?_STRCAT?STRCAT
            CODE    E3D9H     0067H     UNIT         ?PR?RDA5807MINIT?RDA5807M
            CODE    E440H     0065H     UNIT         ?PR?_PCF8563WRITEDATE?PCF8563
            CODE    E4A5H     0063H     UNIT         ?PR?_PW02SETADVT?PW02
            CODE    E508H     0062H     UNIT         ?PR?RDA5807MREADRGES?RDA5807M
            CODE    E56AH     0061H     UNIT         ?PR?_K_MUILTPLY_ROW?ELLIPSOID_FITTING
            CODE    E5CBH     0061H     UNIT         ?PR?_SCREENREFRESHAREA?DISPLAY
            CODE    E62CH     005EH     UNIT         ?PR?_PW02SETBUAD?PW02
            CODE    E68AH     005BH     UNIT         ?PR?_ABS?ELLIPSOID_FITTING
            CODE    E6E5H     005AH     UNIT         ?PR?RDA5807MWRITEREGS?RDA5807M
            CODE    E73FH     005AH     UNIT         ?PR?LSM6DSMINIT?LSM6DSM
BL51 BANKED LINKER/LOCATER V6.22                                                      07/19/2021  23:10:50  PAGE 5


            CODE    E799H     0058H     UNIT         ?PR?BME280INIT?BME280
            CODE    E7F1H     0055H     UNIT         ?PR?HMC5883L_INIT?HMC5883L
            CODE    E846H     0055H     UNIT         ?PR?_DRAWDOT?DISPLAY
            CODE    E89BH     0052H     UNIT         ?PR?_DISPLAYINIT?DISPLAY
            CODE    E8EDH     0050H     UNIT         ?PR?INT1_ISR?MAIN
            CODE    E93DH     004DH     UNIT         ?PR?_PCF8563WRITETIME?PCF8563
            CODE    E98AH     004DH     UNIT         ?PR?RAND?RAND
            CODE    E9D7H     004AH     UNIT         ?PR?_OLED_DRAWBMP?OLED
            CODE    EA21H     004AH     UNIT         ?PR?_LSM6DSMENABLEPEDOMETER?LSM6DSM
            CODE    EA6BH     0047H     UNIT         ?PR?_BME280GETSENSORDATA?BME280
            CODE    EAB2H     0046H     UNIT         ?PR?RDA5807MGETCURRENTFQ?RDA5807M
            CODE    EAF8H     0046H     UNIT         ?PR?RESETMATRIX?ELLIPSOID_FITTING
            CODE    EB3EH     0045H     UNIT         ?PR?_EEPROM_READ_N?EEPROM
            CODE    EB83H     0045H     UNIT         ?PR?_EEPROM_WRITE_N?EEPROM
            CODE    EBC8H     0044H     UNIT         ?PR?_HMC5883L_SET_CALIBRATION_VALUE?HMC5883L
            CODE    EC0CH     0044H     UNIT         ?PR?_I2C_READ_MULTIBYTES?IIC
            CODE    EC50H     0044H     UNIT         ?C?LDIV
            CODE    EC94H     003FH     UNIT         ?PR?_I2C_NOADDR_WRITE_MULTIBYTES?IIC
            CODE    ECD3H     003CH     UNIT         ?PR?_CLEARCACHE?DISPLAY
            CODE    ED0FH     003BH     UNIT         ?PR?ASIN?ASIN
            CODE    ED4AH     003AH     UNIT         ?PR?_PCF8563SETREGISTERBITS?PCF8563
            CODE    ED84H     003AH     UNIT         ?PR?_LSM6DSMRSETREGISTERBITS?LSM6DSM
            CODE    EDBEH     0039H     UNIT         ?PR?RDA5807MGETCURRENTRSSI?RDA5807M
            CODE    EDF7H     0039H     UNIT         ?PR?BUZZERINIT?BUZZER
            CODE    EE30H     0037H     UNIT         ?PR?_PCF8563ENABLETIMER?PCF8563
            CODE    EE67H     0033H     UNIT         ?PR?SYSINIT?SYS
            CODE    EE9AH     0032H     UNIT         ?PR?SAVESCREEN?DISPLAY
            CODE    EECCH     0031H     UNIT         ?PR?_I2C_NOADDR_READ_MULTIBYTES?IIC
            CODE    EEFDH     002FH     UNIT         ?PR?PININIT?SYS
            CODE    EF2CH     002EH     UNIT         ?PR?_PW02GETRXDATA?PW02
            CODE    EF5AH     002BH     UNIT         ?PR?SYSTEMDEEPPOWERDOWN?POWERMANAGE
            CODE    EF85H     0028H     UNIT         ?PR?PW02ENTERATMODE?PW02
            CODE    EFADH     0028H     UNIT         ?PR?PW02EXITATMODE?PW02
            CODE    EFD5H     0028H     UNIT         ?PR?_RDA5807MSETVOLUME?RDA5807M
            CODE    EFFDH     0027H     UNIT         ?PR?PW02GETRSSI?PW02
            CODE    F024H     0027H     UNIT         ?PR?_BME280WRITEBYTE?BME280
            CODE    F04BH     0027H     UNIT         ?PR?LSM6DSMENABLETAPDETECTION?LSM6DSM
            CODE    F072H     0027H     UNIT         ?PR?PUTCHAR?PUTCHAR
            CODE    F099H     0026H     UNIT         ?PR?_EEPROM_SECTORERASE?EEPROM
            CODE    F0BFH     0025H     UNIT         ?PR?PCF8563DISABLEALARM?PCF8563
            CODE    F0E4H     0024H     UNIT         ?PR?_BME280SINGLEMEASUREMENT?BME280
            CODE    F108H     0024H     UNIT         ?PR?KEYSCAN?MAIN
            CODE    F12CH     0023H     UNIT         ?PR?I2C_STOP?IIC
            CODE    F14FH     0022H     UNIT         ?PR?WAIT?IIC
            CODE    F171H     0022H     UNIT         ?PR?INT2_ISR?MAIN
            CODE    F193H     0020H     UNIT         ?CO?ELLIPSOID_FITTING
            CODE    F1B3H     001FH     UNIT         ?PR?OLED_CLEAR?OLED
            CODE    F1D2H     001EH     UNIT         ?PR?_OLED_SET_POS?OLED
            CODE    F1F0H     001EH     UNIT         ?PR?_BME280SETMODE?BME280
            CODE    F20EH     001DH     UNIT         ?PR?_SINGLE_READIIC?IIC
            CODE    F22BH     001CH     UNIT         ?PR?I2C_RECVACK?IIC
            CODE    F247H     001BH     UNIT         ?PR?_ADCREAD?POWERMANAGE
            CODE    F262H     001BH     UNIT         ?PR?TM0_ISR?MAIN
            CODE    F27DH     001AH     UNIT         ?PR?_OLED_WR_BYTE?OLED
            CODE    F297H     001AH     UNIT         ?PR?_DELAY1MS?DELAY
            CODE    F2B1H     0019H     UNIT         ?PR?_DELAY_MS?OLED
            CODE    F2CAH     0019H     UNIT         ?PR?LSM6DSMGETCURRENTSTEP?LSM6DSM
BL51 BANKED LINKER/LOCATER V6.22                                                      07/19/2021  23:10:50  PAGE 6


            CODE    F2E3H     0019H     UNIT         ?PR?LSM6DSMRESETSTEPCOUNTER?LSM6DSM
            CODE    F2FCH     0019H     UNIT         ?PR?UARTINIT?SYS
            CODE    F315H     0017H     UNIT         ?PR?_SCREENSETDIRECTION?DISPLAY
            CODE    F32CH     0015H     UNIT         ?PR?_PCF8563WRITEBYTE?PCF8563
            CODE    F341H     0015H     UNIT         ?PR?_BME280CONTINUOUSMEASUREMENT?BME280
            CODE    F356H     0015H     UNIT         ?PR?_SINGLE_WRITEIIC?IIC
            CODE    F36BH     0015H     UNIT         ?PR?_BUZZERONOFF?BUZZER
            CODE    F380H     0015H     UNIT         ?PR?BEE?BUZZER
            CODE    F395H     0015H     UNIT         ?PR?_DELAY1US?DELAY
            CODE    F3AAH     0013H     UNIT         ?PR?UART2INIT?SYS
            CODE    F3BDH     0012H     UNIT         ?PR?PCF8563DISABLETIMER?PCF8563
            CODE    F3CFH     0012H     UNIT         ?PR?IIC_INIT?IIC
            CODE    F3E1H     0011H     UNIT         ?PR?OLED_DISPLAY_ON?OLED
            CODE    F3F2H     0011H     UNIT         ?PR?_OLED_HORIZENTAL_REVERSE?OLED
            CODE    F403H     0011H     UNIT         ?PR?_OLED_VERTICAL_REVERSE?OLED
            CODE    F414H     0011H     UNIT         ?PR?_OLED_INVERSE?OLED
            CODE    F425H     0010H     UNIT         ?PR?_PCF8563ENABLECLOCKOUPUT?PCF8563
            CODE    F435H     0010H     UNIT         ?PR?CHECKHMC5883LCONNECTION?HMC5883L
            CODE    F445H     0010H     UNIT         ?PR?LSM6DSMSOFTRESET?LSM6DSM
            CODE    F455H     0010H     UNIT         ?PR?TIMER3INIT?SYS
            CODE    F465H     000FH     UNIT         ?PR?LSM6DSMCHECKCONNECTION?LSM6DSM
            CODE    F474H     000FH     UNIT         ?PR?I2C_RECVBYTE?IIC
            CODE    F483H     000FH     UNIT         ?PR?I2C_SENDNAK?IIC
            CODE    F492H     000FH     UNIT         ?PR?BEEBEEBEE?BUZZER
            CODE    F4A1H     000EH     UNIT         ?PR?_OLED_SET_BRIGHTNESS?OLED
            CODE    F4AFH     000EH     UNIT         ?PR?BME280CHECKCONNECTION?BME280
            CODE    F4BDH     000EH     UNIT         ?PR?BME280SOFTRESET?BME280
            CODE    F4CBH     000EH     UNIT         ?PR?_I2C_SENDBYTE?IIC
            CODE    F4D9H     000EH     UNIT         ?PR?I2C_SENDACK?IIC
            CODE    F4E7H     000EH     UNIT         ?PR?DISABLEEEPROM?EEPROM
            CODE    F4F5H     000DH     UNIT         ?PR?_LSM6DSMWRITEBYTE?LSM6DSM
            CODE    F502H     000DH     UNIT         ?PR?_BATTERYCHARGEENABLE?POWERMANAGE
            CODE    F50FH     000DH     UNIT         ?PR?TIMER0INIT?SYS
            CODE    F51CH     000CH     UNIT         ?PR?OLED_DISPLAY_OFF?OLED
            CODE    F528H     000CH     UNIT         ?PR?SYSTEMPOWERON?POWERMANAGE
            CODE    F534H     000CH     UNIT         ?PR?I2C_START?IIC
            CODE    F540H     000CH     UNIT         ?PR?INITCONFIG?SYS
            CODE    F54CH     000BH     UNIT         ?PR?_HMC5883L_SET_MODE?HMC5883L
            CODE    F557H     000BH     UNIT         ?PR?_SCREENSETBRIGHTNESS?DISPLAY
            CODE    F562H     000AH     UNIT         ?PR?_PW02SETMODE?PW02
            CODE    F56CH     000AH     UNIT         ?PR?RDA5807MSETMUTE?RDA5807M
            CODE    F576H     000AH     UNIT         ?PR?RDA5807MPOWERUP?RDA5807M
            CODE    F580H     000AH     UNIT         ?PR?RDA5807MPOWERDOWN?RDA5807M
            CODE    F58AH     000AH     UNIT         ?PR?PCF8563READINTSRC?PCF8563
            CODE    F594H     000AH     UNIT         ?PR?_SCREENONOFF?DISPLAY
            CODE    F59EH     0009H     UNIT         ?PR?PW02REST?PW02
            CODE    F5A7H     0009H     UNIT         ?PR?PCF8563CLEARALARMFLAG?PCF8563
            CODE    F5B0H     0009H     UNIT         ?PR?PCF8563CLEARTIMERFLAG?PCF8563
            CODE    F5B9H     0009H     UNIT         ?PR?LSM6DSMENABLEEMBEDDEDFUNC?LSM6DSM
            CODE    F5C2H     0009H     UNIT         ?PR?LSM6DSMDISABLEPEDOMETER?LSM6DSM
            CODE    F5CBH     0009H     UNIT         ?PR?_ENABLEBUZZER?BUZZER
            CODE    F5D4H     0008H     UNIT         ?PR?_BME280READBYTE?BME280
            CODE    F5DCH     0008H     UNIT         ?PR?_HMC5883L_READ_BYTE?HMC5883L
            CODE    F5E4H     0008H     UNIT         ?PR?_LSM6DSMREADBYTE?LSM6DSM
            CODE    F5ECH     0008H     UNIT         ?PR?_LSM6DSMCONFIGACC?LSM6DSM
            CODE    F5F4H     0008H     UNIT         ?PR?_LSM6DSMCONFIGGYR?LSM6DSM
            CODE    F5FCH     0008H     UNIT         ?PR?_LED?SYS
BL51 BANKED LINKER/LOCATER V6.22                                                      07/19/2021  23:10:50  PAGE 7


            CODE    F604H     0007H     UNIT         ?PR?PCF8563INIT?PCF8563
            CODE    F60BH     0007H     UNIT         ?PR?ADCINIT?POWERMANAGE
            CODE    F612H     0006H     UNIT         ?CO?BME280
            CODE    F618H     0006H     UNIT         ?PR?_ENABLE3V3OUTPUT?POWERMANAGE
            CODE    F61EH     0003H     UNIT         ?PR?_SCREENREFRESHALL?DISPLAY
            CODE    F621H     0003H     UNIT         ?PR?_SCREENSETINVERSE?DISPLAY
            CODE    F624H     0003H     UNIT         ?PR?INT3_ISR?MAIN



OVERLAY MAP OF MODULE:   ..\Objects\iWatch-v1.1 (PW02)


SEGMENT                                             BIT_GROUP          DATA_GROUP          IDATA_GROUP         XDATA_GRO
>> UP
  +--> CALLED SEGMENT                            START    LENGTH     START    LENGTH     START    LENGTH     START    LE
>> NGTH
------------------------------------------------------------------------------------------------------------------------
>> ----
?PR?TM4_ISR?BUZZER                               -----    -----      -----    -----      -----    -----      -----    --
>> ---
  +--> ?PR?_BUZZERONOFF?BUZZER

*** NEW ROOT ***************************************************

?PR?TM3_IST?MAIN                                 -----    -----      -----    -----      -----    -----      -----    --
>> ---
  +--> ?PR?MCUSOFTRESET?SYS
  +--> ?PR?KEYSCAN?MAIN
  +--> ?PR?BEE?BUZZER
  +--> ?PR?_LED?SYS

?PR?BEE?BUZZER                                   -----    -----      -----    -----      -----    -----      -----    --
>> ---
  +--> ?PR?_BUZZERONOFF?BUZZER

*** NEW ROOT ***************************************************

?PR?INT1_ISR?MAIN                                -----    -----      -----    -----      -----    -----      -----    --
>> ---
  +--> ?PR?BEE?BUZZER
  +--> ?PR?_SCREENONOFF?DISPLAY

?PR?_SCREENONOFF?DISPLAY                         -----    -----      -----    -----      -----    -----      -----    --
>> ---
  +--> ?PR?OLED_DISPLAY_ON?OLED
  +--> ?PR?OLED_DISPLAY_OFF?OLED

?PR?OLED_DISPLAY_ON?OLED                         -----    -----      -----    -----      -----    -----      -----    --
>> ---
  +--> ?PR?_OLED_WR_BYTE?OLED

?PR?OLED_DISPLAY_OFF?OLED                        -----    -----      -----    -----      -----    -----      -----    --
>> ---
  +--> ?PR?_OLED_WR_BYTE?OLED

*** NEW ROOT ***************************************************
BL51 BANKED LINKER/LOCATER V6.22                                                      07/19/2021  23:10:50  PAGE 8



?C_C51STARTUP                                    -----    -----      -----    -----      -----    -----      -----    --
>> ---
  +--> ?PR?MAIN?MAIN
  +--> ?C_INITSEG

?PR?MAIN?MAIN                                    -----    -----      -----    -----      -----    -----      0F66H    00
>> 80H
  +--> ?PR?SYSINIT?SYS
  +--> ?PR?_DISPLAYINIT?DISPLAY
  +--> ?PR?PCF8563INIT?PCF8563
  +--> ?PR?SENSORINIT?MAIN
  +--> ?PR?_CLEARCACHE?DISPLAY
  +--> ?PR?FEEDWATCHDOG?SYS
  +--> ?PR?_SCREENPUSHANIMATION?DISPLAY
  +--> ?PR?_PCF8563READTIME?PCF8563
  +--> ?PR?_DISPLAYTIME?DISPLAY
  +--> ?PR?_CLEARCACHEAREA?DISPLAY
  +--> ?CO?MAIN
  +--> ?PR?_BMPTOCACHE?DISPLAY
  +--> ?PR?PRINTF?PRINTF
  +--> ?PR?_STRCAT?STRCAT
  +--> ?PR?_SHOWSTRING?DISPLAY
  +--> ?PR?GETBATTERYLIFE?POWERMANAGE
  +--> ?PR?SAVESCREEN?DISPLAY
  +--> ?PR?_LSM6DSMCONFIGACC?LSM6DSM
  +--> ?PR?_LSM6DSMCONFIGGYR?LSM6DSM
  +--> ?PR?_LSM6DSMREADGYRANDACC?LSM6DSM
  +--> ?PR?_IMUUPDATE?LSM6DSM
  +--> ?PR?_DRAWSELECTIONFRAME?DISPLAY
  +--> ?PR?_SCREENREFRESHALL?DISPLAY
  +--> ?PR?_PCF8563ENABLECLOCKOUPUT?PCF8563
  +--> ?PR?LSM6DSMGETCURRENTSTEP?LSM6DSM
  +--> ?PR?_BME280CONTINUOUSMEASUREMENT?BME280
  +--> ?PR?_BME280GETSENSORDATA?BME280
  +--> ?PR?_POW?POW
  +--> ?PR?_BME280SETMODE?BME280
  +--> ?PR?RDA5807MPOWERUP?RDA5807M
  +--> ?PR?_RDA5807MSETFQ?RDA5807M
  +--> ?PR?_RDA5807MSETVOLUME?RDA5807M
  +--> ?PR?_RDA5807MSEEK?RDA5807M
  +--> ?PR?RDA5807MPOWERDOWN?RDA5807M
  +--> ?PR?_EEPROMWRITECONFIGURATION?SYS
  +--> ?PR?_HMC5883L_SET_MODE?HMC5883L
  +--> ?PR?_HMC5883L_SET_CALIBRATION_VALUE?H...
  +--> ?PR?_READ_HMC5883L?HMC5883L
  +--> ?PR?_HMC5883L_GET_ANGLEXY?HMC5883L
  +--> ?PR?_DRAWARM?DISPLAY
  +--> ?PR?RESETMATRIX?ELLIPSOID_FITTING
  +--> ?PR?_CALCDATA_INPUT?ELLIPSOID_FITTING
  +--> ?PR?BEE?BUZZER
  +--> ?PR?_ELLIPSOID_FITTING_PROCESS?ELLIPS...
  +--> ?PR?PW02INIT?PW02
  +--> ?PR?_PW02SETMODE?PW02
  +--> ?PR?PW02CHECKCONNECTION?PW02
  +--> ?PR?_PW02GETRXDATA?PW02
  +--> ?PR?PW02EXITATMODE?PW02
BL51 BANKED LINKER/LOCATER V6.22                                                      07/19/2021  23:10:50  PAGE 9


  +--> ?PR?_SCREENSETINVERSE?DISPLAY
  +--> ?PR?_DRAWDOT?DISPLAY
  +--> ?PR?_SCREENSETBRIGHTNESS?DISPLAY
  +--> ?PR?_LED?SYS
  +--> ?PR?_SCREEROLLDOWN?DISPLAY
  +--> ?PR?_SCREEROLLUP?DISPLAY
  +--> ?PR?_PCF8563WRITETIME?PCF8563
  +--> ?PR?_PCF8563WRITEDATE?PCF8563
  +--> ?PR?_PCF8563SETALARM?PCF8563
  +--> ?PR?PCF8563DISABLEALARM?PCF8563
  +--> ?PR?_SCREENSETDIRECTION?DISPLAY
  +--> ?PR?_ENABLEBUZZER?BUZZER
  +--> ?PR?MCUSOFTRESET?SYS
  +--> ?PR?RAND?RAND
  +--> ?PR?_SCREENONOFF?DISPLAY
  +--> ?PR?SYSTEMPOWERON?POWERMANAGE
  +--> ?PR?_PCF8563ENABLETIMER?PCF8563
  +--> ?PR?SYSTEMPOWERDOWN?POWERMANAGE
  +--> ?PR?SYSTEMDEEPPOWERDOWN?POWERMANAGE
  +--> ?PR?_ENABLE3V3OUTPUT?POWERMANAGE
  +--> ?PR?_DELAY1MS?DELAY
  +--> ?PR?PCF8563READINTSRC?PCF8563
  +--> ?PR?PCF8563CLEARALARMFLAG?PCF8563
  +--> ?PR?BEEBEEBEE?BUZZER
  +--> ?PR?PCF8563CLEARTIMERFLAG?PCF8563
  +--> ?PR?LSM6DSMRESETSTEPCOUNTER?LSM6DSM

?PR?SYSINIT?SYS                                  -----    -----      -----    -----      -----    -----      -----    --
>> ---
  +--> ?PR?PININIT?SYS
  +--> ?PR?UARTINIT?SYS
  +--> ?PR?UART2INIT?SYS
  +--> ?PR?TIMER0INIT?SYS
  +--> ?PR?TIMER3INIT?SYS
  +--> ?PR?INITCONFIG?SYS
  +--> ?PR?ADCINIT?POWERMANAGE
  +--> ?PR?IIC_INIT?IIC
  +--> ?PR?ENABLEWATCHDOG?SYS
  +--> ?PR?_EEPROMREADCONFIGURATION?SYS
  +--> ?PR?_LED?SYS
  +--> ?PR?_DELAY1MS?DELAY

?PR?_EEPROMREADCONFIGURATION?SYS                 -----    -----      -----    -----      -----    -----      0FE6H    00
>> 06H
  +--> ?PR?_EEPROM_READ_N?EEPROM

?PR?_EEPROM_READ_N?EEPROM                        -----    -----      -----    -----      -----    -----      0FECH    00
>> 07H
  +--> ?PR?DISABLEEEPROM?EEPROM

?PR?_DISPLAYINIT?DISPLAY                         -----    -----      -----    -----      -----    -----      0FE6H    00
>> 03H
  +--> ?PR?OLED_INIT?OLED
  +--> ?PR?_SCREENSETBRIGHTNESS?DISPLAY
  +--> ?PR?_SCREENSETDIRECTION?DISPLAY
  +--> ?PR?_SCREENSETINVERSE?DISPLAY
  +--> ?PR?_SCREENONOFF?DISPLAY
BL51 BANKED LINKER/LOCATER V6.22                                                      07/19/2021  23:10:50  PAGE 10



?PR?OLED_INIT?OLED                               -----    -----      -----    -----      -----    -----      -----    --
>> ---
  +--> ?PR?_DELAY_MS?OLED
  +--> ?PR?_OLED_WR_BYTE?OLED
  +--> ?PR?OLED_CLEAR?OLED
  +--> ?PR?_OLED_SET_POS?OLED

?PR?OLED_CLEAR?OLED                              -----    -----      -----    -----      -----    -----      -----    --
>> ---
  +--> ?PR?_OLED_WR_BYTE?OLED

?PR?_OLED_SET_POS?OLED                           -----    -----      -----    -----      -----    -----      -----    --
>> ---
  +--> ?PR?_OLED_WR_BYTE?OLED

?PR?_SCREENSETBRIGHTNESS?DISPLAY                 -----    -----      -----    -----      -----    -----      -----    --
>> ---
  +--> ?PR?_OLED_SET_BRIGHTNESS?OLED

?PR?_OLED_SET_BRIGHTNESS?OLED                    -----    -----      -----    -----      -----    -----      -----    --
>> ---
  +--> ?PR?_OLED_WR_BYTE?OLED

?PR?_SCREENSETDIRECTION?DISPLAY                  -----    -----      -----    -----      -----    -----      -----    --
>> ---
  +--> ?PR?_OLED_HORIZENTAL_REVERSE?OLED
  +--> ?PR?_OLED_VERTICAL_REVERSE?OLED

?PR?_OLED_HORIZENTAL_REVERSE?OLED                -----    -----      -----    -----      -----    -----      -----    --
>> ---
  +--> ?PR?_OLED_WR_BYTE?OLED

?PR?_OLED_VERTICAL_REVERSE?OLED                  -----    -----      -----    -----      -----    -----      -----    --
>> ---
  +--> ?PR?_OLED_WR_BYTE?OLED

?PR?_SCREENSETINVERSE?DISPLAY                    -----    -----      -----    -----      -----    -----      -----    --
>> ---
  +--> ?PR?_OLED_INVERSE?OLED

?PR?_OLED_INVERSE?OLED                           -----    -----      -----    -----      -----    -----      -----    --
>> ---
  +--> ?PR?_OLED_WR_BYTE?OLED

?PR?PCF8563INIT?PCF8563                          -----    -----      -----    -----      -----    -----      -----    --
>> ---
  +--> ?PR?_PCF8563ENABLECLOCKOUPUT?PCF8563

?PR?_PCF8563ENABLECLOCKOUPUT?PCF8563             -----    -----      -----    -----      -----    -----      -----    --
>> ---
  +--> ?PR?_PCF8563WRITEBYTE?PCF8563

?PR?_PCF8563WRITEBYTE?PCF8563                    -----    -----      -----    -----      -----    -----      -----    --
>> ---
  +--> ?PR?_SINGLE_WRITEIIC?IIC

BL51 BANKED LINKER/LOCATER V6.22                                                      07/19/2021  23:10:50  PAGE 11


?PR?_SINGLE_WRITEIIC?IIC                         -----    -----      -----    -----      -----    -----      -----    --
>> ---
  +--> ?PR?I2C_START?IIC
  +--> ?PR?I2C_RECVACK?IIC
  +--> ?PR?_I2C_SENDBYTE?IIC
  +--> ?PR?I2C_STOP?IIC

?PR?I2C_START?IIC                                -----    -----      -----    -----      -----    -----      -----    --
>> ---
  +--> ?PR?WAIT?IIC

?PR?I2C_RECVACK?IIC                              -----    -----      -----    -----      -----    -----      -----    --
>> ---
  +--> ?PR?I2C_START?IIC
  +--> ?PR?_I2C_SENDBYTE?IIC
  +--> ?PR?WAIT?IIC

?PR?_I2C_SENDBYTE?IIC                            -----    -----      -----    -----      -----    -----      -----    --
>> ---
  +--> ?PR?WAIT?IIC

?PR?I2C_STOP?IIC                                 -----    -----      -----    -----      -----    -----      -----    --
>> ---
  +--> ?PR?I2C_RECVBYTE?IIC
  +--> ?PR?I2C_SENDNAK?IIC
  +--> ?PR?WAIT?IIC

?PR?I2C_RECVBYTE?IIC                             -----    -----      -----    -----      -----    -----      -----    --
>> ---
  +--> ?PR?WAIT?IIC

?PR?I2C_SENDNAK?IIC                              -----    -----      -----    -----      -----    -----      -----    --
>> ---
  +--> ?PR?WAIT?IIC

?PR?SENSORINIT?MAIN                              -----    -----      -----    -----      -----    -----      0FE6H    00
>> 04H
  +--> ?PR?BME280INIT?BME280
  +--> ?CO?MAIN
  +--> ?PR?_SHOWSTRING?DISPLAY
  +--> ?PR?HMC5883L_INIT?HMC5883L
  +--> ?PR?LSM6DSMINIT?LSM6DSM
  +--> ?PR?RDA5807MINIT?RDA5807M
  +--> ?PR?_DELAY1MS?DELAY

?PR?BME280INIT?BME280                            -----    -----      -----    -----      -----    -----      0FEAH    00
>> 01H
  +--> ?PR?_DELAY1MS?DELAY
  +--> ?PR?BME280CHECKCONNECTION?BME280
  +--> ?PR?BME280SOFTRESET?BME280
  +--> ?PR?BME280READCOMPENSATIONPARAMETER?B...
  +--> ?PR?_BME280WRITEBYTE?BME280

?PR?BME280CHECKCONNECTION?BME280                 -----    -----      -----    -----      -----    -----      -----    --
>> ---
  +--> ?PR?_BME280READBYTE?BME280

BL51 BANKED LINKER/LOCATER V6.22                                                      07/19/2021  23:10:50  PAGE 12


?PR?_BME280READBYTE?BME280                       -----    -----      -----    -----      -----    -----      -----    --
>> ---
  +--> ?PR?_SINGLE_READIIC?IIC

?PR?_SINGLE_READIIC?IIC                          -----    -----      -----    -----      -----    -----      -----    --
>> ---
  +--> ?PR?I2C_RECVACK?IIC
  +--> ?PR?I2C_START?IIC
  +--> ?PR?_I2C_SENDBYTE?IIC
  +--> ?PR?I2C_RECVBYTE?IIC
  +--> ?PR?I2C_SENDNAK?IIC
  +--> ?PR?I2C_STOP?IIC

?PR?BME280SOFTRESET?BME280                       -----    -----      -----    -----      -----    -----      -----    --
>> ---
  +--> ?PR?_BME280WRITEBYTE?BME280
  +--> ?PR?_DELAY1MS?DELAY

?PR?_BME280WRITEBYTE?BME280                      -----    -----      -----    -----      -----    -----      -----    --
>> ---
  +--> ?PR?_SINGLE_WRITEIIC?IIC

?PR?BME280READCOMPENSATIONPARAMETER?B...         -----    -----      -----    -----      -----    -----      0FEBH    00
>> 21H
  +--> ?PR?_I2C_READ_MULTIBYTES?IIC

?PR?_I2C_READ_MULTIBYTES?IIC                     -----    -----      -----    -----      -----    -----      100CH    00
>> 06H
  +--> ?PR?I2C_RECVACK?IIC
  +--> ?PR?I2C_START?IIC
  +--> ?PR?_I2C_SENDBYTE?IIC
  +--> ?PR?I2C_RECVBYTE?IIC
  +--> ?PR?I2C_SENDACK?IIC
  +--> ?PR?I2C_STOP?IIC

?PR?I2C_SENDACK?IIC                              -----    -----      -----    -----      -----    -----      -----    --
>> ---
  +--> ?PR?WAIT?IIC

?PR?_SHOWSTRING?DISPLAY                          -----    -----      0025H    000AH      -----    -----      0FEAH    00
>> 0BH
  +--> ?CO?DISPLAY
  +--> ?PR?_SCREEROLLUP?DISPLAY
  +--> ?PR?_CLEARCACHE?DISPLAY
  +--> ?PR?_SCREENREFRESHAREA?DISPLAY

?PR?_SCREEROLLUP?DISPLAY                         -----    -----      002FH    0008H      -----    -----      0FF5H    00
>> 04H
  +--> ?PR?_OLED_DRAWBMP?OLED

?PR?_OLED_DRAWBMP?OLED                           -----    -----      0037H    0004H      -----    -----      -----    --
>> ---
  +--> ?PR?_OLED_WR_BYTE?OLED

?PR?_CLEARCACHE?DISPLAY                          -----    -----      002FH    0002H      -----    -----      0FF5H    00
>> 03H

BL51 BANKED LINKER/LOCATER V6.22                                                      07/19/2021  23:10:50  PAGE 13


?PR?_SCREENREFRESHAREA?DISPLAY                   -----    -----      002FH    0004H      -----    -----      0FF5H    00
>> 04H
  +--> ?PR?_OLED_SET_POS?OLED
  +--> ?PR?_OLED_WR_BYTE?OLED

?PR?HMC5883L_INIT?HMC5883L                       -----    -----      -----    -----      -----    -----      0FEAH    00
>> 01H
  +--> ?PR?CHECKHMC5883LCONNECTION?HMC5883L
  +--> ?PR?_DELAY1MS?DELAY
  +--> ?PR?_HMC5883L_WRITE_BYTE?HMC5883L

?PR?CHECKHMC5883LCONNECTION?HMC5883L             -----    -----      -----    -----      -----    -----      -----    --
>> ---
  +--> ?PR?_HMC5883L_READ_BYTE?HMC5883L

?PR?_HMC5883L_READ_BYTE?HMC5883L                 -----    -----      -----    -----      -----    -----      -----    --
>> ---
  +--> ?PR?_SINGLE_READIIC?IIC

?PR?_HMC5883L_WRITE_BYTE?HMC5883L                -----    -----      -----    -----      -----    -----      -----    --
>> ---
  +--> ?PR?_SINGLE_WRITEIIC?IIC

?PR?LSM6DSMINIT?LSM6DSM                          -----    -----      -----    -----      -----    -----      0FEAH    00
>> 02H
  +--> ?PR?_DELAY1MS?DELAY
  +--> ?PR?LSM6DSMCHECKCONNECTION?LSM6DSM
  +--> ?PR?LSM6DSMSOFTRESET?LSM6DSM
  +--> ?PR?_LSM6DSMCONFIGACC?LSM6DSM
  +--> ?PR?_LSM6DSMCONFIGGYR?LSM6DSM
  +--> ?PR?_LSM6DSMENABLEAWT?LSM6DSM
  +--> ?PR?LSM6DSMENABLETAPDETECTION?LSM6DSM
  +--> ?PR?_LSM6DSMENABLEPEDOMETER?LSM6DSM
  +--> ?PR?LSM6DSMENABLEEMBEDDEDFUNC?LSM6DSM

?PR?LSM6DSMCHECKCONNECTION?LSM6DSM               -----    -----      -----    -----      -----    -----      -----    --
>> ---
  +--> ?PR?_LSM6DSMREADBYTE?LSM6DSM

?PR?_LSM6DSMREADBYTE?LSM6DSM                     -----    -----      -----    -----      -----    -----      -----    --
>> ---
  +--> ?PR?_SINGLE_READIIC?IIC

?PR?LSM6DSMSOFTRESET?LSM6DSM                     -----    -----      -----    -----      -----    -----      -----    --
>> ---
  +--> ?PR?_LSM6DSMRSETREGISTERBITS?LSM6DSM
  +--> ?PR?_DELAY1MS?DELAY

?PR?_LSM6DSMRSETREGISTERBITS?LSM6DSM             -----    -----      -----    -----      -----    -----      0FEFH    00
>> 03H
  +--> ?PR?_LSM6DSMREADBYTE?LSM6DSM
  +--> ?PR?_LSM6DSMWRITEBYTE?LSM6DSM

?PR?_LSM6DSMWRITEBYTE?LSM6DSM                    -----    -----      -----    -----      -----    -----      -----    --
>> ---
  +--> ?PR?_SINGLE_WRITEIIC?IIC

BL51 BANKED LINKER/LOCATER V6.22                                                      07/19/2021  23:10:50  PAGE 14


?PR?_LSM6DSMCONFIGACC?LSM6DSM                    -----    -----      -----    -----      -----    -----      -----    --
>> ---
  +--> ?PR?_LSM6DSMWRITEBYTE?LSM6DSM

?PR?_LSM6DSMCONFIGGYR?LSM6DSM                    -----    -----      -----    -----      -----    -----      -----    --
>> ---
  +--> ?PR?_LSM6DSMWRITEBYTE?LSM6DSM

?PR?_LSM6DSMENABLEAWT?LSM6DSM                    -----    -----      -----    -----      -----    -----      0FECH    00
>> 02H
  +--> ?PR?SIN?SIN
  +--> ?PR?_LSM6DSMWRITEBYTE?LSM6DSM
  +--> ?PR?_LSM6DSMRSETREGISTERBITS?LSM6DSM

?PR?SIN?SIN                                      0022H.6  0000H.1    -----    -----      -----    -----      0FFDH    00
>> 04H

?PR?LSM6DSMENABLETAPDETECTION?LSM6DSM            -----    -----      -----    -----      -----    -----      -----    --
>> ---
  +--> ?PR?_LSM6DSMRSETREGISTERBITS?LSM6DSM
  +--> ?PR?_LSM6DSMWRITEBYTE?LSM6DSM

?PR?_LSM6DSMENABLEPEDOMETER?LSM6DSM              -----    -----      -----    -----      -----    -----      0FECH    00
>> 03H
  +--> ?PR?_LSM6DSMWRITEBYTE?LSM6DSM
  +--> ?PR?_LSM6DSMRSETREGISTERBITS?LSM6DSM

?PR?LSM6DSMENABLEEMBEDDEDFUNC?LSM6DSM            -----    -----      -----    -----      -----    -----      -----    --
>> ---
  +--> ?PR?_LSM6DSMRSETREGISTERBITS?LSM6DSM

?PR?RDA5807MINIT?RDA5807M                        -----    -----      -----    -----      -----    -----      -----    --
>> ---
  +--> ?PR?RDA5807MWRITEREGS?RDA5807M
  +--> ?PR?_DELAY1MS?DELAY

?PR?RDA5807MWRITEREGS?RDA5807M                   -----    -----      -----    -----      -----    -----      0FEAH    00
>> 08H
  +--> ?PR?_I2C_NOADDR_WRITE_MULTIBYTES?IIC

?PR?_I2C_NOADDR_WRITE_MULTIBYTES?IIC             -----    -----      -----    -----      -----    -----      0FF2H    00
>> 03H
  +--> ?PR?I2C_START?IIC
  +--> ?PR?_I2C_SENDBYTE?IIC
  +--> ?PR?I2C_RECVACK?IIC
  +--> ?PR?I2C_STOP?IIC

?PR?_SCREENPUSHANIMATION?DISPLAY                 -----    -----      0025H    0008H      -----    -----      0FE6H    00
>> 04H
  +--> ?PR?_OLED_DRAWBMP?OLED

?PR?_PCF8563READTIME?PCF8563                     -----    -----      -----    -----      -----    -----      0FE6H    00
>> 0AH
  +--> ?PR?_I2C_READ_MULTIBYTES?IIC

?PR?_DISPLAYTIME?DISPLAY                         -----    -----      -----    -----      -----    -----      0FE6H    00
>> 12H
BL51 BANKED LINKER/LOCATER V6.22                                                      07/19/2021  23:10:50  PAGE 15


  +--> ?CO?DISPLAY
  +--> ?PR?_OLED_DRAWBMP?OLED

?PR?_CLEARCACHEAREA?DISPLAY                      -----    -----      0025H    0006H      -----    -----      0FE6H    00
>> 07H

?PR?_BMPTOCACHE?DISPLAY                          -----    -----      0025H    0008H      -----    -----      0FE6H    00
>> 0BH

?PR?PRINTF?PRINTF                                0022H.6  0001H.1    0025H    0005H      -----    -----      1019H    00
>> 30H
  +--> ?PR?PUTCHAR?PUTCHAR

?PR?_STRCAT?STRCAT                               -----    -----      -----    -----      -----    -----      1006H    00
>> 09H

?PR?GETBATTERYLIFE?POWERMANAGE                   -----    -----      -----    -----      -----    -----      0FE6H    00
>> 09H
  +--> ?PR?GETBATTERYVOLTAGE?POWERMANAGE

?PR?GETBATTERYVOLTAGE?POWERMANAGE                -----    -----      -----    -----      -----    -----      0FEFH    00
>> 08H
  +--> ?PR?_ADCREAD?POWERMANAGE

?PR?SAVESCREEN?DISPLAY                           -----    -----      0025H    0002H      -----    -----      -----    --
>> ---

?PR?_LSM6DSMREADGYRANDACC?LSM6DSM                -----    -----      -----    -----      -----    -----      0FE6H    00
>> 0FH
  +--> ?PR?_I2C_READ_MULTIBYTES?IIC

?PR?_IMUUPDATE?LSM6DSM                           -----    -----      0025H    0004H      003BH    0030H      0FE6H    00
>> 03H
  +--> ?PR?SQRT?SQRT
  +--> ?PR?ASIN?ASIN
  +--> ?PR?ATAN?ATAN

?PR?SQRT?SQRT                                    -----    -----      -----    -----      -----    -----      1019H    00
>> 04H

?PR?ASIN?ASIN                                    -----    -----      -----    -----      -----    -----      -----    --
>> ---
  +--> ?PR?SQRT?SQRT
  +--> ?PR?ATAN?ATAN

?PR?ATAN?ATAN                                    0022H.6  0000H.2    -----    -----      -----    -----      1005H    00
>> 04H

?PR?_DRAWSELECTIONFRAME?DISPLAY                  -----    -----      -----    -----      -----    -----      -----    --
>> ---
  +--> ?PR?_DRAWDOT?DISPLAY

?PR?_SCREENREFRESHALL?DISPLAY                    -----    -----      -----    -----      -----    -----      -----    --
>> ---
  +--> ?PR?_OLED_DRAWBMP?OLED

?PR?LSM6DSMGETCURRENTSTEP?LSM6DSM                -----    -----      -----    -----      -----    -----      0FE6H    00
BL51 BANKED LINKER/LOCATER V6.22                                                      07/19/2021  23:10:50  PAGE 16


>> 01H
  +--> ?PR?_LSM6DSMREADBYTE?LSM6DSM

?PR?_BME280CONTINUOUSMEASUREMENT?BME280          -----    -----      -----    -----      -----    -----      -----    --
>> ---
  +--> ?PR?_BME280WRITEBYTE?BME280
  +--> ?PR?_BME280SETMODE?BME280

?PR?_BME280SETMODE?BME280                        -----    -----      -----    -----      -----    -----      -----    --
>> ---
  +--> ?PR?_BME280WRITEBYTE?BME280

?PR?_BME280GETSENSORDATA?BME280                  -----    -----      -----    -----      -----    -----      0FE6H    00
>> 03H
  +--> ?PR?BME280READSENSORRAWDATA?BME280
  +--> ?PR?COMPENSATE_TEMPERATURE?BME280
  +--> ?PR?COMPENSATE_PRESSURE?BME280
  +--> ?PR?COMPENSATE_HUMIDITY?BME280

?PR?BME280READSENSORRAWDATA?BME280               -----    -----      -----    -----      -----    -----      0FE9H    00
>> 08H
  +--> ?PR?_I2C_READ_MULTIBYTES?IIC

?PR?COMPENSATE_TEMPERATURE?BME280                -----    -----      -----    -----      -----    -----      0FE9H    00
>> 14H

?PR?COMPENSATE_PRESSURE?BME280                   -----    -----      -----    -----      -----    -----      0FE9H    00
>> 18H

?PR?COMPENSATE_HUMIDITY?BME280                   -----    -----      -----    -----      -----    -----      0FE9H    00
>> 24H

?PR?_POW?POW                                     -----    -----      -----    -----      -----    -----      0FE6H    00
>> 0AH
  +--> ?PR?LOG?LOG
  +--> ?PR?EXP?EXP

?PR?LOG?LOG                                      0022H.6  0000H.1    -----    -----      -----    -----      0FF0H    00
>> 04H

?PR?RDA5807MPOWERUP?RDA5807M                     -----    -----      -----    -----      -----    -----      -----    --
>> ---
  +--> ?PR?RDA5807MWRITEREGS?RDA5807M

?PR?_RDA5807MSETFQ?RDA5807M                      -----    -----      -----    -----      -----    -----      0FE6H    00
>> 04H
  +--> ?PR?RDA5807MWRITEREGS?RDA5807M
  +--> ?PR?_DELAY1MS?DELAY
  +--> ?PR?RDA5807MREADRGES?RDA5807M

?PR?RDA5807MREADRGES?RDA5807M                    -----    -----      -----    -----      -----    -----      0FEAH    00
>> 04H
  +--> ?PR?_I2C_NOADDR_READ_MULTIBYTES?IIC

?PR?_I2C_NOADDR_READ_MULTIBYTES?IIC              -----    -----      -----    -----      -----    -----      0FEEH    00
>> 03H
  +--> ?PR?I2C_START?IIC
BL51 BANKED LINKER/LOCATER V6.22                                                      07/19/2021  23:10:50  PAGE 17


  +--> ?PR?_I2C_SENDBYTE?IIC
  +--> ?PR?I2C_RECVACK?IIC
  +--> ?PR?I2C_STOP?IIC

?PR?_RDA5807MSETVOLUME?RDA5807M                  -----    -----      -----    -----      -----    -----      -----    --
>> ---
  +--> ?PR?RDA5807MWRITEREGS?RDA5807M

?PR?_RDA5807MSEEK?RDA5807M                       -----    -----      -----    -----      -----    -----      -----    --
>> ---
  +--> ?PR?RDA5807MWRITEREGS?RDA5807M
  +--> ?PR?RDA5807MREADRGES?RDA5807M

?PR?RDA5807MPOWERDOWN?RDA5807M                   -----    -----      -----    -----      -----    -----      -----    --
>> ---
  +--> ?PR?RDA5807MWRITEREGS?RDA5807M

?PR?_EEPROMWRITECONFIGURATION?SYS                -----    -----      -----    -----      -----    -----      0FE6H    00
>> 05H
  +--> ?PR?_EEPROM_SECTORERASE?EEPROM
  +--> ?PR?_EEPROM_WRITE_N?EEPROM

?PR?_EEPROM_SECTORERASE?EEPROM                   -----    -----      -----    -----      -----    -----      -----    --
>> ---
  +--> ?PR?DISABLEEEPROM?EEPROM

?PR?_EEPROM_WRITE_N?EEPROM                       -----    -----      -----    -----      -----    -----      0FEBH    00
>> 07H
  +--> ?PR?DISABLEEEPROM?EEPROM

?PR?_HMC5883L_SET_MODE?HMC5883L                  -----    -----      -----    -----      -----    -----      -----    --
>> ---
  +--> ?PR?_HMC5883L_WRITE_BYTE?HMC5883L

?PR?_HMC5883L_SET_CALIBRATION_VALUE?H...         -----    -----      -----    -----      -----    -----      0FE6H    00
>> 0EH

?PR?_READ_HMC5883L?HMC5883L                      -----    -----      -----    -----      -----    -----      0FE6H    00
>> 09H
  +--> ?PR?_I2C_READ_MULTIBYTES?IIC

?PR?_HMC5883L_GET_ANGLEXY?HMC5883L               -----    -----      -----    -----      -----    -----      0FE6H    00
>> 17H
  +--> ?PR?SIN?SIN
  +--> ?PR?_ATAN2?ATAN2

?PR?_ATAN2?ATAN2                                 -----    -----      -----    -----      -----    -----      0FFDH    00
>> 08H
  +--> ?PR?ATAN?ATAN

?PR?_DRAWARM?DISPLAY                             -----    -----      -----    -----      -----    -----      0FE6H    00
>> 15H
  +--> ?PR?SIN?SIN
  +--> ?PR?SQRT?SQRT
  +--> ?PR?_DRAWLINE?DISPLAY

?PR?_DRAWLINE?DISPLAY                            -----    -----      -----    -----      -----    -----      0FFBH    00
BL51 BANKED LINKER/LOCATER V6.22                                                      07/19/2021  23:10:50  PAGE 18


>> 0CH
  +--> ?PR?_DRAWDOT?DISPLAY

?PR?RESETMATRIX?ELLIPSOID_FITTING                -----    -----      -----    -----      -----    -----      0FE6H    00
>> 02H

?PR?_CALCDATA_INPUT?ELLIPSOID_FITTING            -----    -----      -----    -----      -----    -----      0FE6H    00
>> 2AH

?PR?_ELLIPSOID_FITTING_PROCESS?ELLIPS...         -----    -----      -----    -----      -----    -----      0FE6H    00
>> 33H
  +--> ?PR?CALCDATA_INPUT_AVERAGE?ELLIPSOID_...
  +--> ?PR?MATRIX_GAUSSELIMINATION?ELLIPSOID...
  +--> ?CO?ELLIPSOID_FITTING
  +--> ?PR?PRINTF?PRINTF
  +--> ?PR?MATRIX_ROWSIMPLIFY?ELLIPSOID_FITTING
  +--> ?PR?_MATRIX_SOLVE?ELLIPSOID_FITTING
  +--> ?PR?SQRT?SQRT

?PR?CALCDATA_INPUT_AVERAGE?ELLIPSOID_...         -----    -----      -----    -----      -----    -----      1019H    00
>> 02H

?PR?MATRIX_GAUSSELIMINATION?ELLIPSOID...         -----    -----      -----    -----      -----    -----      1019H    00
>> 06H
  +--> ?PR?_MOVEBIGGESTELEMENT_TO_TOP?ELLIPS...
  +--> ?PR?_ROW2_ADD_KROW1?ELLIPSOID_FITTING

?PR?_MOVEBIGGESTELEMENT_TO_TOP?ELLIPS...         -----    -----      -----    -----      -----    -----      101FH    00
>> 06H
  +--> ?PR?_ABS?ELLIPSOID_FITTING
  +--> ?PR?_ROW2_SWOP_ROW1?ELLIPSOID_FITTING

?PR?_ABS?ELLIPSOID_FITTING                       -----    -----      -----    -----      -----    -----      1025H    00
>> 04H

?PR?_ROW2_SWOP_ROW1?ELLIPSOID_FITTING            -----    -----      -----    -----      -----    -----      1025H    00
>> 09H

?PR?_ROW2_ADD_KROW1?ELLIPSOID_FITTING            -----    -----      -----    -----      -----    -----      101FH    00
>> 09H

?PR?MATRIX_ROWSIMPLIFY?ELLIPSOID_FITTING         -----    -----      -----    -----      -----    -----      1019H    00
>> 05H
  +--> ?PR?_K_MUILTPLY_ROW?ELLIPSOID_FITTING

?PR?_K_MUILTPLY_ROW?ELLIPSOID_FITTING            -----    -----      -----    -----      -----    -----      101EH    00
>> 07H

?PR?_MATRIX_SOLVE?ELLIPSOID_FITTING              -----    -----      -----    -----      -----    -----      1019H    00
>> 08H

?PR?PW02INIT?PW02                                -----    -----      -----    -----      -----    -----      0FE6H    00
>> 01H
  +--> ?PR?_DELAY1MS?DELAY
  +--> ?PR?PW02ENTERATMODE?PW02
  +--> ?PR?_SHOWSTRING?DISPLAY
  +--> ?PR?_PW02SETBUAD?PW02
BL51 BANKED LINKER/LOCATER V6.22                                                      07/19/2021  23:10:50  PAGE 19


  +--> ?CO?PW02
  +--> ?PR?_PW02SETNAME?PW02
  +--> ?PR?_PW02SETADVT?PW02
  +--> ?PR?PW02EXITATMODE?PW02

?PR?PW02ENTERATMODE?PW02                         -----    -----      -----    -----      -----    -----      -----    --
>> ---
  +--> ?CO?PW02
  +--> ?PR?_SENDATCOMMAND?PW02

?PR?_SENDATCOMMAND?PW02                          -----    -----      -----    -----      -----    -----      1006H    00
>> 09H
  +--> ?PR?_UART2SENDSTR?PW02
  +--> ?PR?_DELAY1MS?DELAY

?PR?_UART2SENDSTR?PW02                           -----    -----      -----    -----      -----    -----      100FH    00
>> 03H

?PR?_PW02SETBUAD?PW02                            -----    -----      -----    -----      -----    -----      0FE7H    00
>> 0DH
  +--> ?CO?PW02
  +--> ?PR?PRINTF?PRINTF
  +--> ?PR?_SENDATCOMMAND?PW02

?PR?_PW02SETNAME?PW02                            -----    -----      -----    -----      -----    -----      0FE7H    00
>> 1FH
  +--> ?CO?PW02
  +--> ?PR?_STRCAT?STRCAT
  +--> ?PR?_SENDATCOMMAND?PW02

?PR?_PW02SETADVT?PW02                            -----    -----      -----    -----      -----    -----      0FE7H    00
>> 12H
  +--> ?CO?PW02
  +--> ?PR?PRINTF?PRINTF
  +--> ?PR?_SENDATCOMMAND?PW02

?PR?PW02EXITATMODE?PW02                          -----    -----      -----    -----      -----    -----      -----    --
>> ---
  +--> ?CO?PW02
  +--> ?PR?_SENDATCOMMAND?PW02

?PR?PW02CHECKCONNECTION?PW02                     -----    -----      -----    -----      -----    -----      0FE6H    00
>> 01H
  +--> ?PR?_DELAY1MS?DELAY
  +--> ?PR?_CLEARCACHE?DISPLAY
  +--> ?PR?PW02ENTERATMODE?PW02
  +--> ?PR?_SHOWSTRING?DISPLAY
  +--> ?PR?PW02GETRSSI?PW02
  +--> ?PR?PW02EXITATMODE?PW02

?PR?PW02GETRSSI?PW02                             -----    -----      -----    -----      -----    -----      -----    --
>> ---
  +--> ?CO?PW02
  +--> ?PR?_SENDATCOMMAND?PW02

?PR?_PW02GETRXDATA?PW02                          -----    -----      -----    -----      -----    -----      0FE6H    00
>> 03H
BL51 BANKED LINKER/LOCATER V6.22                                                      07/19/2021  23:10:50  PAGE 20



?PR?_SCREEROLLDOWN?DISPLAY                       -----    -----      0025H    0008H      -----    -----      0FE6H    00
>> 04H
  +--> ?PR?_OLED_DRAWBMP?OLED

?PR?_PCF8563WRITETIME?PCF8563                    -----    -----      -----    -----      -----    -----      0FE6H    00
>> 02H
  +--> ?PR?_PCF8563WRITEBYTE?PCF8563

?PR?_PCF8563WRITEDATE?PCF8563                    -----    -----      -----    -----      -----    -----      0FE6H    00
>> 05H
  +--> ?PR?_PCF8563WRITEBYTE?PCF8563

?PR?_PCF8563SETALARM?PCF8563                     -----    -----      -----    -----      -----    -----      0FE6H    00
>> 08H
  +--> ?PR?_PCF8563WRITEBYTE?PCF8563
  +--> ?PR?_PCF8563SETREGISTERBITS?PCF8563

?PR?_PCF8563SETREGISTERBITS?PCF8563              -----    -----      -----    -----      -----    -----      0FEEH    00
>> 03H
  +--> ?PR?_PCF8563READBYTE?PCF8563
  +--> ?PR?_PCF8563WRITEBYTE?PCF8563

?PR?_PCF8563READBYTE?PCF8563                     -----    -----      -----    -----      -----    -----      -----    --
>> ---
  +--> ?PR?_SINGLE_READIIC?IIC

?PR?PCF8563DISABLEALARM?PCF8563                  -----    -----      -----    -----      -----    -----      -----    --
>> ---
  +--> ?PR?_PCF8563SETREGISTERBITS?PCF8563

?PR?SYSTEMPOWERON?POWERMANAGE                    -----    -----      -----    -----      -----    -----      -----    --
>> ---
  +--> ?PR?PININIT?SYS

?PR?_PCF8563ENABLETIMER?PCF8563                  -----    -----      -----    -----      -----    -----      0FE6H    00
>> 02H
  +--> ?PR?_PCF8563SETREGISTERBITS?PCF8563
  +--> ?PR?_PCF8563WRITEBYTE?PCF8563

?PR?SYSTEMPOWERDOWN?POWERMANAGE                  -----    -----      -----    -----      -----    -----      0FE6H    00
>> 01H

?PR?PCF8563READINTSRC?PCF8563                    -----    -----      -----    -----      -----    -----      -----    --
>> ---
  +--> ?PR?_PCF8563READBYTE?PCF8563

?PR?PCF8563CLEARALARMFLAG?PCF8563                -----    -----      -----    -----      -----    -----      -----    --
>> ---
  +--> ?PR?_PCF8563SETREGISTERBITS?PCF8563

?PR?PCF8563CLEARTIMERFLAG?PCF8563                -----    -----      -----    -----      -----    -----      -----    --
>> ---
  +--> ?PR?_PCF8563SETREGISTERBITS?PCF8563

?PR?LSM6DSMRESETSTEPCOUNTER?LSM6DSM              -----    -----      -----    -----      -----    -----      -----    --
>> ---
BL51 BANKED LINKER/LOCATER V6.22                                                      07/19/2021  23:10:50  PAGE 21


  +--> ?PR?_LSM6DSMRSETREGISTERBITS?LSM6DSM
  +--> ?PR?_DELAY1MS?DELAY



SYMBOL TABLE OF MODULE:  ..\Objects\iWatch-v1.1 (PW02)

  VALUE           TYPE          NAME
  ----------------------------------

  -------         MODULE        PW02
  C:0000H         SYMBOL        _ICE_DUMMY_
  C:E12FH         PUBLIC        UART2_Isr
  D:0080H         PUBLIC        P0
  D:0090H         PUBLIC        P1
  D:00A0H         PUBLIC        P2
  D:00B0H         PUBLIC        P3
  C:D4C8H         PUBLIC        PW02CheckConnection
  D:00C0H         PUBLIC        P4
  D:00C8H         PUBLIC        P5
  D:00E8H         PUBLIC        P6
  D:00F8H         PUBLIC        P7
  X:1123H         PUBLIC        rx_buf
  D:00A8H         PUBLIC        IE
  C:005EH         PUBLIC        _Uart2SendStr
  D:00B8H         PUBLIC        IP
  C:CB8DH         PUBLIC        PW02Init
  D:00D8H         PUBLIC        CCON
  C:EF85H         PUBLIC        PW02EnterATMode
  C:F59EH         PUBLIC        PW02Rest
  D:0098H         PUBLIC        SCON
  D:0088H         PUBLIC        TCON
  C:E62CH         PUBLIC        _PW02SetBuad
  B:0090H.6       PUBLIC        P16
  C:E1A9H         PUBLIC        _PW02SetName
  C:F562H         PUBLIC        _PW02SetMode
  C:D7BCH         SYMBOL        _?ix1000
  C:D7C8H         SYMBOL        _?ix1001
  C:D7D8H         SYMBOL        _?ix1002
  B:0023H.7       PUBLIC        busy
  C:EFADH         PUBLIC        PW02ExitATMode
  D:009BH         PUBLIC        S2BUF
  B:0024H.0       PUBLIC        receive_flag
  B:0090H.6       PUBLIC        PW02_SLEEP
  C:E29BH         PUBLIC        _SendATCommand
  D:009AH         PUBLIC        S2CON
  C:E4A5H         PUBLIC        _PW02SetADVT
  C:EFFDH         PUBLIC        PW02GetRSSI
  C:EF2CH         PUBLIC        _PW02GetRxData
  X:11A3H         PUBLIC        rx_count
  D:00D0H         PUBLIC        PSW
  -------         PROC          _UART2SENDSTR
  X:100FH         SYMBOL        p
  C:005EH         LINE#         16
  C:0069H         LINE#         17
  C:0069H         LINE#         18
  C:0079H         LINE#         19
BL51 BANKED LINKER/LOCATER V6.22                                                      07/19/2021  23:10:50  PAGE 22


  C:0079H         LINE#         20
  C:007CH         LINE#         21
  C:007EH         LINE#         22
  C:0093H         LINE#         23
  C:0095H         LINE#         24
  C:009AH         LINE#         25
  -------         ENDPROC       _UART2SENDSTR
  -------         PROC          UART2_ISR
  C:E12FH         LINE#         26
  C:E13AH         LINE#         28
  C:E13FH         LINE#         29
  C:E13FH         LINE#         30
  C:E142H         LINE#         31
  C:E144H         LINE#         32
  C:E144H         LINE#         33
  C:E149H         LINE#         34
  C:E149H         LINE#         35
  C:E14CH         LINE#         36
  C:E160H         LINE#         37
  C:E172H         LINE#         38
  C:E172H         LINE#         39
  C:E183H         LINE#         40
  C:E18DH         LINE#         42
  C:E199H         LINE#         43
  C:E19BH         LINE#         44
  C:E1A0H         LINE#         45
  C:E1A0H         LINE#         46
  C:E1A0H         LINE#         47
  -------         ENDPROC       UART2_ISR
  -------         PROC          _PW02GETRXDATA
  X:0FE6H         SYMBOL        buf
  C:EF2CH         LINE#         48
  C:EF37H         LINE#         49
  C:EF37H         LINE#         50
  C:EF3AH         LINE#         51
  C:EF3AH         LINE#         52
  C:EF3CH         LINE#         53
  C:EF54H         LINE#         54
  C:EF57H         LINE#         55
  C:EF57H         LINE#         57
  C:EF59H         LINE#         58
  -------         ENDPROC       _PW02GETRXDATA
  C:E297H         SYMBOL        L?0054
  -------         PROC          L?0053
  -------         ENDPROC       L?0053
  C:E297H         SYMBOL        L?0054
  -------         PROC          _SENDATCOMMAND
  X:1006H         SYMBOL        command
  X:1009H         SYMBOL        retry_times
  X:100BH         SYMBOL        expected_response
  X:100EH         SYMBOL        response_len
  C:E29BH         LINE#         59
  C:E2AEH         LINE#         60
  C:E2AEH         LINE#         61
  C:E2B0H         LINE#         62
  C:E2B0H         LINE#         63
  C:E2B2H         LINE#         64
BL51 BANKED LINKER/LOCATER V6.22                                                      07/19/2021  23:10:50  PAGE 23


  C:E2B5H         LINE#         65
  C:E2B5H         LINE#         66
  C:E2C3H         LINE#         67
  C:E2C5H         LINE#         68
  C:E2D3H         LINE#         69
  C:E2DAH         LINE#         70
  C:E2DCH         LINE#         71
  C:E2DEH         LINE#         72
  C:E2FCH         LINE#         73
  C:E2FFH         LINE#         75
  C:E301H         LINE#         76
  -------         ENDPROC       _SENDATCOMMAND
  -------         PROC          PW02ENTERATMODE
  C:EF85H         LINE#         77
  C:EF85H         LINE#         78
  C:EF85H         LINE#         79
  C:EFA7H         LINE#         80
  C:EFAAH         LINE#         82
  C:EFACH         LINE#         83
  -------         ENDPROC       PW02ENTERATMODE
  -------         PROC          PW02EXITATMODE
  C:EFADH         LINE#         84
  C:EFADH         LINE#         85
  C:EFADH         LINE#         86
  C:EFCFH         LINE#         87
  C:EFD2H         LINE#         89
  C:EFD4H         LINE#         90
  -------         ENDPROC       PW02EXITATMODE
  -------         PROC          _PW02SETBUAD
  X:0FE7H         SYMBOL        baud_num
  -------         DO            
  X:0FE8H         SYMBOL        str
  -------         ENDDO         
  C:E62CH         LINE#         91
  C:E631H         LINE#         92
  C:E631H         LINE#         93
  C:E644H         LINE#         94
  C:E668H         LINE#         95
  C:E684H         LINE#         96
  C:E687H         LINE#         98
  C:E689H         LINE#         99
  -------         ENDPROC       _PW02SETBUAD
  -------         PROC          _PW02SETADVT
  X:0FE7H         SYMBOL        time_in_ms
  -------         DO            
  X:0FE9H         SYMBOL        str
  -------         ENDDO         
  C:E4A5H         LINE#         100
  C:E4ADH         LINE#         101
  C:E4ADH         LINE#         102
  C:E4C0H         LINE#         103
  C:E4E6H         LINE#         104
  C:E502H         LINE#         105
  C:E505H         LINE#         107
  C:E507H         LINE#         108
  -------         ENDPROC       _PW02SETADVT
  -------         PROC          _PW02SETNAME
BL51 BANKED LINKER/LOCATER V6.22                                                      07/19/2021  23:10:50  PAGE 24


  X:0FE7H         SYMBOL        name
  -------         DO            
  X:0FEAH         SYMBOL        str
  -------         ENDDO         
  C:E1A9H         LINE#         109
  C:E1B4H         LINE#         110
  C:E1B4H         LINE#         111
  C:E1C7H         LINE#         112
  C:E1E5H         LINE#         113
  C:E1FCH         LINE#         114
  C:E21AH         LINE#         115
  C:E21DH         LINE#         117
  C:E21FH         LINE#         118
  -------         ENDPROC       _PW02SETNAME
  -------         PROC          PW02GETRSSI
  C:EFFDH         LINE#         119
  C:EFFDH         LINE#         120
  C:EFFDH         LINE#         121
  C:F01EH         LINE#         122
  C:F021H         LINE#         124
  C:F023H         LINE#         125
  -------         ENDPROC       PW02GETRSSI
  -------         PROC          PW02REST
  C:F59EH         LINE#         126
  C:F59EH         LINE#         127
  C:F59EH         LINE#         128
  -------         ENDPROC       PW02REST
  -------         PROC          _PW02SETMODE
  D:0007H         SYMBOL        mode
  C:F562H         LINE#         130
  C:F562H         LINE#         131
  C:F562H         LINE#         132
  C:F566H         LINE#         133
  C:F569H         LINE#         135
  C:F56BH         LINE#         136
  -------         ENDPROC       _PW02SETMODE
  -------         PROC          PW02CHECKCONNECTION
  -------         DO            
  X:0FE6H         SYMBOL        y
  -------         ENDDO         
  C:D4C8H         LINE#         137
  C:D4C8H         LINE#         138
  C:D4C8H         LINE#         139
  C:D4CDH         LINE#         140
  C:D4CFH         LINE#         141
  C:D4D5H         LINE#         142
  C:D4DEH         LINE#         143
  C:D4E1H         LINE#         144
  C:D50DH         LINE#         145
  C:D516H         LINE#         146
  C:D516H         LINE#         147
  C:D53FH         LINE#         148
  C:D542H         LINE#         149
  C:D56FH         LINE#         150
  C:D572H         LINE#         151
  C:D572H         LINE#         153
  C:D572H         LINE#         154
BL51 BANKED LINKER/LOCATER V6.22                                                      07/19/2021  23:10:50  PAGE 25


  C:D59CH         LINE#         155
  C:D59EH         LINE#         156
  C:D59EH         LINE#         157
  -------         ENDPROC       PW02CHECKCONNECTION
  -------         PROC          PW02INIT
  -------         DO            
  X:0FE6H         SYMBOL        y
  -------         ENDDO         
  C:CB8DH         LINE#         158
  C:CB8DH         LINE#         159
  C:CB8DH         LINE#         160
  C:CB92H         LINE#         161
  C:CB94H         LINE#         164
  C:CB96H         LINE#         165
  C:CB9CH         LINE#         166
  C:CBA2H         LINE#         167
  C:CBD1H         LINE#         169
  C:CBD4H         LINE#         170
  C:CBD9H         LINE#         171
  C:CC06H         LINE#         172
  C:CC0FH         LINE#         173
  C:CC3CH         LINE#         174
  C:CC43H         LINE#         175
  C:CC70H         LINE#         176
  C:CC76H         LINE#         177
  C:CCA5H         LINE#         179
  C:CCA8H         LINE#         180
  C:CCAAH         LINE#         181
  C:CCACH         LINE#         182
  -------         ENDPROC       PW02INIT
  -------         ENDMOD        PW02

  -------         MODULE        OLED
  C:0000H         SYMBOL        _ICE_DUMMY_
  C:F3E1H         PUBLIC        OLED_Display_On
  B:0090H.2       PUBLIC        OLED_RST
  D:0080H         PUBLIC        P0
  D:0090H         PUBLIC        P1
  D:00A0H         PUBLIC        P2
  D:00B0H         PUBLIC        P3
  D:00C0H         PUBLIC        P4
  D:00C8H         PUBLIC        P5
  D:00E8H         PUBLIC        P6
  C:F403H         PUBLIC        _OLED_Vertical_Reverse
  D:00F8H         PUBLIC        P7
  B:0090H.3       PUBLIC        OLED_DC
  D:00A8H         PUBLIC        IE
  D:00B8H         PUBLIC        IP
  C:DC03H         PUBLIC        OLED_Init
  B:00C0H.4       PUBLIC        OLED_RD
  D:00D8H         PUBLIC        CCON
  C:F287H         PUBLIC        _OLED_WR_Byte
  B:00C0H.3       PUBLIC        OLED_WR
  C:F4A1H         PUBLIC        _OLED_Set_Brightness
  D:0098H         PUBLIC        SCON
  D:0088H         PUBLIC        TCON
  C:F1D2H         PUBLIC        _OLED_Set_Pos
BL51 BANKED LINKER/LOCATER V6.22                                                      07/19/2021  23:10:50  PAGE 26


  C:F2B1H         PUBLIC        _delay_ms
  C:F51CH         PUBLIC        OLED_Display_Off
  C:F414H         PUBLIC        _OLED_Inverse
  C:F3F2H         PUBLIC        _OLED_Horizental_Reverse
  C:F1B3H         PUBLIC        OLED_Clear
  C:E9D7H         PUBLIC        _OLED_DrawBMP
  D:00D0H         PUBLIC        PSW
  -------         PROC          _DELAY_MS
  D:0006H         SYMBOL        ms
  -------         DO            
  D:0005H         SYMBOL        i
  D:0004H         SYMBOL        j
  -------         ENDDO         
  C:F2B1H         LINE#         13
  C:F2B1H         LINE#         14
  C:F2B1H         LINE#         16
  C:F2BAH         LINE#         17
  C:F2BAH         LINE#         18
  C:F2BCH         LINE#         19
  C:F2BEH         LINE#         21
  C:F2BEH         LINE#         22
  C:F2C0H         LINE#         23
  C:F2C2H         LINE#         24
  C:F2C9H         LINE#         25
  -------         ENDPROC       _DELAY_MS
  C:F282H         SYMBOL        L?0046
  -------         PROC          L?0045
  -------         ENDPROC       L?0045
  C:F282H         SYMBOL        L?0046
  -------         PROC          _OLED_WR_BYTE
  D:0007H         SYMBOL        dat
  D:0005H         SYMBOL        cmd
  C:F287H         LINE#         31
  C:F287H         LINE#         32
  C:F287H         LINE#         34
  C:F28AH         LINE#         35
  C:F28EH         LINE#         37
  C:F290H         LINE#         38
  C:F292H         LINE#         39
  C:F294H         LINE#         40
  C:F296H         LINE#         42
  -------         ENDPROC       _OLED_WR_BYTE
  -------         PROC          _OLED_SET_POS
  D:0006H         SYMBOL        x
  D:0005H         SYMBOL        y
  C:F1D2H         LINE#         71
  C:F1D4H         LINE#         72
  C:F1D4H         LINE#         73
  C:F1DDH         LINE#         74
  C:F1E9H         LINE#         75
  -------         ENDPROC       _OLED_SET_POS
  -------         PROC          OLED_DISPLAY_ON
  C:F3E1H         LINE#         78
  C:F3E1H         LINE#         79
  C:F3E1H         LINE#         80
  C:F3E8H         LINE#         81
  C:F3EDH         LINE#         82
BL51 BANKED LINKER/LOCATER V6.22                                                      07/19/2021  23:10:50  PAGE 27


  -------         ENDPROC       OLED_DISPLAY_ON
  -------         PROC          OLED_DISPLAY_OFF
  C:F51CH         LINE#         85
  C:F51CH         LINE#         86
  C:F51CH         LINE#         87
  C:F520H         LINE#         88
  C:F523H         LINE#         89
  -------         ENDPROC       OLED_DISPLAY_OFF
  -------         PROC          _OLED_SET_BRIGHTNESS
  D:0006H         SYMBOL        brightness
  C:F4A1H         LINE#         91
  C:F4A3H         LINE#         92
  C:F4A3H         LINE#         93
  C:F4AAH         LINE#         94
  -------         ENDPROC       _OLED_SET_BRIGHTNESS
  -------         PROC          _OLED_HORIZENTAL_REVERSE
  D:0007H         SYMBOL        reverse
  C:F3F2H         LINE#         96
  C:F3F2H         LINE#         97
  C:F3F2H         LINE#         98
  C:F3F5H         LINE#         99
  C:F3FBH         LINE#         101
  C:F402H         LINE#         102
  -------         ENDPROC       _OLED_HORIZENTAL_REVERSE
  -------         PROC          _OLED_VERTICAL_REVERSE
  D:0007H         SYMBOL        reverse
  C:F403H         LINE#         103
  C:F403H         LINE#         104
  C:F403H         LINE#         105
  C:F406H         LINE#         106
  C:F40CH         LINE#         108
  C:F413H         LINE#         109
  -------         ENDPROC       _OLED_VERTICAL_REVERSE
  -------         PROC          _OLED_INVERSE
  D:0007H         SYMBOL        k
  C:F414H         LINE#         110
  C:F414H         LINE#         111
  C:F414H         LINE#         112
  C:F417H         LINE#         113
  C:F41DH         LINE#         115
  C:F424H         LINE#         116
  -------         ENDPROC       _OLED_INVERSE
  -------         PROC          OLED_CLEAR
  -------         DO            
  D:0006H         SYMBOL        i
  D:0004H         SYMBOL        n
  -------         ENDDO         
  C:F1B3H         LINE#         117
  C:F1B3H         LINE#         118
  C:F1B3H         LINE#         120
  C:F1B5H         LINE#         121
  C:F1B5H         LINE#         122
  C:F1BBH         LINE#         123
  C:F1BBH         LINE#         124
  C:F1BEH         LINE#         125
  C:F1C0H         LINE#         126
  C:F1CCH         LINE#         127
BL51 BANKED LINKER/LOCATER V6.22                                                      07/19/2021  23:10:50  PAGE 28


  C:F1D1H         LINE#         128
  -------         ENDPROC       OLED_CLEAR
  -------         PROC          _OLED_DRAWBMP
  D:0001H         SYMBOL        buf
  -------         DO            
  D:0037H         SYMBOL        i
  D:0038H         SYMBOL        j
  D:0039H         SYMBOL        n
  -------         ENDDO         
  C:E9D7H         LINE#         129
  C:E9D7H         LINE#         130
  C:E9D7H         LINE#         133
  C:E9DAH         LINE#         134
  C:E9DAH         LINE#         135
  C:E9E1H         LINE#         136
  C:E9E4H         LINE#         137
  C:E9E9H         LINE#         138
  C:E9F4H         LINE#         139
  C:E9F7H         LINE#         140
  C:EA17H         LINE#         141
  C:EA20H         LINE#         142
  -------         ENDPROC       _OLED_DRAWBMP
  -------         PROC          OLED_INIT
  C:DC03H         LINE#         144
  C:DC03H         LINE#         145
  C:DC03H         LINE#         146
  C:DC05H         LINE#         147
  C:DC0CH         LINE#         148
  C:DC0EH         LINE#         149
  C:DC15H         LINE#         150
  C:DC17H         LINE#         151
  C:DC19H         LINE#         152
  C:DC1DH         LINE#         153
  C:DC1DH         LINE#         154
  C:DC20H         LINE#         155
  C:DC25H         LINE#         156
  C:DC2AH         LINE#         157
  C:DC2FH         LINE#         158
  C:DC34H         LINE#         159
  C:DC39H         LINE#         160
  C:DC3EH         LINE#         161
  C:DC43H         LINE#         162
  C:DC48H         LINE#         163
  C:DC4DH         LINE#         164
  C:DC52H         LINE#         165
  C:DC57H         LINE#         166
  C:DC5CH         LINE#         167
  C:DC61H         LINE#         168
  C:DC66H         LINE#         169
  C:DC6BH         LINE#         170
  C:DC70H         LINE#         171
  C:DC75H         LINE#         172
  C:DC7AH         LINE#         173
  C:DC7FH         LINE#         174
  C:DC84H         LINE#         175
  C:DC89H         LINE#         176
  C:DC8EH         LINE#         177
BL51 BANKED LINKER/LOCATER V6.22                                                      07/19/2021  23:10:50  PAGE 29


  C:DC93H         LINE#         178
  C:DC98H         LINE#         184
  C:DC9BH         LINE#         185
  C:DC9EH         LINE#         186
  -------         ENDPROC       OLED_INIT
  -------         ENDMOD        OLED

  -------         MODULE        RDA5807M
  C:0000H         SYMBOL        _ICE_DUMMY_
  D:0080H         PUBLIC        P0
  D:0090H         PUBLIC        P1
  D:00A0H         PUBLIC        P2
  D:00B0H         PUBLIC        P3
  D:00C0H         PUBLIC        P4
  C:EFD5H         PUBLIC        _RDA5807MSetVOLUME
  D:00C8H         PUBLIC        P5
  D:00E8H         PUBLIC        P6
  D:00F8H         PUBLIC        P7
  D:00BAH         PUBLIC        P_SW2
  C:E508H         PUBLIC        RDA5807MReadRges
  D:00A8H         PUBLIC        IE
  C:E3D9H         PUBLIC        RDA5807MInit
  X:12A4H         PUBLIC        BAND
  D:00B8H         PUBLIC        IP
  X:12A5H         PUBLIC        CHAN
  C:E6EBH         PUBLIC        RDA5807MWriteRegs
  D:00D8H         PUBLIC        CCON
  C:DAB1H         PUBLIC        _RDA5807MSEEK
  C:F580H         PUBLIC        RDA5807MPowerDown
  D:0098H         PUBLIC        SCON
  D:0088H         PUBLIC        TCON
  C:EAB2H         PUBLIC        RDA5807MGetCurrentFq
  X:12A7H         PUBLIC        current_frequency
  X:12ABH         PUBLIC        REG02
  X:12ADH         PUBLIC        RSSI
  X:12AEH         PUBLIC        REG03
  X:12B0H         PUBLIC        REG04
  X:12B2H         PUBLIC        REG05
  X:12B4H         PUBLIC        SEEKTH
  C:F56CH         PUBLIC        RDA5807MSetMute
  C:EDBEH         PUBLIC        RDA5807MGetCurrentRSSI
  X:12B5H         PUBLIC        REG0A
  X:12B7H         PUBLIC        REG0B
  C:F576H         PUBLIC        RDA5807MPowerUp
  X:12B9H         PUBLIC        VOLUME
  C:D8A7H         PUBLIC        _RDA5807MSetFq
  X:12BAH         PUBLIC        SPACE
  D:00D0H         PUBLIC        PSW
  -------         PROC          L?0026
  -------         ENDPROC       L?0026
  -------         PROC          RDA5807MWRITEREGS
  -------         DO            
  X:0FEAH         SYMBOL        reg
  -------         ENDDO         
  C:E6EBH         LINE#         38
  C:E6EBH         LINE#         39
  C:E6EBH         LINE#         41
BL51 BANKED LINKER/LOCATER V6.22                                                      07/19/2021  23:10:50  PAGE 30


  C:E6F8H         LINE#         42
  C:E6FBH         LINE#         43
  C:E708H         LINE#         44
  C:E70BH         LINE#         45
  C:E718H         LINE#         46
  C:E71BH         LINE#         47
  C:E728H         LINE#         48
  C:E72BH         LINE#         49
  C:E72EH         LINE#         50
  C:E73BH         LINE#         51
  C:E73EH         LINE#         52
  -------         ENDPROC       RDA5807MWRITEREGS
  -------         PROC          RDA5807MREADRGES
  -------         DO            
  X:0FEAH         SYMBOL        read_buf
  -------         ENDDO         
  C:E508H         LINE#         61
  C:E508H         LINE#         62
  C:E508H         LINE#         64
  C:E50BH         LINE#         65
  C:E518H         LINE#         66
  C:E51BH         LINE#         67
  C:E528H         LINE#         68
  C:E533H         LINE#         69
  C:E542H         LINE#         70
  C:E54FH         LINE#         71
  C:E55AH         LINE#         72
  C:E569H         LINE#         73
  -------         ENDPROC       RDA5807MREADRGES
  -------         PROC          RDA5807MINIT
  C:E3D9H         LINE#         81
  C:E3D9H         LINE#         82
  C:E3D9H         LINE#         84
  C:E3E0H         LINE#         85
  C:E3E3H         LINE#         86
  C:E3EAH         LINE#         88
  C:E3F3H         LINE#         89
  C:E423H         LINE#         90
  C:E428H         LINE#         91
  C:E43AH         LINE#         92
  C:E43DH         LINE#         93
  C:E43FH         LINE#         94
  -------         ENDPROC       RDA5807MINIT
  -------         PROC          _RDA5807MSETVOLUME
  D:0004H         SYMBOL        VOLUME
  C:EFD5H         LINE#         100
  C:EFD9H         LINE#         101
  C:EFD9H         LINE#         102
  C:EFE2H         LINE#         103
  C:EFE6H         LINE#         104
  C:EFEDH         LINE#         105
  C:EFFAH         LINE#         106
  -------         ENDPROC       _RDA5807MSETVOLUME
  -------         PROC          _RDA5807MSEEK
  D:0005H         SYMBOL        direction
  -------         DO            
  X:12A3H         SYMBOL        step
BL51 BANKED LINKER/LOCATER V6.22                                                      07/19/2021  23:10:50  PAGE 31


  -------         ENDDO         
  C:DAB1H         LINE#         115
  C:DAB3H         LINE#         116
  C:DAB3H         LINE#         118
  C:DAB9H         LINE#         119
  C:DAB9H         LINE#         120
  C:DAC0H         LINE#         121
  C:DAC7H         LINE#         122
  C:DAD0H         LINE#         124
  C:DAD4H         LINE#         125
  C:DADEH         LINE#         126
  C:DAE1H         LINE#         128
  C:DAE7H         LINE#         129
  C:DAE9H         LINE#         130
  C:DAF1H         LINE#         131
  C:DAF1H         LINE#         132
  C:DAF4H         LINE#         133
  C:DAFBH         LINE#         134
  C:DAFBH         LINE#         135
  C:DB02H         LINE#         136
  C:DB14H         LINE#         137
  C:DB36H         LINE#         138
  C:DB42H         LINE#         139
  C:DB47H         LINE#         140
  C:DB56H         LINE#         141
  C:DB56H         LINE#         144
  C:DB56H         LINE#         145
  C:DB5BH         LINE#         146
[...]
  C:3F4FH         LINE#         2222
  C:3F55H         LINE#         2223
  C:3F55H         LINE#         2224
  C:3F55H         LINE#         2225
  C:3F5FH         LINE#         2226
BL51 BANKED LINKER/LOCATER V6.22                                                      07/19/2021  23:10:50  PAGE 122


  C:3F64H         LINE#         2227
  C:3F6AH         LINE#         2228
  C:3F70H         LINE#         2229
  C:3F7AH         LINE#         2230
  C:3F7FH         LINE#         2231
  C:3F85H         LINE#         2232
  C:3F8BH         LINE#         2234
  C:3F9EH         LINE#         2235
  C:3F9EH         LINE#         2236
  C:3FC7H         LINE#         2237
  C:3FC7H         LINE#         2238
  C:3FC9H         LINE#         2239
  C:3FCBH         LINE#         2240
  C:3FCDH         LINE#         2241
  C:3FCDH         LINE#         2242
  C:3FD5H         LINE#         2245
  C:3FDBH         LINE#         2246
  C:3FE2H         LINE#         2247
  C:3FF7H         LINE#         2248
  C:4008H         LINE#         2249
  C:401BH         LINE#         2250
  C:401BH         LINE#         2251
  C:4036H         LINE#         2252
  C:403EH         LINE#         2255
  C:4091H         LINE#         2256
  C:4091H         LINE#         2257
  C:4097H         LINE#         2258
  C:40B0H         LINE#         2259
  C:40CCH         LINE#         2260
  C:40CFH         LINE#         2261
  C:40E0H         LINE#         2262
  C:40E5H         LINE#         2263
  C:40EAH         LINE#         2264
  C:40F3H         LINE#         2265
  C:40F6H         LINE#         2266
  C:4107H         LINE#         2267
  C:410CH         LINE#         2268
  C:4111H         LINE#         2269
  C:411AH         LINE#         2270
  C:411DH         LINE#         2271
  C:411DH         LINE#         2272
  C:4128H         LINE#         2273
  C:4134H         LINE#         2274
  C:4140H         LINE#         2275
  C:414CH         LINE#         2276
  C:4159H         LINE#         2277
  C:4166H         LINE#         2278
  C:4172H         LINE#         2279
  C:417FH         LINE#         2280
  C:418CH         LINE#         2281
  C:4196H         LINE#         2282
  C:419EH         LINE#         2283
  C:41A4H         LINE#         2284
  C:41ACH         LINE#         2285
  C:41B2H         LINE#         2286
  C:41BAH         LINE#         2287
  C:41C0H         LINE#         2288
BL51 BANKED LINKER/LOCATER V6.22                                                      07/19/2021  23:10:50  PAGE 123


  C:41C8H         LINE#         2289
  C:41D1H         LINE#         2290
  C:41D6H         LINE#         2292
  C:41D9H         LINE#         2293
  C:41D9H         LINE#         2294
  C:41DCH         LINE#         2295
  C:41DCH         LINE#         2296
  C:4200H         LINE#         2297
  C:4224H         LINE#         2298
  C:4224H         LINE#         2299
  C:422DH         LINE#         2300
  C:422DH         LINE#         2301
  C:4234H         LINE#         2302
  C:4234H         LINE#         2303
  C:4240H         LINE#         2304
  C:4240H         LINE#         2305
  C:4240H         LINE#         2306
  C:4240H         LINE#         2307
  C:4242H         LINE#         2308
  C:4244H         LINE#         2309
  C:4244H         LINE#         2310
  C:4244H         LINE#         2311
  C:4244H         LINE#         2312
  C:4247H         LINE#         2313
  C:4247H         LINE#         2314
  C:424AH         LINE#         2315
  C:424EH         LINE#         2317
  C:4250H         LINE#         2318
  C:4250H         LINE#         2319
  C:4252H         LINE#         2320
  C:4252H         LINE#         2321
  C:4252H         LINE#         2322
  C:4252H         LINE#         2323
  C:4254H         LINE#         2324
  C:4254H         LINE#         2325
  C:4254H         LINE#         2326
  C:4254H         LINE#         2327
  C:4259H         LINE#         2328
  C:4259H         LINE#         2329
  C:425CH         LINE#         2330
  C:425CH         LINE#         2331
  C:425EH         LINE#         2332
  C:4265H         LINE#         2333
  C:426CH         LINE#         2334
  C:4272H         LINE#         2335
  C:4274H         LINE#         2336
  C:4274H         LINE#         2337
  C:4274H         LINE#         2338
  C:4277H         LINE#         2339
  C:4277H         LINE#         2340
  C:4279H         LINE#         2341
  C:427CH         LINE#         2342
  C:4285H         LINE#         2343
  C:4288H         LINE#         2344
  C:4288H         LINE#         2345
  C:428AH         LINE#         2346
  C:4291H         LINE#         2347
BL51 BANKED LINKER/LOCATER V6.22                                                      07/19/2021  23:10:50  PAGE 124


  C:4293H         LINE#         2348
  C:4298H         LINE#         2349
  C:429AH         LINE#         2350
  C:429CH         LINE#         2351
  C:429FH         LINE#         2352
  C:429FH         LINE#         2353
  C:42A1H         LINE#         2354
  C:42A3H         LINE#         2355
  C:42A6H         LINE#         2356
  C:42ABH         LINE#         2357
  C:42ADH         LINE#         2358
  C:42AFH         LINE#         2359
  C:42B1H         LINE#         2360
  C:42B4H         LINE#         2361
  C:42B4H         LINE#         2362
  C:42B6H         LINE#         2363
  C:42B8H         LINE#         2364
  C:42BBH         LINE#         2365
  C:42C4H         LINE#         2366
  C:42C6H         LINE#         2367
  C:42C9H         LINE#         2368
  C:42CEH         LINE#         2369
  C:42D5H         LINE#         2370
  C:42D7H         LINE#         2371
  C:42D7H         LINE#         2372
  C:42DEH         LINE#         2373
  C:42DEH         LINE#         2374
  C:42E1H         LINE#         2375
  C:42E1H         LINE#         2376
  C:42E4H         LINE#         2377
  C:42E4H         LINE#         2378
  C:42E9H         LINE#         2379
  C:42EBH         LINE#         2380
  C:42EBH         LINE#         2381
  C:42EBH         LINE#         2382
  C:42EEH         LINE#         2383
  C:42EEH         LINE#         2384
  C:42F1H         LINE#         2385
  C:42F1H         LINE#         2386
  C:42F4H         LINE#         2387
  C:42F4H         LINE#         2388
  C:42F4H         LINE#         2389
  C:42F7H         LINE#         2390
  C:42F7H         LINE#         2391
  C:42FAH         LINE#         2392
  C:42FAH         LINE#         2393
  C:42FDH         LINE#         2394
  C:42FDH         LINE#         2395
  C:4302H         LINE#         2396
  C:4309H         LINE#         2397
  C:4309H         LINE#         2398
  C:430CH         LINE#         2399
  C:430CH         LINE#         2400
  C:4313H         LINE#         2401
  C:4313H         LINE#         2402
  C:4316H         LINE#         2403
  C:4316H         LINE#         2404
BL51 BANKED LINKER/LOCATER V6.22                                                      07/19/2021  23:10:50  PAGE 125


  C:431DH         LINE#         2405
  C:431DH         LINE#         2406
  C:4323H         LINE#         2407
  C:4323H         LINE#         2409
  C:4325H         LINE#         2410
  C:432DH         LINE#         2411
  C:4336H         LINE#         2412
  C:433DH         LINE#         2413
  C:433DH         LINE#         2414
  C:4340H         LINE#         2415
  C:4342H         LINE#         2416
  C:4344H         LINE#         2417
  C:4347H         LINE#         2418
  C:434EH         LINE#         2419
  C:4356H         LINE#         2420
  C:4356H         LINE#         2421
  C:436CH         LINE#         2422
  C:4374H         LINE#         2424
  C:437AH         LINE#         2425
  C:439AH         LINE#         2426
  C:439CH         LINE#         2427
  C:43A4H         LINE#         2428
  C:43A4H         LINE#         2429
  C:43A6H         LINE#         2430
  C:43A9H         LINE#         2431
  C:43A9H         LINE#         2432
  C:43B2H         LINE#         2433
  C:43B2H         LINE#         2434
  C:43BCH         LINE#         2435
  C:43BCH         LINE#         2436
  C:43BFH         LINE#         2439
  C:43C8H         LINE#         2440
  C:43D4H         LINE#         2441
  C:43D4H         LINE#         2442
  C:43EAH         LINE#         2443
  C:43EAH         LINE#         2445
  C:43F0H         LINE#         2446
  C:43F0H         LINE#         2447
  C:4401H         LINE#         2448
  C:4401H         LINE#         2449
  C:4454H         LINE#         2450
  C:445CH         LINE#         2451
  C:4465H         LINE#         2452
  C:44A1H         LINE#         2453
  C:44AAH         LINE#         2454
  C:44ADH         LINE#         2455
  C:44ADH         LINE#         2456
  C:44ADH         LINE#         2457
  C:44B3H         LINE#         2458
  C:44B3H         LINE#         2459
  C:44CBH         LINE#         2460
  C:44CBH         LINE#         2461
  C:44D2H         LINE#         2462
  C:44D4H         LINE#         2463
  C:44DBH         LINE#         2464
  C:44DDH         LINE#         2465
  C:44DDH         LINE#         2466
BL51 BANKED LINKER/LOCATER V6.22                                                      07/19/2021  23:10:50  PAGE 126


  C:44DDH         LINE#         2467
  C:44DDH         LINE#         2468
  C:44DDH         LINE#         2470
  -------         ENDPROC       MAIN
  -------         ENDMOD        MAIN

  -------         MODULE        ?C?FPADD
  C:6825H         PUBLIC        ?C?FPADD
  C:6821H         PUBLIC        ?C?FPSUB
  -------         ENDMOD        ?C?FPADD

  -------         MODULE        ?C?FPMUL
  C:6916H         PUBLIC        ?C?FPMUL
  -------         ENDMOD        ?C?FPMUL

  -------         MODULE        ?C?FPDIV
  C:6A1FH         PUBLIC        ?C?FPDIV
  -------         ENDMOD        ?C?FPDIV

  -------         MODULE        ?C?FPCMP
  C:6ABEH         PUBLIC        ?C?FPCMP
  C:6ABCH         PUBLIC        ?C?FPCMP3
  -------         ENDMOD        ?C?FPCMP

  -------         MODULE        ?C?FPNEG
  C:6B35H         PUBLIC        ?C?FPNEG
  -------         ENDMOD        ?C?FPNEG

  -------         MODULE        ?C?FCAST
  C:6B50H         PUBLIC        ?C?FCASTC
  C:6B4BH         PUBLIC        ?C?FCASTI
  C:6B46H         PUBLIC        ?C?FCASTL
  -------         ENDMOD        ?C?FCAST

  -------         MODULE        ?C?CASTF
  C:6B84H         PUBLIC        ?C?CASTF
  -------         ENDMOD        ?C?CASTF

  -------         MODULE        PRINTF
  X:1019H         PUBLIC        ?_PRINTF?BYTE
  X:1019H         PUBLIC        ?_SPRINTF?BYTE
  C:9A29H         PUBLIC        _PRINTF
  C:9A23H         PUBLIC        _SPRINTF
  -------         ENDMOD        PRINTF

  -------         MODULE        SQRT
  C:DA09H         PUBLIC        _SQRT
  -------         ENDMOD        SQRT

  -------         MODULE        ATAN2
  X:0FFDH         PUBLIC        ?_atan2?BYTE
  C:DCA4H         PUBLIC        _atan2
  -------         ENDMOD        ATAN2

  -------         MODULE        SIN
  C:BFB2H         PUBLIC        _COS
  C:BFC8H         PUBLIC        _SIN
BL51 BANKED LINKER/LOCATER V6.22                                                      07/19/2021  23:10:50  PAGE 127


  C:C004H         PUBLIC        _TAN
  -------         ENDMOD        SIN

  -------         MODULE        ATAN
  C:CA8BH         PUBLIC        _ATAN
  -------         ENDMOD        ATAN

  -------         MODULE        ASIN
  C:ED0FH         PUBLIC        _ASIN
  -------         ENDMOD        ASIN

  -------         MODULE        POW
  X:0FE6H         PUBLIC        ?_pow?BYTE
  C:C566H         PUBLIC        _pow
  -------         ENDMOD        POW

  -------         MODULE        ?C?CHKFLOAT
  C:6C05H         PUBLIC        ?C?CHKFLOAT
  -------         ENDMOD        ?C?CHKFLOAT

  -------         MODULE        ?C?FPROUND
  C:6C1FH         PUBLIC        ?C?FPROUND
  -------         ENDMOD        ?C?FPROUND

  -------         MODULE        ?C?FPCONVERT
  C:6C5CH         PUBLIC        ?C?FPCONVERT
  -------         ENDMOD        ?C?FPCONVERT

  -------         MODULE        EXP
  C:DD79H         PUBLIC        _EXP
  -------         ENDMOD        EXP

  -------         MODULE        LOG
  C:C976H         PUBLIC        _LOG
  C:C972H         PUBLIC        _LOG10
  -------         ENDMOD        LOG

  -------         MODULE        ?C?FTNPWR
  C:6DDEH         PUBLIC        ?C?FTNPWR
  -------         ENDMOD        ?C?FTNPWR

  -------         MODULE        ?C?COPY
  C:6EEEH         PUBLIC        ?C?COPY
  -------         ENDMOD        ?C?COPY

  -------         MODULE        ?C?CLDPTR
  C:6F14H         PUBLIC        ?C?CLDPTR
  -------         ENDMOD        ?C?CLDPTR

  -------         MODULE        ?C?CLDOPTR
  C:6F2DH         PUBLIC        ?C?CLDOPTR
  -------         ENDMOD        ?C?CLDOPTR

  -------         MODULE        ?C?CILDOPTR
  C:6F5AH         PUBLIC        ?C?CILDOPTR
  -------         ENDMOD        ?C?CILDOPTR

BL51 BANKED LINKER/LOCATER V6.22                                                      07/19/2021  23:10:50  PAGE 128


  -------         MODULE        ?C?CSTPTR
  C:6F8DH         PUBLIC        ?C?CSTPTR
  -------         ENDMOD        ?C?CSTPTR

  -------         MODULE        ?C?CSTOPTR
  C:6F9FH         PUBLIC        ?C?CSTOPTR
  -------         ENDMOD        ?C?CSTOPTR

  -------         MODULE        ?C?UIDIV
  C:6FC1H         PUBLIC        ?C?UIDIV
  -------         ENDMOD        ?C?UIDIV

  -------         MODULE        ?C?SIDIV
  C:7016H         PUBLIC        ?C?SIDIV
  -------         ENDMOD        ?C?SIDIV

  -------         MODULE        ?C?IILDX
  C:704CH         PUBLIC        ?C?IILDX
  -------         ENDMOD        ?C?IILDX

  -------         MODULE        ?C?ILDIX
  C:7062H         PUBLIC        ?C?ILDIX
  -------         ENDMOD        ?C?ILDIX

  -------         MODULE        ?C?ILDPTR
  C:7078H         PUBLIC        ?C?ILDPTR
  -------         ENDMOD        ?C?ILDPTR

  -------         MODULE        ?C?ILDOPTR
  C:70A3H         PUBLIC        ?C?ILDOPTR
  -------         ENDMOD        ?C?ILDOPTR

  -------         MODULE        ?C?ISTPTR
  C:70DBH         PUBLIC        ?C?ISTPTR
  -------         ENDMOD        ?C?ISTPTR

  -------         MODULE        ?C?ISTOPTR
  C:70FAH         PUBLIC        ?C?ISTOPTR
  -------         ENDMOD        ?C?ISTOPTR

  -------         MODULE        ?C?LMUL
  C:7127H         PUBLIC        ?C?LMUL
  -------         ENDMOD        ?C?LMUL

  -------         MODULE        ?C?SLDIV
  C:EC50H         PUBLIC        ?C?SLDIV
  -------         ENDMOD        ?C?SLDIV

  -------         MODULE        ?C?LNEG
  C:7176H         PUBLIC        ?C?LNEG
  -------         ENDMOD        ?C?LNEG

  -------         MODULE        ?C?SLCMP
  C:7184H         PUBLIC        ?C?SLCMP
  -------         ENDMOD        ?C?SLCMP

  -------         MODULE        ?C?SLSHR
BL51 BANKED LINKER/LOCATER V6.22                                                      07/19/2021  23:10:50  PAGE 129


  C:719AH         PUBLIC        ?C?SLSHR
  -------         ENDMOD        ?C?SLSHR

  -------         MODULE        ?C?LSHL
  C:71AEH         PUBLIC        ?C?LSHL
  -------         ENDMOD        ?C?LSHL

  -------         MODULE        ?C?LLDPTR
  C:71C1H         PUBLIC        ?C?LLDPTR
  -------         ENDMOD        ?C?LLDPTR

  -------         MODULE        ?C?LLDOPTR
  C:71E1H         PUBLIC        ?C?LLDOPTR
  -------         ENDMOD        ?C?LLDOPTR

  -------         MODULE        ?C?LSTPTR
  C:7211H         PUBLIC        ?C?LSTPTR
  -------         ENDMOD        ?C?LSTPTR

  -------         MODULE        ?C?LSTOPTR
  C:722BH         PUBLIC        ?C?LSTOPTR
  -------         ENDMOD        ?C?LSTOPTR

  -------         MODULE        ?C?LLDIDATA
  C:724FH         PUBLIC        ?C?LLDIDATA
  -------         ENDMOD        ?C?LLDIDATA

  -------         MODULE        ?C?LLDXDATA
  C:725BH         PUBLIC        ?C?LLDXDATA
  -------         ENDMOD        ?C?LLDXDATA

  -------         MODULE        ?C?LLDCODE
  C:7267H         PUBLIC        ?C?LLDCODE
  -------         ENDMOD        ?C?LLDCODE

  -------         MODULE        ?C?LLDIDATA0
  C:7277H         PUBLIC        ?C?LLDIDATA0
  -------         ENDMOD        ?C?LLDIDATA0

  -------         MODULE        ?C?LLDXDATA0
  C:7284H         PUBLIC        ?C?LLDXDATA0
  -------         ENDMOD        ?C?LLDXDATA0

  -------         MODULE        ?C?LLDCODE0
  C:7290H         PUBLIC        ?C?LLDCODE0
  -------         ENDMOD        ?C?LLDCODE0

  -------         MODULE        ?C?LSTIDATA
  C:72A0H         PUBLIC        ?C?LSTIDATA
  -------         ENDMOD        ?C?LSTIDATA

  -------         MODULE        ?C?LSTXDATA
  C:72ACH         PUBLIC        ?C?LSTXDATA
  -------         ENDMOD        ?C?LSTXDATA

  -------         MODULE        ?C?LSTKXDATA
  C:72B8H         PUBLIC        ?C?LSTKXDATA
BL51 BANKED LINKER/LOCATER V6.22                                                      07/19/2021  23:10:50  PAGE 130


  -------         ENDMOD        ?C?LSTKXDATA

  -------         MODULE        ?C?OFFXADD
  C:72E9H         PUBLIC        ?C?OFFXADD
  -------         ENDMOD        ?C?OFFXADD

  -------         MODULE        ?C?PLDIXDATA
  C:72F5H         PUBLIC        ?C?PLDIXDATA
  -------         ENDMOD        ?C?PLDIXDATA

  -------         MODULE        ?C?PSTXDATA
  C:730CH         PUBLIC        ?C?PSTXDATA
  -------         ENDMOD        ?C?PSTXDATA

  -------         MODULE        ?C?CCASE
  C:7315H         PUBLIC        ?C?CCASE
  -------         ENDMOD        ?C?CCASE

  -------         MODULE        PUTCHAR
  C:F072H         PUBLIC        _PUTCHAR
  -------         ENDMOD        PUTCHAR

  -------         MODULE        RAND
  X:12D7H         PUBLIC        ?SRAND?BYTE
  C:E98AH         PUBLIC        RAND
  C:E9C8H         PUBLIC        _SRAND
  -------         ENDMOD        RAND

  -------         MODULE        STRCAT
  X:1006H         PUBLIC        ?_strcat?BYTE
  C:E36EH         PUBLIC        _strcat
  -------         ENDMOD        STRCAT

  -------         MODULE        ?C?STRCPY
  C:7407H         PUBLIC        ?C?STRCPY
  -------         ENDMOD        ?C?STRCPY

  -------         MODULE        ?C?MEMCMP
  C:75AAH         PUBLIC        ?C?MEMCMP
  -------         ENDMOD        ?C?MEMCMP

  -------         MODULE        ?C?ULDIV
  C:760AH         PUBLIC        ?C?ULDIV
  -------         ENDMOD        ?C?ULDIV

  -------         MODULE        ?C?LLDPDATA
  C:769CH         PUBLIC        ?C?LLDPDATA
  -------         ENDMOD        ?C?LLDPDATA

  -------         MODULE        ?C?LSTPDATA
  C:76A8H         PUBLIC        ?C?LSTPDATA
  -------         ENDMOD        ?C?LSTPDATA

*** WARNING L16: UNCALLED SEGMENT, IGNORED FOR OVERLAY PROCESS
    SEGMENT: ?PR?PW02REST?PW02

*** WARNING L16: UNCALLED SEGMENT, IGNORED FOR OVERLAY PROCESS
BL51 BANKED LINKER/LOCATER V6.22                                                      07/19/2021  23:10:50  PAGE 131


    SEGMENT: ?PR?RDA5807MGETCURRENTFQ?RDA5807M

*** WARNING L16: UNCALLED SEGMENT, IGNORED FOR OVERLAY PROCESS
    SEGMENT: ?PR?RDA5807MGETCURRENTRSSI?RDA5807M

*** WARNING L16: UNCALLED SEGMENT, IGNORED FOR OVERLAY PROCESS
    SEGMENT: ?PR?RDA5807MSETMUTE?RDA5807M

*** WARNING L16: UNCALLED SEGMENT, IGNORED FOR OVERLAY PROCESS
    SEGMENT: ?PR?PCF8563DISABLETIMER?PCF8563

*** WARNING L16: UNCALLED SEGMENT, IGNORED FOR OVERLAY PROCESS
    SEGMENT: ?PR?_BME280SINGLEMEASUREMENT?BME280

*** WARNING L16: UNCALLED SEGMENT, IGNORED FOR OVERLAY PROCESS
    SEGMENT: ?PR?LSM6DSMDISABLEPEDOMETER?LSM6DSM

*** WARNING L16: UNCALLED SEGMENT, IGNORED FOR OVERLAY PROCESS
    SEGMENT: ?PR?_BATTERYCHARGEENABLE?POWERMANAGE

*** WARNING L16: UNCALLED SEGMENT, IGNORED FOR OVERLAY PROCESS
    SEGMENT: ?PR?BUZZERINIT?BUZZER

*** WARNING L16: UNCALLED SEGMENT, IGNORED FOR OVERLAY PROCESS
    SEGMENT: ?PR?_DELAY1US?DELAY

Program Size: data=121.2 xdata=4833 code=63011
LINK/LOCATE RUN COMPLETE.  10 WARNING(S),  0 ERROR(S)
