BL51 BANKED LINKER/LOCATER V6.22                                                        06/15/2021  23:50:05  PAGE 1


BL51 BANKED LINKER/LOCATER V6.22, INVOKED BY:
E:\INSTALL_FILES\KEIL\C51\BIN\BL51.EXE ..\Objects\oled.obj, ..\Objects\PowerManage.obj, ..\Objects\IIC.obj, ..\Objects\S
>> ys.obj, ..\Objects\EEPROM.obj, ..\Objects\Buzzer.obj, ..\Objects\Delay.obj, ..\Objects\Display.obj, ..\Objects\main.o
>> bj TO ..\Objects\iWatch-v1.1 PRINT (..\Listings\iWatch-v1.m51) RAMSIZE (256)


MEMORY MODEL: LARGE WITH FLOATING POINT ARITHMETIC


INPUT MODULES INCLUDED:
  ..\Objects\oled.obj (OLED)
  ..\Objects\PowerManage.obj (POWERMANAGE)
  ..\Objects\IIC.obj (IIC)
  ..\Objects\Sys.obj (SYS)
  ..\Objects\EEPROM.obj (EEPROM)
  ..\Objects\Buzzer.obj (BUZZER)
  ..\Objects\Delay.obj (DELAY)
  ..\Objects\Display.obj (DISPLAY)
  ..\Objects\main.obj (MAIN)
  E:\INSTALL_FILES\KEIL\C51\LIB\C51FPL.LIB (?C?FPADD)
  E:\INSTALL_FILES\KEIL\C51\LIB\C51FPL.LIB (?C?FPMUL)
  E:\INSTALL_FILES\KEIL\C51\LIB\C51FPL.LIB (?C?FPDIV)
  E:\INSTALL_FILES\KEIL\C51\LIB\C51FPL.LIB (?C?FPCMP)
  E:\INSTALL_FILES\KEIL\C51\LIB\C51FPL.LIB (?C?FPNEG)
  E:\INSTALL_FILES\KEIL\C51\LIB\C51FPL.LIB (?C?FCAST)
  E:\INSTALL_FILES\KEIL\C51\LIB\C51FPL.LIB (?C?CASTF)
  E:\INSTALL_FILES\KEIL\C51\LIB\C51FPL.LIB (SQRT)
  E:\INSTALL_FILES\KEIL\C51\LIB\C51FPL.LIB (SIN)
  E:\INSTALL_FILES\KEIL\C51\LIB\C51FPL.LIB (?C?FPGETOPN)
  E:\INSTALL_FILES\KEIL\C51\LIB\C51FPL.LIB (?C?FPSERIES)
  E:\INSTALL_FILES\KEIL\C51\LIB\C51L.LIB (?C_STARTUP)
  E:\INSTALL_FILES\KEIL\C51\LIB\C51L.LIB (?C?CLDPTR)
  E:\INSTALL_FILES\KEIL\C51\LIB\C51L.LIB (?C?CLDOPTR)
  E:\INSTALL_FILES\KEIL\C51\LIB\C51L.LIB (?C?CSTPTR)
  E:\INSTALL_FILES\KEIL\C51\LIB\C51L.LIB (?C?CSTOPTR)
  E:\INSTALL_FILES\KEIL\C51\LIB\C51L.LIB (?C?UIDIV)
  E:\INSTALL_FILES\KEIL\C51\LIB\C51L.LIB (?C?IILDX)
  E:\INSTALL_FILES\KEIL\C51\LIB\C51L.LIB (?C?ILDPTR)
  E:\INSTALL_FILES\KEIL\C51\LIB\C51L.LIB (?C?ILDOPTR)
  E:\INSTALL_FILES\KEIL\C51\LIB\C51L.LIB (?C?ISTOPTR)
  E:\INSTALL_FILES\KEIL\C51\LIB\C51L.LIB (?C?LMUL)
  E:\INSTALL_FILES\KEIL\C51\LIB\C51L.LIB (?C?SLDIV)
  E:\INSTALL_FILES\KEIL\C51\LIB\C51L.LIB (?C?LNEG)
  E:\INSTALL_FILES\KEIL\C51\LIB\C51L.LIB (?C?SLSHR)
  E:\INSTALL_FILES\KEIL\C51\LIB\C51L.LIB (?C?LLDXDATA)
  E:\INSTALL_FILES\KEIL\C51\LIB\C51L.LIB (?C?LLDCODE)
  E:\INSTALL_FILES\KEIL\C51\LIB\C51L.LIB (?C?LLDXDATA0)
  E:\INSTALL_FILES\KEIL\C51\LIB\C51L.LIB (?C?LLDCODE0)
  E:\INSTALL_FILES\KEIL\C51\LIB\C51L.LIB (?C?LSTXDATA)
  E:\INSTALL_FILES\KEIL\C51\LIB\C51L.LIB (?C?LSTKXDATA)
  E:\INSTALL_FILES\KEIL\C51\LIB\C51L.LIB (?C_INIT)
  E:\INSTALL_FILES\KEIL\C51\LIB\C51L.LIB (?C?ULDIV)


LINK MAP OF MODULE:  ..\Objects\iWatch-v1.1 (OLED)


            TYPE    BASE      LENGTH    RELOCATION   SEGMENT NAME
BL51 BANKED LINKER/LOCATER V6.22                                                      06/15/2021  23:50:05  PAGE 2


            -----------------------------------------------------

            * * * * * * *   D A T A   M E M O R Y   * * * * * * *
            REG     0000H     0008H     ABSOLUTE     "REG BANK 0"
            REG     0008H     0008H     ABSOLUTE     "REG BANK 1"
            DATA    0010H     000AH     UNIT         ?DT?_SHOWSTRING?DISPLAY
            DATA    001AH     0006H     UNIT         ?DT?_CLEARCACHEAREA?DISPLAY
            BIT     0020H.0   0002H.0   UNIT         ?BI?MAIN
            BIT     0022H.0   0000H.1   UNIT         ?BI?BUZZER
            BIT     0022H.1   0000H.1   UNIT         ?BI?SIN?SIN
                    0022H.2   0000H.6                *** GAP ***
            DATA    0023H     0008H     UNIT         ?DT?_BMPTOCACHE?DISPLAY
            DATA    002BH     0008H     UNIT         ?DT?_SCREENPUSHANIMATION?DISPLAY
            DATA    0033H     0008H     UNIT         ?DT?_SCREEROLLDOWN?DISPLAY
            DATA    003BH     0004H     UNIT         ?DT?_OLED_DRAWBMP?OLED
            DATA    003FH     0004H     UNIT         ?DT?_SCREENREFRESHAREA?DISPLAY
            DATA    0043H     0002H     UNIT         ?DT?IIC
            DATA    0045H     0002H     UNIT         ?DT?SAVESCREEN?DISPLAY
            DATA    0047H     0002H     UNIT         _DATA_GROUP_
            IDATA   0049H     0001H     UNIT         ?STACK

            * * * * * * *  X D A T A   M E M O R Y  * * * * * * *
            XDATA   0000H     0C08H     UNIT         ?XD?DISPLAY
            XDATA   0C08H     0089H     UNIT         ?XD?MAIN
            XDATA   0C91H     0075H     UNIT         ?XD?SYS
            XDATA   0D06H     0054H     UNIT         ?XD?POWERMANAGE
            XDATA   0D5AH     0015H     UNIT         ?XD?_DRAWARM?DISPLAY
            XDATA   0D6FH     0012H     UNIT         ?XD?_DISPLAYTIME?DISPLAY
            XDATA   0D81H     000DH     UNIT         _XDATA_GROUP_
            XDATA   0D8EH     000CH     UNIT         ?XD?_DRAWLINE?DISPLAY
            XDATA   0D9AH     000BH     UNIT         ?XD?_BMPTOCACHE?DISPLAY
            XDATA   0DA5H     000BH     UNIT         ?XD?_SHOWSTRING?DISPLAY
            XDATA   0DB0H     0009H     UNIT         ?XD?GETBATTERYLIFE?POWERMANAGE
            XDATA   0DB9H     0008H     UNIT         ?XD?GETBATTERYVOLTAGE?POWERMANAGE
            XDATA   0DC1H     0007H     UNIT         ?XD?_I2C_READ_MULTIBYTES?IIC
            XDATA   0DC8H     0007H     UNIT         ?XD?_EEPROM_WRITE_N?EEPROM
            XDATA   0DCFH     0007H     UNIT         ?XD?_CLEARCACHEAREA?DISPLAY
            XDATA   0DD6H     0005H     UNIT         ?XD?_I2C_NOADDR_WRITE_MULTIBYTES?IIC
            XDATA   0DDBH     0005H     UNIT         ?XD?_I2C_NOADDR_READ_MULTIBYTES?IIC
            XDATA   0DE0H     0005H     UNIT         ?XD?_EEPROMWRITECONFIGURATION?SYS
            XDATA   0DE5H     0004H     UNIT         ?XD?_SCREENREFRESHAREA?DISPLAY
            XDATA   0DE9H     0004H     UNIT         ?XD?_SCREENPUSHANIMATION?DISPLAY
            XDATA   0DEDH     0004H     UNIT         ?XD?_SCREEROLLDOWN?DISPLAY
            XDATA   0DF1H     0004H     UNIT         ?XD?SENSORINIT?MAIN
            XDATA   0DF5H     0004H     UNIT         ?XD?SQRT?SQRT
            XDATA   0DF9H     0004H     UNIT         ?XD?SIN?SIN
            XDATA   0DFDH     0003H     UNIT         ?XD?BUZZER
            XDATA   0E00H     0002H     UNIT         ?XD?_SINGLE_WRITEIIC?IIC
            XDATA   0E02H     0002H     UNIT         ?XD?_SINGLE_READIIC?IIC
            XDATA   0E04H     0001H     UNIT         ?XD?SYSTEMPOWERDOWN?POWERMANAGE

            * * * * * * *   C O D E   M E M O R Y   * * * * * * *
            CODE    0000H     0003H     ABSOLUTE     
            CODE    0003H     0008H     UNIT         ?PR?_LED?SYS
            CODE    000BH     0003H     ABSOLUTE     
            CODE    000EH     0004H     UNIT         ?PR?MCUSOFTRESET?SYS
                    0012H     0001H                  *** GAP ***
BL51 BANKED LINKER/LOCATER V6.22                                                      06/15/2021  23:50:05  PAGE 3


            CODE    0013H     0003H     ABSOLUTE     
            CODE    0016H     003CH     UNIT         ?PR?_CLEARCACHE?DISPLAY
                    0052H     0001H                  *** GAP ***
            CODE    0053H     0003H     ABSOLUTE     
            CODE    0056H     0004H     UNIT         ?PR?ENABLEWATCHDOG?SYS
                    005AH     0001H                  *** GAP ***
            CODE    005BH     0003H     ABSOLUTE     
            CODE    005EH     003AH     UNIT         ?PR?_SINGLE_READIIC?IIC
            CODE    0098H     0003H     UNIT         ?PR?_SCREENREFRESHALL?DISPLAY
            CODE    009BH     0003H     ABSOLUTE     
            CODE    009EH     0004H     UNIT         ?PR?FEEDWATCHDOG?SYS
                    00A2H     0001H                  *** GAP ***
            CODE    00A3H     0003H     ABSOLUTE     
            CODE    00A6H     1F4BH     UNIT         ?CO?MAIN
            CODE    1FF1H     0CF0H     UNIT         ?C_INITSEG
            CODE    2CE1H     0C4AH     UNIT         ?CO?DISPLAY
            CODE    392BH     075DH     UNIT         ?C?LIB_CODE
            CODE    4088H     03FDH     UNIT         ?PR?_SCREENPUSHANIMATION?DISPLAY
            CODE    4485H     0340H     UNIT         ?PR?_SHOWSTRING?DISPLAY
            CODE    47C5H     0282H     UNIT         ?PR?_DRAWLINE?DISPLAY
            CODE    4A47H     026AH     UNIT         ?PR?_DISPLAYTIME?DISPLAY
            CODE    4CB1H     01FEH     UNIT         ?PR?_DRAWARM?DISPLAY
            CODE    4EAFH     01F2H     UNIT         ?PR?_DRAWSELECTIONFRAME?DISPLAY
            CODE    50A1H     01EBH     UNIT         ?PR?_BMPTOCACHE?DISPLAY
            CODE    528CH     0188H     UNIT         ?PR?SIN?SIN
            CODE    5414H     0181H     UNIT         ?PR?GETBATTERYLIFE?POWERMANAGE
            CODE    5595H     012BH     UNIT         ?PR?_SCREEROLLDOWN?DISPLAY
            CODE    56C0H     011FH     UNIT         ?PR?TM3_IST?MAIN
            CODE    57DFH     011EH     UNIT         ?PR?SENSORINIT?MAIN
            CODE    58FDH     00D5H     UNIT         ?PR?GETBATTERYVOLTAGE?POWERMANAGE
            CODE    59D2H     00AFH     UNIT         ?PR?_EEPROMREADCONFIGURATION?SYS
            CODE    5A81H     00ACH     UNIT         ?PR?SQRT?SQRT
            CODE    5B2DH     00A1H     UNIT         ?PR?OLED_INIT?OLED
            CODE    5BCEH     0099H     UNIT         ?PR?TM4_ISR?BUZZER
            CODE    5C67H     008CH     UNIT         ?C_C51STARTUP
            CODE    5CF3H     007DH     UNIT         ?PR?_CLEARCACHEAREA?DISPLAY
            CODE    5D70H     0075H     UNIT         ?PR?_EEPROMWRITECONFIGURATION?SYS
            CODE    5DE5H     006FH     UNIT         ?PR?_I2C_READ_MULTIBYTES?IIC
            CODE    5E54H     0061H     UNIT         ?PR?_SCREENREFRESHAREA?DISPLAY
            CODE    5EB5H     0055H     UNIT         ?PR?_DRAWDOT?DISPLAY
            CODE    5F0AH     0054H     UNIT         ?PR?_I2C_NOADDR_WRITE_MULTIBYTES?IIC
            CODE    5F5EH     0052H     UNIT         ?PR?_DISPLAYINIT?DISPLAY
            CODE    5FB0H     004EH     UNIT         ?PR?INT1_ISR?MAIN
            CODE    5FFEH     004AH     UNIT         ?PR?_OLED_DRAWBMP?OLED
            CODE    6048H     0045H     UNIT         ?PR?_EEPROM_READ_N?EEPROM
            CODE    608DH     0045H     UNIT         ?PR?_EEPROM_WRITE_N?EEPROM
            CODE    60D2H     0044H     UNIT         ?PR?_I2C_NOADDR_READ_MULTIBYTES?IIC
            CODE    6116H     0044H     UNIT         ?C?LDIV
            CODE    615AH     003EH     UNIT         ?PR?SYSINIT?SYS
            CODE    6198H     0039H     UNIT         ?PR?BUZZERINIT?BUZZER
            CODE    61D1H     0032H     UNIT         ?PR?SAVESCREEN?DISPLAY
            CODE    6203H     002CH     UNIT         ?PR?SYSTEMPOWERDOWN?POWERMANAGE
            CODE    622FH     002CH     UNIT         ?PR?PININIT?SYS
            CODE    625BH     002BH     UNIT         ?PR?SYSTEMDEEPPOWERDOWN?POWERMANAGE
            CODE    6286H     0029H     UNIT         ?PR?_SINGLE_WRITEIIC?IIC
            CODE    62AFH     0026H     UNIT         ?PR?_EEPROM_SECTORERASE?EEPROM
            CODE    62D5H     0024H     UNIT         ?PR?KEYSCAN?MAIN
BL51 BANKED LINKER/LOCATER V6.22                                                      06/15/2021  23:50:05  PAGE 4


            CODE    62F9H     0022H     UNIT         ?PR?WAIT?IIC
            CODE    631BH     0022H     UNIT         ?PR?I2C_STOP?IIC
            CODE    633DH     0022H     UNIT         ?PR?INT2_ISR?MAIN
            CODE    635FH     001FH     UNIT         ?PR?OLED_CLEAR?OLED
            CODE    637EH     001EH     UNIT         ?PR?_OLED_SET_POS?OLED
            CODE    639CH     001BH     UNIT         ?PR?_ADCREAD?POWERMANAGE
            CODE    63B7H     001BH     UNIT         ?PR?TM0_ISR?MAIN
            CODE    63D2H     001AH     UNIT         ?PR?_OLED_WR_BYTE?OLED
            CODE    63ECH     001AH     UNIT         ?PR?_DELAY1MS?DELAY
            CODE    6406H     001AH     UNIT         ?PR?MAIN?MAIN
            CODE    6420H     0019H     UNIT         ?PR?_DELAY_MS?OLED
            CODE    6439H     0019H     UNIT         ?PR?UARTINIT?SYS
            CODE    6452H     0017H     UNIT         ?PR?_SCREENSETDIRECTION?DISPLAY
            CODE    6469H     0015H     UNIT         ?PR?_BUZZERONOFF?BUZZER
            CODE    647EH     0015H     UNIT         ?PR?BEE?BUZZER
            CODE    6493H     0013H     UNIT         ?PR?UART2INIT?SYS
            CODE    64A6H     0012H     UNIT         ?PR?IIC_INIT?IIC
            CODE    64B8H     0011H     UNIT         ?PR?OLED_DISPLAY_ON?OLED
            CODE    64C9H     0011H     UNIT         ?PR?_OLED_HORIZENTAL_REVERSE?OLED
            CODE    64DAH     0011H     UNIT         ?PR?_OLED_VERTICAL_REVERSE?OLED
            CODE    64EBH     0011H     UNIT         ?PR?_OLED_INVERSE?OLED
            CODE    64FCH     0011H     UNIT         ?PR?I2C_START?IIC
            CODE    650DH     0010H     UNIT         ?PR?TIMER3INIT?SYS
            CODE    651DH     000FH     UNIT         ?PR?I2C_RECVHYTE?IIC
            CODE    652CH     000FH     UNIT         ?PR?I2C_SENDNAK?IIC
            CODE    653BH     000FH     UNIT         ?PR?BEEBEEBEE?BUZZER
            CODE    654AH     000EH     UNIT         ?PR?_OLED_SET_BRIGHTNESS?OLED
            CODE    6558H     000EH     UNIT         ?PR?_I2D_SENDBYTE?IIC
            CODE    6566H     000EH     UNIT         ?PR?I2C_SENDACK?IIC
            CODE    6574H     000EH     UNIT         ?PR?DISABLEEEPROM?EEPROM
            CODE    6582H     000DH     UNIT         ?PR?_BATTERYCHARGEENABLE?POWERMANAGE
            CODE    658FH     000DH     UNIT         ?PR?TIMER0INIT?SYS
            CODE    659CH     000CH     UNIT         ?PR?OLED_DISPLAY_OFF?OLED
            CODE    65A8H     000CH     UNIT         ?PR?SYSTEMPOWERON?POWERMANAGE
            CODE    65B4H     000CH     UNIT         ?PR?INITCONFIG?SYS
            CODE    65C0H     000BH     UNIT         ?PR?_SCREENSETBRIGHTNESS?DISPLAY
            CODE    65CBH     000AH     UNIT         ?PR?_SCREENONOFF?DISPLAY
            CODE    65D5H     0009H     UNIT         ?PR?I2C_RECVACK?IIC
            CODE    65DEH     0009H     UNIT         ?PR?_ENABLEBUZZER?BUZZER
            CODE    65E7H     0007H     UNIT         ?PR?ADCINIT?POWERMANAGE
            CODE    65EEH     0006H     UNIT         ?PR?_ENABLE3V3OUTPUT?POWERMANAGE
            CODE    65F4H     0003H     UNIT         ?PR?_SCREENSETINVERSE?DISPLAY
            CODE    65F7H     0003H     UNIT         ?PR?INT3_ISR?MAIN



OVERLAY MAP OF MODULE:   ..\Objects\iWatch-v1.1 (OLED)


SEGMENT                                        DATA_GROUP          XDATA_GROUP
  +--> CALLED SEGMENT                        START    LENGTH     START    LENGTH
--------------------------------------------------------------------------------
?PR?TM4_ISR?BUZZER                           -----    -----      -----    -----
  +--> ?PR?_BUZZERONOFF?BUZZER

*** NEW ROOT ***************************************************

BL51 BANKED LINKER/LOCATER V6.22                                                      06/15/2021  23:50:05  PAGE 5


?PR?TM3_IST?MAIN                             -----    -----      -----    -----
  +--> ?PR?MCUSOFTRESET?SYS
  +--> ?PR?KEYSCAN?MAIN
  +--> ?PR?BEE?BUZZER
  +--> ?PR?_LED?SYS

?PR?BEE?BUZZER                               -----    -----      -----    -----
  +--> ?PR?_BUZZERONOFF?BUZZER

*** NEW ROOT ***************************************************

?PR?INT1_ISR?MAIN                            -----    -----      -----    -----
  +--> ?PR?BEE?BUZZER
  +--> ?PR?_SCREENONOFF?DISPLAY

?PR?_SCREENONOFF?DISPLAY                     -----    -----      -----    -----
  +--> ?PR?OLED_DISPLAY_ON?OLED
  +--> ?PR?OLED_DISPLAY_OFF?OLED

?PR?OLED_DISPLAY_ON?OLED                     -----    -----      -----    -----
  +--> ?PR?_OLED_WR_BYTE?OLED

?PR?OLED_DISPLAY_OFF?OLED                    -----    -----      -----    -----
  +--> ?PR?_OLED_WR_BYTE?OLED

*** NEW ROOT ***************************************************

?C_C51STARTUP                                -----    -----      -----    -----
  +--> ?PR?MAIN?MAIN
  +--> ?C_INITSEG

?PR?MAIN?MAIN                                -----    -----      -----    -----
  +--> ?PR?SYSINIT?SYS
  +--> ?PR?_DISPLAYINIT?DISPLAY
  +--> ?PR?_CLEARCACHE?DISPLAY
  +--> ?PR?FEEDWATCHDOG?SYS

?PR?SYSINIT?SYS                              -----    -----      -----    -----
  +--> ?PR?PININIT?SYS
  +--> ?PR?UARTINIT?SYS
  +--> ?PR?UART2INIT?SYS
  +--> ?PR?TIMER0INIT?SYS
  +--> ?PR?TIMER3INIT?SYS
  +--> ?PR?INITCONFIG?SYS
  +--> ?PR?ADCINIT?POWERMANAGE
  +--> ?PR?IIC_INIT?IIC
  +--> ?PR?ENABLEWATCHDOG?SYS
  +--> ?PR?_EEPROMREADCONFIGURATION?SYS
  +--> ?PR?BUZZERINIT?BUZZER
  +--> ?PR?_ENABLEBUZZER?BUZZER
  +--> ?PR?_LED?SYS
  +--> ?PR?_DELAY1MS?DELAY

?PR?_EEPROMREADCONFIGURATION?SYS             -----    -----      0D81H    0006H
  +--> ?PR?_EEPROM_READ_N?EEPROM

?PR?_EEPROM_READ_N?EEPROM                    -----    -----      0D87H    0007H
BL51 BANKED LINKER/LOCATER V6.22                                                      06/15/2021  23:50:05  PAGE 6


  +--> ?PR?DISABLEEEPROM?EEPROM

?PR?_DISPLAYINIT?DISPLAY                     -----    -----      0D81H    0003H
  +--> ?PR?OLED_INIT?OLED
  +--> ?PR?_SCREENSETBRIGHTNESS?DISPLAY
  +--> ?PR?_SCREENSETDIRECTION?DISPLAY
  +--> ?PR?_SCREENSETINVERSE?DISPLAY
  +--> ?PR?_SCREENONOFF?DISPLAY

?PR?OLED_INIT?OLED                           -----    -----      -----    -----
  +--> ?PR?_DELAY_MS?OLED
  +--> ?PR?_OLED_WR_BYTE?OLED
  +--> ?PR?OLED_CLEAR?OLED
  +--> ?PR?_OLED_SET_POS?OLED

?PR?OLED_CLEAR?OLED                          -----    -----      -----    -----
  +--> ?PR?_OLED_WR_BYTE?OLED

?PR?_OLED_SET_POS?OLED                       -----    -----      -----    -----
  +--> ?PR?_OLED_WR_BYTE?OLED

?PR?_SCREENSETBRIGHTNESS?DISPLAY             -----    -----      -----    -----
  +--> ?PR?_OLED_SET_BRIGHTNESS?OLED

?PR?_OLED_SET_BRIGHTNESS?OLED                -----    -----      -----    -----
  +--> ?PR?_OLED_WR_BYTE?OLED

?PR?_SCREENSETDIRECTION?DISPLAY              -----    -----      -----    -----
  +--> ?PR?_OLED_HORIZENTAL_REVERSE?OLED
  +--> ?PR?_OLED_VERTICAL_REVERSE?OLED

?PR?_OLED_HORIZENTAL_REVERSE?OLED            -----    -----      -----    -----
  +--> ?PR?_OLED_WR_BYTE?OLED

?PR?_OLED_VERTICAL_REVERSE?OLED              -----    -----      -----    -----
  +--> ?PR?_OLED_WR_BYTE?OLED

?PR?_SCREENSETINVERSE?DISPLAY                -----    -----      -----    -----
  +--> ?PR?_OLED_INVERSE?OLED

?PR?_OLED_INVERSE?OLED                       -----    -----      -----    -----
  +--> ?PR?_OLED_WR_BYTE?OLED

?PR?_CLEARCACHE?DISPLAY                      0047H    0002H      0D81H    0003H



UNRESOLVED EXTERNAL SYMBOLS:
   BME280INIT
   HMC5883L_INIT
   I2C_RECVBYTE
   LSM6DSMINIT
   RDA5807MINIT
   _I2C_SENDBYTE
   _SCREEROLLUP


BL51 BANKED LINKER/LOCATER V6.22                                                      06/15/2021  23:50:05  PAGE 7



SYMBOL TABLE OF MODULE:  ..\Objects\iWatch-v1.1 (OLED)

  VALUE           TYPE          NAME
  ----------------------------------

  -------         MODULE        OLED
  C:0000H         SYMBOL        _ICE_DUMMY_
  C:64B8H         PUBLIC        OLED_Display_On
  B:0090H.2       PUBLIC        OLED_RST
  D:0080H         PUBLIC        P0
  D:0090H         PUBLIC        P1
  D:00A0H         PUBLIC        P2
  D:00B0H         PUBLIC        P3
  D:00C0H         PUBLIC        P4
  D:00C8H         PUBLIC        P5
  D:00E8H         PUBLIC        P6
  C:64DAH         PUBLIC        _OLED_Vertical_Reverse
  D:00F8H         PUBLIC        P7
  B:0090H.3       PUBLIC        OLED_DC
  D:00A8H         PUBLIC        IE
  D:00B8H         PUBLIC        IP
  C:5B2DH         PUBLIC        OLED_Init
  B:00C0H.4       PUBLIC        OLED_RD
  D:00D8H         PUBLIC        CCON
  C:63DCH         PUBLIC        _OLED_WR_Byte
  B:00C0H.3       PUBLIC        OLED_WR
  C:654AH         PUBLIC        _OLED_Set_Brightness
  D:0098H         PUBLIC        SCON
  D:0088H         PUBLIC        TCON
  C:637EH         PUBLIC        _OLED_Set_Pos
  C:6420H         PUBLIC        _delay_ms
  C:659CH         PUBLIC        OLED_Display_Off
  C:64EBH         PUBLIC        _OLED_Inverse
  C:64C9H         PUBLIC        _OLED_Horizental_Reverse
  C:635FH         PUBLIC        OLED_Clear
  C:5FFEH         PUBLIC        _OLED_DrawBMP
  D:00D0H         PUBLIC        PSW
  -------         PROC          _DELAY_MS
  D:0006H         SYMBOL        ms
  -------         DO            
  D:0005H         SYMBOL        i
  D:0004H         SYMBOL        j
  -------         ENDDO         
  C:6420H         LINE#         12
  C:6420H         LINE#         13
  C:6420H         LINE#         15
  C:6429H         LINE#         16
  C:6429H         LINE#         17
  C:642BH         LINE#         18
  C:642DH         LINE#         20
  C:642DH         LINE#         21
  C:642FH         LINE#         22
  C:6431H         LINE#         23
  C:6438H         LINE#         24
  -------         ENDPROC       _DELAY_MS
  C:63D7H         SYMBOL        L?0046
BL51 BANKED LINKER/LOCATER V6.22                                                      06/15/2021  23:50:05  PAGE 8


  -------         PROC          L?0045
  -------         ENDPROC       L?0045
  C:63D7H         SYMBOL        L?0046
  -------         PROC          _OLED_WR_BYTE
  D:0007H         SYMBOL        dat
  D:0005H         SYMBOL        cmd
  C:63DCH         LINE#         30
  C:63DCH         LINE#         31
  C:63DCH         LINE#         33
  C:63DFH         LINE#         34
  C:63E3H         LINE#         36
  C:63E5H         LINE#         37
  C:63E7H         LINE#         38
  C:63E9H         LINE#         39
  C:63EBH         LINE#         41
  -------         ENDPROC       _OLED_WR_BYTE
  -------         PROC          _OLED_SET_POS
  D:0006H         SYMBOL        x
  D:0005H         SYMBOL        y
  C:637EH         LINE#         70
  C:6380H         LINE#         71
  C:6380H         LINE#         72
  C:6389H         LINE#         73
  C:6395H         LINE#         74
  -------         ENDPROC       _OLED_SET_POS
  -------         PROC          OLED_DISPLAY_ON
  C:64B8H         LINE#         78
  C:64B8H         LINE#         79
  C:64B8H         LINE#         80
  C:64BFH         LINE#         81
  C:64C4H         LINE#         82
  -------         ENDPROC       OLED_DISPLAY_ON
  -------         PROC          OLED_DISPLAY_OFF
  C:659CH         LINE#         85
  C:659CH         LINE#         86
  C:659CH         LINE#         87
  C:65A0H         LINE#         88
  C:65A3H         LINE#         89
  -------         ENDPROC       OLED_DISPLAY_OFF
  -------         PROC          _OLED_SET_BRIGHTNESS
  D:0006H         SYMBOL        brightness
  C:654AH         LINE#         91
  C:654CH         LINE#         92
  C:654CH         LINE#         93
  C:6553H         LINE#         94
  -------         ENDPROC       _OLED_SET_BRIGHTNESS
  -------         PROC          _OLED_HORIZENTAL_REVERSE
  D:0007H         SYMBOL        reverse
  C:64C9H         LINE#         97
  C:64C9H         LINE#         98
  C:64C9H         LINE#         99
  C:64CCH         LINE#         100
  C:64D2H         LINE#         102
  C:64D9H         LINE#         103
  -------         ENDPROC       _OLED_HORIZENTAL_REVERSE
  -------         PROC          _OLED_VERTICAL_REVERSE
  D:0007H         SYMBOL        reverse
BL51 BANKED LINKER/LOCATER V6.22                                                      06/15/2021  23:50:05  PAGE 9


  C:64DAH         LINE#         104
  C:64DAH         LINE#         105
  C:64DAH         LINE#         106
  C:64DDH         LINE#         107
  C:64E3H         LINE#         109
  C:64EAH         LINE#         110
  -------         ENDPROC       _OLED_VERTICAL_REVERSE
  -------         PROC          _OLED_INVERSE
  D:0007H         SYMBOL        k
  C:64EBH         LINE#         112
  C:64EBH         LINE#         113
  C:64EBH         LINE#         114
  C:64EEH         LINE#         115
  C:64F4H         LINE#         117
  C:64FBH         LINE#         118
  -------         ENDPROC       _OLED_INVERSE
  -------         PROC          OLED_CLEAR
  -------         DO            
  D:0006H         SYMBOL        i
  D:0004H         SYMBOL        n
  -------         ENDDO         
  C:635FH         LINE#         119
  C:635FH         LINE#         120
  C:635FH         LINE#         122
  C:6361H         LINE#         123
  C:6361H         LINE#         124
  C:6367H         LINE#         125
  C:6367H         LINE#         126
  C:636AH         LINE#         127
  C:636CH         LINE#         128
  C:6378H         LINE#         129
  C:637DH         LINE#         130
  -------         ENDPROC       OLED_CLEAR
  -------         PROC          _OLED_DRAWBMP
  D:0001H         SYMBOL        buf
  -------         DO            
  D:003BH         SYMBOL        i
  D:003CH         SYMBOL        j
  D:003DH         SYMBOL        n
  -------         ENDDO         
  C:5FFEH         LINE#         131
  C:5FFEH         LINE#         132
  C:5FFEH         LINE#         135
  C:6001H         LINE#         136
  C:6001H         LINE#         137
  C:6008H         LINE#         138
  C:600BH         LINE#         139
  C:6010H         LINE#         140
  C:601BH         LINE#         141
  C:601EH         LINE#         142
  C:603EH         LINE#         143
  C:6047H         LINE#         144
  -------         ENDPROC       _OLED_DRAWBMP
  -------         PROC          OLED_INIT
  C:5B2DH         LINE#         147
  C:5B2DH         LINE#         148
  C:5B2DH         LINE#         149
BL51 BANKED LINKER/LOCATER V6.22                                                      06/15/2021  23:50:05  PAGE 10


  C:5B2FH         LINE#         150
  C:5B36H         LINE#         151
  C:5B38H         LINE#         152
  C:5B3FH         LINE#         153
  C:5B41H         LINE#         154
  C:5B43H         LINE#         155
  C:5B47H         LINE#         156
  C:5B47H         LINE#         157
  C:5B4AH         LINE#         158
  C:5B4FH         LINE#         159
  C:5B54H         LINE#         160
  C:5B59H         LINE#         161
  C:5B5EH         LINE#         162
  C:5B63H         LINE#         163
  C:5B68H         LINE#         164
  C:5B6DH         LINE#         165
  C:5B72H         LINE#         166
  C:5B77H         LINE#         167
  C:5B7CH         LINE#         168
  C:5B81H         LINE#         169
  C:5B86H         LINE#         170
  C:5B8BH         LINE#         171
  C:5B90H         LINE#         172
  C:5B95H         LINE#         173
  C:5B9AH         LINE#         174
  C:5B9FH         LINE#         175
  C:5BA4H         LINE#         176
  C:5BA9H         LINE#         177
  C:5BAEH         LINE#         178
  C:5BB3H         LINE#         179
  C:5BB8H         LINE#         180
  C:5BBDH         LINE#         181
  C:5BC2H         LINE#         187
  C:5BC5H         LINE#         188
  C:5BC8H         LINE#         189
  -------         ENDPROC       OLED_INIT
  -------         ENDMOD        OLED

  -------         MODULE        POWERMANAGE
  C:0000H         SYMBOL        _ICE_DUMMY_
  D:0092H         PUBLIC        P1M0
  D:0096H         PUBLIC        P2M0
  D:0091H         PUBLIC        P1M1
  D:0080H         PUBLIC        P0
  D:0095H         PUBLIC        P2M1
  D:0090H         PUBLIC        P1
  D:00A0H         PUBLIC        P2
  D:00B0H         PUBLIC        P3
  D:00C0H         PUBLIC        P4
  C:5414H         PUBLIC        GetBatteryLife
  D:00C8H         PUBLIC        P5
  D:00E8H         PUBLIC        P6
  D:00F8H         PUBLIC        P7
  D:00A8H         PUBLIC        IE
  D:00BDH         PUBLIC        ADC_RES
  D:00B8H         PUBLIC        IP
  D:00DEH         PUBLIC        ADCCFG
BL51 BANKED LINKER/LOCATER V6.22                                                      06/15/2021  23:50:05  PAGE 11


  C:65EEH         PUBLIC        _Enable3V3Output
  D:00D8H         PUBLIC        CCON
  B:00C0H.0       PUBLIC        EN_3V3
  D:00BCH         PUBLIC        ADC_CONTR
  D:0087H         PUBLIC        PCON
  D:0098H         PUBLIC        SCON
  C:6203H         PUBLIC        SystemPowerDown
  D:0088H         PUBLIC        TCON
  C:625BH         PUBLIC        SystemDeepPowerDown
  B:0090H.7       PUBLIC        PROG
  D:00AFH         PUBLIC        IE2
  C:639CH         PUBLIC        _ADCRead
  B:00A8H.1       PUBLIC        ET0
  C:65A8H         PUBLIC        SystemPowerOn
  C:58FDH         PUBLIC        GetBatteryVoltage
  X:0D57H         PUBLIC        BGV
  C:65E7H         PUBLIC        ADCInit
  C:6582H         PUBLIC        _BatteryChargeEnable
  D:00D0H         PUBLIC        PSW
  -------         PROC          ADCINIT
  C:65E7H         LINE#         11
  C:65E7H         LINE#         12
  C:65E7H         LINE#         13
  C:65EAH         LINE#         14
  C:65EDH         LINE#         15
  -------         ENDPROC       ADCINIT
  -------         PROC          _ADCREAD
  D:0007H         SYMBOL        adc_ch
  -------         DO            
  D:0006H         SYMBOL        res
  -------         ENDDO         
  C:639CH         LINE#         21
  C:639CH         LINE#         22
  C:639CH         LINE#         24
  C:63A1H         LINE#         25
  C:63A4H         LINE#         26
  C:63A5H         LINE#         27
  C:63A6H         LINE#         28
  C:63ABH         LINE#         29
  C:63AEH         LINE#         30
  C:63B6H         LINE#         31
  C:63B6H         LINE#         32
  -------         ENDPROC       _ADCREAD
  -------         PROC          _ENABLE3V3OUTPUT
  D:0007H         SYMBOL        k
  C:65EEH         LINE#         39
  C:65EEH         LINE#         40
  C:65EEH         LINE#         41
  C:65F3H         LINE#         42
  -------         ENDPROC       _ENABLE3V3OUTPUT
  -------         PROC          _BATTERYCHARGEENABLE
  D:0007H         SYMBOL        k
  C:6582H         LINE#         52
  C:6582H         LINE#         53
  C:6582H         LINE#         54
  C:6585H         LINE#         55
  C:6585H         LINE#         56
BL51 BANKED LINKER/LOCATER V6.22                                                      06/15/2021  23:50:05  PAGE 12


  C:6588H         LINE#         57
  C:6589H         LINE#         59
  C:6589H         LINE#         60
  C:658CH         LINE#         61
  C:658EH         LINE#         62
  C:658EH         LINE#         63
  -------         ENDPROC       _BATTERYCHARGEENABLE
  -------         PROC          GETBATTERYVOLTAGE
  -------         DO            
  X:0DB9H         SYMBOL        res
  X:0DBDH         SYMBOL        i
  X:0DBFH         SYMBOL        vcc
  -------         ENDDO         
  C:58FDH         LINE#         69
  C:58FDH         LINE#         70
  C:58FDH         LINE#         71
  C:5907H         LINE#         72
  C:590EH         LINE#         73
  C:5912H         LINE#         74
  C:5917H         LINE#         75
  C:591CH         LINE#         76
  C:5923H         LINE#         77
  C:5923H         LINE#         78
  C:594EH         LINE#         79
  C:596DH         LINE#         80
  C:5986H         LINE#         81
  C:59C0H         LINE#         82
  C:59D1H         LINE#         83
  -------         ENDPROC       GETBATTERYVOLTAGE
  -------         PROC          GETBATTERYLIFE
  -------         DO            
  X:0D06H         SYMBOL        first_time_flag
  X:0D07H         SYMBOL        queue
  X:0DB0H         SYMBOL        queue_average
  X:0DB4H         SYMBOL        percentage
  X:0DB8H         SYMBOL        i
  -------         ENDDO         
  C:5414H         LINE#         93
  C:5414H         LINE#         94
  C:5414H         LINE#         97
  C:541EH         LINE#         99
  C:5423H         LINE#         100
  C:5442H         LINE#         101
  C:545EH         LINE#         102
  C:545EH         LINE#         103
  C:5468H         LINE#         104
  C:546AH         LINE#         105
  C:5482H         LINE#         106
  C:5482H         LINE#         107
  C:548CH         LINE#         108
  C:548CH         LINE#         109
  C:5492H         LINE#         110
  C:5492H         LINE#         111
  C:5494H         LINE#         112
  C:54A3H         LINE#         113
  C:54CAH         LINE#         114
  C:54CAH         LINE#         115
BL51 BANKED LINKER/LOCATER V6.22                                                      06/15/2021  23:50:05  PAGE 13


  C:54DAH         LINE#         116
  C:54DAH         LINE#         117
  C:54F9H         LINE#         118
  C:5529H         LINE#         119
  C:5531H         LINE#         120
  C:5554H         LINE#         121
  C:5572H         LINE#         122
  C:5586H         LINE#         123
  C:5594H         LINE#         124
  -------         ENDPROC       GETBATTERYLIFE
  -------         PROC          SYSTEMPOWERDOWN
  -------         DO            
  X:0E04H         SYMBOL        temp
  -------         ENDDO         
  C:6203H         LINE#         130
  C:6203H         LINE#         131
  C:6203H         LINE#         132
  C:6209H         LINE#         133
  C:620CH         LINE#         134
  C:620EH         LINE#         135
  C:6211H         LINE#         136
  C:6214H         LINE#         137
  C:6217H         LINE#         138
  C:6219H         LINE#         139
  C:621CH         LINE#         140
  C:621FH         LINE#         141
  C:6221H         LINE#         142
  C:6223H         LINE#         143
  C:6226H         LINE#         144
  C:6229H         LINE#         145
  C:622CH         LINE#         146
  C:622DH         LINE#         147
  C:622EH         LINE#         148
  -------         ENDPROC       SYSTEMPOWERDOWN
  -------         PROC          SYSTEMDEEPPOWERDOWN
  -------         DO            
  D:0007H         SYMBOL        temp
  -------         ENDDO         
  C:625BH         LINE#         155
  C:625BH         LINE#         156
  C:625BH         LINE#         157
  C:625DH         LINE#         158
  C:6260H         LINE#         159
  C:6262H         LINE#         160
  C:6265H         LINE#         161
  C:6268H         LINE#         162
  C:626BH         LINE#         163
  C:626DH         LINE#         164
  C:626FH         LINE#         165
  C:6272H         LINE#         166
  C:6274H         LINE#         167
  C:6276H         LINE#         168
  C:6278H         LINE#         169
  C:627BH         LINE#         170
  C:627EH         LINE#         171
  C:6281H         LINE#         172
  C:6282H         LINE#         173
BL51 BANKED LINKER/LOCATER V6.22                                                      06/15/2021  23:50:05  PAGE 14


  C:6283H         LINE#         174
  C:6285H         LINE#         175
  -------         ENDPROC       SYSTEMDEEPPOWERDOWN
  -------         PROC          SYSTEMPOWERON
  C:65A8H         LINE#         181
  C:65A8H         LINE#         182
  C:65A8H         LINE#         183
  C:65ABH         LINE#         184
  C:65ADH         LINE#         185
  C:65B0H         LINE#         186
  C:65B3H         LINE#         187
  -------         ENDPROC       SYSTEMPOWERON
  -------         ENDMOD        POWERMANAGE

  -------         MODULE        IIC
  C:0000H         SYMBOL        _ICE_DUMMY_
  D:0080H         PUBLIC        P0
  D:0090H         PUBLIC        P1
  C:65D5H         PUBLIC        I2C_RecvACK
  D:00A0H         PUBLIC        P2
  D:00B0H         PUBLIC        P3
  D:00C0H         PUBLIC        P4
  D:00C8H         PUBLIC        P5
  D:00E8H         PUBLIC        P6
  C:652CH         PUBLIC        I2C_SendNAK
  D:00F8H         PUBLIC        P7
  D:0043H         PUBLIC        timeout
  D:00BAH         PUBLIC        P_SW2
  D:00A8H         PUBLIC        IE
  C:5DE5H         PUBLIC        _I2C_Read_MultiBytes
  C:62F9H         PUBLIC        Wait
  D:00B8H         PUBLIC        IP
  C:005EH         PUBLIC        _Single_ReadIIC
  D:00D8H         PUBLIC        CCON
  C:6286H         PUBLIC        _Single_WriteIIC
  C:6504H         PUBLIC        I2C_Start
  C:60D2H         PUBLIC        _I2C_NoAddr_Read_MultiBytes
  D:0098H         PUBLIC        SCON
  D:0088H         PUBLIC        TCON
  C:6558H         PUBLIC        _I2D_SendByte
  C:5F0AH         PUBLIC        _I2C_NoAddr_Write_MultiBytes
  C:6334H         PUBLIC        I2C_Stop
  C:64A6H         PUBLIC        IIC_Init
  C:651DH         PUBLIC        I2C_RecvHyte
  D:00D0H         PUBLIC        PSW
  C:6566H         PUBLIC        I2C_SendACK
  -------         PROC          IIC_INIT
  C:64A6H         LINE#         9
  C:64A6H         LINE#         10
  C:64A6H         LINE#         11
  C:64A9H         LINE#         12
  C:64AFH         LINE#         13
  C:64B4H         LINE#         14
  C:64B7H         LINE#         15
  -------         ENDPROC       IIC_INIT
  -------         PROC          WAIT
  C:62F9H         LINE#         17
BL51 BANKED LINKER/LOCATER V6.22                                                      06/15/2021  23:50:05  PAGE 15


  C:62F9H         LINE#         18
  C:62F9H         LINE#         19
  C:62FFH         LINE#         20
  C:6306H         LINE#         21
  C:6306H         LINE#         22
  C:6313H         LINE#         23
  C:6313H         LINE#         25
  C:631AH         LINE#         26
  -------         ENDPROC       WAIT
  C:64FFH         SYMBOL        L?0031
  C:6500H         SYMBOL        L?0032
  -------         PROC          L?0030
  -------         ENDPROC       L?0030
  C:64FFH         SYMBOL        L?0031
  C:6500H         SYMBOL        L?0032
  -------         PROC          I2C_START
  C:6504H         LINE#         27
  C:6504H         LINE#         28
  C:6504H         LINE#         29
  C:650AH         LINE#         30
  -------         ENDPROC       I2C_START
  C:631EH         SYMBOL        L?0029
  -------         PROC          L?0028
  -------         ENDPROC       L?0028
  C:631EH         SYMBOL        L?0029
  -------         PROC          I2C_STOP
  C:6334H         LINE#         32
  C:6334H         LINE#         33
  C:6334H         LINE#         34
  C:633AH         LINE#         35
  -------         ENDPROC       I2C_STOP
  -------         PROC          _I2D_SENDBYTE
  D:0007H         SYMBOL        dat
  C:6558H         LINE#         37
  C:6558H         LINE#         38
  C:6558H         LINE#         39
  C:655DH         LINE#         40
  C:6563H         LINE#         41
  -------         ENDPROC       _I2D_SENDBYTE
  -------         PROC          I2C_RECVHYTE
  C:651DH         LINE#         43
  C:651DH         LINE#         44
  C:651DH         LINE#         45
  C:6523H         LINE#         46
  C:6526H         LINE#         47
  C:652BH         LINE#         48
  -------         ENDPROC       I2C_RECVHYTE
  -------         PROC          I2C_RECVACK
  C:65D5H         LINE#         49
  C:65D5H         LINE#         50
  C:65D5H         LINE#         51
  C:65DBH         LINE#         52
  -------         ENDPROC       I2C_RECVACK
  -------         PROC          I2C_SENDACK
  C:6566H         LINE#         54
  C:6566H         LINE#         55
  C:6566H         LINE#         56
BL51 BANKED LINKER/LOCATER V6.22                                                      06/15/2021  23:50:05  PAGE 16


  C:656BH         LINE#         57
  C:6571H         LINE#         58
  -------         ENDPROC       I2C_SENDACK
  -------         PROC          I2C_SENDNAK
  C:652CH         LINE#         60
  C:652CH         LINE#         61
  C:652CH         LINE#         62
  C:6532H         LINE#         63
  C:6538H         LINE#         64
  -------         ENDPROC       I2C_SENDNAK
  -------         PROC          _SINGLE_WRITEIIC
  D:0007H         SYMBOL        SlaveAddress
  X:0E00H         SYMBOL        REG_Address
  X:0E01H         SYMBOL        REG_data
  C:6286H         LINE#         69
  C:6289H         LINE#         70
  C:6289H         LINE#         71
  C:6289H         LINE#         72
  C:628CH         LINE#         73
  C:628FH         LINE#         74
  C:6292H         LINE#         75
  C:629AH         LINE#         76
  C:629DH         LINE#         77
  C:62A5H         LINE#         78
  C:62A8H         LINE#         79
  C:62ABH         LINE#         80
  C:62AEH         LINE#         81
  -------         ENDPROC       _SINGLE_WRITEIIC
  -------         PROC          _SINGLE_READIIC
  X:0E02H         SYMBOL        SlaveAddress
  X:0E03H         SYMBOL        REG_Address
  -------         DO            
  D:0007H         SYMBOL        REG_data
  -------         ENDDO         
  C:005EH         LINE#         82
  C:0064H         LINE#         83
  C:0064H         LINE#         85
  C:0064H         LINE#         86
  C:0067H         LINE#         87
  C:006FH         LINE#         88
  C:0072H         LINE#         89
  C:007AH         LINE#         90
  C:007DH         LINE#         91
  C:0080H         LINE#         92
  C:0088H         LINE#         93
  C:008BH         LINE#         94
  C:008EH         LINE#         95
  C:0091H         LINE#         96
  C:0094H         LINE#         97
  C:0097H         LINE#         98
  C:0097H         LINE#         99
  -------         ENDPROC       _SINGLE_READIIC
  -------         PROC          _I2C_NOADDR_WRITE_MULTIBYTES
  D:0007H         SYMBOL        DeviceAddr
  X:0DD6H         SYMBOL        BytesNum
  X:0DD7H         SYMBOL        buf
  -------         DO            
BL51 BANKED LINKER/LOCATER V6.22                                                      06/15/2021  23:50:05  PAGE 17


  X:0DDAH         SYMBOL        i
  -------         ENDDO         
  C:5F0AH         LINE#         100
  C:5F18H         LINE#         101
  C:5F18H         LINE#         102
  C:5F19H         LINE#         103
  C:5F19H         LINE#         104
  C:5F1CH         LINE#         105
  C:5F1FH         LINE#         106
  C:5F22H         LINE#         107
  C:5F35H         LINE#         108
  C:5F35H         LINE#         109
  C:5F4CH         LINE#         110
  C:5F4FH         LINE#         111
  C:5F57H         LINE#         112
  C:5F5AH         LINE#         113
  C:5F5DH         LINE#         114
  -------         ENDPROC       _I2C_NOADDR_WRITE_MULTIBYTES
  -------         PROC          _I2C_NOADDR_READ_MULTIBYTES
  D:0007H         SYMBOL        DeviceAddr
  X:0DDBH         SYMBOL        BytesNum
  X:0DDCH         SYMBOL        buf
  -------         DO            
  X:0DDFH         SYMBOL        i
  -------         ENDDO         
  C:60D2H         LINE#         115
  C:60DFH         LINE#         116
  C:60DFH         LINE#         118
  C:60DFH         LINE#         119
  C:60E2H         LINE#         120
  C:60E8H         LINE#         121
  C:60EBH         LINE#         122
  C:60FEH         LINE#         123
  C:60FEH         LINE#         124
  C:6101H         LINE#         125
  C:6101H         LINE#         126
  C:6104H         LINE#         127
  C:610CH         LINE#         128
  C:610FH         LINE#         129
  C:610FH         LINE#         130
  C:6112H         LINE#         131
  C:6115H         LINE#         132
  -------         ENDPROC       _I2C_NOADDR_READ_MULTIBYTES
  -------         PROC          _I2C_READ_MULTIBYTES
  X:0DC1H         SYMBOL        DeviceAddr
  X:0DC2H         SYMBOL        address
  X:0DC3H         SYMBOL        BytesNum
  X:0DC4H         SYMBOL        buf
  -------         DO            
  X:0DC7H         SYMBOL        i
  -------         ENDDO         
  C:5DE5H         LINE#         133
  C:5DEBH         LINE#         134
  C:5DEBH         LINE#         136
  C:5DEBH         LINE#         137
  C:5DEEH         LINE#         138
  C:5DF6H         LINE#         139
BL51 BANKED LINKER/LOCATER V6.22                                                      06/15/2021  23:50:05  PAGE 18


  C:5DF9H         LINE#         140
  C:5E01H         LINE#         141
  C:5E04H         LINE#         142
  C:5E07H         LINE#         143
  C:5E10H         LINE#         144
  C:5E23H         LINE#         145
  C:5E23H         LINE#         146
  C:5E3CH         LINE#         147
  C:5E3FH         LINE#         148
  C:5E47H         LINE#         149
  C:5E4DH         LINE#         150
  C:5E4DH         LINE#         151
  C:5E50H         LINE#         152
  C:5E53H         LINE#         153
  -------         ENDPROC       _I2C_READ_MULTIBYTES
  -------         ENDMOD        IIC

  -------         MODULE        SYS
  C:0000H         SYMBOL        _ICE_DUMMY_
  D:0092H         PUBLIC        P1M0
  D:0093H         PUBLIC        P0M1
  D:0096H         PUBLIC        P2M0
  D:0091H         PUBLIC        P1M1
  D:0080H         PUBLIC        P0
  D:00B2H         PUBLIC        P3M0
  D:0095H         PUBLIC        P2M1
  D:0090H         PUBLIC        P1
  D:00B4H         PUBLIC        P4M0
  D:00B1H         PUBLIC        P3M1
  D:00A0H         PUBLIC        P2
  D:00CAH         PUBLIC        P5M0
  D:00B3H         PUBLIC        P4M1
  D:00B0H         PUBLIC        P3
  D:00C9H         PUBLIC        P5M1
  D:00C0H         PUBLIC        P4
  D:00C8H         PUBLIC        P5
  B:00A8H.7       PUBLIC        EA
  D:00E8H         PUBLIC        P6
  D:00F8H         PUBLIC        P7
  C:000EH         PUBLIC        MCUSoftReset
  C:009EH         PUBLIC        FeedWatchDog
  D:00A8H         PUBLIC        IE
  D:008FH         PUBLIC        INTCLKO
  D:00B8H         PUBLIC        IP
  B:0098H.1       PUBLIC        TI
  D:00D8H         PUBLIC        CCON
  C:59D2H         PUBLIC        _EEPROMReadConfiguration
  D:0098H         PUBLIC        SCON
  C:6439H         PUBLIC        UartInit
  D:0089H         PUBLIC        TMOD
  D:0088H         PUBLIC        TCON
  B:0090H.6       PUBLIC        P16
  B:00B0H.5       PUBLIC        P35
  C:5D70H         PUBLIC        _EEPROMWriteConfiguration
  C:622FH         PUBLIC        PinInit
  D:00AFH         PUBLIC        IE2
  D:008EH         PUBLIC        AUXR
BL51 BANKED LINKER/LOCATER V6.22                                                      06/15/2021  23:50:05  PAGE 19


  D:00C7H         PUBLIC        IAP_CONTR
  X:0C91H         PUBLIC        default_config
  B:00A8H.1       PUBLIC        ET0
  B:00A8H.3       PUBLIC        ET1
  C:658FH         PUBLIC        Timer0Init
  D:008CH         PUBLIC        TH0
  D:008DH         PUBLIC        TH1
  B:0088H.0       PUBLIC        IT0
  B:00A8H.0       PUBLIC        EX0
  C:650DH         PUBLIC        Timer3Init
  D:00D6H         PUBLIC        T2H
  B:0088H.2       PUBLIC        IT1
  B:00A8H.2       PUBLIC        EX1
  D:00D4H         PUBLIC        T3H
  D:008AH         PUBLIC        TL0
  D:008BH         PUBLIC        TL1
  D:00D7H         PUBLIC        T2L
  D:00D5H         PUBLIC        T3L
  C:0003H         PUBLIC        _LED
  B:0088H.4       PUBLIC        TR0
  C:615AH         PUBLIC        SysInit
  B:0088H.6       PUBLIC        TR1
  D:00C1H         PUBLIC        WDT_CONTR
  D:00D1H         PUBLIC        T4T3M
  C:0056H         PUBLIC        EnableWatchDog
  D:009AH         PUBLIC        S2CON
  C:6493H         PUBLIC        Uart2Init
  C:65B4H         PUBLIC        InitConfig
  D:00D0H         PUBLIC        PSW
  D:0094H         PUBLIC        P0M0
  -------         PROC          PININIT
  C:622FH         LINE#         44
  C:622FH         LINE#         45
  C:622FH         LINE#         48
  C:6232H         LINE#         49
  C:6234H         LINE#         50
  C:6236H         LINE#         58
  C:6238H         LINE#         59
  C:623AH         LINE#         60
  C:623DH         LINE#         67
  C:6240H         LINE#         68
  C:6243H         LINE#         69
  C:6245H         LINE#         76
  C:6248H         LINE#         77
  C:624AH         LINE#         78
  C:624CH         LINE#         81
  C:624FH         LINE#         82
  C:6251H         LINE#         83
  C:6253H         LINE#         85
  C:6256H         LINE#         86
  C:6258H         LINE#         87
  C:625AH         LINE#         88
  -------         ENDPROC       PININIT
  -------         PROC          TIMER0INIT
  C:658FH         LINE#         90
  C:658FH         LINE#         91
  C:658FH         LINE#         92
BL51 BANKED LINKER/LOCATER V6.22                                                      06/15/2021  23:50:05  PAGE 20


  C:6592H         LINE#         93
  C:6595H         LINE#         94
  C:6597H         LINE#         95
  C:6599H         LINE#         96
  C:659BH         LINE#         97
  -------         ENDPROC       TIMER0INIT
  -------         PROC          TIMER3INIT
  C:650DH         LINE#         98
  C:650DH         LINE#         99
  C:650DH         LINE#         100
  C:6510H         LINE#         101
  C:6513H         LINE#         102
  C:6516H         LINE#         103
  C:6519H         LINE#         104
  C:651CH         LINE#         105
  -------         ENDPROC       TIMER3INIT
  -------         PROC          UARTINIT
  C:6439H         LINE#         176
  C:6439H         LINE#         177
  C:6439H         LINE#         178
  C:643CH         LINE#         179
  C:643FH         LINE#         180
  C:6442H         LINE#         181
  C:6445H         LINE#         182
  C:6448H         LINE#         183
  C:644BH         LINE#         184
  C:644DH         LINE#         185
  C:644FH         LINE#         186
  C:6451H         LINE#         187
  -------         ENDPROC       UARTINIT
  -------         PROC          UART2INIT
  C:6493H         LINE#         191
  C:6493H         LINE#         192
  C:6493H         LINE#         193
  C:6496H         LINE#         194
  C:6499H         LINE#         195
  C:649CH         LINE#         196
  C:649FH         LINE#         197
  C:64A2H         LINE#         198
  C:64A5H         LINE#         199
  -------         ENDPROC       UART2INIT
  -------         PROC          INITCONFIG
  C:65B4H         LINE#         201
  C:65B4H         LINE#         202
  C:65B4H         LINE#         203
  C:65B6H         LINE#         204
  C:65B8H         LINE#         205
  C:65BAH         LINE#         206
  C:65BCH         LINE#         207
  C:65BFH         LINE#         210
  -------         ENDPROC       INITCONFIG
  -------         PROC          MCUSOFTRESET
  C:000EH         LINE#         211
  C:000EH         LINE#         212
  C:000EH         LINE#         213
  C:0011H         LINE#         214
  -------         ENDPROC       MCUSOFTRESET
BL51 BANKED LINKER/LOCATER V6.22                                                      06/15/2021  23:50:05  PAGE 21


  -------         PROC          ENABLEWATCHDOG
  C:0056H         LINE#         216
  C:0056H         LINE#         217
  C:0056H         LINE#         218
  C:0059H         LINE#         219
  -------         ENDPROC       ENABLEWATCHDOG
  -------         PROC          FEEDWATCHDOG
  C:009EH         LINE#         220
  C:009EH         LINE#         221
  C:009EH         LINE#         222
  C:00A1H         LINE#         223
  -------         ENDPROC       FEEDWATCHDOG
  -------         PROC          _EEPROMWRITECONFIGURATION
  X:0DE0H         SYMBOL        config
  -------         DO            
  D:0007H         SYMBOL        i
  X:0DE3H         SYMBOL        temp
  -------         ENDDO         
  C:5D70H         LINE#         239
  C:5D7BH         LINE#         240
  C:5D7BH         LINE#         241
  C:5D7DH         LINE#         242
  C:5D81H         LINE#         243
  C:5D81H         LINE#         244
  C:5DA7H         LINE#         245
  C:5DC3H         LINE#         246
  C:5DCAH         LINE#         247
  -------         ENDPROC       _EEPROMWRITECONFIGURATION
  -------         PROC          _EEPROMREADCONFIGURATION
  X:0D81H         SYMBOL        config
  -------         DO            
  X:0D84H         SYMBOL        i
  X:0D85H         SYMBOL        temp
  -------         ENDDO         
  C:59D2H         LINE#         250
  C:59DDH         LINE#         251
  C:59DDH         LINE#         252
  C:59E0H         LINE#         253
  C:59E4H         LINE#         254
  C:59F3H         LINE#         255
  C:59FDH         LINE#         256
  C:5A26H         LINE#         257
  C:5A44H         LINE#         258
  C:5A47H         LINE#         260
  C:5A47H         LINE#         261
  C:5A4CH         LINE#         262
  C:5A7EH         LINE#         263
  C:5A80H         LINE#         264
  C:5A80H         LINE#         265
  -------         ENDPROC       _EEPROMREADCONFIGURATION
  -------         PROC          _LED
  D:0007H         SYMBOL        k
  C:0003H         LINE#         267
  C:0003H         LINE#         268
  C:0003H         LINE#         269
  C:000AH         LINE#         270
  -------         ENDPROC       _LED
BL51 BANKED LINKER/LOCATER V6.22                                                      06/15/2021  23:50:05  PAGE 22


  -------         PROC          SYSINIT
  C:615AH         LINE#         272
  C:615AH         LINE#         273
  C:615AH         LINE#         274
  C:615DH         LINE#         275
  C:6160H         LINE#         276
  C:6163H         LINE#         277
  C:6166H         LINE#         278
  C:6169H         LINE#         279
  C:616CH         LINE#         280
  C:616FH         LINE#         281
  C:6172H         LINE#         282
  C:6175H         LINE#         283
  C:617EH         LINE#         284
  C:6181H         LINE#         285
  C:6189H         LINE#         286
  C:618EH         LINE#         288
  C:6195H         LINE#         290
  C:6197H         LINE#         291
  -------         ENDPROC       SYSINIT
  -------         ENDMOD        SYS

  -------         MODULE        EEPROM
  C:0000H         SYMBOL        _ICE_DUMMY_
  D:0080H         PUBLIC        P0
  D:0090H         PUBLIC        P1
  D:00A0H         PUBLIC        P2
  D:00B0H         PUBLIC        P3
  C:6574H         PUBLIC        DisableEEPROM
  D:00C0H         PUBLIC        P4
  D:00C8H         PUBLIC        P5
  B:00A8H.7       PUBLIC        EA
  D:00E8H         PUBLIC        P6
  D:00F8H         PUBLIC        P7
  D:00A8H         PUBLIC        IE
  D:00C5H         PUBLIC        IAP_CMD
  C:62AFH         PUBLIC        _EEPROM_SectorErase
  C:6048H         PUBLIC        _EEPROM_read_n
  D:00B8H         PUBLIC        IP
  D:00C3H         PUBLIC        IAP_ADDRH
  D:00D8H         PUBLIC        CCON
  D:00C4H         PUBLIC        IAP_ADDRL
  C:608DH         PUBLIC        _EEPROM_write_n
  D:0098H         PUBLIC        SCON
  D:0088H         PUBLIC        TCON
  D:00C7H         PUBLIC        IAP_CONTR
  D:00C2H         PUBLIC        IAP_DATA
  D:00C6H         PUBLIC        IAP_TRIG
  B:00D0H.5       PUBLIC        F0
  D:00D0H         PUBLIC        PSW
  -------         PROC          DISABLEEEPROM
  C:6574H         LINE#         12
  C:6574H         LINE#         13
  C:6574H         LINE#         14
  C:6577H         LINE#         15
  C:6579H         LINE#         16
  C:657BH         LINE#         17
BL51 BANKED LINKER/LOCATER V6.22                                                      06/15/2021  23:50:05  PAGE 23


  C:657EH         LINE#         18
  C:6581H         LINE#         19
  -------         ENDPROC       DISABLEEEPROM
  -------         PROC          _EEPROM_READ_N
  D:0004H         SYMBOL        EE_address
  D:0001H         SYMBOL        DataAddress
  X:0D8CH         SYMBOL        number
  C:6048H         LINE#         29
  C:604CH         LINE#         30
  C:604CH         LINE#         31
  C:6050H         LINE#         32
  C:6052H         LINE#         33
  C:6055H         LINE#         34
  C:6058H         LINE#         36
  C:6058H         LINE#         37
  C:605BH         LINE#         38
  C:605FH         LINE#         39
  C:6065H         LINE#         40
  C:6066H         LINE#         41
  C:606BH         LINE#         42
  C:6070H         LINE#         43
  C:6077H         LINE#         44
  C:6085H         LINE#         46
  C:6088H         LINE#         47
  C:608CH         LINE#         48
  -------         ENDPROC       _EEPROM_READ_N
  -------         PROC          _EEPROM_SECTORERASE
  D:0004H         SYMBOL        EE_address
  C:62AFH         LINE#         57
  C:62B3H         LINE#         58
  C:62B3H         LINE#         59
  C:62B7H         LINE#         60
  C:62BAH         LINE#         61
  C:62BEH         LINE#         62
  C:62C1H         LINE#         63
  C:62C4H         LINE#         64
  C:62CAH         LINE#         65
  C:62CBH         LINE#         66
  C:62CEH         LINE#         67
  C:62D4H         LINE#         68
  -------         ENDPROC       _EEPROM_SECTORERASE
  -------         PROC          _EEPROM_WRITE_N
  D:0004H         SYMBOL        EE_address
  D:0001H         SYMBOL        DataAddress
  X:0DCDH         SYMBOL        number
  C:608DH         LINE#         78
  C:6091H         LINE#         79
  C:6091H         LINE#         80
  C:6095H         LINE#         81
  C:6097H         LINE#         82
  C:609AH         LINE#         83
  C:609DH         LINE#         85
  C:609DH         LINE#         86
  C:60A0H         LINE#         87
  C:60A4H         LINE#         88
  C:60A9H         LINE#         89
  C:60AFH         LINE#         90
BL51 BANKED LINKER/LOCATER V6.22                                                      06/15/2021  23:50:05  PAGE 24


  C:60B0H         LINE#         91
  C:60B5H         LINE#         92
  C:60BCH         LINE#         93
  C:60CAH         LINE#         94
  C:60CDH         LINE#         95
  C:60D1H         LINE#         96
  -------         ENDPROC       _EEPROM_WRITE_N
  -------         ENDMOD        EEPROM

  -------         MODULE        BUZZER
  C:0000H         SYMBOL        _ICE_DUMMY_
  D:0080H         PUBLIC        P0
  D:0090H         PUBLIC        P1
  D:00A0H         PUBLIC        P2
  D:00B0H         PUBLIC        P3
  D:00C0H         PUBLIC        P4
  D:00C8H         PUBLIC        P5
  D:00E8H         PUBLIC        P6
  D:00F8H         PUBLIC        P7
  D:00FEH         PUBLIC        PWMCR
  D:00BAH         PUBLIC        P_SW2
  C:647EH         PUBLIC        Bee
  D:00A8H         PUBLIC        IE
  D:00B8H         PUBLIC        IP
  C:6198H         PUBLIC        BuzzerInit
  D:00D8H         PUBLIC        CCON
  B:00A0H.6       PUBLIC        buzzer
  B:00A0H.0       PUBLIC        P20
  D:0098H         PUBLIC        SCON
  X:0DFDH         PUBLIC        bee_mode
  D:0088H         PUBLIC        TCON
  X:0DFEH         PUBLIC        bee_time
  D:00AFH         PUBLIC        IE2
  D:00D2H         PUBLIC        T4H
  C:65DEH         PUBLIC        _EnableBuzzer
  D:00D3H         PUBLIC        T4L
  D:00D1H         PUBLIC        T4T3M
  B:0022H.0       PUBLIC        bee_en
  C:6469H         PUBLIC        _BuzzerOnOff
  C:5BCEH         PUBLIC        TM4_Isr
  C:653BH         PUBLIC        Beebeebee
  D:00EFH         PUBLIC        AUXINTIF
  D:00D0H         PUBLIC        PSW
  -------         PROC          BUZZERINIT
  C:6198H         LINE#         18
  C:6198H         LINE#         19
  C:6198H         LINE#         20
  C:619BH         LINE#         22
  C:61A0H         LINE#         23
  C:61AAH         LINE#         25
  C:61B0H         LINE#         27
  C:61B7H         LINE#         28
  C:61BFH         LINE#         30
  C:61C2H         LINE#         32
  C:61C5H         LINE#         33
  C:61C8H         LINE#         34
  C:61CBH         LINE#         35
BL51 BANKED LINKER/LOCATER V6.22                                                      06/15/2021  23:50:05  PAGE 25


  C:61CEH         LINE#         36
  C:61D0H         LINE#         37
  -------         ENDPROC       BUZZERINIT
  -------         PROC          _BUZZERONOFF
  D:0007H         SYMBOL        b
  C:6469H         LINE#         38
  C:6469H         LINE#         39
  C:6469H         LINE#         40
  C:646CH         LINE#         41
  C:6470H         LINE#         42
  C:6470H         LINE#         43
  C:6473H         LINE#         44
  C:6475H         LINE#         46
  C:6475H         LINE#         47
  C:6478H         LINE#         48
  C:647AH         LINE#         49
  C:647AH         LINE#         50
  C:647DH         LINE#         51
  -------         ENDPROC       _BUZZERONOFF
  -------         PROC          TM4_ISR
  C:5BCEH         LINE#         52
  C:5BDBH         LINE#         54
  C:5BDEH         LINE#         55
  C:5BE5H         LINE#         56
  C:5BE5H         LINE#         57
  C:5BEFH         LINE#         58
  C:5BEFH         LINE#         59
  C:5BF5H         LINE#         60
  C:5BF9H         LINE#         61
  C:5BFCH         LINE#         62
  C:5BFCH         LINE#         63
  C:5BFEH         LINE#         64
  C:5C03H         LINE#         65
  C:5C03H         LINE#         66
  C:5C13H         LINE#         67
  C:5C13H         LINE#         68
  C:5C1EH         LINE#         69
  C:5C1EH         LINE#         70
  C:5C36H         LINE#         71
  C:5C49H         LINE#         72
  C:5C49H         LINE#         73
  C:5C49H         LINE#         74
  C:5C55H         LINE#         75
  C:5C55H         LINE#         76
  C:5C5CH         LINE#         77
  C:5C5CH         LINE#         78
  C:5C5CH         LINE#         79
  -------         ENDPROC       TM4_ISR
  -------         PROC          BEE
  C:647EH         LINE#         80
  C:647EH         LINE#         81
  C:647EH         LINE#         82
  C:6483H         LINE#         83
  C:6487H         LINE#         84
  C:648AH         LINE#         85
  C:648AH         LINE#         86
  C:648FH         LINE#         87
BL51 BANKED LINKER/LOCATER V6.22                                                      06/15/2021  23:50:05  PAGE 26


  C:6492H         LINE#         88
  C:6492H         LINE#         89
  -------         ENDPROC       BEE
  -------         PROC          BEEBEEBEE
  C:653BH         LINE#         90
  C:653BH         LINE#         91
  C:653BH         LINE#         92
  C:6541H         LINE#         93
  C:6546H         LINE#         95
  C:6549H         LINE#         96
  -------         ENDPROC       BEEBEEBEE
  -------         PROC          _ENABLEBUZZER
  D:0007H         SYMBOL        k
  C:65DEH         LINE#         97
  C:65DEH         LINE#         98
  C:65DEH         LINE#         99
  C:65E1H         LINE#         100
  C:65E4H         LINE#         102
  C:65E6H         LINE#         103
  -------         ENDPROC       _ENABLEBUZZER
  -------         ENDMOD        BUZZER

  -------         MODULE        DELAY
  C:0000H         SYMBOL        _ICE_DUMMY_
  C:63ECH         PUBLIC        _Delay1ms
  -------         PROC          _DELAY1MS
  D:0006H         SYMBOL        t
  -------         DO            
  D:0005H         SYMBOL        i
  D:0004H         SYMBOL        j
  -------         ENDDO         
  C:63ECH         LINE#         3
  C:63ECH         LINE#         4
  C:63ECH         LINE#         6
  C:63F5H         LINE#         7
  C:63F5H         LINE#         8
  C:63F6H         LINE#         9
  C:63F8H         LINE#         10
  C:63FAH         LINE#         12
  C:63FAH         LINE#         13
  C:63FCH         LINE#         14
  C:63FEH         LINE#         16
  C:6405H         LINE#         17
  -------         ENDPROC       _DELAY1MS
  -------         ENDMOD        DELAY

  -------         MODULE        DISPLAY
  C:0000H         SYMBOL        _ICE_DUMMY_
  X:0008H         PUBLIC        main_cache
  D:0080H         PUBLIC        P0
  D:0090H         PUBLIC        P1
  D:00A0H         PUBLIC        P2
  D:00B0H         PUBLIC        P3
  D:00C0H         PUBLIC        P4
  D:00C8H         PUBLIC        P5
  D:00E8H         PUBLIC        P6
  D:00F8H         PUBLIC        P7
BL51 BANKED LINKER/LOCATER V6.22                                                      06/15/2021  23:50:05  PAGE 27


  C:2CE1H         PUBLIC        F6X8
  D:00A8H         PUBLIC        IE
  D:00B8H         PUBLIC        IP
  C:47C5H         PUBLIC        _DrawLine
  C:4485H         PUBLIC        _ShowString
  D:00D8H         PUBLIC        CCON
  C:4EAFH         PUBLIC        _DrawSelectionFrame
  C:5595H         PUBLIC        _ScreeRollDown
  C:4088H         PUBLIC        _ScreenPushAnimation
  C:4CB1H         PUBLIC        _DrawArm
  C:65C0H         PUBLIC        _ScreenSetBrightness
  C:5E54H         PUBLIC        _ScreenRefreshArea
  D:0098H         PUBLIC        SCON
  D:0088H         PUBLIC        TCON
  C:5ED0H         PUBLIC        _DrawDot
  C:6452H         PUBLIC        _ScreenSetDirection
  C:5CF3H         PUBLIC        _ClearCacheArea
  C:2F1BH         PUBLIC        F8X16
  C:65CBH         PUBLIC        _ScreenOnOff
  C:001CH         PUBLIC        _ClearCache
  C:0098H         PUBLIC        _ScreenRefreshAll
  X:0408H         PUBLIC        sub_cache1
  X:0808H         PUBLIC        sub_cache2
  C:4A47H         PUBLIC        _DisplayTime
  C:5F5EH         PUBLIC        _DisplayInit
  C:350BH         PUBLIC        F16X48
  C:65F4H         PUBLIC        _ScreenSetInverse
  C:61D1H         PUBLIC        SaveScreen
  D:00D0H         PUBLIC        PSW
  C:50A1H         PUBLIC        _BMPToCache
  -------         PROC          _DISPLAYINIT
  X:0D81H         SYMBOL        config
  C:5F5EH         LINE#         19
  C:5F69H         LINE#         20
  C:5F69H         LINE#         21
  C:5F6CH         LINE#         22
  C:5F81H         LINE#         23
  C:5F96H         LINE#         24
  C:5FABH         LINE#         25
  -------         ENDPROC       _DISPLAYINIT
  -------         PROC          _BMPTOCACHE
  X:0D9AH         SYMBOL        x
  X:0D9BH         SYMBOL        y
  X:0D9CH         SYMBOL        width
  X:0D9DH         SYMBOL        height
  X:0D9EH         SYMBOL        buf1
  X:0DA1H         SYMBOL        buf2
  X:0DA4H         SYMBOL        k
  -------         DO            
  D:0023H         SYMBOL        i
  D:0024H         SYMBOL        j
  D:0025H         SYMBOL        num1
  D:0027H         SYMBOL        num2
  D:0029H         SYMBOL        num3
  -------         ENDDO         
  C:50A1H         LINE#         36
  C:50ACH         LINE#         37
BL51 BANKED LINKER/LOCATER V6.22                                                      06/15/2021  23:50:05  PAGE 28


  C:50ACH         LINE#         40
  C:50B8H         LINE#         41
  C:50C1H         LINE#         42
  C:50C1H         LINE#         43
  C:50D3H         LINE#         44
  C:50D3H         LINE#         45
  C:50F4H         LINE#         46
  C:5103H         LINE#         47
  C:5111H         LINE#         48
  C:514FH         LINE#         49
  C:5154H         LINE#         50
  C:5154H         LINE#         52
  C:5154H         LINE#         53
  C:5167H         LINE#         54
  C:5167H         LINE#         55
  C:5188H         LINE#         56
  C:5197H         LINE#         57
  C:51A5H         LINE#         58
  C:51F2H         LINE#         59
  C:51F7H         LINE#         60
  C:51F7H         LINE#         61
  C:520AH         LINE#         62
  C:520AH         LINE#         63
  C:522BH         LINE#         64
  C:523AH         LINE#         65
  C:5248H         LINE#         66
  C:5286H         LINE#         67
  C:528BH         LINE#         68
  -------         ENDPROC       _BMPTOCACHE
  -------         PROC          L?0255
  -------         ENDPROC       L?0255
  -------         PROC          _CLEARCACHE
  X:0D81H         SYMBOL        buf
  -------         DO            
  D:0047H         SYMBOL        i
  -------         ENDDO         
  C:001CH         LINE#         74
  C:0027H         LINE#         75
  C:0027H         LINE#         77
  C:002CH         LINE#         78
  C:0051H         LINE#         79
  -------         ENDPROC       _CLEARCACHE
  -------         PROC          _CLEARCACHEAREA
  X:0DCFH         SYMBOL        x
  X:0DD0H         SYMBOL        y
  X:0DD1H         SYMBOL        width
  X:0DD2H         SYMBOL        height
  X:0DD3H         SYMBOL        buf1
  -------         DO            
  D:001AH         SYMBOL        i
  D:001BH         SYMBOL        j
  D:001CH         SYMBOL        num1
  D:001EH         SYMBOL        num2
  -------         ENDDO         
  C:5CF3H         LINE#         86
  C:5CFEH         LINE#         87
  C:5CFEH         LINE#         90
BL51 BANKED LINKER/LOCATER V6.22                                                      06/15/2021  23:50:05  PAGE 29


  C:5D0AH         LINE#         91
  C:5D1AH         LINE#         92
  C:5D1AH         LINE#         93
  C:5D3BH         LINE#         94
  C:5D49H         LINE#         95
  C:5D49H         LINE#         96
  C:5D67H         LINE#         97
  C:5D6BH         LINE#         98
  C:5D6FH         LINE#         99
  -------         ENDPROC       _CLEARCACHEAREA
  -------         PROC          SAVESCREEN
  -------         DO            
  D:0045H         SYMBOL        n
  -------         ENDDO         
  C:61D1H         LINE#         105
  C:61D1H         LINE#         106
  C:61D1H         LINE#         108
  C:61D6H         LINE#         109
  C:6202H         LINE#         110
  -------         ENDPROC       SAVESCREEN
  -------         PROC          _SCREENREFRESHALL
  D:0001H         SYMBOL        cache_buf
  C:0098H         LINE#         116
  C:0098H         LINE#         117
  C:0098H         LINE#         118
  -------         ENDPROC       _SCREENREFRESHALL
  -------         PROC          _SCREENREFRESHAREA
  X:0DE5H         SYMBOL        x
  D:0005H         SYMBOL        y
  X:0DE7H         SYMBOL        width
  X:0DE8H         SYMBOL        height
  -------         DO            
  D:003FH         SYMBOL        i
  D:0040H         SYMBOL        j
  D:0041H         SYMBOL        n
  -------         ENDDO         
  C:5E54H         LINE#         126
  C:5E5EH         LINE#         127
  C:5E5EH         LINE#         130
  C:5E6DH         LINE#         131
  C:5E6DH         LINE#         132
  C:5E77H         LINE#         133
  C:5E82H         LINE#         134
  C:5E90H         LINE#         135
  C:5EB0H         LINE#         136
  C:5EB4H         LINE#         137
  -------         ENDPROC       _SCREENREFRESHAREA
  -------         PROC          _SCREENPUSHANIMATION
  X:0DE9H         SYMBOL        cache
  X:0DECH         SYMBOL        direction
  -------         DO            
  D:002BH         SYMBOL        n
  D:002CH         SYMBOL        i
  D:002DH         SYMBOL        j
  D:002FH         SYMBOL        num1
  D:0031H         SYMBOL        num2
  -------         ENDDO         
BL51 BANKED LINKER/LOCATER V6.22                                                      06/15/2021  23:50:05  PAGE 30


  C:4088H         LINE#         148
  C:4096H         LINE#         149
  C:4096H         LINE#         153
  C:409BH         LINE#         154
  C:409BH         LINE#         155
  C:409DH         LINE#         156
  C:409DH         LINE#         157
  C:40A0H         LINE#         158
  C:40A0H         LINE#         159
  C:40ABH         LINE#         160
  C:40B4H         LINE#         161
  C:40C5H         LINE#         162
  C:40C5H         LINE#         163
  C:40F9H         LINE#         164
  C:4103H         LINE#         165
  C:410AH         LINE#         166
  C:4119H         LINE#         167
  C:412EH         LINE#         168
  C:4131H         LINE#         169
  C:4131H         LINE#         170
  C:417DH         LINE#         171
  C:4184H         LINE#         172
  C:418DH         LINE#         173
  C:419AH         LINE#         174
  C:419AH         LINE#         175
  C:41A5H         LINE#         176
  C:41A5H         LINE#         177
  C:41A7H         LINE#         178
  C:41A7H         LINE#         179
  C:41AAH         LINE#         180
  C:41AAH         LINE#         181
  C:41C2H         LINE#         182
  C:41CBH         LINE#         183
  C:41DCH         LINE#         184
  C:421AH         LINE#         185
  C:4222H         LINE#         186
  C:4240H         LINE#         187
  C:4255H         LINE#         188
  C:4258H         LINE#         189
  C:42ABH         LINE#         190
  C:42B4H         LINE#         191
  C:42C1H         LINE#         192
  C:42C1H         LINE#         193
  C:42CCH         LINE#         194
  C:42CCH         LINE#         195
  C:42CEH         LINE#         196
  C:42CEH         LINE#         197
  C:42D1H         LINE#         198
  C:42D1H         LINE#         199
  C:42DCH         LINE#         200
  C:42E5H         LINE#         201
  C:42F6H         LINE#         202
  C:431CH         LINE#         203
  C:4349H         LINE#         204
  C:4385H         LINE#         205
  C:4390H         LINE#         206
  C:4399H         LINE#         207
BL51 BANKED LINKER/LOCATER V6.22                                                      06/15/2021  23:50:05  PAGE 31


  C:43A6H         LINE#         208
  C:43A6H         LINE#         209
  C:43B1H         LINE#         210
  C:43B1H         LINE#         211
  C:43B3H         LINE#         212
  C:43B3H         LINE#         213
  C:43B6H         LINE#         214
  C:43B6H         LINE#         215
  C:43C1H         LINE#         216
  C:43CAH         LINE#         217
  C:43DAH         LINE#         218
  C:4400H         LINE#         219
  C:4438H         LINE#         220
  C:4464H         LINE#         221
  C:446FH         LINE#         222
  C:4478H         LINE#         223
  C:4484H         LINE#         224
  C:4484H         LINE#         225
  -------         ENDPROC       _SCREENPUSHANIMATION
  -------         PROC          _SCREEROLLDOWN
  X:0DEDH         SYMBOL        buf2
  X:0DF0H         SYMBOL        num
  -------         DO            
  D:0033H         SYMBOL        n
  D:0034H         SYMBOL        i
  D:0035H         SYMBOL        j
  D:0037H         SYMBOL        num1
  D:0039H         SYMBOL        num2
  -------         ENDDO         
  C:5595H         LINE#         231
  C:55A3H         LINE#         232
  C:55A3H         LINE#         235
  C:55B4H         LINE#         236
  C:55B4H         LINE#         237
  C:55B7H         LINE#         238
  C:55B7H         LINE#         239
  C:55CFH         LINE#         240
  C:55D8H         LINE#         241
  C:55E9H         LINE#         242
  C:5626H         LINE#         243
  C:562EH         LINE#         244
  C:564DH         LINE#         245
  C:565DH         LINE#         246
  C:5660H         LINE#         247
  C:56B1H         LINE#         248
  C:56BAH         LINE#         249
  C:56BFH         LINE#         250
  -------         ENDPROC       _SCREEROLLDOWN
  -------         PROC          _SCREENONOFF
  D:0007H         SYMBOL        k
  C:65CBH         LINE#         257
  C:65CBH         LINE#         258
  C:65CBH         LINE#         259
  C:65CEH         LINE#         260
  C:65D1H         LINE#         262
  C:65D4H         LINE#         263
  -------         ENDPROC       _SCREENONOFF
BL51 BANKED LINKER/LOCATER V6.22                                                      06/15/2021  23:50:05  PAGE 32


  -------         PROC          _SCREENSETBRIGHTNESS
  D:0007H         SYMBOL        screen_brightness
  C:65C0H         LINE#         270
  C:65C0H         LINE#         271
  C:65C0H         LINE#         272
  C:65C6H         LINE#         273
  C:65C8H         LINE#         274
  -------         ENDPROC       _SCREENSETBRIGHTNESS
  -------         PROC          _SCREENSETDIRECTION
  D:0007H         SYMBOL        k
  C:6452H         LINE#         283
  C:6452H         LINE#         284
  C:6452H         LINE#         285
  C:6455H         LINE#         286
  C:6455H         LINE#         287
  C:645AH         LINE#         288
  C:645CH         LINE#         289
  C:645EH         LINE#         291
  C:645EH         LINE#         292
  C:6463H         LINE#         293
  C:6468H         LINE#         294
  C:6468H         LINE#         295
  -------         ENDPROC       _SCREENSETDIRECTION
  -------         PROC          _SCREENSETINVERSE
  D:0007H         SYMBOL        k
  C:65F4H         LINE#         304
  C:65F4H         LINE#         305
  C:65F4H         LINE#         306
  -------         ENDPROC       _SCREENSETINVERSE
  -------         PROC          _DISPLAYTIME
  D:0007H         SYMBOL        hour
  D:0005H         SYMBOL        min
  D:0003H         SYMBOL        sec
  -------         DO            
  X:0D6FH         SYMBOL        n
  X:0D70H         SYMBOL        i
  D:0003H         SYMBOL        j
  D:0001H         SYMBOL        num3
  X:0D71H         SYMBOL        k
  X:0D73H         SYMBOL        num1
  X:0D75H         SYMBOL        num2
  X:0D77H         SYMBOL        temp
  X:0D79H         SYMBOL        buf
  X:0000H         SYMBOL        last_buf
  -------         ENDDO         
  C:4A47H         LINE#         315
  C:4A47H         LINE#         316
  C:4A47H         LINE#         323
  C:4A50H         LINE#         324
  C:4A59H         LINE#         325
  C:4A5DH         LINE#         326
  C:4A64H         LINE#         327
  C:4A6DH         LINE#         328
  C:4A71H         LINE#         329
  C:4A78H         LINE#         330
  C:4A81H         LINE#         331
  C:4A96H         LINE#         332
BL51 BANKED LINKER/LOCATER V6.22                                                      06/15/2021  23:50:05  PAGE 33


  C:4A96H         LINE#         333
  C:4AB8H         LINE#         334
  C:4AB8H         LINE#         336
  C:4ABDH         LINE#         337
  C:4ABDH         LINE#         338
  C:4ABFH         LINE#         339
  C:4ABFH         LINE#         340
  C:4AF6H         LINE#         341
  C:4B08H         LINE#         342
  C:4B26H         LINE#         343
  C:4B26H         LINE#         344
  C:4B48H         LINE#         345
  C:4B62H         LINE#         346
  C:4B72H         LINE#         347
  C:4B7BH         LINE#         348
  C:4BB2H         LINE#         349
  C:4BCAH         LINE#         350
  C:4BD3H         LINE#         351
  C:4BDAH         LINE#         352
  C:4BDAH         LINE#         353
  C:4C51H         LINE#         354
  C:4C6EH         LINE#         355
  C:4C77H         LINE#         356
  C:4C86H         LINE#         357
  C:4C86H         LINE#         358
  C:4CA7H         LINE#         359
  C:4CB0H         LINE#         360
  -------         ENDPROC       _DISPLAYTIME
  -------         PROC          _SHOWSTRING
  X:0DA5H         SYMBOL        x
  X:0DA6H         SYMBOL        y
  X:0DA7H         SYMBOL        str
  X:0DAAH         SYMBOL        cache_buf
  X:0DADH         SYMBOL        front_size
  X:0DAEH         SYMBOL        inverse
  X:0DAFH         SYMBOL        do_refresh
  -------         DO            
  D:0010H         SYMBOL        temp
  D:0011H         SYMBOL        str_len
  D:0012H         SYMBOL        n
  D:0013H         SYMBOL        i
  D:0014H         SYMBOL        j
  D:0015H         SYMBOL        line
  D:0016H         SYMBOL        num1
  D:0018H         SYMBOL        num2
  -------         ENDDO         
  C:4485H         LINE#         376
  C:4496H         LINE#         377
  C:4496H         LINE#         378
  C:4499H         LINE#         379
  C:449BH         LINE#         383
  C:44A2H         LINE#         384
  C:44A5H         LINE#         385
  C:44BBH         LINE#         386
  C:44BBH         LINE#         387
  C:44BDH         LINE#         388
  C:44BFH         LINE#         389
BL51 BANKED LINKER/LOCATER V6.22                                                      06/15/2021  23:50:05  PAGE 34


  C:44CAH         LINE#         390
  C:44CAH         LINE#         391
  C:44D6H         LINE#         392
  C:44D6H         LINE#         393
  C:44E5H         LINE#         394
  C:44EDH         LINE#         395
  C:44EDH         LINE#         396
  C:44F0H         LINE#         397
  C:44F0H         LINE#         398
  C:4514H         LINE#         399
  C:451FH         LINE#         400
  C:4522H         LINE#         401
  C:457AH         LINE#         402
[...]
  C:6406H         PUBLIC        main
  B:0020H.4       PUBLIC        tick_8ms
  X:0C13H         PUBLIC        func_index
  C:00FFH         PUBLIC        BATTERY_LIFE_ICON
  C:5FB0H         PUBLIC        INT1_Isr
  C:633DH         PUBLIC        INT2_Isr
  X:0C14H         PUBLIC        Trg
  X:0C15H         PUBLIC        sleep_time
  C:65F7H         PUBLIC        INT3_Isr
  B:0020H.5       PUBLIC        ON_OPEN
  C:62D5H         PUBLIC        KeyScan
  D:0098H         PUBLIC        SCON
  D:0088H         PUBLIC        TCON
  B:00A0H.3       PUBLIC        P23
  C:1941H         PUBLIC        SETTING_MENU
  C:0141H         PUBLIC        FUNC_ICON
  B:00C8H.4       PUBLIC        P54
  B:00C8H.5       PUBLIC        P55
  C:1BF1H         PUBLIC        NESW
  B:0020H.6       PUBLIC        screen_on_flag
  C:1541H         PUBLIC        SUB_MENU_BMP
  X:0C17H         PUBLIC        timer_cnt
  B:0020H.7       PUBLIC        radio_on_flag
  C:1A71H         PUBLIC        T_H_P_A
  B:0021H.0       PUBLIC        tick_20ms
  C:00E7H         PUBLIC        CLOCK_SMALL_ICON
  C:00EFH         PUBLIC        RADIO_SMALL_ICON
  B:0021H.1       PUBLIC        PCF8563_int_flag
  C:19E1H         PUBLIC        CIRCLE16X16
  B:0021H.2       PUBLIC        timer_on_flag
  C:0117H         PUBLIC        WEEKDAY_IN_STR
BL51 BANKED LINKER/LOCATER V6.22                                                      06/15/2021  23:50:05  PAGE 39


  B:0021H.3       PUBLIC        ON_RETURN
  X:0C19H         PUBLIC        func_num
  C:63B7H         PUBLIC        TM0_Isr
  C:56C0H         PUBLIC        TM3_Ist
  B:0021H.4       PUBLIC        powerdown_flag
  X:0C1AH         PUBLIC        RTC
  B:0021H.5       PUBLIC        deep_powerdown_flag
  C:00F7H         PUBLIC        TIMER_SMALL_ICON
  X:0C1AH         PUBLIC        inactive_time
  D:00EFH         PUBLIC        AUXINTIF
  X:0C1CH         PUBLIC        BME280
  B:0021H.6       PUBLIC        ON_CLOSE
  X:0C1CH         PUBLIC        config
  D:00D0H         PUBLIC        PSW
  B:0021H.7       PUBLIC        active_flag
  -------         PROC          KEYSCAN
  -------         DO            
  D:0005H         SYMBOL        dat
  -------         ENDDO         
  C:62D5H         LINE#         66
  C:62D5H         LINE#         67
  C:62D5H         LINE#         68
  C:62D7H         LINE#         69
  C:62DAH         LINE#         70
  C:62DBH         LINE#         71
  C:62DEH         LINE#         72
  C:62E2H         LINE#         73
  C:62E5H         LINE#         74
  C:62E9H         LINE#         75
  C:62F3H         LINE#         76
  C:62F8H         LINE#         77
  -------         ENDPROC       KEYSCAN
  -------         PROC          TM3_IST
  -------         DO            
  X:0C08H         SYMBOL        t_count
  X:0C0AH         SYMBOL        t_key_press
  -------         ENDDO         
  C:56C0H         LINE#         79
  C:56CDH         LINE#         83
  C:56D0H         LINE#         84
  C:56D9H         LINE#         85
  C:56D9H         LINE#         86
  C:56E2H         LINE#         87
  C:56E5H         LINE#         88
  C:56E5H         LINE#         89
  C:56F8H         LINE#         90
  C:56F8H         LINE#         91
  C:56FBH         LINE#         92
  C:5701H         LINE#         93
  C:5701H         LINE#         94
  C:5704H         LINE#         95
  C:5706H         LINE#         96
  C:570FH         LINE#         97
  C:570FH         LINE#         98
  C:5714H         LINE#         99
  C:5717H         LINE#         100
  C:5717H         LINE#         101
BL51 BANKED LINKER/LOCATER V6.22                                                      06/15/2021  23:50:05  PAGE 40


  C:5719H         LINE#         102
  C:571DH         LINE#         103
  C:571DH         LINE#         104
  C:571DH         LINE#         105
  C:571DH         LINE#         106
  C:5724H         LINE#         107
  C:5724H         LINE#         108
  C:5739H         LINE#         109
  C:573EH         LINE#         110
  C:5740H         LINE#         112
  C:5747H         LINE#         113
  C:5747H         LINE#         114
  C:5749H         LINE#         115
  C:5755H         LINE#         116
  C:5757H         LINE#         117
  C:5762H         LINE#         118
  C:5764H         LINE#         119
  C:577AH         LINE#         120
  C:577AH         LINE#         121
  C:5780H         LINE#         122
  C:5783H         LINE#         123
  C:5783H         LINE#         124
  C:579EH         LINE#         125
  C:579EH         LINE#         126
  C:57A0H         LINE#         127
  C:57A7H         LINE#         128
  C:57A9H         LINE#         129
  C:57A9H         LINE#         130
  C:57A9H         LINE#         131
  C:57ACH         LINE#         132
  C:57ACH         LINE#         133
  C:57C7H         LINE#         134
  C:57C7H         LINE#         135
  C:57C9H         LINE#         136
  C:57D0H         LINE#         137
  C:57D2H         LINE#         138
  C:57D4H         LINE#         139
  C:57D4H         LINE#         140
  C:57D4H         LINE#         141
  C:57D4H         LINE#         142
  -------         ENDPROC       TM3_IST
  -------         PROC          TM0_ISR
  C:63B7H         LINE#         148
  C:63BDH         LINE#         150
  C:63CBH         LINE#         151
  -------         ENDPROC       TM0_ISR
  -------         PROC          INT1_ISR
  C:5FB0H         LINE#         152
  C:5FBDH         LINE#         154
  C:5FBFH         LINE#         155
  C:5FC1H         LINE#         156
  C:5FC4H         LINE#         157
  C:5FCDH         LINE#         158
  C:5FD4H         LINE#         160
  C:5FDAH         LINE#         161
  C:5FE4H         LINE#         162
  C:5FE4H         LINE#         163
BL51 BANKED LINKER/LOCATER V6.22                                                      06/15/2021  23:50:05  PAGE 41


  C:5FE6H         LINE#         164
  C:5FE8H         LINE#         165
  C:5FEDH         LINE#         166
  C:5FF1H         LINE#         167
  C:5FF3H         LINE#         168
  C:5FF3H         LINE#         169
  -------         ENDPROC       INT1_ISR
  -------         PROC          INT2_ISR
  C:633DH         LINE#         170
  C:6343H         LINE#         172
  C:6345H         LINE#         173
  C:634BH         LINE#         174
  C:6352H         LINE#         176
  C:6358H         LINE#         177
  -------         ENDPROC       INT2_ISR
  -------         PROC          INT3_ISR
  C:65F7H         LINE#         178
  C:65F7H         LINE#         180
  C:65F9H         LINE#         181
  -------         ENDPROC       INT3_ISR
  -------         PROC          SENSORINIT
  -------         DO            
  X:0DF1H         SYMBOL        y
  X:0DF2H         SYMBOL        time_out
  X:0DF4H         SYMBOL        error_count
  -------         ENDDO         
  C:57DFH         LINE#         182
  C:57DFH         LINE#         183
  C:57DFH         LINE#         184
  C:57E4H         LINE#         185
  C:57ECH         LINE#         186
  C:57EFH         LINE#         187
  C:57F6H         LINE#         188
  C:57F6H         LINE#         189
  C:5824H         LINE#         190
  C:582AH         LINE#         191
  C:582AH         LINE#         192
  C:5831H         LINE#         193
  C:5831H         LINE#         194
  C:585FH         LINE#         195
  C:5865H         LINE#         196
  C:5865H         LINE#         197
  C:586CH         LINE#         198
  C:586CH         LINE#         199
  C:589AH         LINE#         200
  C:58A0H         LINE#         201
  C:58A0H         LINE#         202
  C:58A7H         LINE#         203
  C:58A7H         LINE#         204
  C:58D5H         LINE#         205
  C:58DBH         LINE#         206
  C:58DBH         LINE#         207
  C:58E1H         LINE#         208
  C:58E1H         LINE#         209
  C:58E7H         LINE#         210
  C:58E7H         LINE#         211
  C:58EDH         LINE#         212
BL51 BANKED LINKER/LOCATER V6.22                                                      06/15/2021  23:50:05  PAGE 42


  C:58FBH         LINE#         213
  C:58FCH         LINE#         215
  C:58FCH         LINE#         216
  -------         ENDPROC       SENSORINIT
  -------         PROC          MAIN
  C:6406H         LINE#         219
  C:6406H         LINE#         220
  C:6406H         LINE#         222
  C:6409H         LINE#         223
  C:6412H         LINE#         226
  C:641BH         LINE#         227
  C:641BH         LINE#         229
  C:641BH         LINE#         230
  C:641EH         LINE#         2412
  -------         ENDPROC       MAIN
  -------         ENDMOD        MAIN

  -------         MODULE        ?C?FPADD
  C:3932H         PUBLIC        ?C?FPADD
  C:392EH         PUBLIC        ?C?FPSUB
  -------         ENDMOD        ?C?FPADD

  -------         MODULE        ?C?FPMUL
  C:3A23H         PUBLIC        ?C?FPMUL
  -------         ENDMOD        ?C?FPMUL

  -------         MODULE        ?C?FPDIV
  C:3B2CH         PUBLIC        ?C?FPDIV
  -------         ENDMOD        ?C?FPDIV

  -------         MODULE        ?C?FPCMP
  C:3BCBH         PUBLIC        ?C?FPCMP
  C:3BC9H         PUBLIC        ?C?FPCMP3
  -------         ENDMOD        ?C?FPCMP

  -------         MODULE        ?C?FPNEG
  C:3C42H         PUBLIC        ?C?FPNEG
  -------         ENDMOD        ?C?FPNEG

  -------         MODULE        ?C?FCAST
  C:3C5DH         PUBLIC        ?C?FCASTC
  C:3C58H         PUBLIC        ?C?FCASTI
  C:3C53H         PUBLIC        ?C?FCASTL
  -------         ENDMOD        ?C?FCAST

  -------         MODULE        ?C?CASTF
  C:3C91H         PUBLIC        ?C?CASTF
  -------         ENDMOD        ?C?CASTF

  -------         MODULE        SQRT
  C:5A85H         PUBLIC        _SQRT
  -------         ENDMOD        SQRT

  -------         MODULE        SIN
  C:52D4H         PUBLIC        _COS
  C:52EAH         PUBLIC        _SIN
  C:5326H         PUBLIC        _TAN
BL51 BANKED LINKER/LOCATER V6.22                                                      06/15/2021  23:50:05  PAGE 43


  -------         ENDMOD        SIN

  -------         MODULE        ?C?CLDPTR
  C:3D5FH         PUBLIC        ?C?CLDPTR
  -------         ENDMOD        ?C?CLDPTR

  -------         MODULE        ?C?CLDOPTR
  C:3D78H         PUBLIC        ?C?CLDOPTR
  -------         ENDMOD        ?C?CLDOPTR

  -------         MODULE        ?C?CSTPTR
  C:3DA5H         PUBLIC        ?C?CSTPTR
  -------         ENDMOD        ?C?CSTPTR

  -------         MODULE        ?C?CSTOPTR
  C:3DB7H         PUBLIC        ?C?CSTOPTR
  -------         ENDMOD        ?C?CSTOPTR

  -------         MODULE        ?C?UIDIV
  C:3DD9H         PUBLIC        ?C?UIDIV
  -------         ENDMOD        ?C?UIDIV

  -------         MODULE        ?C?IILDX
  C:3E2EH         PUBLIC        ?C?IILDX
  -------         ENDMOD        ?C?IILDX

  -------         MODULE        ?C?ILDPTR
  C:3E44H         PUBLIC        ?C?ILDPTR
  -------         ENDMOD        ?C?ILDPTR

  -------         MODULE        ?C?ILDOPTR
  C:3E6FH         PUBLIC        ?C?ILDOPTR
  -------         ENDMOD        ?C?ILDOPTR

  -------         MODULE        ?C?ISTOPTR
  C:3EA7H         PUBLIC        ?C?ISTOPTR
  -------         ENDMOD        ?C?ISTOPTR

  -------         MODULE        ?C?LMUL
  C:3ED4H         PUBLIC        ?C?LMUL
  -------         ENDMOD        ?C?LMUL

  -------         MODULE        ?C?SLDIV
  C:6116H         PUBLIC        ?C?SLDIV
  -------         ENDMOD        ?C?SLDIV

  -------         MODULE        ?C?LNEG
  C:3F23H         PUBLIC        ?C?LNEG
  -------         ENDMOD        ?C?LNEG

  -------         MODULE        ?C?SLSHR
  C:3F31H         PUBLIC        ?C?SLSHR
  -------         ENDMOD        ?C?SLSHR

  -------         MODULE        ?C?LLDXDATA
  C:3F45H         PUBLIC        ?C?LLDXDATA
  -------         ENDMOD        ?C?LLDXDATA
BL51 BANKED LINKER/LOCATER V6.22                                                      06/15/2021  23:50:05  PAGE 44



  -------         MODULE        ?C?LLDCODE
  C:3F51H         PUBLIC        ?C?LLDCODE
  -------         ENDMOD        ?C?LLDCODE

  -------         MODULE        ?C?LLDXDATA0
  C:3F61H         PUBLIC        ?C?LLDXDATA0
  -------         ENDMOD        ?C?LLDXDATA0

  -------         MODULE        ?C?LLDCODE0
  C:3F6DH         PUBLIC        ?C?LLDCODE0
  -------         ENDMOD        ?C?LLDCODE0

  -------         MODULE        ?C?LSTXDATA
  C:3F7DH         PUBLIC        ?C?LSTXDATA
  -------         ENDMOD        ?C?LSTXDATA

  -------         MODULE        ?C?LSTKXDATA
  C:3F89H         PUBLIC        ?C?LSTKXDATA
  -------         ENDMOD        ?C?LSTKXDATA

  -------         MODULE        ?C?ULDIV
  C:3FF6H         PUBLIC        ?C?ULDIV
  -------         ENDMOD        ?C?ULDIV

*** WARNING L16: UNCALLED SEGMENT, IGNORED FOR OVERLAY PROCESS
    SEGMENT: ?PR?_ENABLE3V3OUTPUT?POWERMANAGE

*** WARNING L16: UNCALLED SEGMENT, IGNORED FOR OVERLAY PROCESS
    SEGMENT: ?PR?_BATTERYCHARGEENABLE?POWERMANAGE

*** WARNING L16: UNCALLED SEGMENT, IGNORED FOR OVERLAY PROCESS
    SEGMENT: ?PR?GETBATTERYLIFE?POWERMANAGE

*** WARNING L16: UNCALLED SEGMENT, IGNORED FOR OVERLAY PROCESS
    SEGMENT: ?PR?SYSTEMPOWERDOWN?POWERMANAGE

*** WARNING L16: UNCALLED SEGMENT, IGNORED FOR OVERLAY PROCESS
    SEGMENT: ?PR?SYSTEMDEEPPOWERDOWN?POWERMANAGE

*** WARNING L16: UNCALLED SEGMENT, IGNORED FOR OVERLAY PROCESS
    SEGMENT: ?PR?SYSTEMPOWERON?POWERMANAGE

*** WARNING L16: UNCALLED SEGMENT, IGNORED FOR OVERLAY PROCESS
    SEGMENT: ?PR?_I2D_SENDBYTE?IIC

*** WARNING L16: UNCALLED SEGMENT, IGNORED FOR OVERLAY PROCESS
    SEGMENT: ?PR?I2C_RECVHYTE?IIC

*** WARNING L16: UNCALLED SEGMENT, IGNORED FOR OVERLAY PROCESS
    SEGMENT: ?PR?_SINGLE_WRITEIIC?IIC

*** WARNING L16: UNCALLED SEGMENT, IGNORED FOR OVERLAY PROCESS
    SEGMENT: ?PR?_SINGLE_READIIC?IIC

*** WARNING L16: UNCALLED SEGMENT, IGNORED FOR OVERLAY PROCESS
    SEGMENT: ?PR?_I2C_NOADDR_WRITE_MULTIBYTES?IIC
BL51 BANKED LINKER/LOCATER V6.22                                                      06/15/2021  23:50:05  PAGE 45



*** WARNING L16: UNCALLED SEGMENT, IGNORED FOR OVERLAY PROCESS
    SEGMENT: ?PR?_I2C_NOADDR_READ_MULTIBYTES?IIC

*** WARNING L16: UNCALLED SEGMENT, IGNORED FOR OVERLAY PROCESS
    SEGMENT: ?PR?_I2C_READ_MULTIBYTES?IIC

*** WARNING L16: UNCALLED SEGMENT, IGNORED FOR OVERLAY PROCESS
    SEGMENT: ?PR?_EEPROMWRITECONFIGURATION?SYS

*** WARNING L16: UNCALLED SEGMENT, IGNORED FOR OVERLAY PROCESS
    SEGMENT: ?PR?BEEBEEBEE?BUZZER

*** WARNING L16: UNCALLED SEGMENT, IGNORED FOR OVERLAY PROCESS
    SEGMENT: ?PR?_BMPTOCACHE?DISPLAY

*** WARNING L16: UNCALLED SEGMENT, IGNORED FOR OVERLAY PROCESS
    SEGMENT: ?PR?_CLEARCACHEAREA?DISPLAY

*** WARNING L16: UNCALLED SEGMENT, IGNORED FOR OVERLAY PROCESS
    SEGMENT: ?PR?SAVESCREEN?DISPLAY

*** WARNING L16: UNCALLED SEGMENT, IGNORED FOR OVERLAY PROCESS
    SEGMENT: ?PR?_SCREENREFRESHALL?DISPLAY

*** WARNING L16: UNCALLED SEGMENT, IGNORED FOR OVERLAY PROCESS
    SEGMENT: ?PR?_SCREENPUSHANIMATION?DISPLAY

*** WARNING L16: UNCALLED SEGMENT, IGNORED FOR OVERLAY PROCESS
    SEGMENT: ?PR?_SCREEROLLDOWN?DISPLAY

*** WARNING L16: UNCALLED SEGMENT, IGNORED FOR OVERLAY PROCESS
    SEGMENT: ?PR?_DISPLAYTIME?DISPLAY

*** WARNING L16: UNCALLED SEGMENT, IGNORED FOR OVERLAY PROCESS
    SEGMENT: ?PR?_DRAWARM?DISPLAY

*** WARNING L16: UNCALLED SEGMENT, IGNORED FOR OVERLAY PROCESS
    SEGMENT: ?PR?_DRAWSELECTIONFRAME?DISPLAY

*** WARNING L16: UNCALLED SEGMENT, IGNORED FOR OVERLAY PROCESS
    SEGMENT: ?PR?SENSORINIT?MAIN

*** WARNING L1: UNRESOLVED EXTERNAL SYMBOL
    SYMBOL:  _I2C_SENDBYTE
    MODULE:  ..\Objects\IIC.obj (IIC)

*** WARNING L1: UNRESOLVED EXTERNAL SYMBOL
    SYMBOL:  I2C_RECVBYTE
    MODULE:  ..\Objects\IIC.obj (IIC)

*** WARNING L2: REFERENCE MADE TO UNRESOLVED EXTERNAL
    SYMBOL:  _I2C_SENDBYTE
    MODULE:  ..\Objects\IIC.obj (IIC)
    ADDRESS: 628DH

*** WARNING L2: REFERENCE MADE TO UNRESOLVED EXTERNAL
BL51 BANKED LINKER/LOCATER V6.22                                                      06/15/2021  23:50:05  PAGE 46


    SYMBOL:  _I2C_SENDBYTE
    MODULE:  ..\Objects\IIC.obj (IIC)
    ADDRESS: 6298H

*** WARNING L2: REFERENCE MADE TO UNRESOLVED EXTERNAL
    SYMBOL:  _I2C_SENDBYTE
    MODULE:  ..\Objects\IIC.obj (IIC)
    ADDRESS: 62A3H

*** WARNING L2: REFERENCE MADE TO UNRESOLVED EXTERNAL
    SYMBOL:  _I2C_SENDBYTE
    MODULE:  ..\Objects\IIC.obj (IIC)
    ADDRESS: 006DH

*** WARNING L2: REFERENCE MADE TO UNRESOLVED EXTERNAL
    SYMBOL:  _I2C_SENDBYTE
    MODULE:  ..\Objects\IIC.obj (IIC)
    ADDRESS: 0078H

*** WARNING L2: REFERENCE MADE TO UNRESOLVED EXTERNAL
    SYMBOL:  _I2C_SENDBYTE
    MODULE:  ..\Objects\IIC.obj (IIC)
    ADDRESS: 0086H

*** WARNING L2: REFERENCE MADE TO UNRESOLVED EXTERNAL
    SYMBOL:  I2C_RECVBYTE
    MODULE:  ..\Objects\IIC.obj (IIC)
    ADDRESS: 008CH

*** WARNING L2: REFERENCE MADE TO UNRESOLVED EXTERNAL
    SYMBOL:  _I2C_SENDBYTE
    MODULE:  ..\Objects\IIC.obj (IIC)
    ADDRESS: 5F1DH

*** WARNING L2: REFERENCE MADE TO UNRESOLVED EXTERNAL
    SYMBOL:  _I2C_SENDBYTE
    MODULE:  ..\Objects\IIC.obj (IIC)
    ADDRESS: 5F4AH

*** WARNING L2: REFERENCE MADE TO UNRESOLVED EXTERNAL
    SYMBOL:  _I2C_SENDBYTE
    MODULE:  ..\Objects\IIC.obj (IIC)
    ADDRESS: 60E6H

*** WARNING L2: REFERENCE MADE TO UNRESOLVED EXTERNAL
    SYMBOL:  I2C_RECVBYTE
    MODULE:  ..\Objects\IIC.obj (IIC)
    ADDRESS: 60FFH

*** WARNING L2: REFERENCE MADE TO UNRESOLVED EXTERNAL
    SYMBOL:  I2C_RECVBYTE
    MODULE:  ..\Objects\IIC.obj (IIC)
    ADDRESS: 610DH

*** WARNING L2: REFERENCE MADE TO UNRESOLVED EXTERNAL
    SYMBOL:  _I2C_SENDBYTE
    MODULE:  ..\Objects\IIC.obj (IIC)
BL51 BANKED LINKER/LOCATER V6.22                                                      06/15/2021  23:50:05  PAGE 47


    ADDRESS: 5DF4H

*** WARNING L2: REFERENCE MADE TO UNRESOLVED EXTERNAL
    SYMBOL:  _I2C_SENDBYTE
    MODULE:  ..\Objects\IIC.obj (IIC)
    ADDRESS: 5DFFH

*** WARNING L2: REFERENCE MADE TO UNRESOLVED EXTERNAL
    SYMBOL:  _I2C_SENDBYTE
    MODULE:  ..\Objects\IIC.obj (IIC)
    ADDRESS: 5E0EH

*** WARNING L2: REFERENCE MADE TO UNRESOLVED EXTERNAL
    SYMBOL:  I2C_RECVBYTE
    MODULE:  ..\Objects\IIC.obj (IIC)
    ADDRESS: 5E24H

*** WARNING L2: REFERENCE MADE TO UNRESOLVED EXTERNAL
    SYMBOL:  I2C_RECVBYTE
    MODULE:  ..\Objects\IIC.obj (IIC)
    ADDRESS: 5E48H

*** WARNING L1: UNRESOLVED EXTERNAL SYMBOL
    SYMBOL:  _SCREEROLLUP
    MODULE:  ..\Objects\Display.obj (DISPLAY)

*** WARNING L2: REFERENCE MADE TO UNRESOLVED EXTERNAL
    SYMBOL:  _SCREEROLLUP
    MODULE:  ..\Objects\Display.obj (DISPLAY)
    ADDRESS: 45A0H

*** WARNING L2: REFERENCE MADE TO UNRESOLVED EXTERNAL
    SYMBOL:  _SCREEROLLUP
    MODULE:  ..\Objects\Display.obj (DISPLAY)
    ADDRESS: 4708H

*** WARNING L1: UNRESOLVED EXTERNAL SYMBOL
    SYMBOL:  BME280INIT
    MODULE:  ..\Objects\main.obj (MAIN)

*** WARNING L1: UNRESOLVED EXTERNAL SYMBOL
    SYMBOL:  RDA5807MINIT
    MODULE:  ..\Objects\main.obj (MAIN)

*** WARNING L1: UNRESOLVED EXTERNAL SYMBOL
    SYMBOL:  LSM6DSMINIT
    MODULE:  ..\Objects\main.obj (MAIN)

*** WARNING L1: UNRESOLVED EXTERNAL SYMBOL
    SYMBOL:  HMC5883L_INIT
    MODULE:  ..\Objects\main.obj (MAIN)

*** WARNING L2: REFERENCE MADE TO UNRESOLVED EXTERNAL
    SYMBOL:  BME280INIT
    MODULE:  ..\Objects\main.obj (MAIN)
    ADDRESS: 57F0H

BL51 BANKED LINKER/LOCATER V6.22                                                      06/15/2021  23:50:05  PAGE 48


*** WARNING L2: REFERENCE MADE TO UNRESOLVED EXTERNAL
    SYMBOL:  HMC5883L_INIT
    MODULE:  ..\Objects\main.obj (MAIN)
    ADDRESS: 582BH

*** WARNING L2: REFERENCE MADE TO UNRESOLVED EXTERNAL
    SYMBOL:  LSM6DSMINIT
    MODULE:  ..\Objects\main.obj (MAIN)
    ADDRESS: 5866H

*** WARNING L2: REFERENCE MADE TO UNRESOLVED EXTERNAL
    SYMBOL:  RDA5807MINIT
    MODULE:  ..\Objects\main.obj (MAIN)
    ADDRESS: 58A1H

Program Size: data=73.2 xdata=3589 code=26102
LINK/LOCATE RUN COMPLETE.  55 WARNING(S),  0 ERROR(S)
