BL51 BANKED LINKER/LOCATER V6.22                                                        06/21/2021  07:22:01  PAGE 1


BL51 BANKED LINKER/LOCATER V6.22, INVOKED BY:
E:\INSTALL_FILES\KEIL\C51\BIN\BL51.EXE ..\Objects\PW02.obj, ..\Objects\oled.obj, ..\Objects\RDA5807M.obj, ..\Objects\PCF
>> 8563.obj, ..\Objects\BME280.obj, ..\Objects\Ellipsoid fitting.obj, ..\Objects\HMC5883L.obj, ..\Objects\LSM6DSM.obj, .
>> .\Objects\PowerManage.obj, ..\Objects\IIC.obj, ..\Objects\Sys.obj, ..\Objects\EEPROM.obj, ..\Objects\Buzzer.obj, ..\O
>> bjects\Delay.obj, ..\Objects\Display.obj, ..\Objects\main.obj TO ..\Objects\iWatch-v1.1 PRINT (..\Listings\iWatch-v1.
>> m51) RAMSIZE (256)


MEMORY MODEL: LARGE WITH FLOATING POINT ARITHMETIC


INPUT MODULES INCLUDED:
  ..\Objects\PW02.obj (PW02)
  ..\Objects\oled.obj (OLED)
  ..\Objects\RDA5807M.obj (RDA5807M)
  ..\Objects\PCF8563.obj (PCF8563)
  ..\Objects\BME280.obj (BME280)
  ..\Objects\Ellipsoid fitting.obj (ELLIPSOID_FITTING)
  ..\Objects\HMC5883L.obj (HMC5883L)
  ..\Objects\LSM6DSM.obj (LSM6DSM)
  ..\Objects\PowerManage.obj (POWERMANAGE)
  ..\Objects\IIC.obj (IIC)
  ..\Objects\Sys.obj (SYS)
  ..\Objects\EEPROM.obj (EEPROM)
  ..\Objects\Buzzer.obj (BUZZER)
  ..\Objects\Delay.obj (DELAY)
  ..\Objects\Display.obj (DISPLAY)
  ..\Objects\main.obj (MAIN)
  E:\INSTALL_FILES\KEIL\C51\LIB\C51FPL.LIB (?C?FPADD)
  E:\INSTALL_FILES\KEIL\C51\LIB\C51FPL.LIB (?C?FPMUL)
  E:\INSTALL_FILES\KEIL\C51\LIB\C51FPL.LIB (?C?FPDIV)
  E:\INSTALL_FILES\KEIL\C51\LIB\C51FPL.LIB (?C?FPCMP)
  E:\INSTALL_FILES\KEIL\C51\LIB\C51FPL.LIB (?C?FPNEG)
  E:\INSTALL_FILES\KEIL\C51\LIB\C51FPL.LIB (?C?FCAST)
  E:\INSTALL_FILES\KEIL\C51\LIB\C51FPL.LIB (?C?CASTF)
  E:\INSTALL_FILES\KEIL\C51\LIB\C51FPL.LIB (PRINTF)
  E:\INSTALL_FILES\KEIL\C51\LIB\C51FPL.LIB (SQRT)
  E:\INSTALL_FILES\KEIL\C51\LIB\C51FPL.LIB (ATAN2)
  E:\INSTALL_FILES\KEIL\C51\LIB\C51FPL.LIB (SIN)
  E:\INSTALL_FILES\KEIL\C51\LIB\C51FPL.LIB (ATAN)
  E:\INSTALL_FILES\KEIL\C51\LIB\C51FPL.LIB (ASIN)
  E:\INSTALL_FILES\KEIL\C51\LIB\C51FPL.LIB (POW)
  E:\INSTALL_FILES\KEIL\C51\LIB\C51FPL.LIB (?C?FPGETOPN)
  E:\INSTALL_FILES\KEIL\C51\LIB\C51FPL.LIB (?C?CHKFLOAT)
  E:\INSTALL_FILES\KEIL\C51\LIB\C51FPL.LIB (?C?FPROUND)
  E:\INSTALL_FILES\KEIL\C51\LIB\C51FPL.LIB (?C?FPCONVERT)
  E:\INSTALL_FILES\KEIL\C51\LIB\C51FPL.LIB (?C?FPSERIES)
  E:\INSTALL_FILES\KEIL\C51\LIB\C51FPL.LIB (EXP)
  E:\INSTALL_FILES\KEIL\C51\LIB\C51FPL.LIB (LOG)
  E:\INSTALL_FILES\KEIL\C51\LIB\C51FPL.LIB (?C?FTNPWR)
  E:\INSTALL_FILES\KEIL\C51\LIB\C51L.LIB (?C_STARTUP)
  E:\INSTALL_FILES\KEIL\C51\LIB\C51L.LIB (?C?COPY)
  E:\INSTALL_FILES\KEIL\C51\LIB\C51L.LIB (?C?CLDPTR)
  E:\INSTALL_FILES\KEIL\C51\LIB\C51L.LIB (?C?CLDOPTR)
  E:\INSTALL_FILES\KEIL\C51\LIB\C51L.LIB (?C?CILDOPTR)
  E:\INSTALL_FILES\KEIL\C51\LIB\C51L.LIB (?C?CSTPTR)
  E:\INSTALL_FILES\KEIL\C51\LIB\C51L.LIB (?C?CSTOPTR)
  E:\INSTALL_FILES\KEIL\C51\LIB\C51L.LIB (?C?UIDIV)
BL51 BANKED LINKER/LOCATER V6.22                                                      06/21/2021  07:22:01  PAGE 2


  E:\INSTALL_FILES\KEIL\C51\LIB\C51L.LIB (?C?SIDIV)
  E:\INSTALL_FILES\KEIL\C51\LIB\C51L.LIB (?C?IILDX)
  E:\INSTALL_FILES\KEIL\C51\LIB\C51L.LIB (?C?ILDIX)
  E:\INSTALL_FILES\KEIL\C51\LIB\C51L.LIB (?C?ILDPTR)
  E:\INSTALL_FILES\KEIL\C51\LIB\C51L.LIB (?C?ILDOPTR)
  E:\INSTALL_FILES\KEIL\C51\LIB\C51L.LIB (?C?ISTPTR)
  E:\INSTALL_FILES\KEIL\C51\LIB\C51L.LIB (?C?ISTOPTR)
  E:\INSTALL_FILES\KEIL\C51\LIB\C51L.LIB (?C?LMUL)
  E:\INSTALL_FILES\KEIL\C51\LIB\C51L.LIB (?C?SLDIV)
  E:\INSTALL_FILES\KEIL\C51\LIB\C51L.LIB (?C?LNEG)
  E:\INSTALL_FILES\KEIL\C51\LIB\C51L.LIB (?C?SLCMP)
  E:\INSTALL_FILES\KEIL\C51\LIB\C51L.LIB (?C?SLSHR)
  E:\INSTALL_FILES\KEIL\C51\LIB\C51L.LIB (?C?LSHL)
  E:\INSTALL_FILES\KEIL\C51\LIB\C51L.LIB (?C?LLDPTR)
  E:\INSTALL_FILES\KEIL\C51\LIB\C51L.LIB (?C?LLDOPTR)
  E:\INSTALL_FILES\KEIL\C51\LIB\C51L.LIB (?C?LSTPTR)
  E:\INSTALL_FILES\KEIL\C51\LIB\C51L.LIB (?C?LSTOPTR)
  E:\INSTALL_FILES\KEIL\C51\LIB\C51L.LIB (?C?LLDIDATA)
  E:\INSTALL_FILES\KEIL\C51\LIB\C51L.LIB (?C?LLDXDATA)
  E:\INSTALL_FILES\KEIL\C51\LIB\C51L.LIB (?C?LLDCODE)
  E:\INSTALL_FILES\KEIL\C51\LIB\C51L.LIB (?C?LLDIDATA0)
  E:\INSTALL_FILES\KEIL\C51\LIB\C51L.LIB (?C?LLDXDATA0)
  E:\INSTALL_FILES\KEIL\C51\LIB\C51L.LIB (?C?LLDCODE0)
  E:\INSTALL_FILES\KEIL\C51\LIB\C51L.LIB (?C?LSTIDATA)
  E:\INSTALL_FILES\KEIL\C51\LIB\C51L.LIB (?C?LSTXDATA)
  E:\INSTALL_FILES\KEIL\C51\LIB\C51L.LIB (?C?LSTKXDATA)
  E:\INSTALL_FILES\KEIL\C51\LIB\C51L.LIB (?C?OFFXADD)
  E:\INSTALL_FILES\KEIL\C51\LIB\C51L.LIB (?C?PLDIXDATA)
  E:\INSTALL_FILES\KEIL\C51\LIB\C51L.LIB (?C?PSTXDATA)
  E:\INSTALL_FILES\KEIL\C51\LIB\C51L.LIB (?C?CCASE)
  E:\INSTALL_FILES\KEIL\C51\LIB\C51L.LIB (PUTCHAR)
  E:\INSTALL_FILES\KEIL\C51\LIB\C51L.LIB (RAND)
  E:\INSTALL_FILES\KEIL\C51\LIB\C51L.LIB (STRCAT)
  E:\INSTALL_FILES\KEIL\C51\LIB\C51L.LIB (?C?STRCPY)
  E:\INSTALL_FILES\KEIL\C51\LIB\C51L.LIB (?C?MEMCMP)
  E:\INSTALL_FILES\KEIL\C51\LIB\C51L.LIB (?C_INIT)
  E:\INSTALL_FILES\KEIL\C51\LIB\C51L.LIB (?C?ULDIV)
  E:\INSTALL_FILES\KEIL\C51\LIB\C51L.LIB (?C?LLDPDATA)
  E:\INSTALL_FILES\KEIL\C51\LIB\C51L.LIB (?C?LSTPDATA)


LINK MAP OF MODULE:  ..\Objects\iWatch-v1.1 (PW02)


            TYPE    BASE      LENGTH    RELOCATION   SEGMENT NAME
            -----------------------------------------------------

            * * * * * * *   D A T A   M E M O R Y   * * * * * * *
            REG     0000H     0008H     ABSOLUTE     "REG BANK 0"
            REG     0008H     0008H     ABSOLUTE     "REG BANK 1"
            DATA    0010H     000EH     UNIT         _DATA_GROUP_
            DATA    001EH     0002H     UNIT         ?DT?IIC
            BIT     0020H.0   0002H.6   UNIT         ?BI?MAIN
            BIT     0022H.6   0001H.1   UNIT         _BIT_GROUP_
            BIT     0023H.7   0000H.2   UNIT         ?BI?PW02
            BIT     0024H.1   0000H.1   UNIT         ?BI?BUZZER
                    0024H.2   0000H.6                *** GAP ***
BL51 BANKED LINKER/LOCATER V6.22                                                      06/21/2021  07:22:01  PAGE 3


            IDATA   0025H     0030H     UNIT         _IDATA_GROUP_
            IDATA   0055H     001CH     UNIT         ?ID?LSM6DSM
            IDATA   0071H     0001H     UNIT         ?STACK

            * * * * * * *  X D A T A   M E M O R Y  * * * * * * *
            XDATA   0000H     0C08H     UNIT         ?XD?DISPLAY
            XDATA   0C08H     035EH     UNIT         ?XD?MAIN
            XDATA   0F66H     00E3H     UNIT         _XDATA_GROUP_
            XDATA   1049H     00DAH     UNIT         ?XD?ELLIPSOID_FITTING
            XDATA   1123H     0081H     UNIT         ?XD?PW02
            XDATA   11A4H     0075H     UNIT         ?XD?SYS
            XDATA   1219H     0054H     UNIT         ?XD?POWERMANAGE
            XDATA   126DH     0036H     UNIT         ?XD?BME280
            XDATA   12A3H     0018H     UNIT         ?XD?RDA5807M
            XDATA   12BBH     0013H     UNIT         ?XD?HMC5883L
            XDATA   12CEH     0009H     UNIT         ?XD?BME280_CAL_MEAS_DELAY?BME280
            XDATA   12D7H     0004H     UNIT         ?XD?RAND?RAND
            XDATA   12DBH     0003H     UNIT         ?XD?_BME280SINGLEMEASUREMENT?BME280
            XDATA   12DEH     0003H     UNIT         ?XD?BUZZER

            * * * * * * *   C O D E   M E M O R Y   * * * * * * *
            CODE    0000H     0003H     ABSOLUTE     
            CODE    0003H     0008H     UNIT         ?PR?_PCF8563READBYTE?PCF8563
            CODE    000BH     0003H     ABSOLUTE     
            CODE    000EH     0004H     UNIT         ?PR?MCUSOFTRESET?SYS
                    0012H     0001H                  *** GAP ***
            CODE    0013H     0003H     ABSOLUTE     
            CODE    0016H     002CH     UNIT         ?PR?SYSTEMPOWERDOWN?POWERMANAGE
                    0042H     0001H                  *** GAP ***
            CODE    0043H     0003H     ABSOLUTE     
            CODE    0046H     000DH     UNIT         ?PR?_HMC5883L_WRITE_BYTE?HMC5883L
            CODE    0053H     0003H     ABSOLUTE     
            CODE    0056H     0004H     UNIT         ?PR?ENABLEWATCHDOG?SYS
                    005AH     0001H                  *** GAP ***
            CODE    005BH     0003H     ABSOLUTE     
            CODE    005EH     003DH     UNIT         ?PR?_UART2SENDSTR?PW02
            CODE    009BH     0003H     ABSOLUTE     
            CODE    009EH     0004H     UNIT         ?PR?FEEDWATCHDOG?SYS
                    00A2H     0001H                  *** GAP ***
            CODE    00A3H     0003H     ABSOLUTE     
            CODE    00A6H     443DH     UNIT         ?PR?MAIN?MAIN
            CODE    44E3H     233EH     UNIT         ?CO?MAIN
            CODE    6821H     0E96H     UNIT         ?C?LIB_CODE
            CODE    76B7H     0E4EH     UNIT         ?C_INITSEG
            CODE    8505H     0C4AH     UNIT         ?CO?DISPLAY
            CODE    914FH     0872H     UNIT         ?PR?_IMUUPDATE?LSM6DSM
            CODE    99C1H     0483H     UNIT         ?PR?PRINTF?PRINTF
            CODE    9E44H     03FDH     UNIT         ?PR?_SCREENPUSHANIMATION?DISPLAY
            CODE    A241H     03B9H     UNIT         ?PR?COMPENSATE_PRESSURE?BME280
            CODE    A5FAH     037FH     UNIT         ?PR?_ELLIPSOID_FITTING_PROCESS?ELLIPSOID_FITTING
            CODE    A979H     0340H     UNIT         ?PR?_SHOWSTRING?DISPLAY
            CODE    ACB9H     0282H     UNIT         ?PR?_DRAWLINE?DISPLAY
            CODE    AF3BH     026AH     UNIT         ?PR?_DISPLAYTIME?DISPLAY
            CODE    B1A5H     0252H     UNIT         ?PR?COMPENSATE_HUMIDITY?BME280
            CODE    B3F7H     0240H     UNIT         ?PR?_HMC5883L_GET_ANGLEXY?HMC5883L
            CODE    B637H     01FEH     UNIT         ?PR?_DRAWARM?DISPLAY
            CODE    B835H     01F2H     UNIT         ?PR?_DRAWSELECTIONFRAME?DISPLAY
BL51 BANKED LINKER/LOCATER V6.22                                                      06/21/2021  07:22:01  PAGE 4


            CODE    BA27H     01EBH     UNIT         ?PR?_BMPTOCACHE?DISPLAY
            CODE    BC12H     01DBH     UNIT         ?PR?COMPENSATE_TEMPERATURE?BME280
            CODE    BDEDH     018CH     UNIT         ?PR?_MATRIX_SOLVE?ELLIPSOID_FITTING
            CODE    BF79H     0188H     UNIT         ?PR?SIN?SIN
            CODE    C101H     0181H     UNIT         ?PR?GETBATTERYLIFE?POWERMANAGE
            CODE    C282H     0180H     UNIT         ?PR?BME280READCOMPENSATIONPARAMETER?BME280
            CODE    C402H     0173H     UNIT         ?PR?_CALCDATA_INPUT?ELLIPSOID_FITTING
            CODE    C575H     0166H     UNIT         ?PR?_POW?POW
            CODE    C6DBH     014BH     UNIT         ?PR?_READ_HMC5883L?HMC5883L
            CODE    C826H     012BH     UNIT         ?PR?_SCREEROLLDOWN?DISPLAY
            CODE    C951H     0129H     UNIT         ?PR?LOG?LOG
            CODE    CA7AH     0122H     UNIT         ?PR?ATAN?ATAN
            CODE    CB9CH     0120H     UNIT         ?PR?PW02INIT?PW02
            CODE    CCBCH     011FH     UNIT         ?PR?TM3_IST?MAIN
            CODE    CDDBH     011AH     UNIT         ?PR?SENSORINIT?MAIN
            CODE    CEF5H     0109H     UNIT         ?PR?MATRIX_GAUSSELIMINATION?ELLIPSOID_FITTING
            CODE    CFFEH     0105H     UNIT         ?PR?_PCF8563READTIME?PCF8563
            CODE    D103H     0102H     UNIT         ?PR?BREATHINGLAMP?MAIN
            CODE    D205H     00FEH     UNIT         ?PR?BME280_CAL_MEAS_DELAY?BME280
            CODE    D303H     00EAH     UNIT         ?PR?_ROW2_SWOP_ROW1?ELLIPSOID_FITTING
            CODE    D3EDH     00D8H     UNIT         ?PR?BME280READSENSORRAWDATA?BME280
            CODE    D4C5H     00D7H     UNIT         ?PR?PW02CHECKCONNECTION?PW02
            CODE    D59CH     00D5H     UNIT         ?PR?GETBATTERYVOLTAGE?POWERMANAGE
            CODE    D671H     00C2H     UNIT         ?PR?_PCF8563SETALARM?PCF8563
            CODE    D733H     00BEH     UNIT         ?CO?PW02
            CODE    D7F1H     00B3H     UNIT         ?PR?_LSM6DSMREADGYRANDACC?LSM6DSM
            CODE    D8A4H     00AFH     UNIT         ?PR?_RDA5807MSETFQ?RDA5807M
            CODE    D953H     00AFH     UNIT         ?PR?_EEPROMREADCONFIGURATION?SYS
            CODE    DA02H     00ACH     UNIT         ?PR?SQRT?SQRT
            CODE    DAAEH     00ABH     UNIT         ?PR?_RDA5807MSEEK?RDA5807M
            CODE    DB59H     00A7H     UNIT         ?PR?_ROW2_ADD_KROW1?ELLIPSOID_FITTING
            CODE    DC00H     00A1H     UNIT         ?PR?OLED_INIT?OLED
            CODE    DCA1H     009DH     UNIT         ?PR?_ATAN2?ATAN2
            CODE    DD3EH     009AH     UNIT         ?PR?EXP?EXP
            CODE    DDD8H     0099H     UNIT         ?PR?_MOVEBIGGESTELEMENT_TO_TOP?ELLIPSOID_FITTING
            CODE    DE71H     0099H     UNIT         ?PR?_LSM6DSMENABLEAWT?LSM6DSM
            CODE    DF0AH     0099H     UNIT         ?PR?TM4_ISR?BUZZER
            CODE    DFA3H     008CH     UNIT         ?C_C51STARTUP
            CODE    E02FH     0080H     UNIT         ?PR?CALCDATA_INPUT_AVERAGE?ELLIPSOID_FITTING
            CODE    E0AFH     007DH     UNIT         ?PR?_CLEARCACHEAREA?DISPLAY
            CODE    E12CH     007AH     UNIT         ?PR?UART2_ISR?PW02
            CODE    E1A6H     0077H     UNIT         ?PR?_PW02SETNAME?PW02
            CODE    E21DH     0075H     UNIT         ?PR?_EEPROMWRITECONFIGURATION?SYS
            CODE    E292H     006FH     UNIT         ?PR?_I2C_READ_MULTIBYTES?IIC
            CODE    E301H     006DH     UNIT         ?PR?_SENDATCOMMAND?PW02
            CODE    E36EH     006CH     UNIT         ?PR?MATRIX_ROWSIMPLIFY?ELLIPSOID_FITTING
            CODE    E3DAH     006BH     UNIT         ?PR?_STRCAT?STRCAT
            CODE    E445H     0067H     UNIT         ?PR?RDA5807MINIT?RDA5807M
            CODE    E4ACH     0065H     UNIT         ?PR?_PCF8563WRITEDATE?PCF8563
            CODE    E511H     0063H     UNIT         ?PR?_PW02SETADVT?PW02
            CODE    E574H     0062H     UNIT         ?PR?RDA5807MREADRGES?RDA5807M
            CODE    E5D6H     0061H     UNIT         ?PR?_K_MUILTPLY_ROW?ELLIPSOID_FITTING
            CODE    E637H     0061H     UNIT         ?PR?_SCREENREFRESHAREA?DISPLAY
            CODE    E698H     005EH     UNIT         ?PR?_PW02SETBUAD?PW02
            CODE    E6F6H     005BH     UNIT         ?PR?_ABS?ELLIPSOID_FITTING
            CODE    E751H     005AH     UNIT         ?PR?RDA5807MWRITEREGS?RDA5807M
            CODE    E7ABH     005AH     UNIT         ?PR?LSM6DSMINIT?LSM6DSM
BL51 BANKED LINKER/LOCATER V6.22                                                      06/21/2021  07:22:01  PAGE 5


            CODE    E805H     0058H     UNIT         ?PR?BME280INIT?BME280
            CODE    E85DH     0055H     UNIT         ?PR?HMC5883L_INIT?HMC5883L
            CODE    E8B2H     0055H     UNIT         ?PR?_DRAWDOT?DISPLAY
            CODE    E907H     0054H     UNIT         ?PR?_I2C_NOADDR_WRITE_MULTIBYTES?IIC
            CODE    E95BH     0052H     UNIT         ?PR?_DISPLAYINIT?DISPLAY
            CODE    E9ADH     0050H     UNIT         ?PR?INT1_ISR?MAIN
            CODE    E9FDH     004DH     UNIT         ?PR?_PCF8563WRITETIME?PCF8563
            CODE    EA4AH     004DH     UNIT         ?PR?RAND?RAND
            CODE    EA97H     004AH     UNIT         ?PR?_OLED_DRAWBMP?OLED
            CODE    EAE1H     004AH     UNIT         ?PR?_LSM6DSMENABLEPEDOMETER?LSM6DSM
            CODE    EB2BH     0047H     UNIT         ?PR?_BME280GETSENSORDATA?BME280
            CODE    EB72H     0046H     UNIT         ?PR?RDA5807MGETCURRENTFQ?RDA5807M
            CODE    EBB8H     0046H     UNIT         ?PR?RESETMATRIX?ELLIPSOID_FITTING
            CODE    EBFEH     0045H     UNIT         ?PR?_EEPROM_READ_N?EEPROM
            CODE    EC43H     0045H     UNIT         ?PR?_EEPROM_WRITE_N?EEPROM
            CODE    EC88H     0044H     UNIT         ?PR?_HMC5883L_SET_CALIBRATION_VALUE?HMC5883L
            CODE    ECCCH     0044H     UNIT         ?PR?_I2C_NOADDR_READ_MULTIBYTES?IIC
            CODE    ED10H     0044H     UNIT         ?C?LDIV
            CODE    ED54H     003EH     UNIT         ?PR?SYSINIT?SYS
            CODE    ED92H     003CH     UNIT         ?PR?_CLEARCACHE?DISPLAY
            CODE    EDCEH     003BH     UNIT         ?PR?ASIN?ASIN
            CODE    EE09H     003AH     UNIT         ?PR?_PCF8563SETREGISTERBITS?PCF8563
            CODE    EE43H     003AH     UNIT         ?PR?_LSM6DSMRSETREGISTERBITS?LSM6DSM
            CODE    EE7DH     003AH     UNIT         ?PR?_SINGLE_READIIC?IIC
            CODE    EEB7H     0039H     UNIT         ?PR?RDA5807MGETCURRENTRSSI?RDA5807M
            CODE    EEF0H     0039H     UNIT         ?PR?BUZZERINIT?BUZZER
            CODE    EF29H     0037H     UNIT         ?PR?_PCF8563ENABLETIMER?PCF8563
            CODE    EF60H     0032H     UNIT         ?PR?SAVESCREEN?DISPLAY
            CODE    EF92H     002EH     UNIT         ?PR?_PW02GETRXDATA?PW02
            CODE    EFC0H     002CH     UNIT         ?PR?PININIT?SYS
            CODE    EFECH     002BH     UNIT         ?PR?SYSTEMDEEPPOWERDOWN?POWERMANAGE
            CODE    F017H     0029H     UNIT         ?PR?_SINGLE_WRITEIIC?IIC
            CODE    F040H     0028H     UNIT         ?PR?PW02ENTERATMODE?PW02
            CODE    F068H     0028H     UNIT         ?PR?PW02EXITATMODE?PW02
            CODE    F090H     0028H     UNIT         ?PR?_RDA5807MSETVOLUME?RDA5807M
            CODE    F0B8H     0027H     UNIT         ?PR?PW02GETRSSI?PW02
            CODE    F0DFH     0027H     UNIT         ?PR?_BME280WRITEBYTE?BME280
            CODE    F106H     0027H     UNIT         ?PR?LSM6DSMENABLETAPDETECTION?LSM6DSM
            CODE    F12DH     0027H     UNIT         ?PR?PUTCHAR?PUTCHAR
            CODE    F154H     0026H     UNIT         ?PR?_EEPROM_SECTORERASE?EEPROM
            CODE    F17AH     0025H     UNIT         ?PR?PCF8563DISABLEALARM?PCF8563
            CODE    F19FH     0024H     UNIT         ?PR?_BME280SINGLEMEASUREMENT?BME280
            CODE    F1C3H     0024H     UNIT         ?PR?KEYSCAN?MAIN
            CODE    F1E7H     0022H     UNIT         ?PR?WAIT?IIC
            CODE    F209H     0022H     UNIT         ?PR?I2C_STOP?IIC
            CODE    F22BH     0022H     UNIT         ?PR?INT2_ISR?MAIN
            CODE    F24DH     0020H     UNIT         ?CO?ELLIPSOID_FITTING
            CODE    F26DH     001FH     UNIT         ?PR?OLED_CLEAR?OLED
            CODE    F28CH     001EH     UNIT         ?PR?_OLED_SET_POS?OLED
            CODE    F2AAH     001EH     UNIT         ?PR?_BME280SETMODE?BME280
            CODE    F2C8H     001BH     UNIT         ?PR?_ADCREAD?POWERMANAGE
            CODE    F2E3H     001BH     UNIT         ?PR?TM0_ISR?MAIN
            CODE    F2FEH     001AH     UNIT         ?PR?_OLED_WR_BYTE?OLED
            CODE    F318H     001AH     UNIT         ?PR?_DELAY1MS?DELAY
            CODE    F332H     0019H     UNIT         ?PR?_DELAY_MS?OLED
            CODE    F34BH     0019H     UNIT         ?PR?LSM6DSMGETCURRENTSTEP?LSM6DSM
            CODE    F364H     0019H     UNIT         ?PR?LSM6DSMRESETSTEPCOUNTER?LSM6DSM
BL51 BANKED LINKER/LOCATER V6.22                                                      06/21/2021  07:22:01  PAGE 6


            CODE    F37DH     0019H     UNIT         ?PR?UARTINIT?SYS
            CODE    F396H     0017H     UNIT         ?PR?_SCREENSETDIRECTION?DISPLAY
            CODE    F3ADH     0015H     UNIT         ?PR?_PCF8563WRITEBYTE?PCF8563
            CODE    F3C2H     0015H     UNIT         ?PR?_BME280CONTINUOUSMEASUREMENT?BME280
            CODE    F3D7H     0015H     UNIT         ?PR?_BUZZERONOFF?BUZZER
            CODE    F3ECH     0015H     UNIT         ?PR?BEE?BUZZER
            CODE    F401H     0015H     UNIT         ?PR?_DELAY1US?DELAY
            CODE    F416H     0014H     UNIT         ?PR?PCF8563INIT?PCF8563
            CODE    F42AH     0013H     UNIT         ?PR?UART2INIT?SYS
            CODE    F43DH     0012H     UNIT         ?PR?PCF8563DISABLETIMER?PCF8563
            CODE    F44FH     0012H     UNIT         ?PR?IIC_INIT?IIC
            CODE    F461H     0011H     UNIT         ?PR?OLED_DISPLAY_ON?OLED
            CODE    F472H     0011H     UNIT         ?PR?_OLED_HORIZENTAL_REVERSE?OLED
            CODE    F483H     0011H     UNIT         ?PR?_OLED_VERTICAL_REVERSE?OLED
            CODE    F494H     0011H     UNIT         ?PR?_OLED_INVERSE?OLED
            CODE    F4A5H     0011H     UNIT         ?PR?I2C_START?IIC
            CODE    F4B6H     0010H     UNIT         ?PR?_PCF8563ENABLECLOCKOUPUT?PCF8563
            CODE    F4C6H     0010H     UNIT         ?PR?CHECKHMC5883LCONNECTION?HMC5883L
            CODE    F4D6H     0010H     UNIT         ?PR?LSM6DSMSOFTRESET?LSM6DSM
            CODE    F4E6H     0010H     UNIT         ?PR?TIMER3INIT?SYS
            CODE    F4F6H     000FH     UNIT         ?PR?LSM6DSMCHECKCONNECTION?LSM6DSM
            CODE    F505H     000FH     UNIT         ?PR?I2C_RECVHYTE?IIC
            CODE    F514H     000FH     UNIT         ?PR?I2C_SENDNAK?IIC
            CODE    F523H     000FH     UNIT         ?PR?BEEBEEBEE?BUZZER
            CODE    F532H     000EH     UNIT         ?PR?_OLED_SET_BRIGHTNESS?OLED
            CODE    F540H     000EH     UNIT         ?PR?BME280CHECKCONNECTION?BME280
            CODE    F54EH     000EH     UNIT         ?PR?BME280SOFTRESET?BME280
            CODE    F55CH     000EH     UNIT         ?PR?_I2D_SENDBYTE?IIC
            CODE    F56AH     000EH     UNIT         ?PR?I2C_SENDACK?IIC
            CODE    F578H     000EH     UNIT         ?PR?DISABLEEEPROM?EEPROM
            CODE    F586H     000DH     UNIT         ?PR?_LSM6DSMWRITEBYTE?LSM6DSM
            CODE    F593H     000DH     UNIT         ?PR?_BATTERYCHARGEENABLE?POWERMANAGE
            CODE    F5A0H     000DH     UNIT         ?PR?TIMER0INIT?SYS
            CODE    F5ADH     000CH     UNIT         ?PR?OLED_DISPLAY_OFF?OLED
            CODE    F5B9H     000CH     UNIT         ?PR?SYSTEMPOWERON?POWERMANAGE
            CODE    F5C5H     000CH     UNIT         ?PR?INITCONFIG?SYS
            CODE    F5D1H     000BH     UNIT         ?PR?_HMC5883L_SET_MODE?HMC5883L
            CODE    F5DCH     000BH     UNIT         ?PR?_SCREENSETBRIGHTNESS?DISPLAY
            CODE    F5E7H     000AH     UNIT         ?PR?_PW02SETMODE?PW02
            CODE    F5F1H     000AH     UNIT         ?PR?RDA5807MSETMUTE?RDA5807M
            CODE    F5FBH     000AH     UNIT         ?PR?RDA5807MPOWERUP?RDA5807M
            CODE    F605H     000AH     UNIT         ?PR?RDA5807MPOWERDOWN?RDA5807M
            CODE    F60FH     000AH     UNIT         ?PR?PCF8563READINTSRC?PCF8563
            CODE    F619H     000AH     UNIT         ?PR?_SCREENONOFF?DISPLAY
            CODE    F623H     0009H     UNIT         ?PR?PW02REST?PW02
            CODE    F62CH     0009H     UNIT         ?PR?PCF8563CLEARALARMFLAG?PCF8563
            CODE    F635H     0009H     UNIT         ?PR?PCF8563CLEARTIMERFLAG?PCF8563
            CODE    F63EH     0009H     UNIT         ?PR?LSM6DSMENABLEEMBEDDEDFUNC?LSM6DSM
            CODE    F647H     0009H     UNIT         ?PR?LSM6DSMDISABLEPEDOMETER?LSM6DSM
            CODE    F650H     0009H     UNIT         ?PR?I2C_RECVACK?IIC
            CODE    F659H     0009H     UNIT         ?PR?_ENABLEBUZZER?BUZZER
            CODE    F662H     0008H     UNIT         ?PR?_BME280READBYTE?BME280
            CODE    F66AH     0008H     UNIT         ?PR?_HMC5883L_READ_BYTE?HMC5883L
            CODE    F672H     0008H     UNIT         ?PR?_LSM6DSMREADBYTE?LSM6DSM
            CODE    F67AH     0008H     UNIT         ?PR?_LSM6DSMCONFIGACC?LSM6DSM
            CODE    F682H     0008H     UNIT         ?PR?_LSM6DSMCONFIGGYR?LSM6DSM
            CODE    F68AH     0008H     UNIT         ?PR?_LED?SYS
BL51 BANKED LINKER/LOCATER V6.22                                                      06/21/2021  07:22:01  PAGE 7


            CODE    F692H     0007H     UNIT         ?PR?ADCINIT?POWERMANAGE
            CODE    F699H     0006H     UNIT         ?CO?BME280
            CODE    F69FH     0006H     UNIT         ?PR?_ENABLE3V3OUTPUT?POWERMANAGE
            CODE    F6A5H     0003H     UNIT         ?PR?_SCREENREFRESHALL?DISPLAY
            CODE    F6A8H     0003H     UNIT         ?PR?_SCREENSETINVERSE?DISPLAY
            CODE    F6ABH     0003H     UNIT         ?PR?INT3_ISR?MAIN
            CODE    F6AEH     0003H     UNIT         ?PR?LED1_ON?MAIN
            CODE    F6B1H     0003H     UNIT         ?PR?LED1_OFF?MAIN



OVERLAY MAP OF MODULE:   ..\Objects\iWatch-v1.1 (PW02)


SEGMENT                                             BIT_GROUP          DATA_GROUP          IDATA_GROUP         XDATA_GRO
>> UP
  +--> CALLED SEGMENT                            START    LENGTH     START    LENGTH     START    LENGTH     START    LE
>> NGTH
------------------------------------------------------------------------------------------------------------------------
>> ----
?PR?TM4_ISR?BUZZER                               -----    -----      -----    -----      -----    -----      -----    --
>> ---
  +--> ?PR?_BUZZERONOFF?BUZZER

*** NEW ROOT ***************************************************

?PR?TM3_IST?MAIN                                 -----    -----      -----    -----      -----    -----      -----    --
>> ---
  +--> ?PR?MCUSOFTRESET?SYS
  +--> ?PR?KEYSCAN?MAIN
  +--> ?PR?BEE?BUZZER
  +--> ?PR?_LED?SYS

?PR?BEE?BUZZER                                   -----    -----      -----    -----      -----    -----      -----    --
>> ---
  +--> ?PR?_BUZZERONOFF?BUZZER

*** NEW ROOT ***************************************************

?PR?INT1_ISR?MAIN                                -----    -----      -----    -----      -----    -----      -----    --
>> ---
  +--> ?PR?BEE?BUZZER
  +--> ?PR?_SCREENONOFF?DISPLAY

?PR?_SCREENONOFF?DISPLAY                         -----    -----      -----    -----      -----    -----      -----    --
>> ---
  +--> ?PR?OLED_DISPLAY_ON?OLED
  +--> ?PR?OLED_DISPLAY_OFF?OLED

?PR?OLED_DISPLAY_ON?OLED                         -----    -----      -----    -----      -----    -----      -----    --
>> ---
  +--> ?PR?_OLED_WR_BYTE?OLED

?PR?OLED_DISPLAY_OFF?OLED                        -----    -----      -----    -----      -----    -----      -----    --
>> ---
  +--> ?PR?_OLED_WR_BYTE?OLED

BL51 BANKED LINKER/LOCATER V6.22                                                      06/21/2021  07:22:01  PAGE 8


*** NEW ROOT ***************************************************

?C_C51STARTUP                                    -----    -----      -----    -----      -----    -----      -----    --
>> ---
  +--> ?PR?MAIN?MAIN
  +--> ?C_INITSEG

?PR?MAIN?MAIN                                    -----    -----      -----    -----      -----    -----      0F66H    00
>> 80H
  +--> ?PR?SYSINIT?SYS
  +--> ?PR?_DISPLAYINIT?DISPLAY
  +--> ?PR?PCF8563INIT?PCF8563
  +--> ?PR?SENSORINIT?MAIN
  +--> ?PR?_CLEARCACHE?DISPLAY
  +--> ?PR?FEEDWATCHDOG?SYS
  +--> ?PR?BREATHINGLAMP?MAIN
  +--> ?PR?_SCREENPUSHANIMATION?DISPLAY
  +--> ?PR?_PCF8563READTIME?PCF8563
  +--> ?PR?_DISPLAYTIME?DISPLAY
  +--> ?PR?_CLEARCACHEAREA?DISPLAY
  +--> ?CO?MAIN
  +--> ?PR?_BMPTOCACHE?DISPLAY
  +--> ?PR?PRINTF?PRINTF
  +--> ?PR?_STRCAT?STRCAT
  +--> ?PR?_SHOWSTRING?DISPLAY
  +--> ?PR?GETBATTERYLIFE?POWERMANAGE
  +--> ?PR?SAVESCREEN?DISPLAY
  +--> ?PR?_LSM6DSMCONFIGACC?LSM6DSM
  +--> ?PR?_LSM6DSMCONFIGGYR?LSM6DSM
  +--> ?PR?_LSM6DSMREADGYRANDACC?LSM6DSM
  +--> ?PR?_IMUUPDATE?LSM6DSM
  +--> ?PR?_DRAWSELECTIONFRAME?DISPLAY
  +--> ?PR?_SCREENREFRESHALL?DISPLAY
  +--> ?PR?_PCF8563ENABLECLOCKOUPUT?PCF8563
  +--> ?PR?LSM6DSMGETCURRENTSTEP?LSM6DSM
  +--> ?PR?_BME280CONTINUOUSMEASUREMENT?BME280
  +--> ?PR?_BME280GETSENSORDATA?BME280
  +--> ?PR?_POW?POW
  +--> ?PR?_BME280SETMODE?BME280
  +--> ?PR?RDA5807MPOWERUP?RDA5807M
  +--> ?PR?_RDA5807MSETFQ?RDA5807M
  +--> ?PR?_RDA5807MSETVOLUME?RDA5807M
  +--> ?PR?_RDA5807MSEEK?RDA5807M
  +--> ?PR?RDA5807MPOWERDOWN?RDA5807M
  +--> ?PR?_EEPROMWRITECONFIGURATION?SYS
  +--> ?PR?_HMC5883L_SET_MODE?HMC5883L
  +--> ?PR?_HMC5883L_SET_CALIBRATION_VALUE?H...
  +--> ?PR?_READ_HMC5883L?HMC5883L
  +--> ?PR?_HMC5883L_GET_ANGLEXY?HMC5883L
  +--> ?PR?_DRAWARM?DISPLAY
  +--> ?PR?RESETMATRIX?ELLIPSOID_FITTING
  +--> ?PR?_CALCDATA_INPUT?ELLIPSOID_FITTING
  +--> ?PR?BEE?BUZZER
  +--> ?PR?_ELLIPSOID_FITTING_PROCESS?ELLIPS...
  +--> ?PR?PW02INIT?PW02
  +--> ?PR?_PW02SETMODE?PW02
  +--> ?PR?PW02CHECKCONNECTION?PW02
BL51 BANKED LINKER/LOCATER V6.22                                                      06/21/2021  07:22:01  PAGE 9


  +--> ?PR?_PW02GETRXDATA?PW02
  +--> ?PR?PW02EXITATMODE?PW02
  +--> ?PR?_SCREENSETINVERSE?DISPLAY
  +--> ?PR?_DRAWDOT?DISPLAY
  +--> ?PR?_SCREENSETBRIGHTNESS?DISPLAY
  +--> ?PR?_LED?SYS
  +--> ?PR?_SCREEROLLDOWN?DISPLAY
  +--> ?PR?_PCF8563WRITETIME?PCF8563
  +--> ?PR?_PCF8563WRITEDATE?PCF8563
  +--> ?PR?_PCF8563SETALARM?PCF8563
  +--> ?PR?PCF8563DISABLEALARM?PCF8563
  +--> ?PR?_SCREENSETDIRECTION?DISPLAY
  +--> ?PR?_ENABLEBUZZER?BUZZER
  +--> ?PR?MCUSOFTRESET?SYS
  +--> ?PR?RAND?RAND
  +--> ?PR?_SCREENONOFF?DISPLAY
  +--> ?PR?SYSTEMPOWERON?POWERMANAGE
  +--> ?PR?_PCF8563ENABLETIMER?PCF8563
  +--> ?PR?SYSTEMPOWERDOWN?POWERMANAGE
  +--> ?PR?SYSTEMDEEPPOWERDOWN?POWERMANAGE
  +--> ?PR?_ENABLE3V3OUTPUT?POWERMANAGE
  +--> ?PR?_DELAY1MS?DELAY
  +--> ?PR?PCF8563READINTSRC?PCF8563
  +--> ?PR?PCF8563CLEARALARMFLAG?PCF8563
  +--> ?PR?BEEBEEBEE?BUZZER
  +--> ?PR?PCF8563CLEARTIMERFLAG?PCF8563
  +--> ?PR?LSM6DSMRESETSTEPCOUNTER?LSM6DSM

?PR?SYSINIT?SYS                                  -----    -----      -----    -----      -----    -----      -----    --
>> ---
  +--> ?PR?PININIT?SYS
  +--> ?PR?UARTINIT?SYS
  +--> ?PR?UART2INIT?SYS
  +--> ?PR?TIMER0INIT?SYS
  +--> ?PR?TIMER3INIT?SYS
  +--> ?PR?INITCONFIG?SYS
  +--> ?PR?ADCINIT?POWERMANAGE
  +--> ?PR?IIC_INIT?IIC
  +--> ?PR?ENABLEWATCHDOG?SYS
  +--> ?PR?_EEPROMREADCONFIGURATION?SYS
  +--> ?PR?BUZZERINIT?BUZZER
  +--> ?PR?_ENABLEBUZZER?BUZZER
  +--> ?PR?_LED?SYS
  +--> ?PR?_DELAY1MS?DELAY

?PR?_EEPROMREADCONFIGURATION?SYS                 -----    -----      -----    -----      -----    -----      0FE6H    00
>> 06H
  +--> ?PR?_EEPROM_READ_N?EEPROM

?PR?_EEPROM_READ_N?EEPROM                        -----    -----      -----    -----      -----    -----      0FECH    00
>> 07H
  +--> ?PR?DISABLEEEPROM?EEPROM

?PR?_DISPLAYINIT?DISPLAY                         -----    -----      -----    -----      -----    -----      0FE6H    00
>> 03H
  +--> ?PR?OLED_INIT?OLED
  +--> ?PR?_SCREENSETBRIGHTNESS?DISPLAY
BL51 BANKED LINKER/LOCATER V6.22                                                      06/21/2021  07:22:01  PAGE 10


  +--> ?PR?_SCREENSETDIRECTION?DISPLAY
  +--> ?PR?_SCREENSETINVERSE?DISPLAY
  +--> ?PR?_SCREENONOFF?DISPLAY

?PR?OLED_INIT?OLED                               -----    -----      -----    -----      -----    -----      -----    --
>> ---
  +--> ?PR?_DELAY_MS?OLED
  +--> ?PR?_OLED_WR_BYTE?OLED
  +--> ?PR?OLED_CLEAR?OLED
  +--> ?PR?_OLED_SET_POS?OLED

?PR?OLED_CLEAR?OLED                              -----    -----      -----    -----      -----    -----      -----    --
>> ---
  +--> ?PR?_OLED_WR_BYTE?OLED

?PR?_OLED_SET_POS?OLED                           -----    -----      -----    -----      -----    -----      -----    --
>> ---
  +--> ?PR?_OLED_WR_BYTE?OLED

?PR?_SCREENSETBRIGHTNESS?DISPLAY                 -----    -----      -----    -----      -----    -----      -----    --
>> ---
  +--> ?PR?_OLED_SET_BRIGHTNESS?OLED

?PR?_OLED_SET_BRIGHTNESS?OLED                    -----    -----      -----    -----      -----    -----      -----    --
>> ---
  +--> ?PR?_OLED_WR_BYTE?OLED

?PR?_SCREENSETDIRECTION?DISPLAY                  -----    -----      -----    -----      -----    -----      -----    --
>> ---
  +--> ?PR?_OLED_HORIZENTAL_REVERSE?OLED
  +--> ?PR?_OLED_VERTICAL_REVERSE?OLED

?PR?_OLED_HORIZENTAL_REVERSE?OLED                -----    -----      -----    -----      -----    -----      -----    --
>> ---
  +--> ?PR?_OLED_WR_BYTE?OLED

?PR?_OLED_VERTICAL_REVERSE?OLED                  -----    -----      -----    -----      -----    -----      -----    --
>> ---
  +--> ?PR?_OLED_WR_BYTE?OLED

?PR?_SCREENSETINVERSE?DISPLAY                    -----    -----      -----    -----      -----    -----      -----    --
>> ---
  +--> ?PR?_OLED_INVERSE?OLED

?PR?_OLED_INVERSE?OLED                           -----    -----      -----    -----      -----    -----      -----    --
>> ---
  +--> ?PR?_OLED_WR_BYTE?OLED

?PR?PCF8563INIT?PCF8563                          -----    -----      -----    -----      -----    -----      -----    --
>> ---
  +--> ?PR?PCF8563CLEARALARMFLAG?PCF8563
  +--> ?PR?PCF8563CLEARTIMERFLAG?PCF8563
  +--> ?PR?_PCF8563ENABLETIMER?PCF8563
  +--> ?PR?_PCF8563ENABLECLOCKOUPUT?PCF8563

?PR?PCF8563CLEARALARMFLAG?PCF8563                -----    -----      -----    -----      -----    -----      -----    --
>> ---
BL51 BANKED LINKER/LOCATER V6.22                                                      06/21/2021  07:22:01  PAGE 11


  +--> ?PR?_PCF8563SETREGISTERBITS?PCF8563

?PR?_PCF8563SETREGISTERBITS?PCF8563              -----    -----      -----    -----      -----    -----      0FEEH    00
>> 03H
  +--> ?PR?_PCF8563READBYTE?PCF8563
  +--> ?PR?_PCF8563WRITEBYTE?PCF8563

?PR?_PCF8563READBYTE?PCF8563                     -----    -----      -----    -----      -----    -----      -----    --
>> ---
  +--> ?PR?_SINGLE_READIIC?IIC

?PR?_SINGLE_READIIC?IIC                          -----    -----      -----    -----      -----    -----      0FF2H    00
>> 02H
  +--> ?PR?I2C_START?IIC
  +--> ?PR?I2C_RECVACK?IIC
  +--> ?PR?I2C_SENDNAK?IIC
  +--> ?PR?I2C_STOP?IIC

?PR?I2C_START?IIC                                -----    -----      -----    -----      -----    -----      -----    --
>> ---
  +--> ?PR?WAIT?IIC

?PR?I2C_RECVACK?IIC                              -----    -----      -----    -----      -----    -----      -----    --
>> ---
  +--> ?PR?WAIT?IIC

?PR?I2C_SENDNAK?IIC                              -----    -----      -----    -----      -----    -----      -----    --
>> ---
  +--> ?PR?WAIT?IIC

?PR?I2C_STOP?IIC                                 -----    -----      -----    -----      -----    -----      -----    --
>> ---
  +--> ?PR?I2C_SENDNAK?IIC
  +--> ?PR?WAIT?IIC

?PR?_PCF8563WRITEBYTE?PCF8563                    -----    -----      -----    -----      -----    -----      -----    --
>> ---
  +--> ?PR?_SINGLE_WRITEIIC?IIC

?PR?_SINGLE_WRITEIIC?IIC                         -----    -----      -----    -----      -----    -----      0FF2H    00
>> 02H
  +--> ?PR?I2C_START?IIC
  +--> ?PR?I2C_RECVACK?IIC
  +--> ?PR?I2C_STOP?IIC

?PR?PCF8563CLEARTIMERFLAG?PCF8563                -----    -----      -----    -----      -----    -----      -----    --
>> ---
  +--> ?PR?_PCF8563SETREGISTERBITS?PCF8563

?PR?_PCF8563ENABLETIMER?PCF8563                  -----    -----      -----    -----      -----    -----      0FE6H    00
>> 02H
  +--> ?PR?_PCF8563SETREGISTERBITS?PCF8563
  +--> ?PR?_PCF8563WRITEBYTE?PCF8563

?PR?_PCF8563ENABLECLOCKOUPUT?PCF8563             -----    -----      -----    -----      -----    -----      -----    --
>> ---
  +--> ?PR?_PCF8563WRITEBYTE?PCF8563
BL51 BANKED LINKER/LOCATER V6.22                                                      06/21/2021  07:22:01  PAGE 12



?PR?SENSORINIT?MAIN                              -----    -----      -----    -----      -----    -----      0FE6H    00
>> 04H
  +--> ?PR?BME280INIT?BME280
  +--> ?CO?MAIN
  +--> ?PR?_SHOWSTRING?DISPLAY
  +--> ?PR?HMC5883L_INIT?HMC5883L
  +--> ?PR?LSM6DSMINIT?LSM6DSM
  +--> ?PR?RDA5807MINIT?RDA5807M
  +--> ?PR?_DELAY1MS?DELAY

?PR?BME280INIT?BME280                            -----    -----      -----    -----      -----    -----      0FEAH    00
>> 01H
  +--> ?PR?_DELAY1MS?DELAY
  +--> ?PR?BME280CHECKCONNECTION?BME280
  +--> ?PR?BME280SOFTRESET?BME280
  +--> ?PR?BME280READCOMPENSATIONPARAMETER?B...
  +--> ?PR?_BME280WRITEBYTE?BME280

?PR?BME280CHECKCONNECTION?BME280                 -----    -----      -----    -----      -----    -----      -----    --
>> ---
  +--> ?PR?_BME280READBYTE?BME280

?PR?_BME280READBYTE?BME280                       -----    -----      -----    -----      -----    -----      -----    --
>> ---
  +--> ?PR?_SINGLE_READIIC?IIC

?PR?BME280SOFTRESET?BME280                       -----    -----      -----    -----      -----    -----      -----    --
>> ---
  +--> ?PR?_BME280WRITEBYTE?BME280
  +--> ?PR?_DELAY1MS?DELAY

?PR?_BME280WRITEBYTE?BME280                      -----    -----      -----    -----      -----    -----      -----    --
>> ---
  +--> ?PR?_SINGLE_WRITEIIC?IIC

?PR?BME280READCOMPENSATIONPARAMETER?B...         -----    -----      -----    -----      -----    -----      0FEBH    00
>> 21H
  +--> ?PR?_I2C_READ_MULTIBYTES?IIC

?PR?_I2C_READ_MULTIBYTES?IIC                     -----    -----      -----    -----      -----    -----      100CH    00
>> 07H
  +--> ?PR?I2C_START?IIC
  +--> ?PR?I2C_RECVACK?IIC
  +--> ?PR?I2C_SENDACK?IIC
  +--> ?PR?I2C_STOP?IIC

?PR?I2C_SENDACK?IIC                              -----    -----      -----    -----      -----    -----      -----    --
>> ---
  +--> ?PR?WAIT?IIC

?PR?_SHOWSTRING?DISPLAY                          -----    -----      0010H    000AH      -----    -----      0FEAH    00
>> 0BH
  +--> ?CO?DISPLAY
  +--> ?PR?_CLEARCACHE?DISPLAY
  +--> ?PR?_SCREENREFRESHAREA?DISPLAY

BL51 BANKED LINKER/LOCATER V6.22                                                      06/21/2021  07:22:01  PAGE 13


?PR?_CLEARCACHE?DISPLAY                          -----    -----      001AH    0002H      -----    -----      0FF5H    00
>> 03H

?PR?_SCREENREFRESHAREA?DISPLAY                   -----    -----      001AH    0004H      -----    -----      0FF5H    00
>> 04H
  +--> ?PR?_OLED_SET_POS?OLED
  +--> ?PR?_OLED_WR_BYTE?OLED

?PR?HMC5883L_INIT?HMC5883L                       -----    -----      -----    -----      -----    -----      0FEAH    00
>> 01H
  +--> ?PR?CHECKHMC5883LCONNECTION?HMC5883L
  +--> ?PR?_DELAY1MS?DELAY
  +--> ?PR?_HMC5883L_WRITE_BYTE?HMC5883L

?PR?CHECKHMC5883LCONNECTION?HMC5883L             -----    -----      -----    -----      -----    -----      -----    --
>> ---
  +--> ?PR?_HMC5883L_READ_BYTE?HMC5883L

?PR?_HMC5883L_READ_BYTE?HMC5883L                 -----    -----      -----    -----      -----    -----      -----    --
>> ---
  +--> ?PR?_SINGLE_READIIC?IIC

?PR?_HMC5883L_WRITE_BYTE?HMC5883L                -----    -----      -----    -----      -----    -----      -----    --
>> ---
  +--> ?PR?_SINGLE_WRITEIIC?IIC

?PR?LSM6DSMINIT?LSM6DSM                          -----    -----      -----    -----      -----    -----      0FEAH    00
>> 02H
  +--> ?PR?_DELAY1MS?DELAY
  +--> ?PR?LSM6DSMCHECKCONNECTION?LSM6DSM
  +--> ?PR?LSM6DSMSOFTRESET?LSM6DSM
  +--> ?PR?_LSM6DSMCONFIGACC?LSM6DSM
  +--> ?PR?_LSM6DSMCONFIGGYR?LSM6DSM
  +--> ?PR?_LSM6DSMENABLEAWT?LSM6DSM
  +--> ?PR?LSM6DSMENABLETAPDETECTION?LSM6DSM
  +--> ?PR?_LSM6DSMENABLEPEDOMETER?LSM6DSM
  +--> ?PR?LSM6DSMENABLEEMBEDDEDFUNC?LSM6DSM

?PR?LSM6DSMCHECKCONNECTION?LSM6DSM               -----    -----      -----    -----      -----    -----      -----    --
>> ---
  +--> ?PR?_LSM6DSMREADBYTE?LSM6DSM

?PR?_LSM6DSMREADBYTE?LSM6DSM                     -----    -----      -----    -----      -----    -----      -----    --
>> ---
  +--> ?PR?_SINGLE_READIIC?IIC

?PR?LSM6DSMSOFTRESET?LSM6DSM                     -----    -----      -----    -----      -----    -----      -----    --
>> ---
  +--> ?PR?_LSM6DSMRSETREGISTERBITS?LSM6DSM
  +--> ?PR?_DELAY1MS?DELAY

?PR?_LSM6DSMRSETREGISTERBITS?LSM6DSM             -----    -----      -----    -----      -----    -----      0FEFH    00
>> 03H
  +--> ?PR?_LSM6DSMREADBYTE?LSM6DSM
  +--> ?PR?_LSM6DSMWRITEBYTE?LSM6DSM

?PR?_LSM6DSMWRITEBYTE?LSM6DSM                    -----    -----      -----    -----      -----    -----      -----    --
BL51 BANKED LINKER/LOCATER V6.22                                                      06/21/2021  07:22:01  PAGE 14


>> ---
  +--> ?PR?_SINGLE_WRITEIIC?IIC

?PR?_LSM6DSMCONFIGACC?LSM6DSM                    -----    -----      -----    -----      -----    -----      -----    --
>> ---
  +--> ?PR?_LSM6DSMWRITEBYTE?LSM6DSM

?PR?_LSM6DSMCONFIGGYR?LSM6DSM                    -----    -----      -----    -----      -----    -----      -----    --
>> ---
  +--> ?PR?_LSM6DSMWRITEBYTE?LSM6DSM

?PR?_LSM6DSMENABLEAWT?LSM6DSM                    -----    -----      -----    -----      -----    -----      0FECH    00
>> 02H
  +--> ?PR?SIN?SIN
  +--> ?PR?_LSM6DSMWRITEBYTE?LSM6DSM
  +--> ?PR?_LSM6DSMRSETREGISTERBITS?LSM6DSM

?PR?SIN?SIN                                      0022H.6  0000H.1    -----    -----      -----    -----      0FFDH    00
>> 04H

?PR?LSM6DSMENABLETAPDETECTION?LSM6DSM            -----    -----      -----    -----      -----    -----      -----    --
>> ---
  +--> ?PR?_LSM6DSMRSETREGISTERBITS?LSM6DSM
  +--> ?PR?_LSM6DSMWRITEBYTE?LSM6DSM

?PR?_LSM6DSMENABLEPEDOMETER?LSM6DSM              -----    -----      -----    -----      -----    -----      0FECH    00
>> 03H
  +--> ?PR?_LSM6DSMWRITEBYTE?LSM6DSM
  +--> ?PR?_LSM6DSMRSETREGISTERBITS?LSM6DSM

?PR?LSM6DSMENABLEEMBEDDEDFUNC?LSM6DSM            -----    -----      -----    -----      -----    -----      -----    --
>> ---
  +--> ?PR?_LSM6DSMRSETREGISTERBITS?LSM6DSM

?PR?RDA5807MINIT?RDA5807M                        -----    -----      -----    -----      -----    -----      -----    --
>> ---
  +--> ?PR?RDA5807MWRITEREGS?RDA5807M
  +--> ?PR?_DELAY1MS?DELAY

?PR?RDA5807MWRITEREGS?RDA5807M                   -----    -----      -----    -----      -----    -----      0FEAH    00
>> 08H
  +--> ?PR?_I2C_NOADDR_WRITE_MULTIBYTES?IIC

?PR?_I2C_NOADDR_WRITE_MULTIBYTES?IIC             -----    -----      -----    -----      -----    -----      0FF2H    00
>> 05H
  +--> ?PR?I2C_START?IIC
  +--> ?PR?I2C_RECVACK?IIC
  +--> ?PR?I2C_STOP?IIC

?PR?BREATHINGLAMP?MAIN                           -----    -----      -----    -----      -----    -----      0FE6H    00
>> 06H
  +--> ?PR?LED1_ON?MAIN
  +--> ?PR?LED1_OFF?MAIN
  +--> ?PR?_DELAY1US?DELAY

?PR?_SCREENPUSHANIMATION?DISPLAY                 -----    -----      0010H    0008H      -----    -----      0FE6H    00
>> 04H
BL51 BANKED LINKER/LOCATER V6.22                                                      06/21/2021  07:22:01  PAGE 15


  +--> ?PR?_OLED_DRAWBMP?OLED

?PR?_OLED_DRAWBMP?OLED                           -----    -----      0018H    0004H      -----    -----      -----    --
>> ---
  +--> ?PR?_OLED_WR_BYTE?OLED

?PR?_PCF8563READTIME?PCF8563                     -----    -----      -----    -----      -----    -----      0FE6H    00
>> 0AH
  +--> ?PR?_I2C_READ_MULTIBYTES?IIC

?PR?_DISPLAYTIME?DISPLAY                         -----    -----      -----    -----      -----    -----      0FE6H    00
>> 12H
  +--> ?CO?DISPLAY
  +--> ?PR?_OLED_DRAWBMP?OLED

?PR?_CLEARCACHEAREA?DISPLAY                      -----    -----      0010H    0006H      -----    -----      0FE6H    00
>> 07H

?PR?_BMPTOCACHE?DISPLAY                          -----    -----      0010H    0008H      -----    -----      0FE6H    00
>> 0BH

?PR?PRINTF?PRINTF                                0022H.6  0001H.1    0010H    0005H      -----    -----      1019H    00
>> 30H
  +--> ?PR?PUTCHAR?PUTCHAR

?PR?_STRCAT?STRCAT                               -----    -----      -----    -----      -----    -----      1006H    00
>> 09H

?PR?GETBATTERYLIFE?POWERMANAGE                   -----    -----      -----    -----      -----    -----      0FE6H    00
>> 09H
  +--> ?PR?GETBATTERYVOLTAGE?POWERMANAGE

?PR?GETBATTERYVOLTAGE?POWERMANAGE                -----    -----      -----    -----      -----    -----      0FEFH    00
>> 08H
  +--> ?PR?_ADCREAD?POWERMANAGE

?PR?SAVESCREEN?DISPLAY                           -----    -----      0010H    0002H      -----    -----      -----    --
>> ---

?PR?_LSM6DSMREADGYRANDACC?LSM6DSM                -----    -----      -----    -----      -----    -----      0FE6H    00
>> 0FH
  +--> ?PR?_I2C_READ_MULTIBYTES?IIC

?PR?_IMUUPDATE?LSM6DSM                           -----    -----      0010H    0004H      0025H    0030H      0FE6H    00
>> 03H
  +--> ?PR?SQRT?SQRT
  +--> ?PR?ASIN?ASIN
  +--> ?PR?ATAN?ATAN

?PR?SQRT?SQRT                                    -----    -----      -----    -----      -----    -----      1019H    00
>> 04H

?PR?ASIN?ASIN                                    -----    -----      -----    -----      -----    -----      -----    --
>> ---
  +--> ?PR?SQRT?SQRT
  +--> ?PR?ATAN?ATAN

BL51 BANKED LINKER/LOCATER V6.22                                                      06/21/2021  07:22:01  PAGE 16


?PR?ATAN?ATAN                                    0022H.6  0000H.2    -----    -----      -----    -----      1005H    00
>> 04H

?PR?_DRAWSELECTIONFRAME?DISPLAY                  -----    -----      -----    -----      -----    -----      -----    --
>> ---
  +--> ?PR?_DRAWDOT?DISPLAY

?PR?_SCREENREFRESHALL?DISPLAY                    -----    -----      -----    -----      -----    -----      -----    --
>> ---
  +--> ?PR?_OLED_DRAWBMP?OLED

?PR?LSM6DSMGETCURRENTSTEP?LSM6DSM                -----    -----      -----    -----      -----    -----      0FE6H    00
>> 01H
  +--> ?PR?_LSM6DSMREADBYTE?LSM6DSM

?PR?_BME280CONTINUOUSMEASUREMENT?BME280          -----    -----      -----    -----      -----    -----      -----    --
>> ---
  +--> ?PR?_BME280WRITEBYTE?BME280
  +--> ?PR?_BME280SETMODE?BME280

?PR?_BME280SETMODE?BME280                        -----    -----      -----    -----      -----    -----      -----    --
>> ---
  +--> ?PR?_BME280WRITEBYTE?BME280

?PR?_BME280GETSENSORDATA?BME280                  -----    -----      -----    -----      -----    -----      0FE6H    00
>> 03H
  +--> ?PR?BME280READSENSORRAWDATA?BME280
  +--> ?PR?COMPENSATE_TEMPERATURE?BME280
  +--> ?PR?COMPENSATE_PRESSURE?BME280
  +--> ?PR?COMPENSATE_HUMIDITY?BME280

?PR?BME280READSENSORRAWDATA?BME280               -----    -----      -----    -----      -----    -----      0FE9H    00
>> 08H
  +--> ?PR?_I2C_READ_MULTIBYTES?IIC

?PR?COMPENSATE_TEMPERATURE?BME280                -----    -----      -----    -----      -----    -----      0FE9H    00
>> 14H

?PR?COMPENSATE_PRESSURE?BME280                   -----    -----      -----    -----      -----    -----      0FE9H    00
>> 18H

?PR?COMPENSATE_HUMIDITY?BME280                   -----    -----      -----    -----      -----    -----      0FE9H    00
>> 24H

?PR?_POW?POW                                     -----    -----      -----    -----      -----    -----      0FE6H    00
>> 0AH
  +--> ?PR?LOG?LOG
  +--> ?PR?EXP?EXP

?PR?LOG?LOG                                      0022H.6  0000H.1    -----    -----      -----    -----      0FF0H    00
>> 04H

?PR?RDA5807MPOWERUP?RDA5807M                     -----    -----      -----    -----      -----    -----      -----    --
>> ---
  +--> ?PR?RDA5807MWRITEREGS?RDA5807M

?PR?_RDA5807MSETFQ?RDA5807M                      -----    -----      -----    -----      -----    -----      0FE6H    00
BL51 BANKED LINKER/LOCATER V6.22                                                      06/21/2021  07:22:01  PAGE 17


>> 04H
  +--> ?PR?RDA5807MWRITEREGS?RDA5807M
  +--> ?PR?_DELAY1MS?DELAY
  +--> ?PR?RDA5807MREADRGES?RDA5807M

?PR?RDA5807MREADRGES?RDA5807M                    -----    -----      -----    -----      -----    -----      0FEAH    00
>> 04H
  +--> ?PR?_I2C_NOADDR_READ_MULTIBYTES?IIC

?PR?_I2C_NOADDR_READ_MULTIBYTES?IIC              -----    -----      -----    -----      -----    -----      0FEEH    00
>> 05H
  +--> ?PR?I2C_START?IIC
  +--> ?PR?I2C_RECVACK?IIC
  +--> ?PR?I2C_STOP?IIC

?PR?_RDA5807MSETVOLUME?RDA5807M                  -----    -----      -----    -----      -----    -----      -----    --
>> ---
  +--> ?PR?RDA5807MWRITEREGS?RDA5807M

?PR?_RDA5807MSEEK?RDA5807M                       -----    -----      -----    -----      -----    -----      -----    --
>> ---
  +--> ?PR?RDA5807MWRITEREGS?RDA5807M
  +--> ?PR?RDA5807MREADRGES?RDA5807M

?PR?RDA5807MPOWERDOWN?RDA5807M                   -----    -----      -----    -----      -----    -----      -----    --
>> ---
  +--> ?PR?RDA5807MWRITEREGS?RDA5807M

?PR?_EEPROMWRITECONFIGURATION?SYS                -----    -----      -----    -----      -----    -----      0FE6H    00
>> 05H
  +--> ?PR?_EEPROM_SECTORERASE?EEPROM
  +--> ?PR?_EEPROM_WRITE_N?EEPROM

?PR?_EEPROM_SECTORERASE?EEPROM                   -----    -----      -----    -----      -----    -----      -----    --
>> ---
  +--> ?PR?DISABLEEEPROM?EEPROM

?PR?_EEPROM_WRITE_N?EEPROM                       -----    -----      -----    -----      -----    -----      0FEBH    00
>> 07H
  +--> ?PR?DISABLEEEPROM?EEPROM

?PR?_HMC5883L_SET_MODE?HMC5883L                  -----    -----      -----    -----      -----    -----      -----    --
>> ---
  +--> ?PR?_HMC5883L_WRITE_BYTE?HMC5883L

?PR?_HMC5883L_SET_CALIBRATION_VALUE?H...         -----    -----      -----    -----      -----    -----      0FE6H    00
>> 0EH

?PR?_READ_HMC5883L?HMC5883L                      -----    -----      -----    -----      -----    -----      0FE6H    00
>> 09H
  +--> ?PR?_I2C_READ_MULTIBYTES?IIC

?PR?_HMC5883L_GET_ANGLEXY?HMC5883L               -----    -----      -----    -----      -----    -----      0FE6H    00
>> 17H
  +--> ?PR?SIN?SIN
  +--> ?PR?_ATAN2?ATAN2

BL51 BANKED LINKER/LOCATER V6.22                                                      06/21/2021  07:22:01  PAGE 18


?PR?_ATAN2?ATAN2                                 -----    -----      -----    -----      -----    -----      0FFDH    00
>> 08H
  +--> ?PR?ATAN?ATAN

?PR?_DRAWARM?DISPLAY                             -----    -----      -----    -----      -----    -----      0FE6H    00
>> 15H
  +--> ?PR?SIN?SIN
  +--> ?PR?SQRT?SQRT
  +--> ?PR?_DRAWLINE?DISPLAY

?PR?_DRAWLINE?DISPLAY                            -----    -----      -----    -----      -----    -----      0FFBH    00
>> 0CH
  +--> ?PR?_DRAWDOT?DISPLAY

?PR?RESETMATRIX?ELLIPSOID_FITTING                -----    -----      -----    -----      -----    -----      0FE6H    00
>> 02H

?PR?_CALCDATA_INPUT?ELLIPSOID_FITTING            -----    -----      -----    -----      -----    -----      0FE6H    00
>> 2AH

?PR?_ELLIPSOID_FITTING_PROCESS?ELLIPS...         -----    -----      -----    -----      -----    -----      0FE6H    00
>> 33H
  +--> ?PR?CALCDATA_INPUT_AVERAGE?ELLIPSOID_...
  +--> ?PR?MATRIX_GAUSSELIMINATION?ELLIPSOID...
  +--> ?CO?ELLIPSOID_FITTING
  +--> ?PR?PRINTF?PRINTF
  +--> ?PR?MATRIX_ROWSIMPLIFY?ELLIPSOID_FITTING
  +--> ?PR?_MATRIX_SOLVE?ELLIPSOID_FITTING
  +--> ?PR?SQRT?SQRT

?PR?CALCDATA_INPUT_AVERAGE?ELLIPSOID_...         -----    -----      -----    -----      -----    -----      1019H    00
>> 02H

?PR?MATRIX_GAUSSELIMINATION?ELLIPSOID...         -----    -----      -----    -----      -----    -----      1019H    00
>> 06H
  +--> ?PR?_MOVEBIGGESTELEMENT_TO_TOP?ELLIPS...
  +--> ?PR?_ROW2_ADD_KROW1?ELLIPSOID_FITTING

?PR?_MOVEBIGGESTELEMENT_TO_TOP?ELLIPS...         -----    -----      -----    -----      -----    -----      101FH    00
>> 06H
  +--> ?PR?_ABS?ELLIPSOID_FITTING
  +--> ?PR?_ROW2_SWOP_ROW1?ELLIPSOID_FITTING

?PR?_ABS?ELLIPSOID_FITTING                       -----    -----      -----    -----      -----    -----      1025H    00
>> 04H

?PR?_ROW2_SWOP_ROW1?ELLIPSOID_FITTING            -----    -----      -----    -----      -----    -----      1025H    00
>> 09H

?PR?_ROW2_ADD_KROW1?ELLIPSOID_FITTING            -----    -----      -----    -----      -----    -----      101FH    00
>> 09H

?PR?MATRIX_ROWSIMPLIFY?ELLIPSOID_FITTING         -----    -----      -----    -----      -----    -----      1019H    00
>> 05H
  +--> ?PR?_K_MUILTPLY_ROW?ELLIPSOID_FITTING

?PR?_K_MUILTPLY_ROW?ELLIPSOID_FITTING            -----    -----      -----    -----      -----    -----      101EH    00
BL51 BANKED LINKER/LOCATER V6.22                                                      06/21/2021  07:22:01  PAGE 19


>> 07H

?PR?_MATRIX_SOLVE?ELLIPSOID_FITTING              -----    -----      -----    -----      -----    -----      1019H    00
>> 08H

?PR?PW02INIT?PW02                                -----    -----      -----    -----      -----    -----      0FE6H    00
>> 01H
  +--> ?PR?_DELAY1MS?DELAY
  +--> ?PR?PW02ENTERATMODE?PW02
  +--> ?PR?_SHOWSTRING?DISPLAY
  +--> ?PR?_PW02SETBUAD?PW02
  +--> ?CO?PW02
  +--> ?PR?_PW02SETNAME?PW02
  +--> ?PR?_PW02SETADVT?PW02
  +--> ?PR?PW02EXITATMODE?PW02

?PR?PW02ENTERATMODE?PW02                         -----    -----      -----    -----      -----    -----      -----    --
>> ---
  +--> ?CO?PW02
  +--> ?PR?_SENDATCOMMAND?PW02

?PR?_SENDATCOMMAND?PW02                          -----    -----      -----    -----      -----    -----      1006H    00
>> 09H
  +--> ?PR?_UART2SENDSTR?PW02
  +--> ?PR?_DELAY1MS?DELAY

?PR?_UART2SENDSTR?PW02                           -----    -----      -----    -----      -----    -----      100FH    00
>> 03H

?PR?_PW02SETBUAD?PW02                            -----    -----      -----    -----      -----    -----      0FE7H    00
>> 0DH
  +--> ?CO?PW02
  +--> ?PR?PRINTF?PRINTF
  +--> ?PR?_SENDATCOMMAND?PW02

?PR?_PW02SETNAME?PW02                            -----    -----      -----    -----      -----    -----      0FE7H    00
>> 1FH
  +--> ?CO?PW02
  +--> ?PR?_STRCAT?STRCAT
  +--> ?PR?_SENDATCOMMAND?PW02

?PR?_PW02SETADVT?PW02                            -----    -----      -----    -----      -----    -----      0FE7H    00
>> 12H
  +--> ?CO?PW02
  +--> ?PR?PRINTF?PRINTF
  +--> ?PR?_SENDATCOMMAND?PW02

?PR?PW02EXITATMODE?PW02                          -----    -----      -----    -----      -----    -----      -----    --
>> ---
  +--> ?CO?PW02
  +--> ?PR?_SENDATCOMMAND?PW02

?PR?PW02CHECKCONNECTION?PW02                     -----    -----      -----    -----      -----    -----      0FE6H    00
>> 01H
  +--> ?PR?_DELAY1MS?DELAY
  +--> ?PR?_CLEARCACHE?DISPLAY
  +--> ?PR?PW02ENTERATMODE?PW02
BL51 BANKED LINKER/LOCATER V6.22                                                      06/21/2021  07:22:01  PAGE 20


  +--> ?PR?_SHOWSTRING?DISPLAY
  +--> ?PR?PW02GETRSSI?PW02
  +--> ?PR?PW02EXITATMODE?PW02

?PR?PW02GETRSSI?PW02                             -----    -----      -----    -----      -----    -----      -----    --
>> ---
  +--> ?CO?PW02
  +--> ?PR?_SENDATCOMMAND?PW02

?PR?_PW02GETRXDATA?PW02                          -----    -----      -----    -----      -----    -----      0FE6H    00
>> 03H

?PR?_SCREEROLLDOWN?DISPLAY                       -----    -----      0010H    0008H      -----    -----      0FE6H    00
>> 04H
  +--> ?PR?_OLED_DRAWBMP?OLED

?PR?_PCF8563WRITETIME?PCF8563                    -----    -----      -----    -----      -----    -----      0FE6H    00
>> 02H
  +--> ?PR?_PCF8563WRITEBYTE?PCF8563

?PR?_PCF8563WRITEDATE?PCF8563                    -----    -----      -----    -----      -----    -----      0FE6H    00
>> 05H
  +--> ?PR?_PCF8563WRITEBYTE?PCF8563

?PR?_PCF8563SETALARM?PCF8563                     -----    -----      -----    -----      -----    -----      0FE6H    00
>> 08H
  +--> ?PR?_PCF8563WRITEBYTE?PCF8563
  +--> ?PR?_PCF8563SETREGISTERBITS?PCF8563

?PR?PCF8563DISABLEALARM?PCF8563                  -----    -----      -----    -----      -----    -----      -----    --
>> ---
  +--> ?PR?_PCF8563SETREGISTERBITS?PCF8563

?PR?SYSTEMPOWERON?POWERMANAGE                    -----    -----      -----    -----      -----    -----      -----    --
>> ---
  +--> ?PR?PININIT?SYS

?PR?SYSTEMPOWERDOWN?POWERMANAGE                  -----    -----      -----    -----      -----    -----      0FE6H    00
>> 01H

?PR?PCF8563READINTSRC?PCF8563                    -----    -----      -----    -----      -----    -----      -----    --
>> ---
  +--> ?PR?_PCF8563READBYTE?PCF8563

?PR?LSM6DSMRESETSTEPCOUNTER?LSM6DSM              -----    -----      -----    -----      -----    -----      -----    --
>> ---
  +--> ?PR?_LSM6DSMRSETREGISTERBITS?LSM6DSM
  +--> ?PR?_DELAY1MS?DELAY



UNRESOLVED EXTERNAL SYMBOLS:
   I2C_RECVBYTE
   _I2C_SENDBYTE
   _SCREEROLLUP


BL51 BANKED LINKER/LOCATER V6.22                                                      06/21/2021  07:22:01  PAGE 21



SYMBOL TABLE OF MODULE:  ..\Objects\iWatch-v1.1 (PW02)

  VALUE           TYPE          NAME
  ----------------------------------

  -------         MODULE        PW02
  C:0000H         SYMBOL        _ICE_DUMMY_
  C:E12CH         PUBLIC        UART2_Isr
  D:0080H         PUBLIC        P0
  D:0090H         PUBLIC        P1
  D:00A0H         PUBLIC        P2
  D:00B0H         PUBLIC        P3
  C:D4C5H         PUBLIC        PW02CheckConnection
  D:00C0H         PUBLIC        P4
  D:00C8H         PUBLIC        P5
  D:00E8H         PUBLIC        P6
  D:00F8H         PUBLIC        P7
  X:1123H         PUBLIC        rx_buf
  D:00A8H         PUBLIC        IE
  C:005EH         PUBLIC        _Uart2SendStr
  D:00B8H         PUBLIC        IP
  C:CB9CH         PUBLIC        PW02Init
  D:00D8H         PUBLIC        CCON
  C:F040H         PUBLIC        PW02EnterATMode
  C:F623H         PUBLIC        PW02Rest
  D:0098H         PUBLIC        SCON
  D:0088H         PUBLIC        TCON
  C:E698H         PUBLIC        _PW02SetBuad
  B:0090H.6       PUBLIC        P16
  C:E1A6H         PUBLIC        _PW02SetName
  C:F5E7H         PUBLIC        _PW02SetMode
  C:D7B9H         SYMBOL        _?ix1000
  C:D7C5H         SYMBOL        _?ix1001
  C:D7D5H         SYMBOL        _?ix1002
  B:0023H.7       PUBLIC        busy
  C:F068H         PUBLIC        PW02ExitATMode
  D:009BH         PUBLIC        S2BUF
  B:0024H.0       PUBLIC        receive_flag
  B:0090H.6       PUBLIC        PW02_SLEEP
  C:E307H         PUBLIC        _SendATCommand
  D:009AH         PUBLIC        S2CON
  C:E511H         PUBLIC        _PW02SetADVT
  C:F0B8H         PUBLIC        PW02GetRSSI
  C:EF92H         PUBLIC        _PW02GetRxData
  X:11A3H         PUBLIC        rx_count
  D:00D0H         PUBLIC        PSW
  -------         PROC          _UART2SENDSTR
  X:100FH         SYMBOL        p
  C:005EH         LINE#         16
  C:0069H         LINE#         17
  C:0069H         LINE#         18
  C:0079H         LINE#         19
  C:0079H         LINE#         20
  C:007CH         LINE#         21
  C:007EH         LINE#         22
  C:0093H         LINE#         23
BL51 BANKED LINKER/LOCATER V6.22                                                      06/21/2021  07:22:01  PAGE 22


  C:0095H         LINE#         24
  C:009AH         LINE#         25
  -------         ENDPROC       _UART2SENDSTR
  -------         PROC          UART2_ISR
  C:E12CH         LINE#         26
  C:E137H         LINE#         28
  C:E13CH         LINE#         29
  C:E13CH         LINE#         30
  C:E13FH         LINE#         31
  C:E141H         LINE#         32
  C:E141H         LINE#         33
  C:E146H         LINE#         34
  C:E146H         LINE#         35
  C:E149H         LINE#         36
  C:E15DH         LINE#         37
  C:E16FH         LINE#         38
  C:E16FH         LINE#         39
  C:E180H         LINE#         40
  C:E18AH         LINE#         42
  C:E196H         LINE#         43
  C:E198H         LINE#         44
  C:E19DH         LINE#         45
  C:E19DH         LINE#         46
  C:E19DH         LINE#         47
  -------         ENDPROC       UART2_ISR
  -------         PROC          _PW02GETRXDATA
  X:0FE6H         SYMBOL        buf
  C:EF92H         LINE#         48
  C:EF9DH         LINE#         49
  C:EF9DH         LINE#         50
  C:EFA0H         LINE#         51
  C:EFA0H         LINE#         52
  C:EFA2H         LINE#         53
  C:EFBAH         LINE#         54
  C:EFBDH         LINE#         55
  C:EFBDH         LINE#         57
  C:EFBFH         LINE#         58
  -------         ENDPROC       _PW02GETRXDATA
  C:E303H         SYMBOL        L?0054
  -------         PROC          L?0053
  -------         ENDPROC       L?0053
  C:E303H         SYMBOL        L?0054
  -------         PROC          _SENDATCOMMAND
  X:1006H         SYMBOL        command
  X:1009H         SYMBOL        retry_times
  X:100BH         SYMBOL        expected_response
  X:100EH         SYMBOL        response_len
  C:E307H         LINE#         59
  C:E31AH         LINE#         60
  C:E31AH         LINE#         61
  C:E31CH         LINE#         62
  C:E31CH         LINE#         63
  C:E31EH         LINE#         64
  C:E321H         LINE#         65
  C:E321H         LINE#         66
  C:E32FH         LINE#         67
  C:E331H         LINE#         68
BL51 BANKED LINKER/LOCATER V6.22                                                      06/21/2021  07:22:01  PAGE 23


  C:E33FH         LINE#         69
  C:E346H         LINE#         70
  C:E348H         LINE#         71
  C:E34AH         LINE#         72
  C:E368H         LINE#         73
  C:E36BH         LINE#         75
  C:E36DH         LINE#         76
  -------         ENDPROC       _SENDATCOMMAND
  -------         PROC          PW02ENTERATMODE
  C:F040H         LINE#         77
  C:F040H         LINE#         78
  C:F040H         LINE#         79
  C:F062H         LINE#         80
  C:F065H         LINE#         82
  C:F067H         LINE#         83
  -------         ENDPROC       PW02ENTERATMODE
  -------         PROC          PW02EXITATMODE
  C:F068H         LINE#         84
  C:F068H         LINE#         85
  C:F068H         LINE#         86
  C:F08AH         LINE#         87
  C:F08DH         LINE#         89
  C:F08FH         LINE#         90
  -------         ENDPROC       PW02EXITATMODE
  -------         PROC          _PW02SETBUAD
  X:0FE7H         SYMBOL        baud_num
  -------         DO            
  X:0FE8H         SYMBOL        str
  -------         ENDDO         
  C:E698H         LINE#         91
  C:E69DH         LINE#         92
  C:E69DH         LINE#         93
  C:E6B0H         LINE#         94
  C:E6D4H         LINE#         95
  C:E6F0H         LINE#         96
  C:E6F3H         LINE#         98
  C:E6F5H         LINE#         99
  -------         ENDPROC       _PW02SETBUAD
  -------         PROC          _PW02SETADVT
  X:0FE7H         SYMBOL        time_in_ms
  -------         DO            
  X:0FE9H         SYMBOL        str
  -------         ENDDO         
  C:E511H         LINE#         100
  C:E519H         LINE#         101
  C:E519H         LINE#         102
  C:E52CH         LINE#         103
  C:E552H         LINE#         104
  C:E56EH         LINE#         105
  C:E571H         LINE#         107
  C:E573H         LINE#         108
  -------         ENDPROC       _PW02SETADVT
  -------         PROC          _PW02SETNAME
  X:0FE7H         SYMBOL        name
  -------         DO            
  X:0FEAH         SYMBOL        str
  -------         ENDDO         
BL51 BANKED LINKER/LOCATER V6.22                                                      06/21/2021  07:22:01  PAGE 24


  C:E1A6H         LINE#         109
  C:E1B1H         LINE#         110
  C:E1B1H         LINE#         111
  C:E1C4H         LINE#         112
  C:E1E2H         LINE#         113
  C:E1F9H         LINE#         114
  C:E217H         LINE#         115
  C:E21AH         LINE#         117
  C:E21CH         LINE#         118
  -------         ENDPROC       _PW02SETNAME
  -------         PROC          PW02GETRSSI
  C:F0B8H         LINE#         119
  C:F0B8H         LINE#         120
  C:F0B8H         LINE#         121
  C:F0D9H         LINE#         122
  C:F0DCH         LINE#         124
  C:F0DEH         LINE#         125
  -------         ENDPROC       PW02GETRSSI
  -------         PROC          PW02REST
  C:F623H         LINE#         126
  C:F623H         LINE#         127
  C:F623H         LINE#         128
  -------         ENDPROC       PW02REST
  -------         PROC          _PW02SETMODE
  D:0007H         SYMBOL        mode
  C:F5E7H         LINE#         130
  C:F5E7H         LINE#         131
  C:F5E7H         LINE#         132
  C:F5EBH         LINE#         133
  C:F5EEH         LINE#         135
  C:F5F0H         LINE#         136
  -------         ENDPROC       _PW02SETMODE
  -------         PROC          PW02CHECKCONNECTION
  -------         DO            
  X:0FE6H         SYMBOL        y
  -------         ENDDO         
  C:D4C5H         LINE#         137
  C:D4C5H         LINE#         138
  C:D4C5H         LINE#         139
  C:D4CAH         LINE#         140
  C:D4CCH         LINE#         141
  C:D4D2H         LINE#         142
  C:D4DBH         LINE#         143
  C:D4DEH         LINE#         144
  C:D50AH         LINE#         145
  C:D513H         LINE#         146
  C:D513H         LINE#         147
  C:D53CH         LINE#         148
  C:D53FH         LINE#         149
  C:D56CH         LINE#         150
  C:D56FH         LINE#         151
  C:D56FH         LINE#         153
  C:D56FH         LINE#         154
  C:D599H         LINE#         155
  C:D59BH         LINE#         156
  C:D59BH         LINE#         157
  -------         ENDPROC       PW02CHECKCONNECTION
BL51 BANKED LINKER/LOCATER V6.22                                                      06/21/2021  07:22:01  PAGE 25


  -------         PROC          PW02INIT
  -------         DO            
  X:0FE6H         SYMBOL        y
  -------         ENDDO         
  C:CB9CH         LINE#         158
  C:CB9CH         LINE#         159
  C:CB9CH         LINE#         160
  C:CBA1H         LINE#         161
  C:CBA3H         LINE#         164
  C:CBA5H         LINE#         165
  C:CBABH         LINE#         166
  C:CBB1H         LINE#         167
  C:CBE0H         LINE#         169
  C:CBE3H         LINE#         170
  C:CBE8H         LINE#         171
  C:CC15H         LINE#         172
  C:CC1EH         LINE#         173
  C:CC4BH         LINE#         174
  C:CC52H         LINE#         175
  C:CC7FH         LINE#         176
  C:CC85H         LINE#         177
  C:CCB4H         LINE#         179
  C:CCB7H         LINE#         180
  C:CCB9H         LINE#         181
  C:CCBBH         LINE#         182
  -------         ENDPROC       PW02INIT
  -------         ENDMOD        PW02

  -------         MODULE        OLED
  C:0000H         SYMBOL        _ICE_DUMMY_
  C:F461H         PUBLIC        OLED_Display_On
  B:0090H.2       PUBLIC        OLED_RST
  D:0080H         PUBLIC        P0
  D:0090H         PUBLIC        P1
  D:00A0H         PUBLIC        P2
  D:00B0H         PUBLIC        P3
  D:00C0H         PUBLIC        P4
  D:00C8H         PUBLIC        P5
  D:00E8H         PUBLIC        P6
  C:F483H         PUBLIC        _OLED_Vertical_Reverse
  D:00F8H         PUBLIC        P7
  B:0090H.3       PUBLIC        OLED_DC
  D:00A8H         PUBLIC        IE
  D:00B8H         PUBLIC        IP
  C:DC00H         PUBLIC        OLED_Init
  B:00C0H.4       PUBLIC        OLED_RD
  D:00D8H         PUBLIC        CCON
  C:F308H         PUBLIC        _OLED_WR_Byte
  B:00C0H.3       PUBLIC        OLED_WR
  C:F532H         PUBLIC        _OLED_Set_Brightness
  D:0098H         PUBLIC        SCON
  D:0088H         PUBLIC        TCON
  C:F28CH         PUBLIC        _OLED_Set_Pos
  C:F332H         PUBLIC        _delay_ms
  C:F5ADH         PUBLIC        OLED_Display_Off
  C:F494H         PUBLIC        _OLED_Inverse
  C:F472H         PUBLIC        _OLED_Horizental_Reverse
BL51 BANKED LINKER/LOCATER V6.22                                                      06/21/2021  07:22:01  PAGE 26


  C:F26DH         PUBLIC        OLED_Clear
  C:EA97H         PUBLIC        _OLED_DrawBMP
  D:00D0H         PUBLIC        PSW
  -------         PROC          _DELAY_MS
  D:0006H         SYMBOL        ms
  -------         DO            
  D:0005H         SYMBOL        i
  D:0004H         SYMBOL        j
  -------         ENDDO         
  C:F332H         LINE#         12
  C:F332H         LINE#         13
  C:F332H         LINE#         15
  C:F33BH         LINE#         16
  C:F33BH         LINE#         17
  C:F33DH         LINE#         18
  C:F33FH         LINE#         20
  C:F33FH         LINE#         21
  C:F341H         LINE#         22
  C:F343H         LINE#         23
  C:F34AH         LINE#         24
  -------         ENDPROC       _DELAY_MS
  C:F303H         SYMBOL        L?0046
  -------         PROC          L?0045
  -------         ENDPROC       L?0045
  C:F303H         SYMBOL        L?0046
  -------         PROC          _OLED_WR_BYTE
  D:0007H         SYMBOL        dat
  D:0005H         SYMBOL        cmd
  C:F308H         LINE#         30
  C:F308H         LINE#         31
  C:F308H         LINE#         33
  C:F30BH         LINE#         34
  C:F30FH         LINE#         36
  C:F311H         LINE#         37
  C:F313H         LINE#         38
  C:F315H         LINE#         39
  C:F317H         LINE#         41
  -------         ENDPROC       _OLED_WR_BYTE
  -------         PROC          _OLED_SET_POS
  D:0006H         SYMBOL        x
  D:0005H         SYMBOL        y
  C:F28CH         LINE#         70
  C:F28EH         LINE#         71
  C:F28EH         LINE#         72
  C:F297H         LINE#         73
  C:F2A3H         LINE#         74
  -------         ENDPROC       _OLED_SET_POS
  -------         PROC          OLED_DISPLAY_ON
  C:F461H         LINE#         78
  C:F461H         LINE#         79
  C:F461H         LINE#         80
  C:F468H         LINE#         81
  C:F46DH         LINE#         82
  -------         ENDPROC       OLED_DISPLAY_ON
  -------         PROC          OLED_DISPLAY_OFF
  C:F5ADH         LINE#         85
  C:F5ADH         LINE#         86
BL51 BANKED LINKER/LOCATER V6.22                                                      06/21/2021  07:22:01  PAGE 27


  C:F5ADH         LINE#         87
  C:F5B1H         LINE#         88
  C:F5B4H         LINE#         89
  -------         ENDPROC       OLED_DISPLAY_OFF
  -------         PROC          _OLED_SET_BRIGHTNESS
  D:0006H         SYMBOL        brightness
  C:F532H         LINE#         91
  C:F534H         LINE#         92
  C:F534H         LINE#         93
  C:F53BH         LINE#         94
  -------         ENDPROC       _OLED_SET_BRIGHTNESS
  -------         PROC          _OLED_HORIZENTAL_REVERSE
  D:0007H         SYMBOL        reverse
  C:F472H         LINE#         97
  C:F472H         LINE#         98
  C:F472H         LINE#         99
  C:F475H         LINE#         100
  C:F47BH         LINE#         102
  C:F482H         LINE#         103
  -------         ENDPROC       _OLED_HORIZENTAL_REVERSE
  -------         PROC          _OLED_VERTICAL_REVERSE
  D:0007H         SYMBOL        reverse
  C:F483H         LINE#         104
  C:F483H         LINE#         105
  C:F483H         LINE#         106
  C:F486H         LINE#         107
  C:F48CH         LINE#         109
  C:F493H         LINE#         110
  -------         ENDPROC       _OLED_VERTICAL_REVERSE
  -------         PROC          _OLED_INVERSE
  D:0007H         SYMBOL        k
  C:F494H         LINE#         112
  C:F494H         LINE#         113
  C:F494H         LINE#         114
  C:F497H         LINE#         115
  C:F49DH         LINE#         117
  C:F4A4H         LINE#         118
  -------         ENDPROC       _OLED_INVERSE
  -------         PROC          OLED_CLEAR
  -------         DO            
  D:0006H         SYMBOL        i
  D:0004H         SYMBOL        n
  -------         ENDDO         
  C:F26DH         LINE#         119
  C:F26DH         LINE#         120
  C:F26DH         LINE#         122
  C:F26FH         LINE#         123
  C:F26FH         LINE#         124
  C:F275H         LINE#         125
  C:F275H         LINE#         126
  C:F278H         LINE#         127
  C:F27AH         LINE#         128
  C:F286H         LINE#         129
  C:F28BH         LINE#         130
  -------         ENDPROC       OLED_CLEAR
  -------         PROC          _OLED_DRAWBMP
  D:0001H         SYMBOL        buf
BL51 BANKED LINKER/LOCATER V6.22                                                      06/21/2021  07:22:01  PAGE 28


  -------         DO            
  D:0018H         SYMBOL        i
  D:0019H         SYMBOL        j
  D:001AH         SYMBOL        n
  -------         ENDDO         
  C:EA97H         LINE#         131
  C:EA97H         LINE#         132
  C:EA97H         LINE#         135
  C:EA9AH         LINE#         136
  C:EA9AH         LINE#         137
  C:EAA1H         LINE#         138
  C:EAA4H         LINE#         139
  C:EAA9H         LINE#         140
  C:EAB4H         LINE#         141
  C:EAB7H         LINE#         142
  C:EAD7H         LINE#         143
  C:EAE0H         LINE#         144
  -------         ENDPROC       _OLED_DRAWBMP
  -------         PROC          OLED_INIT
  C:DC00H         LINE#         147
  C:DC00H         LINE#         148
  C:DC00H         LINE#         149
  C:DC02H         LINE#         150
  C:DC09H         LINE#         151
  C:DC0BH         LINE#         152
  C:DC12H         LINE#         153
  C:DC14H         LINE#         154
  C:DC16H         LINE#         155
  C:DC1AH         LINE#         156
  C:DC1AH         LINE#         157
  C:DC1DH         LINE#         158
  C:DC22H         LINE#         159
  C:DC27H         LINE#         160
  C:DC2CH         LINE#         161
  C:DC31H         LINE#         162
  C:DC36H         LINE#         163
  C:DC3BH         LINE#         164
  C:DC40H         LINE#         165
  C:DC45H         LINE#         166
  C:DC4AH         LINE#         167
  C:DC4FH         LINE#         168
  C:DC54H         LINE#         169
  C:DC59H         LINE#         170
  C:DC5EH         LINE#         171
  C:DC63H         LINE#         172
  C:DC68H         LINE#         173
  C:DC6DH         LINE#         174
  C:DC72H         LINE#         175
  C:DC77H         LINE#         176
  C:DC7CH         LINE#         177
  C:DC81H         LINE#         178
  C:DC86H         LINE#         179
  C:DC8BH         LINE#         180
  C:DC90H         LINE#         181
  C:DC95H         LINE#         187
  C:DC98H         LINE#         188
  C:DC9BH         LINE#         189
BL51 BANKED LINKER/LOCATER V6.22                                                      06/21/2021  07:22:01  PAGE 29


  -------         ENDPROC       OLED_INIT
  -------         ENDMOD        OLED

  -------         MODULE        RDA5807M
  C:0000H         SYMBOL        _ICE_DUMMY_
  D:0080H         PUBLIC        P0
  D:0090H         PUBLIC        P1
  D:00A0H         PUBLIC        P2
  D:00B0H         PUBLIC        P3
  D:00C0H         PUBLIC        P4
  C:F090H         PUBLIC        _RDA5807MSetVOLUME
  D:00C8H         PUBLIC        P5
  D:00E8H         PUBLIC        P6
  D:00F8H         PUBLIC        P7
  D:00BAH         PUBLIC        P_SW2
  C:E574H         PUBLIC        RDA5807MReadRges
  D:00A8H         PUBLIC        IE
  C:E445H         PUBLIC        RDA5807MInit
  X:12A4H         PUBLIC        BAND
  D:00B8H         PUBLIC        IP
  X:12A5H         PUBLIC        CHAN
  C:E757H         PUBLIC        RDA5807MWriteRegs
  D:00D8H         PUBLIC        CCON
  C:DAAEH         PUBLIC        _RDA5807MSEEK
  C:F605H         PUBLIC        RDA5807MPowerDown
  D:0098H         PUBLIC        SCON
  D:0088H         PUBLIC        TCON
  C:EB72H         PUBLIC        RDA5807MGetCurrentFq
  X:12A7H         PUBLIC        current_frequency
  X:12ABH         PUBLIC        REG02
  X:12ADH         PUBLIC        RSSI
  X:12AEH         PUBLIC        REG03
  X:12B0H         PUBLIC        REG04
  X:12B2H         PUBLIC        REG05
  X:12B4H         PUBLIC        SEEKTH
  C:F5F1H         PUBLIC        RDA5807MSetMute
  C:EEB7H         PUBLIC        RDA5807MGetCurrentRSSI
  X:12B5H         PUBLIC        REG0A
  X:12B7H         PUBLIC        REG0B
  C:F5FBH         PUBLIC        RDA5807MPowerUp
  X:12B9H         PUBLIC        VOLUME
  C:D8A4H         PUBLIC        _RDA5807MSetFq
  X:12BAH         PUBLIC        SPACE
  D:00D0H         PUBLIC        PSW
  -------         PROC          L?0026
  -------         ENDPROC       L?0026
  -------         PROC          RDA5807MWRITEREGS
  -------         DO            
  X:0FEAH         SYMBOL        reg
  -------         ENDDO         
  C:E757H         LINE#         38
  C:E757H         LINE#         39
  C:E757H         LINE#         41
  C:E764H         LINE#         42
  C:E767H         LINE#         43
  C:E774H         LINE#         44
  C:E777H         LINE#         45
BL51 BANKED LINKER/LOCATER V6.22                                                      06/21/2021  07:22:01  PAGE 30


  C:E784H         LINE#         46
  C:E787H         LINE#         47
  C:E794H         LINE#         48
  C:E797H         LINE#         49
  C:E79AH         LINE#         50
  C:E7A7H         LINE#         51
  C:E7AAH         LINE#         52
  -------         ENDPROC       RDA5807MWRITEREGS
  -------         PROC          RDA5807MREADRGES
  -------         DO            
  X:0FEAH         SYMBOL        read_buf
  -------         ENDDO         
  C:E574H         LINE#         61
  C:E574H         LINE#         62
  C:E574H         LINE#         64
  C:E577H         LINE#         65
  C:E584H         LINE#         66
  C:E587H         LINE#         67
  C:E594H         LINE#         68
  C:E59FH         LINE#         69
  C:E5AEH         LINE#         70
  C:E5BBH         LINE#         71
  C:E5C6H         LINE#         72
  C:E5D5H         LINE#         73
  -------         ENDPROC       RDA5807MREADRGES
  -------         PROC          RDA5807MINIT
  C:E445H         LINE#         81
  C:E445H         LINE#         82
  C:E445H         LINE#         84
  C:E44CH         LINE#         85
  C:E44FH         LINE#         86
  C:E456H         LINE#         88
  C:E45FH         LINE#         89
  C:E48FH         LINE#         90
  C:E494H         LINE#         91
  C:E4A6H         LINE#         92
  C:E4A9H         LINE#         93
  C:E4ABH         LINE#         94
  -------         ENDPROC       RDA5807MINIT
  -------         PROC          _RDA5807MSETVOLUME
  D:0004H         SYMBOL        VOLUME
  C:F090H         LINE#         100
  C:F094H         LINE#         101
  C:F094H         LINE#         102
  C:F09DH         LINE#         103
  C:F0A1H         LINE#         104
  C:F0A8H         LINE#         105
  C:F0B5H         LINE#         106
  -------         ENDPROC       _RDA5807MSETVOLUME
  -------         PROC          _RDA5807MSEEK
  D:0005H         SYMBOL        direction
  -------         DO            
  X:12A3H         SYMBOL        step
  -------         ENDDO         
  C:DAAEH         LINE#         115
  C:DAB0H         LINE#         116
  C:DAB0H         LINE#         118
BL51 BANKED LINKER/LOCATER V6.22                                                      06/21/2021  07:22:01  PAGE 31


  C:DAB6H         LINE#         119
  C:DAB6H         LINE#         120
  C:DABDH         LINE#         121
  C:DAC4H         LINE#         122
  C:DACDH         LINE#         124
  C:DAD1H         LINE#         125
  C:DADBH         LINE#         126
  C:DADEH         LINE#         128
  C:DAE4H         LINE#         129
  C:DAE6H         LINE#         130
  C:DAEEH         LINE#         131
  C:DAEEH         LINE#         132
  C:DAF1H         LINE#         133
  C:DAF8H         LINE#         134
  C:DAF8H         LINE#         135
  C:DAFFH         LINE#         136
  C:DB11H         LINE#         137
  C:DB33H         LINE#         138
  C:DB3FH         LINE#         139
  C:DB44H         LINE#         140
  C:DB53H         LINE#         141
  C:DB53H         LINE#         144
  C:DB53H         LINE#         145
  C:DB58H         LINE#         146
  -------         ENDPROC       _RDA5807MSEEK
  -------         PROC          _RDA5807MSETFQ
  X:0FE6H         SYMBOL        fq
  C:D8A4H         LINE#         152
  C:D8AAH         LINE#         153
  C:D8AAH         LINE#         154
[...]
  C:424DH         LINE#         2318
  C:4251H         LINE#         2320
  C:4253H         LINE#         2321
  C:4253H         LINE#         2322
  C:4255H         LINE#         2323
  C:4255H         LINE#         2324
  C:4255H         LINE#         2325
  C:4255H         LINE#         2326
  C:4257H         LINE#         2327
  C:4257H         LINE#         2328
  C:4257H         LINE#         2329
BL51 BANKED LINKER/LOCATER V6.22                                                      06/21/2021  07:22:01  PAGE 124


  C:4257H         LINE#         2330
  C:425CH         LINE#         2331
  C:425CH         LINE#         2332
  C:425FH         LINE#         2333
  C:425FH         LINE#         2334
  C:4261H         LINE#         2335
  C:4268H         LINE#         2336
  C:426FH         LINE#         2337
  C:4275H         LINE#         2338
  C:4277H         LINE#         2339
  C:4277H         LINE#         2340
  C:4277H         LINE#         2341
  C:427AH         LINE#         2342
  C:427AH         LINE#         2343
  C:427CH         LINE#         2344
  C:427FH         LINE#         2345
  C:4288H         LINE#         2346
  C:428BH         LINE#         2347
  C:428BH         LINE#         2348
  C:428DH         LINE#         2349
  C:4294H         LINE#         2350
  C:4296H         LINE#         2351
  C:429BH         LINE#         2352
  C:429DH         LINE#         2353
  C:429FH         LINE#         2354
  C:42A2H         LINE#         2355
  C:42A2H         LINE#         2356
  C:42A4H         LINE#         2357
  C:42A6H         LINE#         2358
  C:42A9H         LINE#         2359
  C:42AEH         LINE#         2360
  C:42B0H         LINE#         2361
  C:42B2H         LINE#         2362
  C:42B4H         LINE#         2363
  C:42B7H         LINE#         2364
  C:42B7H         LINE#         2365
  C:42B9H         LINE#         2366
  C:42BBH         LINE#         2367
  C:42BEH         LINE#         2368
  C:42C7H         LINE#         2369
  C:42C9H         LINE#         2370
  C:42CCH         LINE#         2371
  C:42D1H         LINE#         2372
  C:42D8H         LINE#         2373
  C:42DAH         LINE#         2374
  C:42DAH         LINE#         2375
  C:42E1H         LINE#         2376
  C:42E1H         LINE#         2377
  C:42E4H         LINE#         2378
  C:42E4H         LINE#         2379
  C:42E7H         LINE#         2380
  C:42E7H         LINE#         2381
  C:42ECH         LINE#         2382
  C:42EEH         LINE#         2383
  C:42EEH         LINE#         2384
  C:42EEH         LINE#         2385
  C:42F1H         LINE#         2386
BL51 BANKED LINKER/LOCATER V6.22                                                      06/21/2021  07:22:01  PAGE 125


  C:42F1H         LINE#         2387
  C:42F4H         LINE#         2388
  C:42F4H         LINE#         2389
  C:42F7H         LINE#         2390
  C:42F7H         LINE#         2391
  C:42F7H         LINE#         2392
  C:42FAH         LINE#         2393
  C:42FAH         LINE#         2394
  C:42FDH         LINE#         2395
  C:42FDH         LINE#         2396
  C:4300H         LINE#         2397
  C:4300H         LINE#         2398
  C:4305H         LINE#         2399
  C:430CH         LINE#         2400
  C:430CH         LINE#         2401
  C:430FH         LINE#         2402
  C:430FH         LINE#         2403
  C:4316H         LINE#         2404
  C:4316H         LINE#         2405
  C:4319H         LINE#         2406
  C:4319H         LINE#         2407
  C:4320H         LINE#         2408
  C:4320H         LINE#         2409
  C:4326H         LINE#         2410
  C:4326H         LINE#         2412
  C:4328H         LINE#         2413
  C:4330H         LINE#         2414
  C:4339H         LINE#         2415
  C:4340H         LINE#         2416
  C:4340H         LINE#         2417
  C:4343H         LINE#         2418
  C:4345H         LINE#         2419
  C:4347H         LINE#         2420
  C:434AH         LINE#         2421
  C:4351H         LINE#         2422
  C:4359H         LINE#         2423
  C:4359H         LINE#         2424
  C:436FH         LINE#         2425
  C:4377H         LINE#         2427
  C:437DH         LINE#         2428
  C:439DH         LINE#         2429
  C:439FH         LINE#         2430
  C:43A7H         LINE#         2431
  C:43A7H         LINE#         2432
  C:43A9H         LINE#         2433
  C:43ACH         LINE#         2434
  C:43ACH         LINE#         2435
  C:43B5H         LINE#         2436
  C:43B5H         LINE#         2437
  C:43BFH         LINE#         2438
  C:43BFH         LINE#         2439
  C:43C2H         LINE#         2442
  C:43CBH         LINE#         2443
  C:43D7H         LINE#         2444
  C:43D7H         LINE#         2445
  C:43EDH         LINE#         2446
  C:43EDH         LINE#         2448
BL51 BANKED LINKER/LOCATER V6.22                                                      06/21/2021  07:22:01  PAGE 126


  C:43F3H         LINE#         2449
  C:43F3H         LINE#         2450
  C:4404H         LINE#         2451
  C:4404H         LINE#         2452
  C:4457H         LINE#         2453
  C:445FH         LINE#         2454
  C:4468H         LINE#         2455
  C:44A4H         LINE#         2456
  C:44ADH         LINE#         2457
  C:44B0H         LINE#         2458
  C:44B0H         LINE#         2459
  C:44B0H         LINE#         2460
  C:44B6H         LINE#         2461
  C:44B6H         LINE#         2462
  C:44CEH         LINE#         2463
  C:44CEH         LINE#         2464
  C:44D5H         LINE#         2465
  C:44D7H         LINE#         2466
  C:44DEH         LINE#         2467
  C:44E0H         LINE#         2468
  C:44E0H         LINE#         2469
  C:44E0H         LINE#         2470
  C:44E0H         LINE#         2471
  C:44E0H         LINE#         2473
  -------         ENDPROC       MAIN
  -------         ENDMOD        MAIN

  -------         MODULE        ?C?FPADD
  C:6828H         PUBLIC        ?C?FPADD
  C:6824H         PUBLIC        ?C?FPSUB
  -------         ENDMOD        ?C?FPADD

  -------         MODULE        ?C?FPMUL
  C:6919H         PUBLIC        ?C?FPMUL
  -------         ENDMOD        ?C?FPMUL

  -------         MODULE        ?C?FPDIV
  C:6A22H         PUBLIC        ?C?FPDIV
  -------         ENDMOD        ?C?FPDIV

  -------         MODULE        ?C?FPCMP
  C:6AC1H         PUBLIC        ?C?FPCMP
  C:6ABFH         PUBLIC        ?C?FPCMP3
  -------         ENDMOD        ?C?FPCMP

  -------         MODULE        ?C?FPNEG
  C:6B38H         PUBLIC        ?C?FPNEG
  -------         ENDMOD        ?C?FPNEG

  -------         MODULE        ?C?FCAST
  C:6B53H         PUBLIC        ?C?FCASTC
  C:6B4EH         PUBLIC        ?C?FCASTI
  C:6B49H         PUBLIC        ?C?FCASTL
  -------         ENDMOD        ?C?FCAST

  -------         MODULE        ?C?CASTF
  C:6B87H         PUBLIC        ?C?CASTF
BL51 BANKED LINKER/LOCATER V6.22                                                      06/21/2021  07:22:01  PAGE 127


  -------         ENDMOD        ?C?CASTF

  -------         MODULE        PRINTF
  X:1019H         PUBLIC        ?_PRINTF?BYTE
  X:1019H         PUBLIC        ?_SPRINTF?BYTE
  C:9A2CH         PUBLIC        _PRINTF
  C:9A26H         PUBLIC        _SPRINTF
  -------         ENDMOD        PRINTF

  -------         MODULE        SQRT
  C:DA06H         PUBLIC        _SQRT
  -------         ENDMOD        SQRT

  -------         MODULE        ATAN2
  X:0FFDH         PUBLIC        ?_atan2?BYTE
  C:DCA1H         PUBLIC        _atan2
  -------         ENDMOD        ATAN2

  -------         MODULE        SIN
  C:BFC1H         PUBLIC        _COS
  C:BFD7H         PUBLIC        _SIN
  C:C013H         PUBLIC        _TAN
  -------         ENDMOD        SIN

  -------         MODULE        ATAN
  C:CA9AH         PUBLIC        _ATAN
  -------         ENDMOD        ATAN

  -------         MODULE        ASIN
  C:EDCEH         PUBLIC        _ASIN
  -------         ENDMOD        ASIN

  -------         MODULE        POW
  X:0FE6H         PUBLIC        ?_pow?BYTE
  C:C575H         PUBLIC        _pow
  -------         ENDMOD        POW

  -------         MODULE        ?C?CHKFLOAT
  C:6C08H         PUBLIC        ?C?CHKFLOAT
  -------         ENDMOD        ?C?CHKFLOAT

  -------         MODULE        ?C?FPROUND
  C:6C22H         PUBLIC        ?C?FPROUND
  -------         ENDMOD        ?C?FPROUND

  -------         MODULE        ?C?FPCONVERT
  C:6C5FH         PUBLIC        ?C?FPCONVERT
  -------         ENDMOD        ?C?FPCONVERT

  -------         MODULE        EXP
  C:DD76H         PUBLIC        _EXP
  -------         ENDMOD        EXP

  -------         MODULE        LOG
  C:C985H         PUBLIC        _LOG
  C:C981H         PUBLIC        _LOG10
  -------         ENDMOD        LOG
BL51 BANKED LINKER/LOCATER V6.22                                                      06/21/2021  07:22:01  PAGE 128



  -------         MODULE        ?C?FTNPWR
  C:6DE1H         PUBLIC        ?C?FTNPWR
  -------         ENDMOD        ?C?FTNPWR

  -------         MODULE        ?C?COPY
  C:6EF1H         PUBLIC        ?C?COPY
  -------         ENDMOD        ?C?COPY

  -------         MODULE        ?C?CLDPTR
  C:6F17H         PUBLIC        ?C?CLDPTR
  -------         ENDMOD        ?C?CLDPTR

  -------         MODULE        ?C?CLDOPTR
  C:6F30H         PUBLIC        ?C?CLDOPTR
  -------         ENDMOD        ?C?CLDOPTR

  -------         MODULE        ?C?CILDOPTR
  C:6F5DH         PUBLIC        ?C?CILDOPTR
  -------         ENDMOD        ?C?CILDOPTR

  -------         MODULE        ?C?CSTPTR
  C:6F90H         PUBLIC        ?C?CSTPTR
  -------         ENDMOD        ?C?CSTPTR

  -------         MODULE        ?C?CSTOPTR
  C:6FA2H         PUBLIC        ?C?CSTOPTR
  -------         ENDMOD        ?C?CSTOPTR

  -------         MODULE        ?C?UIDIV
  C:6FC4H         PUBLIC        ?C?UIDIV
  -------         ENDMOD        ?C?UIDIV

  -------         MODULE        ?C?SIDIV
  C:7019H         PUBLIC        ?C?SIDIV
  -------         ENDMOD        ?C?SIDIV

  -------         MODULE        ?C?IILDX
  C:704FH         PUBLIC        ?C?IILDX
  -------         ENDMOD        ?C?IILDX

  -------         MODULE        ?C?ILDIX
  C:7065H         PUBLIC        ?C?ILDIX
  -------         ENDMOD        ?C?ILDIX

  -------         MODULE        ?C?ILDPTR
  C:707BH         PUBLIC        ?C?ILDPTR
  -------         ENDMOD        ?C?ILDPTR

  -------         MODULE        ?C?ILDOPTR
  C:70A6H         PUBLIC        ?C?ILDOPTR
  -------         ENDMOD        ?C?ILDOPTR

  -------         MODULE        ?C?ISTPTR
  C:70DEH         PUBLIC        ?C?ISTPTR
  -------         ENDMOD        ?C?ISTPTR

BL51 BANKED LINKER/LOCATER V6.22                                                      06/21/2021  07:22:01  PAGE 129


  -------         MODULE        ?C?ISTOPTR
  C:70FDH         PUBLIC        ?C?ISTOPTR
  -------         ENDMOD        ?C?ISTOPTR

  -------         MODULE        ?C?LMUL
  C:712AH         PUBLIC        ?C?LMUL
  -------         ENDMOD        ?C?LMUL

  -------         MODULE        ?C?SLDIV
  C:ED10H         PUBLIC        ?C?SLDIV
  -------         ENDMOD        ?C?SLDIV

  -------         MODULE        ?C?LNEG
  C:7179H         PUBLIC        ?C?LNEG
  -------         ENDMOD        ?C?LNEG

  -------         MODULE        ?C?SLCMP
  C:7187H         PUBLIC        ?C?SLCMP
  -------         ENDMOD        ?C?SLCMP

  -------         MODULE        ?C?SLSHR
  C:719DH         PUBLIC        ?C?SLSHR
  -------         ENDMOD        ?C?SLSHR

  -------         MODULE        ?C?LSHL
  C:71B1H         PUBLIC        ?C?LSHL
  -------         ENDMOD        ?C?LSHL

  -------         MODULE        ?C?LLDPTR
  C:71C4H         PUBLIC        ?C?LLDPTR
  -------         ENDMOD        ?C?LLDPTR

  -------         MODULE        ?C?LLDOPTR
  C:71E4H         PUBLIC        ?C?LLDOPTR
  -------         ENDMOD        ?C?LLDOPTR

  -------         MODULE        ?C?LSTPTR
  C:7214H         PUBLIC        ?C?LSTPTR
  -------         ENDMOD        ?C?LSTPTR

  -------         MODULE        ?C?LSTOPTR
  C:722EH         PUBLIC        ?C?LSTOPTR
  -------         ENDMOD        ?C?LSTOPTR

  -------         MODULE        ?C?LLDIDATA
  C:7252H         PUBLIC        ?C?LLDIDATA
  -------         ENDMOD        ?C?LLDIDATA

  -------         MODULE        ?C?LLDXDATA
  C:725EH         PUBLIC        ?C?LLDXDATA
  -------         ENDMOD        ?C?LLDXDATA

  -------         MODULE        ?C?LLDCODE
  C:726AH         PUBLIC        ?C?LLDCODE
  -------         ENDMOD        ?C?LLDCODE

  -------         MODULE        ?C?LLDIDATA0
BL51 BANKED LINKER/LOCATER V6.22                                                      06/21/2021  07:22:01  PAGE 130


  C:727AH         PUBLIC        ?C?LLDIDATA0
  -------         ENDMOD        ?C?LLDIDATA0

  -------         MODULE        ?C?LLDXDATA0
  C:7287H         PUBLIC        ?C?LLDXDATA0
  -------         ENDMOD        ?C?LLDXDATA0

  -------         MODULE        ?C?LLDCODE0
  C:7293H         PUBLIC        ?C?LLDCODE0
  -------         ENDMOD        ?C?LLDCODE0

  -------         MODULE        ?C?LSTIDATA
  C:72A3H         PUBLIC        ?C?LSTIDATA
  -------         ENDMOD        ?C?LSTIDATA

  -------         MODULE        ?C?LSTXDATA
  C:72AFH         PUBLIC        ?C?LSTXDATA
  -------         ENDMOD        ?C?LSTXDATA

  -------         MODULE        ?C?LSTKXDATA
  C:72BBH         PUBLIC        ?C?LSTKXDATA
  -------         ENDMOD        ?C?LSTKXDATA

  -------         MODULE        ?C?OFFXADD
  C:72ECH         PUBLIC        ?C?OFFXADD
  -------         ENDMOD        ?C?OFFXADD

  -------         MODULE        ?C?PLDIXDATA
  C:72F8H         PUBLIC        ?C?PLDIXDATA
  -------         ENDMOD        ?C?PLDIXDATA

  -------         MODULE        ?C?PSTXDATA
  C:730FH         PUBLIC        ?C?PSTXDATA
  -------         ENDMOD        ?C?PSTXDATA

  -------         MODULE        ?C?CCASE
  C:7318H         PUBLIC        ?C?CCASE
  -------         ENDMOD        ?C?CCASE

  -------         MODULE        PUTCHAR
  C:F12DH         PUBLIC        _PUTCHAR
  -------         ENDMOD        PUTCHAR

  -------         MODULE        RAND
  X:12D7H         PUBLIC        ?SRAND?BYTE
  C:EA4AH         PUBLIC        RAND
  C:EA88H         PUBLIC        _SRAND
  -------         ENDMOD        RAND

  -------         MODULE        STRCAT
  X:1006H         PUBLIC        ?_strcat?BYTE
  C:E3DAH         PUBLIC        _strcat
  -------         ENDMOD        STRCAT

  -------         MODULE        ?C?STRCPY
  C:740AH         PUBLIC        ?C?STRCPY
  -------         ENDMOD        ?C?STRCPY
BL51 BANKED LINKER/LOCATER V6.22                                                      06/21/2021  07:22:01  PAGE 131



  -------         MODULE        ?C?MEMCMP
  C:75ADH         PUBLIC        ?C?MEMCMP
  -------         ENDMOD        ?C?MEMCMP

  -------         MODULE        ?C?ULDIV
  C:760DH         PUBLIC        ?C?ULDIV
  -------         ENDMOD        ?C?ULDIV

  -------         MODULE        ?C?LLDPDATA
  C:769FH         PUBLIC        ?C?LLDPDATA
  -------         ENDMOD        ?C?LLDPDATA

  -------         MODULE        ?C?LSTPDATA
  C:76ABH         PUBLIC        ?C?LSTPDATA
  -------         ENDMOD        ?C?LSTPDATA

*** WARNING L16: UNCALLED SEGMENT, IGNORED FOR OVERLAY PROCESS
    SEGMENT: ?PR?PW02REST?PW02

*** WARNING L16: UNCALLED SEGMENT, IGNORED FOR OVERLAY PROCESS
    SEGMENT: ?PR?RDA5807MGETCURRENTFQ?RDA5807M

*** WARNING L16: UNCALLED SEGMENT, IGNORED FOR OVERLAY PROCESS
    SEGMENT: ?PR?RDA5807MGETCURRENTRSSI?RDA5807M

*** WARNING L16: UNCALLED SEGMENT, IGNORED FOR OVERLAY PROCESS
    SEGMENT: ?PR?RDA5807MSETMUTE?RDA5807M

*** WARNING L16: UNCALLED SEGMENT, IGNORED FOR OVERLAY PROCESS
    SEGMENT: ?PR?PCF8563DISABLETIMER?PCF8563

*** WARNING L16: UNCALLED SEGMENT, IGNORED FOR OVERLAY PROCESS
    SEGMENT: ?PR?_BME280SINGLEMEASUREMENT?BME280

*** WARNING L16: UNCALLED SEGMENT, IGNORED FOR OVERLAY PROCESS
    SEGMENT: ?PR?LSM6DSMDISABLEPEDOMETER?LSM6DSM

*** WARNING L16: UNCALLED SEGMENT, IGNORED FOR OVERLAY PROCESS
    SEGMENT: ?PR?_BATTERYCHARGEENABLE?POWERMANAGE

*** WARNING L16: UNCALLED SEGMENT, IGNORED FOR OVERLAY PROCESS
    SEGMENT: ?PR?_I2D_SENDBYTE?IIC

*** WARNING L16: UNCALLED SEGMENT, IGNORED FOR OVERLAY PROCESS
    SEGMENT: ?PR?I2C_RECVHYTE?IIC

*** WARNING L1: UNRESOLVED EXTERNAL SYMBOL
    SYMBOL:  _I2C_SENDBYTE
    MODULE:  ..\Objects\IIC.obj (IIC)

*** WARNING L1: UNRESOLVED EXTERNAL SYMBOL
    SYMBOL:  I2C_RECVBYTE
    MODULE:  ..\Objects\IIC.obj (IIC)

*** WARNING L2: REFERENCE MADE TO UNRESOLVED EXTERNAL
    SYMBOL:  _I2C_SENDBYTE
BL51 BANKED LINKER/LOCATER V6.22                                                      06/21/2021  07:22:01  PAGE 132


    MODULE:  ..\Objects\IIC.obj (IIC)
    ADDRESS: F01EH

*** WARNING L2: REFERENCE MADE TO UNRESOLVED EXTERNAL
    SYMBOL:  _I2C_SENDBYTE
    MODULE:  ..\Objects\IIC.obj (IIC)
    ADDRESS: F029H

*** WARNING L2: REFERENCE MADE TO UNRESOLVED EXTERNAL
    SYMBOL:  _I2C_SENDBYTE
    MODULE:  ..\Objects\IIC.obj (IIC)
    ADDRESS: F034H

*** WARNING L2: REFERENCE MADE TO UNRESOLVED EXTERNAL
    SYMBOL:  _I2C_SENDBYTE
    MODULE:  ..\Objects\IIC.obj (IIC)
    ADDRESS: EE8CH

*** WARNING L2: REFERENCE MADE TO UNRESOLVED EXTERNAL
    SYMBOL:  _I2C_SENDBYTE
    MODULE:  ..\Objects\IIC.obj (IIC)
    ADDRESS: EE97H

*** WARNING L2: REFERENCE MADE TO UNRESOLVED EXTERNAL
    SYMBOL:  _I2C_SENDBYTE
    MODULE:  ..\Objects\IIC.obj (IIC)
    ADDRESS: EEA5H

*** WARNING L2: REFERENCE MADE TO UNRESOLVED EXTERNAL
    SYMBOL:  I2C_RECVBYTE
    MODULE:  ..\Objects\IIC.obj (IIC)
    ADDRESS: EEABH

*** WARNING L2: REFERENCE MADE TO UNRESOLVED EXTERNAL
    SYMBOL:  _I2C_SENDBYTE
    MODULE:  ..\Objects\IIC.obj (IIC)
    ADDRESS: E91AH

*** WARNING L2: REFERENCE MADE TO UNRESOLVED EXTERNAL
    SYMBOL:  _I2C_SENDBYTE
    MODULE:  ..\Objects\IIC.obj (IIC)
    ADDRESS: E947H

*** WARNING L2: REFERENCE MADE TO UNRESOLVED EXTERNAL
    SYMBOL:  _I2C_SENDBYTE
    MODULE:  ..\Objects\IIC.obj (IIC)
    ADDRESS: ECE0H

*** WARNING L2: REFERENCE MADE TO UNRESOLVED EXTERNAL
    SYMBOL:  I2C_RECVBYTE
    MODULE:  ..\Objects\IIC.obj (IIC)
    ADDRESS: ECF9H

*** WARNING L2: REFERENCE MADE TO UNRESOLVED EXTERNAL
    SYMBOL:  I2C_RECVBYTE
    MODULE:  ..\Objects\IIC.obj (IIC)
    ADDRESS: ED07H
BL51 BANKED LINKER/LOCATER V6.22                                                      06/21/2021  07:22:01  PAGE 133



*** WARNING L2: REFERENCE MADE TO UNRESOLVED EXTERNAL
    SYMBOL:  _I2C_SENDBYTE
    MODULE:  ..\Objects\IIC.obj (IIC)
    ADDRESS: E2A1H

*** WARNING L2: REFERENCE MADE TO UNRESOLVED EXTERNAL
    SYMBOL:  _I2C_SENDBYTE
    MODULE:  ..\Objects\IIC.obj (IIC)
    ADDRESS: E2ACH

*** WARNING L2: REFERENCE MADE TO UNRESOLVED EXTERNAL
    SYMBOL:  _I2C_SENDBYTE
    MODULE:  ..\Objects\IIC.obj (IIC)
    ADDRESS: E2BBH

*** WARNING L2: REFERENCE MADE TO UNRESOLVED EXTERNAL
    SYMBOL:  I2C_RECVBYTE
    MODULE:  ..\Objects\IIC.obj (IIC)
    ADDRESS: E2D1H

*** WARNING L2: REFERENCE MADE TO UNRESOLVED EXTERNAL
    SYMBOL:  I2C_RECVBYTE
    MODULE:  ..\Objects\IIC.obj (IIC)
    ADDRESS: E2F5H

*** WARNING L1: UNRESOLVED EXTERNAL SYMBOL
    SYMBOL:  _SCREEROLLUP
    MODULE:  ..\Objects\Display.obj (DISPLAY)

*** WARNING L2: REFERENCE MADE TO UNRESOLVED EXTERNAL
    SYMBOL:  _SCREEROLLUP
    MODULE:  ..\Objects\Display.obj (DISPLAY)
    ADDRESS: AA94H

*** WARNING L2: REFERENCE MADE TO UNRESOLVED EXTERNAL
    SYMBOL:  _SCREEROLLUP
    MODULE:  ..\Objects\Display.obj (DISPLAY)
    ADDRESS: ABFCH

*** WARNING L1: UNRESOLVED EXTERNAL SYMBOL
    SYMBOL:  _SCREEROLLUP
    MODULE:  ..\Objects\main.obj (MAIN)

*** WARNING L2: REFERENCE MADE TO UNRESOLVED EXTERNAL
    SYMBOL:  _SCREEROLLUP
    MODULE:  ..\Objects\main.obj (MAIN)
    ADDRESS: 2731H

Program Size: data=113.2 xdata=4833 code=63152
LINK/LOCATE RUN COMPLETE.  34 WARNING(S),  0 ERROR(S)
