BL51 BANKED LINKER/LOCATER V6.22                                                        06/27/2021  08:53:58  PAGE 1


BL51 BANKED LINKER/LOCATER V6.22, INVOKED BY:
E:\INSTALL_FILES\KEIL\C51\BIN\BL51.EXE ..\Objects\PW02.obj, ..\Objects\oled.obj, ..\Objects\RDA5807M.obj, ..\Objects\PCF
>> 8563.obj, ..\Objects\BME280.obj, ..\Objects\Ellipsoid fitting.obj, ..\Objects\HMC5883L.obj, ..\Objects\LSM6DSM.obj, .
>> .\Objects\PowerManage.obj, ..\Objects\IIC.obj, ..\Objects\Sys.obj, ..\Objects\EEPROM.obj, ..\Objects\Buzzer.obj, ..\O
>> bjects\Delay.obj, ..\Objects\Display.obj, ..\Objects\main.obj TO ..\Objects\iWatch-v1.1 PRINT (..\Listings\iWatch-v1.
>> m51) RAMSIZE (256)


MEMORY MODEL: LARGE WITH FLOATING POINT ARITHMETIC


INPUT MODULES INCLUDED:
  ..\Objects\PW02.obj (PW02)
  ..\Objects\oled.obj (OLED)
  ..\Objects\RDA5807M.obj (RDA5807M)
  ..\Objects\PCF8563.obj (PCF8563)
  ..\Objects\BME280.obj (BME280)
  ..\Objects\Ellipsoid fitting.obj (ELLIPSOID_FITTING)
  ..\Objects\HMC5883L.obj (HMC5883L)
  ..\Objects\LSM6DSM.obj (LSM6DSM)
  ..\Objects\PowerManage.obj (POWERMANAGE)
  ..\Objects\IIC.obj (IIC)
  ..\Objects\Sys.obj (SYS)
  ..\Objects\EEPROM.obj (EEPROM)
  ..\Objects\Buzzer.obj (BUZZER)
  ..\Objects\Delay.obj (DELAY)
  ..\Objects\Display.obj (DISPLAY)
  ..\Objects\main.obj (MAIN)
  E:\INSTALL_FILES\KEIL\C51\LIB\C51FPL.LIB (?C?FPADD)
  E:\INSTALL_FILES\KEIL\C51\LIB\C51FPL.LIB (?C?FPMUL)
  E:\INSTALL_FILES\KEIL\C51\LIB\C51FPL.LIB (?C?FPDIV)
  E:\INSTALL_FILES\KEIL\C51\LIB\C51FPL.LIB (?C?FPCMP)
  E:\INSTALL_FILES\KEIL\C51\LIB\C51FPL.LIB (?C?FPNEG)
  E:\INSTALL_FILES\KEIL\C51\LIB\C51FPL.LIB (?C?FCAST)
  E:\INSTALL_FILES\KEIL\C51\LIB\C51FPL.LIB (?C?CASTF)
  E:\INSTALL_FILES\KEIL\C51\LIB\C51FPL.LIB (PRINTF)
  E:\INSTALL_FILES\KEIL\C51\LIB\C51FPL.LIB (SQRT)
  E:\INSTALL_FILES\KEIL\C51\LIB\C51FPL.LIB (ATAN2)
  E:\INSTALL_FILES\KEIL\C51\LIB\C51FPL.LIB (SIN)
  E:\INSTALL_FILES\KEIL\C51\LIB\C51FPL.LIB (ATAN)
  E:\INSTALL_FILES\KEIL\C51\LIB\C51FPL.LIB (ASIN)
  E:\INSTALL_FILES\KEIL\C51\LIB\C51FPL.LIB (?C?FPGETOPN)
  E:\INSTALL_FILES\KEIL\C51\LIB\C51FPL.LIB (?C?FPROUND)
  E:\INSTALL_FILES\KEIL\C51\LIB\C51FPL.LIB (?C?FPCONVERT)
  E:\INSTALL_FILES\KEIL\C51\LIB\C51FPL.LIB (?C?FPSERIES)
  E:\INSTALL_FILES\KEIL\C51\LIB\C51FPL.LIB (?C?FTNPWR)
  E:\INSTALL_FILES\KEIL\C51\LIB\C51L.LIB (?C_STARTUP)
  E:\INSTALL_FILES\KEIL\C51\LIB\C51L.LIB (?C?COPY)
  E:\INSTALL_FILES\KEIL\C51\LIB\C51L.LIB (?C?CLDPTR)
  E:\INSTALL_FILES\KEIL\C51\LIB\C51L.LIB (?C?CLDOPTR)
  E:\INSTALL_FILES\KEIL\C51\LIB\C51L.LIB (?C?CILDOPTR)
  E:\INSTALL_FILES\KEIL\C51\LIB\C51L.LIB (?C?CSTPTR)
  E:\INSTALL_FILES\KEIL\C51\LIB\C51L.LIB (?C?CSTOPTR)
  E:\INSTALL_FILES\KEIL\C51\LIB\C51L.LIB (?C?UIDIV)
  E:\INSTALL_FILES\KEIL\C51\LIB\C51L.LIB (?C?SIDIV)
  E:\INSTALL_FILES\KEIL\C51\LIB\C51L.LIB (?C?IILDX)
  E:\INSTALL_FILES\KEIL\C51\LIB\C51L.LIB (?C?ILDIX)
  E:\INSTALL_FILES\KEIL\C51\LIB\C51L.LIB (?C?ILDPTR)
BL51 BANKED LINKER/LOCATER V6.22                                                      06/27/2021  08:53:58  PAGE 2


  E:\INSTALL_FILES\KEIL\C51\LIB\C51L.LIB (?C?ILDOPTR)
  E:\INSTALL_FILES\KEIL\C51\LIB\C51L.LIB (?C?ISTPTR)
  E:\INSTALL_FILES\KEIL\C51\LIB\C51L.LIB (?C?ISTOPTR)
  E:\INSTALL_FILES\KEIL\C51\LIB\C51L.LIB (?C?LMUL)
  E:\INSTALL_FILES\KEIL\C51\LIB\C51L.LIB (?C?SLDIV)
  E:\INSTALL_FILES\KEIL\C51\LIB\C51L.LIB (?C?LNEG)
  E:\INSTALL_FILES\KEIL\C51\LIB\C51L.LIB (?C?SLCMP)
  E:\INSTALL_FILES\KEIL\C51\LIB\C51L.LIB (?C?SLSHR)
  E:\INSTALL_FILES\KEIL\C51\LIB\C51L.LIB (?C?LSHL)
  E:\INSTALL_FILES\KEIL\C51\LIB\C51L.LIB (?C?LLDPTR)
  E:\INSTALL_FILES\KEIL\C51\LIB\C51L.LIB (?C?LLDOPTR)
  E:\INSTALL_FILES\KEIL\C51\LIB\C51L.LIB (?C?LSTPTR)
  E:\INSTALL_FILES\KEIL\C51\LIB\C51L.LIB (?C?LSTOPTR)
  E:\INSTALL_FILES\KEIL\C51\LIB\C51L.LIB (?C?LLDIDATA)
  E:\INSTALL_FILES\KEIL\C51\LIB\C51L.LIB (?C?LLDXDATA)
  E:\INSTALL_FILES\KEIL\C51\LIB\C51L.LIB (?C?LLDCODE)
  E:\INSTALL_FILES\KEIL\C51\LIB\C51L.LIB (?C?LLDIDATA0)
  E:\INSTALL_FILES\KEIL\C51\LIB\C51L.LIB (?C?LLDXDATA0)
  E:\INSTALL_FILES\KEIL\C51\LIB\C51L.LIB (?C?LLDCODE0)
  E:\INSTALL_FILES\KEIL\C51\LIB\C51L.LIB (?C?LSTIDATA)
  E:\INSTALL_FILES\KEIL\C51\LIB\C51L.LIB (?C?LSTXDATA)
  E:\INSTALL_FILES\KEIL\C51\LIB\C51L.LIB (?C?LSTKXDATA)
  E:\INSTALL_FILES\KEIL\C51\LIB\C51L.LIB (?C?OFFXADD)
  E:\INSTALL_FILES\KEIL\C51\LIB\C51L.LIB (?C?PLDIXDATA)
  E:\INSTALL_FILES\KEIL\C51\LIB\C51L.LIB (?C?PSTXDATA)
  E:\INSTALL_FILES\KEIL\C51\LIB\C51L.LIB (?C?CCASE)
  E:\INSTALL_FILES\KEIL\C51\LIB\C51L.LIB (PUTCHAR)
  E:\INSTALL_FILES\KEIL\C51\LIB\C51L.LIB (STRCAT)
  E:\INSTALL_FILES\KEIL\C51\LIB\C51L.LIB (?C?STRCPY)
  E:\INSTALL_FILES\KEIL\C51\LIB\C51L.LIB (?C?MEMCMP)
  E:\INSTALL_FILES\KEIL\C51\LIB\C51L.LIB (?C_INIT)
  E:\INSTALL_FILES\KEIL\C51\LIB\C51L.LIB (?C?ULDIV)
  E:\INSTALL_FILES\KEIL\C51\LIB\C51L.LIB (?C?LLDPDATA)
  E:\INSTALL_FILES\KEIL\C51\LIB\C51L.LIB (?C?LSTPDATA)


LINK MAP OF MODULE:  ..\Objects\iWatch-v1.1 (PW02)


            TYPE    BASE      LENGTH    RELOCATION   SEGMENT NAME
            -----------------------------------------------------

            * * * * * * *   D A T A   M E M O R Y   * * * * * * *
            REG     0000H     0008H     ABSOLUTE     "REG BANK 0"
            REG     0008H     0008H     ABSOLUTE     "REG BANK 1"
            DATA    0010H     000AH     UNIT         ?DT?_SHOWSTRING?DISPLAY
            DATA    001AH     0006H     UNIT         ?DT?_CLEARCACHEAREA?DISPLAY
            BIT     0020H.0   0002H.0   UNIT         ?BI?MAIN
            BIT     0022H.0   0001H.1   UNIT         ?BI?PRINTF?PRINTF
            BIT     0023H.1   0000H.2   UNIT         ?BI?PW02
            BIT     0023H.3   0000H.2   UNIT         ?BI?ATAN?ATAN
            BIT     0023H.5   0000H.1   UNIT         ?BI?BUZZER
            BIT     0023H.6   0000H.1   UNIT         ?BI?SIN?SIN
                    0023H.7   0000H.1                *** GAP ***
            DATA    0024H     0008H     UNIT         ?DT?_BMPTOCACHE?DISPLAY
            DATA    002CH     0008H     UNIT         ?DT?_SCREENPUSHANIMATION?DISPLAY
            DATA    0034H     0008H     UNIT         ?DT?_SCREEROLLDOWN?DISPLAY
BL51 BANKED LINKER/LOCATER V6.22                                                      06/27/2021  08:53:58  PAGE 3


            DATA    003CH     0005H     UNIT         ?DT?PRINTF?PRINTF
            DATA    0041H     0004H     UNIT         ?DT?_OLED_DRAWBMP?OLED
            DATA    0045H     0004H     UNIT         ?DT?_IMUUPDATE?LSM6DSM
            DATA    0049H     0004H     UNIT         ?DT?_SCREENREFRESHAREA?DISPLAY
            DATA    004DH     0002H     UNIT         ?DT?IIC
            DATA    004FH     0002H     UNIT         ?DT?_CLEARCACHE?DISPLAY
            DATA    0051H     0002H     UNIT         ?DT?SAVESCREEN?DISPLAY
            IDATA   0053H     0030H     UNIT         ?ID?_IMUUPDATE?LSM6DSM
            IDATA   0083H     001CH     UNIT         ?ID?LSM6DSM
            IDATA   009FH     0001H     UNIT         ?STACK

            * * * * * * *  X D A T A   M E M O R Y  * * * * * * *
            XDATA   0000H     0C08H     UNIT         ?XD?DISPLAY
            XDATA   0C08H     00DAH     UNIT         ?XD?ELLIPSOID_FITTING
            XDATA   0CE2H     00C8H     UNIT         ?XD?MAIN
            XDATA   0DAAH     0081H     UNIT         ?XD?PW02
            XDATA   0E2BH     0075H     UNIT         ?XD?SYS
            XDATA   0EA0H     0054H     UNIT         ?XD?POWERMANAGE
            XDATA   0EF4H     0036H     UNIT         ?XD?BME280
            XDATA   0F2AH     0033H     UNIT         ?XD?_ELLIPSOID_FITTING_PROCESS?ELLIPSOID_FITTING
            XDATA   0F5DH     0030H     UNIT         ?XD?PRINTF?PRINTF
            XDATA   0F8DH     002AH     UNIT         ?XD?_CALCDATA_INPUT?ELLIPSOID_FITTING
            XDATA   0FB7H     0024H     UNIT         ?XD?COMPENSATE_HUMIDITY?BME280
            XDATA   0FDBH     0021H     UNIT         ?XD?BME280READCOMPENSATIONPARAMETER?BME280
            XDATA   0FFCH     001FH     UNIT         ?XD?_PW02SETNAME?PW02
            XDATA   101BH     0018H     UNIT         ?XD?RDA5807M
            XDATA   1033H     0018H     UNIT         ?XD?COMPENSATE_PRESSURE?BME280
            XDATA   104BH     0017H     UNIT         ?XD?_HMC5883L_GET_ANGLEXY?HMC5883L
            XDATA   1062H     0015H     UNIT         ?XD?_DRAWARM?DISPLAY
            XDATA   1077H     0014H     UNIT         ?XD?COMPENSATE_TEMPERATURE?BME280
            XDATA   108BH     0013H     UNIT         ?XD?HMC5883L
            XDATA   109EH     0012H     UNIT         ?XD?_PW02SETADVT?PW02
            XDATA   10B0H     0012H     UNIT         ?XD?_DISPLAYTIME?DISPLAY
            XDATA   10C2H     000FH     UNIT         ?XD?_LSM6DSMREADGYRANDACC?LSM6DSM
            XDATA   10D1H     000EH     UNIT         ?XD?_HMC5883L_SET_CALIBRATION_VALUE?HMC5883L
            XDATA   10DFH     000DH     UNIT         ?XD?_PW02SETBUAD?PW02
            XDATA   10ECH     000CH     UNIT         ?XD?_DRAWLINE?DISPLAY
            XDATA   10F8H     000BH     UNIT         ?XD?_BMPTOCACHE?DISPLAY
            XDATA   1103H     000BH     UNIT         ?XD?_SHOWSTRING?DISPLAY
            XDATA   110EH     000AH     UNIT         ?XD?_PCF8563READTIME?PCF8563
            XDATA   1118H     0009H     UNIT         ?XD?_SENDATCOMMAND?PW02
            XDATA   1121H     0009H     UNIT         ?XD?BME280_CAL_MEAS_DELAY?BME280
            XDATA   112AH     0009H     UNIT         ?XD?_ROW2_SWOP_ROW1?ELLIPSOID_FITTING
            XDATA   1133H     0009H     UNIT         ?XD?_ROW2_ADD_KROW1?ELLIPSOID_FITTING
            XDATA   113CH     0009H     UNIT         ?XD?_READ_HMC5883L?HMC5883L
            XDATA   1145H     0009H     UNIT         ?XD?GETBATTERYLIFE?POWERMANAGE
            XDATA   114EH     0009H     UNIT         ?XD?_STRCAT?STRCAT
            XDATA   1157H     0008H     UNIT         ?XD?RDA5807MWRITEREGS?RDA5807M
            XDATA   115FH     0008H     UNIT         ?XD?_PCF8563SETALARM?PCF8563
            XDATA   1167H     0008H     UNIT         ?XD?BME280READSENSORRAWDATA?BME280
            XDATA   116FH     0008H     UNIT         ?XD?_MATRIX_SOLVE?ELLIPSOID_FITTING
            XDATA   1177H     0008H     UNIT         ?XD?GETBATTERYVOLTAGE?POWERMANAGE
            XDATA   117FH     0008H     UNIT         ?XD?_ATAN2?ATAN2
            XDATA   1187H     0007H     UNIT         ?XD?_K_MUILTPLY_ROW?ELLIPSOID_FITTING
            XDATA   118EH     0007H     UNIT         ?XD?_I2C_READ_MULTIBYTES?IIC
            XDATA   1195H     0007H     UNIT         ?XD?_EEPROM_READ_N?EEPROM
            XDATA   119CH     0007H     UNIT         ?XD?_EEPROM_WRITE_N?EEPROM
BL51 BANKED LINKER/LOCATER V6.22                                                      06/27/2021  08:53:58  PAGE 4


            XDATA   11A3H     0007H     UNIT         ?XD?_CLEARCACHEAREA?DISPLAY
            XDATA   11AAH     0006H     UNIT         ?XD?_MOVEBIGGESTELEMENT_TO_TOP?ELLIPSOID_FITTING
            XDATA   11B0H     0006H     UNIT         ?XD?MATRIX_GAUSSELIMINATION?ELLIPSOID_FITTING
            XDATA   11B6H     0006H     UNIT         ?XD?_EEPROMREADCONFIGURATION?SYS
            XDATA   11BCH     0006H     UNIT         _XDATA_GROUP_
            XDATA   11C2H     0005H     UNIT         ?XD?_PCF8563WRITEDATE?PCF8563
            XDATA   11C7H     0005H     UNIT         ?XD?MATRIX_ROWSIMPLIFY?ELLIPSOID_FITTING
            XDATA   11CCH     0005H     UNIT         ?XD?_I2C_NOADDR_WRITE_MULTIBYTES?IIC
            XDATA   11D1H     0005H     UNIT         ?XD?_I2C_NOADDR_READ_MULTIBYTES?IIC
            XDATA   11D6H     0005H     UNIT         ?XD?_EEPROMWRITECONFIGURATION?SYS
            XDATA   11DBH     0004H     UNIT         ?XD?RDA5807MREADRGES?RDA5807M
            XDATA   11DFH     0004H     UNIT         ?XD?_RDA5807MSETFQ?RDA5807M
            XDATA   11E3H     0004H     UNIT         ?XD?_ABS?ELLIPSOID_FITTING
            XDATA   11E7H     0004H     UNIT         ?XD?_SCREENREFRESHAREA?DISPLAY
            XDATA   11EBH     0004H     UNIT         ?XD?_SCREENPUSHANIMATION?DISPLAY
            XDATA   11EFH     0004H     UNIT         ?XD?_SCREEROLLDOWN?DISPLAY
            XDATA   11F3H     0004H     UNIT         ?XD?SENSORINIT?MAIN
            XDATA   11F7H     0004H     UNIT         ?XD?SQRT?SQRT
            XDATA   11FBH     0004H     UNIT         ?XD?SIN?SIN
            XDATA   11FFH     0004H     UNIT         ?XD?ATAN?ATAN
            XDATA   1203H     0003H     UNIT         ?XD?_UART2SENDSTR?PW02
            XDATA   1206H     0003H     UNIT         ?XD?_PW02GETRXDATA?PW02
            XDATA   1209H     0003H     UNIT         ?XD?_PCF8563SETREGISTERBITS?PCF8563
            XDATA   120CH     0003H     UNIT         ?XD?_BME280GETSENSORDATA?BME280
            XDATA   120FH     0003H     UNIT         ?XD?_BME280SINGLEMEASUREMENT?BME280
            XDATA   1212H     0003H     UNIT         ?XD?_LSM6DSMRSETREGISTERBITS?LSM6DSM
            XDATA   1215H     0003H     UNIT         ?XD?_LSM6DSMENABLEPEDOMETER?LSM6DSM
            XDATA   1218H     0003H     UNIT         ?XD?_IMUUPDATE?LSM6DSM
            XDATA   121BH     0003H     UNIT         ?XD?BUZZER
            XDATA   121EH     0003H     UNIT         ?XD?_DISPLAYINIT?DISPLAY
            XDATA   1221H     0003H     UNIT         ?XD?_CLEARCACHE?DISPLAY
            XDATA   1224H     0002H     UNIT         ?XD?_PCF8563WRITETIME?PCF8563
            XDATA   1226H     0002H     UNIT         ?XD?_PCF8563ENABLETIMER?PCF8563
            XDATA   1228H     0002H     UNIT         ?XD?RESETMATRIX?ELLIPSOID_FITTING
            XDATA   122AH     0002H     UNIT         ?XD?CALCDATA_INPUT_AVERAGE?ELLIPSOID_FITTING
            XDATA   122CH     0002H     UNIT         ?XD?_LSM6DSMENABLEAWT?LSM6DSM
            XDATA   122EH     0002H     UNIT         ?XD?LSM6DSMINIT?LSM6DSM
            XDATA   1230H     0002H     UNIT         ?XD?_SINGLE_WRITEIIC?IIC
            XDATA   1232H     0002H     UNIT         ?XD?_SINGLE_READIIC?IIC
            XDATA   1234H     0001H     UNIT         ?XD?PW02CHECKCONNECTION?PW02
            XDATA   1235H     0001H     UNIT         ?XD?PW02INIT?PW02
            XDATA   1236H     0001H     UNIT         ?XD?BME280INIT?BME280
            XDATA   1237H     0001H     UNIT         ?XD?HMC5883L_INIT?HMC5883L
            XDATA   1238H     0001H     UNIT         ?XD?LSM6DSMGETCURRENTSTEP?LSM6DSM
            XDATA   1239H     0001H     UNIT         ?XD?SYSTEMPOWERDOWN?POWERMANAGE

            * * * * * * *   C O D E   M E M O R Y   * * * * * * *
            CODE    0000H     0003H     ABSOLUTE     
            CODE    0003H     0008H     UNIT         ?PR?_PCF8563READBYTE?PCF8563
            CODE    000BH     0003H     ABSOLUTE     
            CODE    000EH     0004H     UNIT         ?PR?MCUSOFTRESET?SYS
                    0012H     0001H                  *** GAP ***
            CODE    0013H     0003H     ABSOLUTE     
            CODE    0016H     002CH     UNIT         ?PR?SYSTEMPOWERDOWN?POWERMANAGE
                    0042H     0001H                  *** GAP ***
            CODE    0043H     0003H     ABSOLUTE     
            CODE    0046H     000DH     UNIT         ?PR?_HMC5883L_WRITE_BYTE?HMC5883L
BL51 BANKED LINKER/LOCATER V6.22                                                      06/27/2021  08:53:58  PAGE 5


            CODE    0053H     0003H     ABSOLUTE     
            CODE    0056H     0004H     UNIT         ?PR?ENABLEWATCHDOG?SYS
                    005AH     0001H                  *** GAP ***
            CODE    005BH     0003H     ABSOLUTE     
            CODE    005EH     003DH     UNIT         ?PR?_UART2SENDSTR?PW02
            CODE    009BH     0003H     ABSOLUTE     
            CODE    009EH     0004H     UNIT         ?PR?FEEDWATCHDOG?SYS
                    00A2H     0001H                  *** GAP ***
            CODE    00A3H     0003H     ABSOLUTE     
            CODE    00A6H     1F4BH     UNIT         ?CO?MAIN
            CODE    1FF1H     0E7CH     UNIT         ?C?LIB_CODE
            CODE    2E6DH     0DC6H     UNIT         ?C_INITSEG
            CODE    3C33H     0C4AH     UNIT         ?CO?DISPLAY
            CODE    487DH     0872H     UNIT         ?PR?_IMUUPDATE?LSM6DSM
            CODE    50EFH     0483H     UNIT         ?PR?PRINTF?PRINTF
            CODE    5572H     03FDH     UNIT         ?PR?_SCREENPUSHANIMATION?DISPLAY
            CODE    596FH     03B9H     UNIT         ?PR?COMPENSATE_PRESSURE?BME280
            CODE    5D28H     037FH     UNIT         ?PR?_ELLIPSOID_FITTING_PROCESS?ELLIPSOID_FITTING
            CODE    60A7H     0340H     UNIT         ?PR?_SHOWSTRING?DISPLAY
            CODE    63E7H     0282H     UNIT         ?PR?_DRAWLINE?DISPLAY
            CODE    6669H     026AH     UNIT         ?PR?_DISPLAYTIME?DISPLAY
            CODE    68D3H     0252H     UNIT         ?PR?COMPENSATE_HUMIDITY?BME280
            CODE    6B25H     0240H     UNIT         ?PR?_HMC5883L_GET_ANGLEXY?HMC5883L
            CODE    6D65H     01FEH     UNIT         ?PR?_DRAWARM?DISPLAY
            CODE    6F63H     01F2H     UNIT         ?PR?_DRAWSELECTIONFRAME?DISPLAY
            CODE    7155H     01EBH     UNIT         ?PR?_BMPTOCACHE?DISPLAY
            CODE    7340H     01DBH     UNIT         ?PR?COMPENSATE_TEMPERATURE?BME280
            CODE    751BH     018CH     UNIT         ?PR?_MATRIX_SOLVE?ELLIPSOID_FITTING
            CODE    76A7H     0188H     UNIT         ?PR?SIN?SIN
            CODE    782FH     0181H     UNIT         ?PR?GETBATTERYLIFE?POWERMANAGE
            CODE    79B0H     0180H     UNIT         ?PR?BME280READCOMPENSATIONPARAMETER?BME280
            CODE    7B30H     0173H     UNIT         ?PR?_CALCDATA_INPUT?ELLIPSOID_FITTING
            CODE    7CA3H     014BH     UNIT         ?PR?_READ_HMC5883L?HMC5883L
            CODE    7DEEH     012BH     UNIT         ?PR?_SCREEROLLDOWN?DISPLAY
            CODE    7F19H     0122H     UNIT         ?PR?ATAN?ATAN
            CODE    803BH     0120H     UNIT         ?PR?PW02INIT?PW02
            CODE    815BH     011FH     UNIT         ?PR?TM3_IST?MAIN
            CODE    827AH     011AH     UNIT         ?PR?SENSORINIT?MAIN
            CODE    8394H     0109H     UNIT         ?PR?MATRIX_GAUSSELIMINATION?ELLIPSOID_FITTING
            CODE    849DH     0105H     UNIT         ?PR?_PCF8563READTIME?PCF8563
            CODE    85A2H     0102H     UNIT         ?PR?BREATHINGLAMP?MAIN
            CODE    86A4H     00FEH     UNIT         ?PR?BME280_CAL_MEAS_DELAY?BME280
            CODE    87A2H     00EAH     UNIT         ?PR?_ROW2_SWOP_ROW1?ELLIPSOID_FITTING
            CODE    888CH     00D8H     UNIT         ?PR?BME280READSENSORRAWDATA?BME280
            CODE    8964H     00D7H     UNIT         ?PR?PW02CHECKCONNECTION?PW02
            CODE    8A3BH     00D5H     UNIT         ?PR?GETBATTERYVOLTAGE?POWERMANAGE
            CODE    8B10H     00C2H     UNIT         ?PR?_PCF8563SETALARM?PCF8563
            CODE    8BD2H     00BEH     UNIT         ?CO?PW02
            CODE    8C90H     00B3H     UNIT         ?PR?_LSM6DSMREADGYRANDACC?LSM6DSM
            CODE    8D43H     00AFH     UNIT         ?PR?_RDA5807MSETFQ?RDA5807M
            CODE    8DF2H     00AFH     UNIT         ?PR?_EEPROMREADCONFIGURATION?SYS
            CODE    8EA1H     00ACH     UNIT         ?PR?SQRT?SQRT
            CODE    8F4DH     00ABH     UNIT         ?PR?_RDA5807MSEEK?RDA5807M
            CODE    8FF8H     00A7H     UNIT         ?PR?_ROW2_ADD_KROW1?ELLIPSOID_FITTING
            CODE    909FH     00A1H     UNIT         ?PR?OLED_INIT?OLED
            CODE    9140H     009DH     UNIT         ?PR?_ATAN2?ATAN2
            CODE    91DDH     0099H     UNIT         ?PR?_MOVEBIGGESTELEMENT_TO_TOP?ELLIPSOID_FITTING
BL51 BANKED LINKER/LOCATER V6.22                                                      06/27/2021  08:53:58  PAGE 6


            CODE    9276H     0099H     UNIT         ?PR?_LSM6DSMENABLEAWT?LSM6DSM
            CODE    930FH     0099H     UNIT         ?PR?TM4_ISR?BUZZER
            CODE    93A8H     008CH     UNIT         ?C_C51STARTUP
            CODE    9434H     0080H     UNIT         ?PR?CALCDATA_INPUT_AVERAGE?ELLIPSOID_FITTING
            CODE    94B4H     007DH     UNIT         ?PR?_CLEARCACHEAREA?DISPLAY
            CODE    9531H     007AH     UNIT         ?PR?UART2_ISR?PW02
            CODE    95ABH     0077H     UNIT         ?PR?_PW02SETNAME?PW02
            CODE    9622H     0075H     UNIT         ?PR?_EEPROMWRITECONFIGURATION?SYS
            CODE    9697H     006FH     UNIT         ?PR?_I2C_READ_MULTIBYTES?IIC
            CODE    9706H     006DH     UNIT         ?PR?_SENDATCOMMAND?PW02
            CODE    9773H     006CH     UNIT         ?PR?MATRIX_ROWSIMPLIFY?ELLIPSOID_FITTING
            CODE    97DFH     006BH     UNIT         ?PR?_STRCAT?STRCAT
            CODE    984AH     0067H     UNIT         ?PR?RDA5807MINIT?RDA5807M
            CODE    98B1H     0065H     UNIT         ?PR?_PCF8563WRITEDATE?PCF8563
            CODE    9916H     0063H     UNIT         ?PR?_PW02SETADVT?PW02
            CODE    9979H     0062H     UNIT         ?PR?RDA5807MREADRGES?RDA5807M
            CODE    99DBH     0061H     UNIT         ?PR?_K_MUILTPLY_ROW?ELLIPSOID_FITTING
            CODE    9A3CH     0061H     UNIT         ?PR?_SCREENREFRESHAREA?DISPLAY
            CODE    9A9DH     005EH     UNIT         ?PR?_PW02SETBUAD?PW02
            CODE    9AFBH     005BH     UNIT         ?PR?_ABS?ELLIPSOID_FITTING
            CODE    9B56H     005AH     UNIT         ?PR?RDA5807MWRITEREGS?RDA5807M
            CODE    9BB0H     005AH     UNIT         ?PR?LSM6DSMINIT?LSM6DSM
            CODE    9C0AH     0058H     UNIT         ?PR?BME280INIT?BME280
            CODE    9C62H     0055H     UNIT         ?PR?HMC5883L_INIT?HMC5883L
            CODE    9CB7H     0055H     UNIT         ?PR?_DRAWDOT?DISPLAY
            CODE    9D0CH     0054H     UNIT         ?PR?_I2C_NOADDR_WRITE_MULTIBYTES?IIC
            CODE    9D60H     0052H     UNIT         ?PR?_DISPLAYINIT?DISPLAY
            CODE    9DB2H     0050H     UNIT         ?PR?INT1_ISR?MAIN
            CODE    9E02H     004DH     UNIT         ?PR?_PCF8563WRITETIME?PCF8563
            CODE    9E4FH     004AH     UNIT         ?PR?_OLED_DRAWBMP?OLED
            CODE    9E99H     004AH     UNIT         ?PR?_LSM6DSMENABLEPEDOMETER?LSM6DSM
            CODE    9EE3H     0047H     UNIT         ?PR?_BME280GETSENSORDATA?BME280
            CODE    9F2AH     0046H     UNIT         ?PR?RDA5807MGETCURRENTFQ?RDA5807M
            CODE    9F70H     0046H     UNIT         ?PR?RESETMATRIX?ELLIPSOID_FITTING
            CODE    9FB6H     0045H     UNIT         ?PR?_EEPROM_READ_N?EEPROM
            CODE    9FFBH     0045H     UNIT         ?PR?_EEPROM_WRITE_N?EEPROM
            CODE    A040H     0044H     UNIT         ?PR?_HMC5883L_SET_CALIBRATION_VALUE?HMC5883L
            CODE    A084H     0044H     UNIT         ?PR?_I2C_NOADDR_READ_MULTIBYTES?IIC
            CODE    A0C8H     0044H     UNIT         ?C?LDIV
            CODE    A10CH     003CH     UNIT         ?PR?_CLEARCACHE?DISPLAY
            CODE    A148H     003BH     UNIT         ?PR?ASIN?ASIN
            CODE    A183H     003AH     UNIT         ?PR?_PCF8563SETREGISTERBITS?PCF8563
            CODE    A1BDH     003AH     UNIT         ?PR?_LSM6DSMRSETREGISTERBITS?LSM6DSM
            CODE    A1F7H     003AH     UNIT         ?PR?_SINGLE_READIIC?IIC
            CODE    A231H     0039H     UNIT         ?PR?RDA5807MGETCURRENTRSSI?RDA5807M
            CODE    A26AH     0039H     UNIT         ?PR?BUZZERINIT?BUZZER
            CODE    A2A3H     0037H     UNIT         ?PR?_PCF8563ENABLETIMER?PCF8563
            CODE    A2DAH     0032H     UNIT         ?PR?SAVESCREEN?DISPLAY
            CODE    A30CH     0030H     UNIT         ?PR?SYSINIT?SYS
            CODE    A33CH     002EH     UNIT         ?PR?_PW02GETRXDATA?PW02
            CODE    A36AH     002CH     UNIT         ?PR?PININIT?SYS
            CODE    A396H     002BH     UNIT         ?PR?SYSTEMDEEPPOWERDOWN?POWERMANAGE
            CODE    A3C1H     0029H     UNIT         ?PR?_SINGLE_WRITEIIC?IIC
            CODE    A3EAH     0028H     UNIT         ?PR?PW02ENTERATMODE?PW02
            CODE    A412H     0028H     UNIT         ?PR?PW02EXITATMODE?PW02
            CODE    A43AH     0028H     UNIT         ?PR?_RDA5807MSETVOLUME?RDA5807M
            CODE    A462H     0027H     UNIT         ?PR?PW02GETRSSI?PW02
BL51 BANKED LINKER/LOCATER V6.22                                                      06/27/2021  08:53:58  PAGE 7


            CODE    A489H     0027H     UNIT         ?PR?_BME280WRITEBYTE?BME280
            CODE    A4B0H     0027H     UNIT         ?PR?LSM6DSMENABLETAPDETECTION?LSM6DSM
            CODE    A4D7H     0027H     UNIT         ?PR?PUTCHAR?PUTCHAR
            CODE    A4FEH     0026H     UNIT         ?PR?_EEPROM_SECTORERASE?EEPROM
            CODE    A524H     0025H     UNIT         ?PR?PCF8563DISABLEALARM?PCF8563
            CODE    A549H     0024H     UNIT         ?PR?_BME280SINGLEMEASUREMENT?BME280
            CODE    A56DH     0024H     UNIT         ?PR?KEYSCAN?MAIN
            CODE    A591H     0022H     UNIT         ?PR?WAIT?IIC
            CODE    A5B3H     0022H     UNIT         ?PR?I2C_STOP?IIC
            CODE    A5D5H     0022H     UNIT         ?PR?INT2_ISR?MAIN
            CODE    A5F7H     0020H     UNIT         ?CO?ELLIPSOID_FITTING
            CODE    A617H     001FH     UNIT         ?PR?OLED_CLEAR?OLED
            CODE    A636H     001EH     UNIT         ?PR?_OLED_SET_POS?OLED
            CODE    A654H     001EH     UNIT         ?PR?_BME280SETMODE?BME280
            CODE    A672H     001BH     UNIT         ?PR?_ADCREAD?POWERMANAGE
            CODE    A68DH     001BH     UNIT         ?PR?TM0_ISR?MAIN
            CODE    A6A8H     001AH     UNIT         ?PR?_OLED_WR_BYTE?OLED
            CODE    A6C2H     001AH     UNIT         ?PR?_DELAY1MS?DELAY
            CODE    A6DCH     0019H     UNIT         ?PR?_DELAY_MS?OLED
            CODE    A6F5H     0019H     UNIT         ?PR?LSM6DSMGETCURRENTSTEP?LSM6DSM
            CODE    A70EH     0019H     UNIT         ?PR?LSM6DSMRESETSTEPCOUNTER?LSM6DSM
            CODE    A727H     0019H     UNIT         ?PR?UARTINIT?SYS
            CODE    A740H     0017H     UNIT         ?PR?_SCREENSETDIRECTION?DISPLAY
            CODE    A757H     0015H     UNIT         ?PR?_PCF8563WRITEBYTE?PCF8563
            CODE    A76CH     0015H     UNIT         ?PR?_BME280CONTINUOUSMEASUREMENT?BME280
            CODE    A781H     0015H     UNIT         ?PR?_BUZZERONOFF?BUZZER
            CODE    A796H     0015H     UNIT         ?PR?BEE?BUZZER
            CODE    A7ABH     0015H     UNIT         ?PR?_DELAY1US?DELAY
            CODE    A7C0H     0013H     UNIT         ?PR?UART2INIT?SYS
            CODE    A7D3H     0012H     UNIT         ?PR?PCF8563DISABLETIMER?PCF8563
            CODE    A7E5H     0012H     UNIT         ?PR?IIC_INIT?IIC
            CODE    A7F7H     0011H     UNIT         ?PR?OLED_DISPLAY_ON?OLED
            CODE    A808H     0011H     UNIT         ?PR?_OLED_HORIZENTAL_REVERSE?OLED
            CODE    A819H     0011H     UNIT         ?PR?_OLED_VERTICAL_REVERSE?OLED
            CODE    A82AH     0011H     UNIT         ?PR?_OLED_INVERSE?OLED
            CODE    A83BH     0011H     UNIT         ?PR?I2C_START?IIC
            CODE    A84CH     0010H     UNIT         ?PR?_PCF8563ENABLECLOCKOUPUT?PCF8563
            CODE    A85CH     0010H     UNIT         ?PR?CHECKHMC5883LCONNECTION?HMC5883L
            CODE    A86CH     0010H     UNIT         ?PR?LSM6DSMSOFTRESET?LSM6DSM
            CODE    A87CH     0010H     UNIT         ?PR?TIMER3INIT?SYS
            CODE    A88CH     000FH     UNIT         ?PR?LSM6DSMCHECKCONNECTION?LSM6DSM
            CODE    A89BH     000FH     UNIT         ?PR?I2C_RECVHYTE?IIC
            CODE    A8AAH     000FH     UNIT         ?PR?I2C_SENDNAK?IIC
            CODE    A8B9H     000FH     UNIT         ?PR?BEEBEEBEE?BUZZER
            CODE    A8C8H     000EH     UNIT         ?PR?_OLED_SET_BRIGHTNESS?OLED
            CODE    A8D6H     000EH     UNIT         ?PR?BME280CHECKCONNECTION?BME280
            CODE    A8E4H     000EH     UNIT         ?PR?BME280SOFTRESET?BME280
            CODE    A8F2H     000EH     UNIT         ?PR?_I2D_SENDBYTE?IIC
            CODE    A900H     000EH     UNIT         ?PR?I2C_SENDACK?IIC
            CODE    A90EH     000EH     UNIT         ?PR?DISABLEEEPROM?EEPROM
            CODE    A91CH     000DH     UNIT         ?PR?_LSM6DSMWRITEBYTE?LSM6DSM
            CODE    A929H     000DH     UNIT         ?PR?_BATTERYCHARGEENABLE?POWERMANAGE
            CODE    A936H     000DH     UNIT         ?PR?TIMER0INIT?SYS
            CODE    A943H     000DH     UNIT         ?PR?MAIN?MAIN
            CODE    A950H     000CH     UNIT         ?PR?OLED_DISPLAY_OFF?OLED
            CODE    A95CH     000CH     UNIT         ?PR?SYSTEMPOWERON?POWERMANAGE
            CODE    A968H     000CH     UNIT         ?PR?INITCONFIG?SYS
BL51 BANKED LINKER/LOCATER V6.22                                                      06/27/2021  08:53:58  PAGE 8


            CODE    A974H     000BH     UNIT         ?PR?_HMC5883L_SET_MODE?HMC5883L
            CODE    A97FH     000BH     UNIT         ?PR?_SCREENSETBRIGHTNESS?DISPLAY
            CODE    A98AH     000AH     UNIT         ?PR?_PW02SETMODE?PW02
            CODE    A994H     000AH     UNIT         ?PR?RDA5807MSETMUTE?RDA5807M
            CODE    A99EH     000AH     UNIT         ?PR?RDA5807MPOWERUP?RDA5807M
            CODE    A9A8H     000AH     UNIT         ?PR?RDA5807MPOWERDOWN?RDA5807M
            CODE    A9B2H     000AH     UNIT         ?PR?PCF8563READINTSRC?PCF8563
            CODE    A9BCH     000AH     UNIT         ?PR?_SCREENONOFF?DISPLAY
            CODE    A9C6H     0009H     UNIT         ?PR?PW02REST?PW02
            CODE    A9CFH     0009H     UNIT         ?PR?PCF8563CLEARALARMFLAG?PCF8563
            CODE    A9D8H     0009H     UNIT         ?PR?PCF8563CLEARTIMERFLAG?PCF8563
            CODE    A9E1H     0009H     UNIT         ?PR?LSM6DSMENABLEEMBEDDEDFUNC?LSM6DSM
            CODE    A9EAH     0009H     UNIT         ?PR?LSM6DSMDISABLEPEDOMETER?LSM6DSM
            CODE    A9F3H     0009H     UNIT         ?PR?I2C_RECVACK?IIC
            CODE    A9FCH     0009H     UNIT         ?PR?_ENABLEBUZZER?BUZZER
            CODE    AA05H     0008H     UNIT         ?PR?_BME280READBYTE?BME280
            CODE    AA0DH     0008H     UNIT         ?PR?_HMC5883L_READ_BYTE?HMC5883L
            CODE    AA15H     0008H     UNIT         ?PR?_LSM6DSMREADBYTE?LSM6DSM
            CODE    AA1DH     0008H     UNIT         ?PR?_LSM6DSMCONFIGACC?LSM6DSM
            CODE    AA25H     0008H     UNIT         ?PR?_LSM6DSMCONFIGGYR?LSM6DSM
            CODE    AA2DH     0008H     UNIT         ?PR?_LED?SYS
            CODE    AA35H     0007H     UNIT         ?PR?PCF8563INIT?PCF8563
            CODE    AA3CH     0007H     UNIT         ?PR?ADCINIT?POWERMANAGE
            CODE    AA43H     0006H     UNIT         ?CO?BME280
            CODE    AA49H     0006H     UNIT         ?PR?_ENABLE3V3OUTPUT?POWERMANAGE
            CODE    AA4FH     0003H     UNIT         ?PR?_SCREENREFRESHALL?DISPLAY
            CODE    AA52H     0003H     UNIT         ?PR?_SCREENSETINVERSE?DISPLAY
            CODE    AA55H     0003H     UNIT         ?PR?INT3_ISR?MAIN
            CODE    AA58H     0003H     UNIT         ?PR?LED1_ON?MAIN
            CODE    AA5BH     0003H     UNIT         ?PR?LED1_OFF?MAIN



OVERLAY MAP OF MODULE:   ..\Objects\iWatch-v1.1 (PW02)


SEGMENT                                            XDATA_GROUP
  +--> CALLED SEGMENT                            START    LENGTH
----------------------------------------------------------------
?PR?TM4_ISR?BUZZER                               -----    -----
  +--> ?PR?_BUZZERONOFF?BUZZER

*** NEW ROOT ***************************************************

?PR?TM3_IST?MAIN                                 -----    -----
  +--> ?PR?MCUSOFTRESET?SYS
  +--> ?PR?KEYSCAN?MAIN
  +--> ?PR?BEE?BUZZER
  +--> ?PR?_LED?SYS

?PR?BEE?BUZZER                                   -----    -----
  +--> ?PR?_BUZZERONOFF?BUZZER

*** NEW ROOT ***************************************************

?PR?INT1_ISR?MAIN                                -----    -----
  +--> ?PR?BEE?BUZZER
BL51 BANKED LINKER/LOCATER V6.22                                                      06/27/2021  08:53:58  PAGE 9


  +--> ?PR?_SCREENONOFF?DISPLAY

?PR?_SCREENONOFF?DISPLAY                         -----    -----
  +--> ?PR?OLED_DISPLAY_ON?OLED
  +--> ?PR?OLED_DISPLAY_OFF?OLED

?PR?OLED_DISPLAY_ON?OLED                         -----    -----
  +--> ?PR?_OLED_WR_BYTE?OLED

?PR?OLED_DISPLAY_OFF?OLED                        -----    -----
  +--> ?PR?_OLED_WR_BYTE?OLED

*** NEW ROOT ***************************************************

?C_C51STARTUP                                    -----    -----
  +--> ?PR?MAIN?MAIN
  +--> ?C_INITSEG

?PR?MAIN?MAIN                                    -----    -----
  +--> ?PR?FEEDWATCHDOG?SYS
  +--> ?PR?BREATHINGLAMP?MAIN

?PR?BREATHINGLAMP?MAIN                           11BCH    0006H
  +--> ?PR?LED1_ON?MAIN
  +--> ?PR?LED1_OFF?MAIN
  +--> ?PR?_DELAY1US?DELAY



UNRESOLVED EXTERNAL SYMBOLS:
   I2C_RECVBYTE
   _I2C_SENDBYTE
   _SCREEROLLUP



SYMBOL TABLE OF MODULE:  ..\Objects\iWatch-v1.1 (PW02)

  VALUE           TYPE          NAME
  ----------------------------------

  -------         MODULE        PW02
  C:0000H         SYMBOL        _ICE_DUMMY_
  C:9531H         PUBLIC        UART2_Isr
  D:0080H         PUBLIC        P0
  D:0090H         PUBLIC        P1
  D:00A0H         PUBLIC        P2
  D:00B0H         PUBLIC        P3
  C:8964H         PUBLIC        PW02CheckConnection
  D:00C0H         PUBLIC        P4
  D:00C8H         PUBLIC        P5
  D:00E8H         PUBLIC        P6
  D:00F8H         PUBLIC        P7
  X:0DAAH         PUBLIC        rx_buf
  D:00A8H         PUBLIC        IE
  C:005EH         PUBLIC        _Uart2SendStr
  D:00B8H         PUBLIC        IP
BL51 BANKED LINKER/LOCATER V6.22                                                      06/27/2021  08:53:58  PAGE 10


  C:803BH         PUBLIC        PW02Init
  D:00D8H         PUBLIC        CCON
  C:A3EAH         PUBLIC        PW02EnterATMode
  C:A9C6H         PUBLIC        PW02Rest
  D:0098H         PUBLIC        SCON
  D:0088H         PUBLIC        TCON
  C:9A9DH         PUBLIC        _PW02SetBuad
  B:0090H.6       PUBLIC        P16
  C:95ABH         PUBLIC        _PW02SetName
  C:A98AH         PUBLIC        _PW02SetMode
  C:8C58H         SYMBOL        _?ix1000
  C:8C64H         SYMBOL        _?ix1001
  C:8C74H         SYMBOL        _?ix1002
  B:0023H.1       PUBLIC        busy
  C:A412H         PUBLIC        PW02ExitATMode
  D:009BH         PUBLIC        S2BUF
  B:0023H.2       PUBLIC        receive_flag
  B:0090H.6       PUBLIC        PW02_SLEEP
  C:970CH         PUBLIC        _SendATCommand
  D:009AH         PUBLIC        S2CON
  C:9916H         PUBLIC        _PW02SetADVT
  C:A462H         PUBLIC        PW02GetRSSI
  C:A33CH         PUBLIC        _PW02GetRxData
  X:0E2AH         PUBLIC        rx_count
  D:00D0H         PUBLIC        PSW
  -------         PROC          _UART2SENDSTR
  X:1203H         SYMBOL        p
  C:005EH         LINE#         16
  C:0069H         LINE#         17
  C:0069H         LINE#         18
  C:0079H         LINE#         19
  C:0079H         LINE#         20
  C:007CH         LINE#         21
  C:007EH         LINE#         22
  C:0093H         LINE#         23
  C:0095H         LINE#         24
  C:009AH         LINE#         25
  -------         ENDPROC       _UART2SENDSTR
  -------         PROC          UART2_ISR
  C:9531H         LINE#         26
  C:953CH         LINE#         28
  C:9541H         LINE#         29
  C:9541H         LINE#         30
  C:9544H         LINE#         31
  C:9546H         LINE#         32
  C:9546H         LINE#         33
  C:954BH         LINE#         34
  C:954BH         LINE#         35
  C:954EH         LINE#         36
  C:9562H         LINE#         37
  C:9574H         LINE#         38
  C:9574H         LINE#         39
  C:9585H         LINE#         40
  C:958FH         LINE#         42
  C:959BH         LINE#         43
  C:959DH         LINE#         44
  C:95A2H         LINE#         45
BL51 BANKED LINKER/LOCATER V6.22                                                      06/27/2021  08:53:58  PAGE 11


  C:95A2H         LINE#         46
  C:95A2H         LINE#         47
  -------         ENDPROC       UART2_ISR
  -------         PROC          _PW02GETRXDATA
  X:1206H         SYMBOL        buf
  C:A33CH         LINE#         48
  C:A347H         LINE#         49
  C:A347H         LINE#         50
  C:A34AH         LINE#         51
  C:A34AH         LINE#         52
  C:A34CH         LINE#         53
  C:A364H         LINE#         54
  C:A367H         LINE#         55
  C:A367H         LINE#         57
  C:A369H         LINE#         58
  -------         ENDPROC       _PW02GETRXDATA
  C:9708H         SYMBOL        L?0054
  -------         PROC          L?0053
  -------         ENDPROC       L?0053
  C:9708H         SYMBOL        L?0054
  -------         PROC          _SENDATCOMMAND
  X:1118H         SYMBOL        command
  X:111BH         SYMBOL        retry_times
  X:111DH         SYMBOL        expected_response
  X:1120H         SYMBOL        response_len
  C:970CH         LINE#         59
  C:971FH         LINE#         60
  C:971FH         LINE#         61
  C:9721H         LINE#         62
  C:9721H         LINE#         63
  C:9723H         LINE#         64
  C:9726H         LINE#         65
  C:9726H         LINE#         66
  C:9734H         LINE#         67
  C:9736H         LINE#         68
  C:9744H         LINE#         69
  C:974BH         LINE#         70
  C:974DH         LINE#         71
  C:974FH         LINE#         72
  C:976DH         LINE#         73
  C:9770H         LINE#         75
  C:9772H         LINE#         76
  -------         ENDPROC       _SENDATCOMMAND
  -------         PROC          PW02ENTERATMODE
  C:A3EAH         LINE#         77
  C:A3EAH         LINE#         78
  C:A3EAH         LINE#         79
  C:A40CH         LINE#         80
  C:A40FH         LINE#         82
  C:A411H         LINE#         83
  -------         ENDPROC       PW02ENTERATMODE
  -------         PROC          PW02EXITATMODE
  C:A412H         LINE#         84
  C:A412H         LINE#         85
  C:A412H         LINE#         86
  C:A434H         LINE#         87
  C:A437H         LINE#         89
BL51 BANKED LINKER/LOCATER V6.22                                                      06/27/2021  08:53:58  PAGE 12


  C:A439H         LINE#         90
  -------         ENDPROC       PW02EXITATMODE
  -------         PROC          _PW02SETBUAD
  X:10DFH         SYMBOL        baud_num
  -------         DO            
  X:10E0H         SYMBOL        str
  -------         ENDDO         
  C:9A9DH         LINE#         91
  C:9AA2H         LINE#         92
  C:9AA2H         LINE#         93
  C:9AB5H         LINE#         94
  C:9AD9H         LINE#         95
  C:9AF5H         LINE#         96
  C:9AF8H         LINE#         98
  C:9AFAH         LINE#         99
  -------         ENDPROC       _PW02SETBUAD
  -------         PROC          _PW02SETADVT
  X:109EH         SYMBOL        time_in_ms
  -------         DO            
  X:10A0H         SYMBOL        str
  -------         ENDDO         
  C:9916H         LINE#         100
  C:991EH         LINE#         101
  C:991EH         LINE#         102
  C:9931H         LINE#         103
  C:9957H         LINE#         104
  C:9973H         LINE#         105
  C:9976H         LINE#         107
  C:9978H         LINE#         108
  -------         ENDPROC       _PW02SETADVT
  -------         PROC          _PW02SETNAME
  X:0FFCH         SYMBOL        name
  -------         DO            
  X:0FFFH         SYMBOL        str
  -------         ENDDO         
  C:95ABH         LINE#         109
  C:95B6H         LINE#         110
  C:95B6H         LINE#         111
  C:95C9H         LINE#         112
  C:95E7H         LINE#         113
  C:95FEH         LINE#         114
  C:961CH         LINE#         115
  C:961FH         LINE#         117
  C:9621H         LINE#         118
  -------         ENDPROC       _PW02SETNAME
  -------         PROC          PW02GETRSSI
  C:A462H         LINE#         119
  C:A462H         LINE#         120
  C:A462H         LINE#         121
  C:A483H         LINE#         122
  C:A486H         LINE#         124
  C:A488H         LINE#         125
  -------         ENDPROC       PW02GETRSSI
  -------         PROC          PW02REST
  C:A9C6H         LINE#         126
  C:A9C6H         LINE#         127
  C:A9C6H         LINE#         128
BL51 BANKED LINKER/LOCATER V6.22                                                      06/27/2021  08:53:58  PAGE 13


  -------         ENDPROC       PW02REST
  -------         PROC          _PW02SETMODE
  D:0007H         SYMBOL        mode
  C:A98AH         LINE#         130
  C:A98AH         LINE#         131
  C:A98AH         LINE#         132
  C:A98EH         LINE#         133
  C:A991H         LINE#         135
  C:A993H         LINE#         136
  -------         ENDPROC       _PW02SETMODE
  -------         PROC          PW02CHECKCONNECTION
  -------         DO            
  X:1234H         SYMBOL        y
  -------         ENDDO         
  C:8964H         LINE#         137
  C:8964H         LINE#         138
  C:8964H         LINE#         139
  C:8969H         LINE#         140
  C:896BH         LINE#         141
  C:8971H         LINE#         142
  C:897AH         LINE#         143
  C:897DH         LINE#         144
  C:89A9H         LINE#         145
  C:89B2H         LINE#         146
  C:89B2H         LINE#         147
  C:89DBH         LINE#         148
  C:89DEH         LINE#         149
  C:8A0BH         LINE#         150
  C:8A0EH         LINE#         151
  C:8A0EH         LINE#         153
  C:8A0EH         LINE#         154
  C:8A38H         LINE#         155
  C:8A3AH         LINE#         156
  C:8A3AH         LINE#         157
  -------         ENDPROC       PW02CHECKCONNECTION
  -------         PROC          PW02INIT
  -------         DO            
  X:1235H         SYMBOL        y
  -------         ENDDO         
  C:803BH         LINE#         158
  C:803BH         LINE#         159
  C:803BH         LINE#         160
  C:8040H         LINE#         161
  C:8042H         LINE#         164
  C:8044H         LINE#         165
  C:804AH         LINE#         166
  C:8050H         LINE#         167
  C:807FH         LINE#         169
  C:8082H         LINE#         170
  C:8087H         LINE#         171
  C:80B4H         LINE#         172
  C:80BDH         LINE#         173
  C:80EAH         LINE#         174
  C:80F1H         LINE#         175
  C:811EH         LINE#         176
  C:8124H         LINE#         177
  C:8153H         LINE#         179
BL51 BANKED LINKER/LOCATER V6.22                                                      06/27/2021  08:53:58  PAGE 14


  C:8156H         LINE#         180
  C:8158H         LINE#         181
  C:815AH         LINE#         182
  -------         ENDPROC       PW02INIT
  -------         ENDMOD        PW02

  -------         MODULE        OLED
  C:0000H         SYMBOL        _ICE_DUMMY_
  C:A7F7H         PUBLIC        OLED_Display_On
  B:0090H.2       PUBLIC        OLED_RST
  D:0080H         PUBLIC        P0
  D:0090H         PUBLIC        P1
  D:00A0H         PUBLIC        P2
  D:00B0H         PUBLIC        P3
  D:00C0H         PUBLIC        P4
  D:00C8H         PUBLIC        P5
  D:00E8H         PUBLIC        P6
  C:A819H         PUBLIC        _OLED_Vertical_Reverse
  D:00F8H         PUBLIC        P7
  B:0090H.3       PUBLIC        OLED_DC
  D:00A8H         PUBLIC        IE
  D:00B8H         PUBLIC        IP
  C:909FH         PUBLIC        OLED_Init
  B:00C0H.4       PUBLIC        OLED_RD
  D:00D8H         PUBLIC        CCON
  C:A6B2H         PUBLIC        _OLED_WR_Byte
  B:00C0H.3       PUBLIC        OLED_WR
  C:A8C8H         PUBLIC        _OLED_Set_Brightness
  D:0098H         PUBLIC        SCON
  D:0088H         PUBLIC        TCON
  C:A636H         PUBLIC        _OLED_Set_Pos
  C:A6DCH         PUBLIC        _delay_ms
  C:A950H         PUBLIC        OLED_Display_Off
  C:A82AH         PUBLIC        _OLED_Inverse
  C:A808H         PUBLIC        _OLED_Horizental_Reverse
  C:A617H         PUBLIC        OLED_Clear
  C:9E4FH         PUBLIC        _OLED_DrawBMP
  D:00D0H         PUBLIC        PSW
  -------         PROC          _DELAY_MS
  D:0006H         SYMBOL        ms
  -------         DO            
  D:0005H         SYMBOL        i
  D:0004H         SYMBOL        j
  -------         ENDDO         
  C:A6DCH         LINE#         12
  C:A6DCH         LINE#         13
  C:A6DCH         LINE#         15
  C:A6E5H         LINE#         16
  C:A6E5H         LINE#         17
  C:A6E7H         LINE#         18
  C:A6E9H         LINE#         20
  C:A6E9H         LINE#         21
  C:A6EBH         LINE#         22
  C:A6EDH         LINE#         23
  C:A6F4H         LINE#         24
  -------         ENDPROC       _DELAY_MS
  C:A6ADH         SYMBOL        L?0046
BL51 BANKED LINKER/LOCATER V6.22                                                      06/27/2021  08:53:58  PAGE 15


  -------         PROC          L?0045
  -------         ENDPROC       L?0045
  C:A6ADH         SYMBOL        L?0046
  -------         PROC          _OLED_WR_BYTE
  D:0007H         SYMBOL        dat
  D:0005H         SYMBOL        cmd
  C:A6B2H         LINE#         30
  C:A6B2H         LINE#         31
  C:A6B2H         LINE#         33
  C:A6B5H         LINE#         34
  C:A6B9H         LINE#         36
  C:A6BBH         LINE#         37
  C:A6BDH         LINE#         38
  C:A6BFH         LINE#         39
  C:A6C1H         LINE#         41
  -------         ENDPROC       _OLED_WR_BYTE
  -------         PROC          _OLED_SET_POS
  D:0006H         SYMBOL        x
  D:0005H         SYMBOL        y
  C:A636H         LINE#         70
  C:A638H         LINE#         71
  C:A638H         LINE#         72
  C:A641H         LINE#         73
  C:A64DH         LINE#         74
  -------         ENDPROC       _OLED_SET_POS
  -------         PROC          OLED_DISPLAY_ON
  C:A7F7H         LINE#         78
  C:A7F7H         LINE#         79
  C:A7F7H         LINE#         80
  C:A7FEH         LINE#         81
  C:A803H         LINE#         82
  -------         ENDPROC       OLED_DISPLAY_ON
  -------         PROC          OLED_DISPLAY_OFF
  C:A950H         LINE#         85
  C:A950H         LINE#         86
  C:A950H         LINE#         87
  C:A954H         LINE#         88
  C:A957H         LINE#         89
  -------         ENDPROC       OLED_DISPLAY_OFF
  -------         PROC          _OLED_SET_BRIGHTNESS
  D:0006H         SYMBOL        brightness
  C:A8C8H         LINE#         91
  C:A8CAH         LINE#         92
  C:A8CAH         LINE#         93
  C:A8D1H         LINE#         94
  -------         ENDPROC       _OLED_SET_BRIGHTNESS
  -------         PROC          _OLED_HORIZENTAL_REVERSE
  D:0007H         SYMBOL        reverse
  C:A808H         LINE#         97
  C:A808H         LINE#         98
  C:A808H         LINE#         99
  C:A80BH         LINE#         100
  C:A811H         LINE#         102
  C:A818H         LINE#         103
  -------         ENDPROC       _OLED_HORIZENTAL_REVERSE
  -------         PROC          _OLED_VERTICAL_REVERSE
  D:0007H         SYMBOL        reverse
BL51 BANKED LINKER/LOCATER V6.22                                                      06/27/2021  08:53:58  PAGE 16


  C:A819H         LINE#         104
  C:A819H         LINE#         105
  C:A819H         LINE#         106
  C:A81CH         LINE#         107
  C:A822H         LINE#         109
  C:A829H         LINE#         110
  -------         ENDPROC       _OLED_VERTICAL_REVERSE
  -------         PROC          _OLED_INVERSE
  D:0007H         SYMBOL        k
  C:A82AH         LINE#         112
  C:A82AH         LINE#         113
  C:A82AH         LINE#         114
  C:A82DH         LINE#         115
  C:A833H         LINE#         117
  C:A83AH         LINE#         118
  -------         ENDPROC       _OLED_INVERSE
  -------         PROC          OLED_CLEAR
  -------         DO            
  D:0006H         SYMBOL        i
  D:0004H         SYMBOL        n
  -------         ENDDO         
  C:A617H         LINE#         119
  C:A617H         LINE#         120
  C:A617H         LINE#         122
  C:A619H         LINE#         123
  C:A619H         LINE#         124
  C:A61FH         LINE#         125
  C:A61FH         LINE#         126
  C:A622H         LINE#         127
  C:A624H         LINE#         128
  C:A630H         LINE#         129
  C:A635H         LINE#         130
  -------         ENDPROC       OLED_CLEAR
  -------         PROC          _OLED_DRAWBMP
  D:0001H         SYMBOL        buf
  -------         DO            
  D:0041H         SYMBOL        i
  D:0042H         SYMBOL        j
  D:0043H         SYMBOL        n
  -------         ENDDO         
  C:9E4FH         LINE#         131
  C:9E4FH         LINE#         132
  C:9E4FH         LINE#         135
  C:9E52H         LINE#         136
  C:9E52H         LINE#         137
  C:9E59H         LINE#         138
  C:9E5CH         LINE#         139
  C:9E61H         LINE#         140
  C:9E6CH         LINE#         141
  C:9E6FH         LINE#         142
  C:9E8FH         LINE#         143
  C:9E98H         LINE#         144
  -------         ENDPROC       _OLED_DRAWBMP
  -------         PROC          OLED_INIT
  C:909FH         LINE#         147
  C:909FH         LINE#         148
  C:909FH         LINE#         149
BL51 BANKED LINKER/LOCATER V6.22                                                      06/27/2021  08:53:58  PAGE 17


  C:90A1H         LINE#         150
  C:90A8H         LINE#         151
  C:90AAH         LINE#         152
  C:90B1H         LINE#         153
  C:90B3H         LINE#         154
  C:90B5H         LINE#         155
  C:90B9H         LINE#         156
  C:90B9H         LINE#         157
  C:90BCH         LINE#         158
  C:90C1H         LINE#         159
  C:90C6H         LINE#         160
  C:90CBH         LINE#         161
  C:90D0H         LINE#         162
  C:90D5H         LINE#         163
  C:90DAH         LINE#         164
  C:90DFH         LINE#         165
  C:90E4H         LINE#         166
  C:90E9H         LINE#         167
  C:90EEH         LINE#         168
  C:90F3H         LINE#         169
  C:90F8H         LINE#         170
  C:90FDH         LINE#         171
  C:9102H         LINE#         172
  C:9107H         LINE#         173
  C:910CH         LINE#         174
  C:9111H         LINE#         175
  C:9116H         LINE#         176
  C:911BH         LINE#         177
  C:9120H         LINE#         178
  C:9125H         LINE#         179
  C:912AH         LINE#         180
  C:912FH         LINE#         181
  C:9134H         LINE#         187
  C:9137H         LINE#         188
  C:913AH         LINE#         189
  -------         ENDPROC       OLED_INIT
  -------         ENDMOD        OLED

  -------         MODULE        RDA5807M
  C:0000H         SYMBOL        _ICE_DUMMY_
  D:0080H         PUBLIC        P0
  D:0090H         PUBLIC        P1
  D:00A0H         PUBLIC        P2
  D:00B0H         PUBLIC        P3
  D:00C0H         PUBLIC        P4
  C:A43AH         PUBLIC        _RDA5807MSetVOLUME
  D:00C8H         PUBLIC        P5
  D:00E8H         PUBLIC        P6
  D:00F8H         PUBLIC        P7
  D:00BAH         PUBLIC        P_SW2
  C:9979H         PUBLIC        RDA5807MReadRges
  D:00A8H         PUBLIC        IE
  C:984AH         PUBLIC        RDA5807MInit
  X:101CH         PUBLIC        BAND
  D:00B8H         PUBLIC        IP
  X:101DH         PUBLIC        CHAN
  C:9B5CH         PUBLIC        RDA5807MWriteRegs
BL51 BANKED LINKER/LOCATER V6.22                                                      06/27/2021  08:53:58  PAGE 18


  D:00D8H         PUBLIC        CCON
  C:8F4DH         PUBLIC        _RDA5807MSEEK
  C:A9A8H         PUBLIC        RDA5807MPowerDown
  D:0098H         PUBLIC        SCON
  D:0088H         PUBLIC        TCON
  C:9F2AH         PUBLIC        RDA5807MGetCurrentFq
  X:101FH         PUBLIC        current_frequency
  X:1023H         PUBLIC        REG02
  X:1025H         PUBLIC        RSSI
  X:1026H         PUBLIC        REG03
  X:1028H         PUBLIC        REG04
  X:102AH         PUBLIC        REG05
  X:102CH         PUBLIC        SEEKTH
  C:A994H         PUBLIC        RDA5807MSetMute
  C:A231H         PUBLIC        RDA5807MGetCurrentRSSI
  X:102DH         PUBLIC        REG0A
  X:102FH         PUBLIC        REG0B
  C:A99EH         PUBLIC        RDA5807MPowerUp
  X:1031H         PUBLIC        VOLUME
  C:8D43H         PUBLIC        _RDA5807MSetFq
  X:1032H         PUBLIC        SPACE
  D:00D0H         PUBLIC        PSW
  -------         PROC          L?0026
  -------         ENDPROC       L?0026
  -------         PROC          RDA5807MWRITEREGS
  -------         DO            
  X:1157H         SYMBOL        reg
  -------         ENDDO         
  C:9B5CH         LINE#         38
  C:9B5CH         LINE#         39
  C:9B5CH         LINE#         41
  C:9B69H         LINE#         42
  C:9B6CH         LINE#         43
  C:9B79H         LINE#         44
  C:9B7CH         LINE#         45
  C:9B89H         LINE#         46
  C:9B8CH         LINE#         47
  C:9B99H         LINE#         48
  C:9B9CH         LINE#         49
  C:9B9FH         LINE#         50
  C:9BACH         LINE#         51
  C:9BAFH         LINE#         52
  -------         ENDPROC       RDA5807MWRITEREGS
  -------         PROC          RDA5807MREADRGES
  -------         DO            
  X:11DBH         SYMBOL        read_buf
  -------         ENDDO         
  C:9979H         LINE#         61
  C:9979H         LINE#         62
  C:9979H         LINE#         64
  C:997CH         LINE#         65
  C:9989H         LINE#         66
  C:998CH         LINE#         67
  C:9999H         LINE#         68
  C:99A4H         LINE#         69
  C:99B3H         LINE#         70
  C:99C0H         LINE#         71
BL51 BANKED LINKER/LOCATER V6.22                                                      06/27/2021  08:53:58  PAGE 19


  C:99CBH         LINE#         72
  C:99DAH         LINE#         73
  -------         ENDPROC       RDA5807MREADRGES
  -------         PROC          RDA5807MINIT
  C:984AH         LINE#         81
  C:984AH         LINE#         82
  C:984AH         LINE#         84
  C:9851H         LINE#         85
  C:9854H         LINE#         86
  C:985BH         LINE#         88
  C:9864H         LINE#         89
  C:9894H         LINE#         90
  C:9899H         LINE#         91
  C:98ABH         LINE#         92
  C:98AEH         LINE#         93
  C:98B0H         LINE#         94
  -------         ENDPROC       RDA5807MINIT
  -------         PROC          _RDA5807MSETVOLUME
  D:0004H         SYMBOL        VOLUME
  C:A43AH         LINE#         100
  C:A43EH         LINE#         101
  C:A43EH         LINE#         102
  C:A447H         LINE#         103
  C:A44BH         LINE#         104
  C:A452H         LINE#         105
  C:A45FH         LINE#         106
  -------         ENDPROC       _RDA5807MSETVOLUME
  -------         PROC          _RDA5807MSEEK
  D:0005H         SYMBOL        direction
  -------         DO            
  X:101BH         SYMBOL        step
  -------         ENDDO         
  C:8F4DH         LINE#         115
  C:8F4FH         LINE#         116
  C:8F4FH         LINE#         118
  C:8F55H         LINE#         119
  C:8F55H         LINE#         120
  C:8F5CH         LINE#         121
  C:8F63H         LINE#         122
  C:8F6CH         LINE#         124
  C:8F70H         LINE#         125
  C:8F7AH         LINE#         126
  C:8F7DH         LINE#         128
  C:8F83H         LINE#         129
  C:8F85H         LINE#         130
  C:8F8DH         LINE#         131
  C:8F8DH         LINE#         132
  C:8F90H         LINE#         133
  C:8F97H         LINE#         134
  C:8F97H         LINE#         135
  C:8F9EH         LINE#         136
  C:8FB0H         LINE#         137
  C:8FD2H         LINE#         138
  C:8FDEH         LINE#         139
  C:8FE3H         LINE#         140
  C:8FF2H         LINE#         141
  C:8FF2H         LINE#         144
BL51 BANKED LINKER/LOCATER V6.22                                                      06/27/2021  08:53:58  PAGE 20


  C:8FF2H         LINE#         145
  C:8FF7H         LINE#         146
  -------         ENDPROC       _RDA5807MSEEK
  -------         PROC          _RDA5807MSETFQ
  X:11DFH         SYMBOL        fq
  C:8D43H         LINE#         152
  C:8D49H         LINE#         153
  C:8D49H         LINE#         154
  C:8D50H         LINE#         155
  C:8D57H         LINE#         156
  C:8D85H         LINE#         157
  C:8D98H         LINE#         158
  C:8DB1H         LINE#         159
  C:8DB4H         LINE#         160
  C:8DB6H         LINE#         161
  C:8DBEH         LINE#         162
  C:8DBEH         LINE#         163
  C:8DC5H         LINE#         164
  C:8DC8H         LINE#         165
  C:8DCAH         LINE#         166
  C:8DD1H         LINE#         167
  C:8DE5H         LINE#         168
  C:8DF1H         LINE#         169
  -------         ENDPROC       _RDA5807MSETFQ
  -------         PROC          RDA5807MGETCURRENTFQ
  C:9F2AH         LINE#         175
  C:9F2AH         LINE#         176
  C:9F2AH         LINE#         177
  C:9F2DH         LINE#         178
  C:9F3FH         LINE#         179
  C:9F61H         LINE#         180
  C:9F6FH         LINE#         181
  -------         ENDPROC       RDA5807MGETCURRENTFQ
  -------         PROC          RDA5807MGETCURRENTRSSI
  C:A231H         LINE#         187
  C:A231H         LINE#         188
  C:A231H         LINE#         189
  C:A234H         LINE#         190
  C:A240H         LINE#         191
  C:A269H         LINE#         192
  C:A269H         LINE#         193
  -------         ENDPROC       RDA5807MGETCURRENTRSSI
  -------         PROC          RDA5807MSETMUTE
  C:A994H         LINE#         199
  C:A994H         LINE#         200
  C:A994H         LINE#         201
  C:A99BH         LINE#         202
  -------         ENDPROC       RDA5807MSETMUTE
  -------         PROC          RDA5807MPOWERUP
  C:A99EH         LINE#         209
  C:A99EH         LINE#         210
  C:A99EH         LINE#         211
  C:A9A5H         LINE#         212
  -------         ENDPROC       RDA5807MPOWERUP
  -------         PROC          RDA5807MPOWERDOWN
  C:A9A8H         LINE#         219
  C:A9A8H         LINE#         220
BL51 BANKED LINKER/LOCATER V6.22                                                      06/27/2021  08:53:58  PAGE 21


  C:A9A8H         LINE#         221
  C:A9AFH         LINE#         222
  -------         ENDPROC       RDA5807MPOWERDOWN
  -------         ENDMOD        RDA5807M

  -------         MODULE        PCF8563
  C:0000H         SYMBOL        _ICE_DUMMY_
  C:A2A3H         PUBLIC        _PCF8563EnableTimer
  C:A9B2H         PUBLIC        PCF8563ReadIntSrc
  C:A9CFH         PUBLIC        PCF8563ClearAlarmFlag
  C:A84CH         PUBLIC        _PCF8563EnableClockOuput
  C:A9D8H         PUBLIC        PCF8563ClearTimerFlag
  C:A187H         PUBLIC        _PCF8563SetRegisterBits
  C:98B1H         PUBLIC        _PCF8563WriteDate
  C:849DH         PUBLIC        _PCF8563ReadTime
  C:0003H         PUBLIC        _PCF8563ReadByte
  C:AA35H         PUBLIC        PCF8563Init
  C:8B10H         PUBLIC        _PCF8563SetAlarm
  C:9E02H         PUBLIC        _PCF8563WriteTime
  C:A75FH         PUBLIC        _PCF8563WriteByte
  C:A524H         PUBLIC        PCF8563DisableAlarm
  C:A7D3H         PUBLIC        PCF8563DisableTimer
  -------         PROC          L?0030
  -------         ENDPROC       L?0030
  -------         PROC          _PCF8563WRITEBYTE
  D:0007H         SYMBOL        addr
  D:0006H         SYMBOL        dat
  C:A75FH         LINE#         10
  C:A761H         LINE#         11
  C:A761H         LINE#         12
  -------         ENDPROC       _PCF8563WRITEBYTE
  -------         PROC          _PCF8563READBYTE
  D:0007H         SYMBOL        addr
  -------         DO            
  D:0007H         SYMBOL        temp
  -------         ENDDO         
  C:0003H         LINE#         19
  C:0003H         LINE#         20
  C:0003H         LINE#         22
  C:000AH         LINE#         23
  C:000AH         LINE#         24
  -------         ENDPROC       _PCF8563READBYTE
  -------         PROC          L?0031
  -------         ENDPROC       L?0031
  -------         PROC          _PCF8563SETREGISTERBITS
  X:1209H         SYMBOL        addr
  X:120AH         SYMBOL        bit_mask
  X:120BH         SYMBOL        SC
  -------         DO            
  D:0006H         SYMBOL        temp
  -------         ENDDO         
  C:A187H         LINE#         32
  C:A194H         LINE#         33
  C:A194H         LINE#         35
  C:A199H         LINE#         36
  C:A1A1H         LINE#         37
  C:A1A9H         LINE#         38
BL51 BANKED LINKER/LOCATER V6.22                                                      06/27/2021  08:53:58  PAGE 22


  C:A1ACH         LINE#         39
  C:A1B3H         LINE#         40
  -------         ENDPROC       _PCF8563SETREGISTERBITS
  -------         PROC          _PCF8563READTIME
  X:110EH         SYMBOL        t
  -------         DO            
  X:1111H         SYMBOL        buf
  -------         ENDDO         
  C:849DH         LINE#         47
  C:84A8H         LINE#         48
  C:84A8H         LINE#         50
  C:84BFH         LINE#         51
  C:84C6H         LINE#         52
  C:84E4H         LINE#         53
  C:84EBH         LINE#         54
  C:850CH         LINE#         55
  C:8513H         LINE#         56
  C:8527H         LINE#         57
  C:852EH         LINE#         58
  C:8542H         LINE#         59
  C:8549H         LINE#         60
  C:854BH         LINE#         61
  C:854EH         LINE#         62
  C:8565H         LINE#         63
  C:856DH         LINE#         64
  C:8575H         LINE#         65
  C:857CH         LINE#         66
  C:8590H         LINE#         67
  -------         ENDPROC       _PCF8563READTIME
  -------         PROC          _PCF8563WRITETIME
  X:1224H         SYMBOL        hour
  X:1225H         SYMBOL        min
  D:0003H         SYMBOL        sec
  C:9E02H         LINE#         75
  C:9E0AH         LINE#         76
  C:9E0AH         LINE#         77
  C:9E21H         LINE#         78
  C:9E34H         LINE#         79
  -------         ENDPROC       _PCF8563WRITETIME
  -------         PROC          _PCF8563WRITEDATE
  X:11C2H         SYMBOL        year
  X:11C4H         SYMBOL        month
  X:11C5H         SYMBOL        day
  X:11C6H         SYMBOL        weekday
  C:98B1H         LINE#         88
  C:98BFH         LINE#         89
  C:98BFH         LINE#         90
  C:98CDH         LINE#         91
  C:98D5H         LINE#         92
  C:98E8H         LINE#         93
  C:9903H         LINE#         94
  C:990AH         LINE#         95
  C:990CH         LINE#         96
  -------         ENDPROC       _PCF8563WRITEDATE
  -------         PROC          _PCF8563SETALARM
  D:0007H         SYMBOL        hour
  D:0006H         SYMBOL        min
BL51 BANKED LINKER/LOCATER V6.22                                                      06/27/2021  08:53:58  PAGE 23


  D:0003H         SYMBOL        weekday
  X:1162H         SYMBOL        day
  X:1163H         SYMBOL        mode
  -------         DO            
  D:0005H         SYMBOL        temp1
  X:1164H         SYMBOL        temp2
  X:1165H         SYMBOL        temp3
  X:1166H         SYMBOL        temp4
  -------         ENDDO         
  C:8B10H         LINE#         110
  C:8B12H         LINE#         111
  C:8B12H         LINE#         112
  C:8B13H         LINE#         113
  C:8B17H         LINE#         114
  C:8B19H         LINE#         115
  C:8B1BH         LINE#         116
  C:8B2FH         LINE#         117
  C:8B46H         LINE#         118
  C:8B4BH         LINE#         119
  C:8B66H         LINE#         120
  C:8B73H         LINE#         121
  C:8B73H         LINE#         122
  C:8B77H         LINE#         123
  C:8B7AH         LINE#         124
  C:8B7CH         LINE#         125
  C:8B84H         LINE#         126
  C:8B84H         LINE#         127
  C:8B88H         LINE#         128
  C:8B8DH         LINE#         129
  C:8B8EH         LINE#         130
  C:8B90H         LINE#         131
  C:8B94H         LINE#         132
  C:8B94H         LINE#         133
  C:8B98H         LINE#         134
  C:8B9FH         LINE#         135
  C:8BA6H         LINE#         136
  C:8BA6H         LINE#         137
  C:8BABH         LINE#         138
  C:8BB5H         LINE#         139
  C:8BBFH         LINE#         140
  C:8BC9H         LINE#         141
  -------         ENDPROC       _PCF8563SETALARM
  -------         PROC          PCF8563CLEARALARMFLAG
  C:A9CFH         LINE#         149
  C:A9CFH         LINE#         150
  C:A9CFH         LINE#         151
  -------         ENDPROC       PCF8563CLEARALARMFLAG
  -------         PROC          PCF8563DISABLEALARM
  C:A524H         LINE#         158
  C:A524H         LINE#         159
  C:A524H         LINE#         160
  C:A529H         LINE#         161
  C:A52EH         LINE#         162
  C:A537H         LINE#         163
  C:A540H         LINE#         164
  -------         ENDPROC       PCF8563DISABLEALARM
  -------         PROC          _PCF8563ENABLETIMER
BL51 BANKED LINKER/LOCATER V6.22                                                      06/27/2021  08:53:58  PAGE 24


  X:1226H         SYMBOL        clock_fq
  X:1227H         SYMBOL        value
  C:A2A3H         LINE#         176
  C:A2ABH         LINE#         177
  C:A2ABH         LINE#         178
  C:A2B4H         LINE#         179
  C:A2BEH         LINE#         180
  C:A2C8H         LINE#         181
  C:A2D1H         LINE#         182
  -------         ENDPROC       _PCF8563ENABLETIMER
  -------         PROC          PCF8563CLEARTIMERFLAG
  C:A9D8H         LINE#         190
  C:A9D8H         LINE#         191
  C:A9D8H         LINE#         192
  -------         ENDPROC       PCF8563CLEARTIMERFLAG
  -------         PROC          PCF8563DISABLETIMER
  C:A7D3H         LINE#         199
  C:A7D3H         LINE#         200
  C:A7D3H         LINE#         201
  C:A7DCH         LINE#         202
  -------         ENDPROC       PCF8563DISABLETIMER
  -------         PROC          PCF8563READINTSRC
  -------         DO            
  D:0007H         SYMBOL        temp
  -------         ENDDO         
  C:A9B2H         LINE#         209
  C:A9B2H         LINE#         210
  C:A9B2H         LINE#         212
  C:A9B7H         LINE#         213
  C:A9BBH         LINE#         214
  C:A9BBH         LINE#         215
  -------         ENDPROC       PCF8563READINTSRC
  -------         PROC          _PCF8563ENABLECLOCKOUPUT
  D:0007H         SYMBOL        clock_fq
  D:0005H         SYMBOL        en
  C:A84CH         LINE#         227
  C:A84CH         LINE#         228
  C:A84CH         LINE#         229
  -------         ENDPROC       _PCF8563ENABLECLOCKOUPUT
  -------         PROC          PCF8563INIT
  C:AA35H         LINE#         231
  C:AA35H         LINE#         232
  C:AA35H         LINE#         237
  -------         ENDPROC       PCF8563INIT
  -------         ENDMOD        PCF8563

  -------         MODULE        BME280
  C:0000H         SYMBOL        _ICE_DUMMY_
  D:0080H         PUBLIC        P0
  D:0090H         PUBLIC        P1
  D:00A0H         PUBLIC        P2
  D:00B0H         PUBLIC        P3
  D:00C0H         PUBLIC        P4
  D:00C8H         PUBLIC        P5
  C:AA05H         PUBLIC        _BME280ReadByte
  D:00E8H         PUBLIC        P6
  C:9C0AH         PUBLIC        BME280Init
BL51 BANKED LINKER/LOCATER V6.22                                                      06/27/2021  08:53:58  PAGE 25


  D:00F8H         PUBLIC        P7
  X:0EF4H         PUBLIC        filter
  C:68D3H         PUBLIC        compensate_humidity
  C:9EE3H         PUBLIC        _BME280GetSensorData
  D:00A8H         PUBLIC        IE
  X:0EF5H         PUBLIC        dig_H1
  X:0EF6H         PUBLIC        dig_H2
  X:0EF8H         PUBLIC        dig_H3
  C:79B0H         PUBLIC        BME280ReadCompensationParameter
  X:0EF9H         PUBLIC        osrs_h
  X:0EFAH         PUBLIC        dig_H4
  X:0EFCH         PUBLIC        dig_H5
  X:0EFEH         PUBLIC        dig_H6
  C:A8E4H         PUBLIC        BME280SoftReset
  C:596FH         PUBLIC        compensate_pressure
  C:A4A3H         PUBLIC        _BME280WriteByte
  X:0EFFH         PUBLIC        dig_P1
  C:888CH         PUBLIC        BME280ReadSensorRawData
  X:0F01H         PUBLIC        dig_P2
  X:0F03H         PUBLIC        dig_P3
  D:00B8H         PUBLIC        IP
  X:0F05H         PUBLIC        osrs_p
  X:0F06H         PUBLIC        dig_P4
  X:0F08H         PUBLIC        dig_P5
  X:0F0AH         PUBLIC        dig_T1
  X:0F0CH         PUBLIC        dig_P6
  X:0F0EH         PUBLIC        dig_T2
  X:0F10H         PUBLIC        dig_P7
  X:0F12H         PUBLIC        dig_T3
  X:0F14H         PUBLIC        osrs_t
  X:0F15H         PUBLIC        dig_P8
  X:0F17H         PUBLIC        dig_P9
  D:00D8H         PUBLIC        CCON
  C:A654H         PUBLIC        _BME280SetMode
  X:0F19H         PUBLIC        t_sb
  X:0F1AH         PUBLIC        spi3w_en
  X:0F1BH         PUBLIC        uncomp_temperature
  D:0098H         PUBLIC        SCON
  D:0088H         PUBLIC        TCON
  C:A76CH         PUBLIC        _BME280ContinuousMeasurement
  C:AA43H         SYMBOL        _?ix1000
  C:7340H         PUBLIC        compensate_temperature
  C:A549H         PUBLIC        _BME280SingleMeasurement
  X:0F1FH         PUBLIC        uncomp_humidity
  C:A8D6H         PUBLIC        BME280CheckConnection
  X:0F21H         PUBLIC        uncomp_pressure
  X:0F25H         PUBLIC        BME280_mode
  X:0F26H         PUBLIC        t_fine
  D:00D0H         PUBLIC        PSW
  C:86A4H         PUBLIC        BME280_cal_meas_delay
  -------         PROC          L?0043
  -------         ENDPROC       L?0043
  -------         PROC          _BME280WRITEBYTE
  D:0007H         SYMBOL        addr
  D:0006H         SYMBOL        dat
  C:A4A3H         LINE#         49
  C:A4A5H         LINE#         50
BL51 BANKED LINKER/LOCATER V6.22                                                      06/27/2021  08:53:58  PAGE 26


  C:A4A5H         LINE#         51
  -------         ENDPROC       _BME280WRITEBYTE
  -------         PROC          _BME280READBYTE
  D:0007H         SYMBOL        addr
  -------         DO            
  D:0007H         SYMBOL        temp
  -------         ENDDO         
  C:AA05H         LINE#         58
  C:AA05H         LINE#         59
  C:AA05H         LINE#         61
  C:AA0CH         LINE#         62
  C:AA0CH         LINE#         63
  -------         ENDPROC       _BME280READBYTE
  -------         PROC          BME280CHECKCONNECTION
  C:A8D6H         LINE#         69
  C:A8D6H         LINE#         70
  C:A8D6H         LINE#         71
  C:A8DEH         LINE#         72
  C:A8E1H         LINE#         74
  C:A8E3H         LINE#         75
  -------         ENDPROC       BME280CHECKCONNECTION
  -------         PROC          BME280_CAL_MEAS_DELAY
  -------         DO            
  D:0007H         SYMBOL        max_delay
  X:1121H         SYMBOL        temp_osr
  X:1122H         SYMBOL        pres_osr
  X:1123H         SYMBOL        hum_osr
  X:1124H         SYMBOL        osr_sett_to_act_osr
  -------         ENDDO         
  C:86A4H         LINE#         81
  C:86A4H         LINE#         82
  C:86A4H         LINE#         89
  C:86B7H         LINE#         92
  C:86C1H         LINE#         93
  C:86C1H         LINE#         94
  C:86D0H         LINE#         95
  C:86D2H         LINE#         97
  C:86D2H         LINE#         98
  C:86D8H         LINE#         99
  C:86D8H         LINE#         101
  C:86E2H         LINE#         102
  C:86E2H         LINE#         103
  C:86F1H         LINE#         104
  C:86F3H         LINE#         106
  C:86F3H         LINE#         107
  C:86F9H         LINE#         108
  C:86F9H         LINE#         110
  C:8703H         LINE#         111
  C:8703H         LINE#         112
  C:8712H         LINE#         113
  C:8714H         LINE#         115
  C:8714H         LINE#         116
  C:871AH         LINE#         117
  C:871AH         LINE#         119
  C:879FH         LINE#         121
  C:87A1H         LINE#         122
  -------         ENDPROC       BME280_CAL_MEAS_DELAY
BL51 BANKED LINKER/LOCATER V6.22                                                      06/27/2021  08:53:58  PAGE 27


  -------         PROC          BME280READCOMPENSATIONPARAMETER
  -------         DO            
  X:0FDBH         SYMBOL        buf1
  X:0FF5H         SYMBOL        buf2
  -------         ENDDO         
  C:79B0H         LINE#         129
  C:79B0H         LINE#         130
  C:79B0H         LINE#         132
  C:79C7H         LINE#         133
  C:79DEH         LINE#         135
  C:79F2H         LINE#         136
  C:7A06H         LINE#         137
  C:7A1AH         LINE#         138
  C:7A2EH         LINE#         139
  C:7A42H         LINE#         140
  C:7A56H         LINE#         141
  C:7A6AH         LINE#         142
  C:7A7EH         LINE#         143
  C:7A92H         LINE#         144
  C:7AA6H         LINE#         145
  C:7ABAH         LINE#         146
  C:7ACEH         LINE#         147
  C:7AD6H         LINE#         148
  C:7AEAH         LINE#         149
  C:7AF2H         LINE#         150
  C:7B0AH         LINE#         151
  C:7B27H         LINE#         152
  C:7B2FH         LINE#         153
  -------         ENDPROC       BME280READCOMPENSATIONPARAMETER
  -------         PROC          BME280READSENSORRAWDATA
  -------         DO            
  X:1167H         SYMBOL        buf
  -------         ENDDO         
  C:888CH         LINE#         159
  C:888CH         LINE#         160
  C:888CH         LINE#         162
  C:88A3H         LINE#         163
  C:88FAH         LINE#         164
  C:8951H         LINE#         165
  C:8963H         LINE#         166
  -------         ENDPROC       BME280READSENSORRAWDATA
  -------         PROC          COMPENSATE_TEMPERATURE
  -------         DO            
  X:1077H         SYMBOL        var1
  X:107BH         SYMBOL        var2
  X:107FH         SYMBOL        temperature
  X:1083H         SYMBOL        temperature_min
  X:1087H         SYMBOL        temperature_max
  -------         ENDDO         
  C:7340H         LINE#         171
  C:7340H         LINE#         172
  C:7340H         LINE#         176
  C:734AH         LINE#         177
  C:7354H         LINE#         179
  C:73A7H         LINE#         180
  C:73CAH         LINE#         181
  C:741BH         LINE#         182
BL51 BANKED LINKER/LOCATER V6.22                                                      06/27/2021  08:53:58  PAGE 28


  C:7458H         LINE#         183
  C:7480H         LINE#         184
  C:74AFH         LINE#         185
  C:74D0H         LINE#         186
  C:74D0H         LINE#         187
  C:74D3H         LINE#         188
  C:74D5H         LINE#         189
  C:74F8H         LINE#         190
  C:74F8H         LINE#         191
  C:750CH         LINE#         192
  C:750CH         LINE#         193
  C:751AH         LINE#         194
  -------         ENDPROC       COMPENSATE_TEMPERATURE
  -------         PROC          COMPENSATE_PRESSURE
  -------         DO            
  X:1033H         SYMBOL        var1
  X:1037H         SYMBOL        var2
  X:103BH         SYMBOL        var3
  X:103FH         SYMBOL        pressure
  X:1043H         SYMBOL        pressure_min
  X:1047H         SYMBOL        pressure_max
  -------         ENDDO         
  C:596FH         LINE#         199
  C:596FH         LINE#         200
  C:596FH         LINE#         205
  C:5979H         LINE#         206
  C:5983H         LINE#         208
  C:59AEH         LINE#         209
  C:59F4H         LINE#         210
  C:5A41H         LINE#         211
  C:5A88H         LINE#         212
  C:5AC5H         LINE#         213
  C:5B02H         LINE#         214
  C:5B48H         LINE#         217
  C:5B65H         LINE#         218
  C:5B65H         LINE#         219
  C:5B8FH         LINE#         220
  C:5BE2H         LINE#         221
  C:5C1FH         LINE#         222
  C:5C4BH         LINE#         223
  C:5CBAH         LINE#         224
  C:5CDBH         LINE#         225
  C:5CDBH         LINE#         226
  C:5CDBH         LINE#         227
  C:5CDDH         LINE#         228
  C:5D00H         LINE#         229
  C:5D00H         LINE#         230
  C:5D03H         LINE#         231
  C:5D03H         LINE#         232
  C:5D05H         LINE#         234
  C:5D05H         LINE#         235
  C:5D19H         LINE#         236
  C:5D19H         LINE#         238
  C:5D27H         LINE#         239
  -------         ENDPROC       COMPENSATE_PRESSURE
  -------         PROC          COMPENSATE_HUMIDITY
  -------         DO            
BL51 BANKED LINKER/LOCATER V6.22                                                      06/27/2021  08:53:58  PAGE 29


  X:0FB7H         SYMBOL        humidity
  X:0FBBH         SYMBOL        humidity_min
  X:0FBFH         SYMBOL        humidity_max
  X:0FC3H         SYMBOL        var1
  X:0FC7H         SYMBOL        var2
  X:0FCBH         SYMBOL        var3
  X:0FCFH         SYMBOL        var4
  X:0FD3H         SYMBOL        var5
  X:0FD7H         SYMBOL        var6
  -------         ENDDO         
  C:68D3H         LINE#         244
  C:68D3H         LINE#         245
  C:68D3H         LINE#         247
  C:68DDH         LINE#         248
  C:68E7H         LINE#         256
  C:6909H         LINE#         257
  C:695FH         LINE#         258
  C:6982H         LINE#         259
  C:699EH         LINE#         260
  C:69D2H         LINE#         261
  C:6A16H         LINE#         262
  C:6A6DH         LINE#         263
  C:6AB9H         LINE#         265
  C:6ADCH         LINE#         266
  C:6ADCH         LINE#         267
  C:6ADFH         LINE#         268
  C:6AE1H         LINE#         269
  C:6B02H         LINE#         270
  C:6B02H         LINE#         271
  C:6B16H         LINE#         272
  C:6B16H         LINE#         273
  C:6B24H         LINE#         274
  -------         ENDPROC       COMPENSATE_HUMIDITY
  -------         PROC          _BME280GETSENSORDATA
  X:120CH         SYMBOL        p
  C:9EE3H         LINE#         280
  C:9EEEH         LINE#         281
  C:9EEEH         LINE#         282
  C:9EF1H         LINE#         283
  C:9F02H         LINE#         284
  C:9F16H         LINE#         285
  -------         ENDPROC       _BME280GETSENSORDATA
  -------         PROC          BME280SOFTRESET
  C:A8E4H         LINE#         292
  C:A8E4H         LINE#         293
  C:A8E4H         LINE#         294
  C:A8EBH         LINE#         295
  -------         ENDPROC       BME280SOFTRESET
  -------         PROC          BME280INIT
  -------         DO            
  X:1236H         SYMBOL        time_out
  -------         ENDDO         
  C:9C0AH         LINE#         303
  C:9C0AH         LINE#         304
  C:9C0AH         LINE#         305
  C:9C10H         LINE#         310
  C:9C17H         LINE#         311
[...]
  C:8668H         LINE#         256
  C:8668H         LINE#         257
  C:8674H         LINE#         258
  C:8674H         LINE#         259
  C:8677H         LINE#         260
  C:8677H         LINE#         261
  C:8679H         LINE#         264
  C:8679H         LINE#         265
  C:867CH         LINE#         266
  C:8683H         LINE#         268
  C:8683H         LINE#         269
  C:8693H         LINE#         270
  C:86A3H         LINE#         271
  -------         ENDPROC       BREATHINGLAMP
  -------         PROC          MAIN
  C:A943H         LINE#         274
  C:A943H         LINE#         275
  C:A943H         LINE#         297
  C:A946H         LINE#         298
  C:A948H         LINE#         302
  C:A948H         LINE#         304
  C:A948H         LINE#         305
  C:A94BH         LINE#         306
  C:A94EH         LINE#         2486
  -------         ENDPROC       MAIN
  -------         ENDMOD        MAIN

  -------         MODULE        ?C?FPADD
  C:1FF8H         PUBLIC        ?C?FPADD
  C:1FF4H         PUBLIC        ?C?FPSUB
BL51 BANKED LINKER/LOCATER V6.22                                                      06/27/2021  08:53:58  PAGE 75


  -------         ENDMOD        ?C?FPADD

  -------         MODULE        ?C?FPMUL
  C:20E9H         PUBLIC        ?C?FPMUL
  -------         ENDMOD        ?C?FPMUL

  -------         MODULE        ?C?FPDIV
  C:21F2H         PUBLIC        ?C?FPDIV
  -------         ENDMOD        ?C?FPDIV

  -------         MODULE        ?C?FPCMP
  C:2291H         PUBLIC        ?C?FPCMP
  C:228FH         PUBLIC        ?C?FPCMP3
  -------         ENDMOD        ?C?FPCMP

  -------         MODULE        ?C?FPNEG
  C:2308H         PUBLIC        ?C?FPNEG
  -------         ENDMOD        ?C?FPNEG

  -------         MODULE        ?C?FCAST
  C:2323H         PUBLIC        ?C?FCASTC
  C:231EH         PUBLIC        ?C?FCASTI
  C:2319H         PUBLIC        ?C?FCASTL
  -------         ENDMOD        ?C?FCAST

  -------         MODULE        ?C?CASTF
  C:2357H         PUBLIC        ?C?CASTF
  -------         ENDMOD        ?C?CASTF

  -------         MODULE        PRINTF
  X:0F5DH         PUBLIC        ?_PRINTF?BYTE
  X:0F5DH         PUBLIC        ?_SPRINTF?BYTE
  C:515AH         PUBLIC        _PRINTF
  C:5154H         PUBLIC        _SPRINTF
  -------         ENDMOD        PRINTF

  -------         MODULE        SQRT
  C:8EA5H         PUBLIC        _SQRT
  -------         ENDMOD        SQRT

  -------         MODULE        ATAN2
  X:117FH         PUBLIC        ?_atan2?BYTE
  C:9140H         PUBLIC        _atan2
  -------         ENDMOD        ATAN2

  -------         MODULE        SIN
  C:76EFH         PUBLIC        _COS
  C:7705H         PUBLIC        _SIN
  C:7741H         PUBLIC        _TAN
  -------         ENDMOD        SIN

  -------         MODULE        ATAN
  C:7F39H         PUBLIC        _ATAN
  -------         ENDMOD        ATAN

  -------         MODULE        ASIN
  C:A148H         PUBLIC        _ASIN
BL51 BANKED LINKER/LOCATER V6.22                                                      06/27/2021  08:53:58  PAGE 76


  -------         ENDMOD        ASIN

  -------         MODULE        ?C?FPROUND
  C:23D8H         PUBLIC        ?C?FPROUND
  -------         ENDMOD        ?C?FPROUND

  -------         MODULE        ?C?FPCONVERT
  C:2415H         PUBLIC        ?C?FPCONVERT
  -------         ENDMOD        ?C?FPCONVERT

  -------         MODULE        ?C?FTNPWR
  C:2597H         PUBLIC        ?C?FTNPWR
  -------         ENDMOD        ?C?FTNPWR

  -------         MODULE        ?C?COPY
  C:26A7H         PUBLIC        ?C?COPY
  -------         ENDMOD        ?C?COPY

  -------         MODULE        ?C?CLDPTR
  C:26CDH         PUBLIC        ?C?CLDPTR
  -------         ENDMOD        ?C?CLDPTR

  -------         MODULE        ?C?CLDOPTR
  C:26E6H         PUBLIC        ?C?CLDOPTR
  -------         ENDMOD        ?C?CLDOPTR

  -------         MODULE        ?C?CILDOPTR
  C:2713H         PUBLIC        ?C?CILDOPTR
  -------         ENDMOD        ?C?CILDOPTR

  -------         MODULE        ?C?CSTPTR
  C:2746H         PUBLIC        ?C?CSTPTR
  -------         ENDMOD        ?C?CSTPTR

  -------         MODULE        ?C?CSTOPTR
  C:2758H         PUBLIC        ?C?CSTOPTR
  -------         ENDMOD        ?C?CSTOPTR

  -------         MODULE        ?C?UIDIV
  C:277AH         PUBLIC        ?C?UIDIV
  -------         ENDMOD        ?C?UIDIV

  -------         MODULE        ?C?SIDIV
  C:27CFH         PUBLIC        ?C?SIDIV
  -------         ENDMOD        ?C?SIDIV

  -------         MODULE        ?C?IILDX
  C:2805H         PUBLIC        ?C?IILDX
  -------         ENDMOD        ?C?IILDX

  -------         MODULE        ?C?ILDIX
  C:281BH         PUBLIC        ?C?ILDIX
  -------         ENDMOD        ?C?ILDIX

  -------         MODULE        ?C?ILDPTR
  C:2831H         PUBLIC        ?C?ILDPTR
  -------         ENDMOD        ?C?ILDPTR
BL51 BANKED LINKER/LOCATER V6.22                                                      06/27/2021  08:53:58  PAGE 77



  -------         MODULE        ?C?ILDOPTR
  C:285CH         PUBLIC        ?C?ILDOPTR
  -------         ENDMOD        ?C?ILDOPTR

  -------         MODULE        ?C?ISTPTR
  C:2894H         PUBLIC        ?C?ISTPTR
  -------         ENDMOD        ?C?ISTPTR

  -------         MODULE        ?C?ISTOPTR
  C:28B3H         PUBLIC        ?C?ISTOPTR
  -------         ENDMOD        ?C?ISTOPTR

  -------         MODULE        ?C?LMUL
  C:28E0H         PUBLIC        ?C?LMUL
  -------         ENDMOD        ?C?LMUL

  -------         MODULE        ?C?SLDIV
  C:A0C8H         PUBLIC        ?C?SLDIV
  -------         ENDMOD        ?C?SLDIV

  -------         MODULE        ?C?LNEG
  C:292FH         PUBLIC        ?C?LNEG
  -------         ENDMOD        ?C?LNEG

  -------         MODULE        ?C?SLCMP
  C:293DH         PUBLIC        ?C?SLCMP
  -------         ENDMOD        ?C?SLCMP

  -------         MODULE        ?C?SLSHR
  C:2953H         PUBLIC        ?C?SLSHR
  -------         ENDMOD        ?C?SLSHR

  -------         MODULE        ?C?LSHL
  C:2967H         PUBLIC        ?C?LSHL
  -------         ENDMOD        ?C?LSHL

  -------         MODULE        ?C?LLDPTR
  C:297AH         PUBLIC        ?C?LLDPTR
  -------         ENDMOD        ?C?LLDPTR

  -------         MODULE        ?C?LLDOPTR
  C:299AH         PUBLIC        ?C?LLDOPTR
  -------         ENDMOD        ?C?LLDOPTR

  -------         MODULE        ?C?LSTPTR
  C:29CAH         PUBLIC        ?C?LSTPTR
  -------         ENDMOD        ?C?LSTPTR

  -------         MODULE        ?C?LSTOPTR
  C:29E4H         PUBLIC        ?C?LSTOPTR
  -------         ENDMOD        ?C?LSTOPTR

  -------         MODULE        ?C?LLDIDATA
  C:2A08H         PUBLIC        ?C?LLDIDATA
  -------         ENDMOD        ?C?LLDIDATA

BL51 BANKED LINKER/LOCATER V6.22                                                      06/27/2021  08:53:58  PAGE 78


  -------         MODULE        ?C?LLDXDATA
  C:2A14H         PUBLIC        ?C?LLDXDATA
  -------         ENDMOD        ?C?LLDXDATA

  -------         MODULE        ?C?LLDCODE
  C:2A20H         PUBLIC        ?C?LLDCODE
  -------         ENDMOD        ?C?LLDCODE

  -------         MODULE        ?C?LLDIDATA0
  C:2A30H         PUBLIC        ?C?LLDIDATA0
  -------         ENDMOD        ?C?LLDIDATA0

  -------         MODULE        ?C?LLDXDATA0
  C:2A3DH         PUBLIC        ?C?LLDXDATA0
  -------         ENDMOD        ?C?LLDXDATA0

  -------         MODULE        ?C?LLDCODE0
  C:2A49H         PUBLIC        ?C?LLDCODE0
  -------         ENDMOD        ?C?LLDCODE0

  -------         MODULE        ?C?LSTIDATA
  C:2A59H         PUBLIC        ?C?LSTIDATA
  -------         ENDMOD        ?C?LSTIDATA

  -------         MODULE        ?C?LSTXDATA
  C:2A65H         PUBLIC        ?C?LSTXDATA
  -------         ENDMOD        ?C?LSTXDATA

  -------         MODULE        ?C?LSTKXDATA
  C:2A71H         PUBLIC        ?C?LSTKXDATA
  -------         ENDMOD        ?C?LSTKXDATA

  -------         MODULE        ?C?OFFXADD
  C:2AA2H         PUBLIC        ?C?OFFXADD
  -------         ENDMOD        ?C?OFFXADD

  -------         MODULE        ?C?PLDIXDATA
  C:2AAEH         PUBLIC        ?C?PLDIXDATA
  -------         ENDMOD        ?C?PLDIXDATA

  -------         MODULE        ?C?PSTXDATA
  C:2AC5H         PUBLIC        ?C?PSTXDATA
  -------         ENDMOD        ?C?PSTXDATA

  -------         MODULE        ?C?CCASE
  C:2ACEH         PUBLIC        ?C?CCASE
  -------         ENDMOD        ?C?CCASE

  -------         MODULE        PUTCHAR
  C:A4D7H         PUBLIC        _PUTCHAR
  -------         ENDMOD        PUTCHAR

  -------         MODULE        STRCAT
  X:114EH         PUBLIC        ?_strcat?BYTE
  C:97DFH         PUBLIC        _strcat
  -------         ENDMOD        STRCAT

BL51 BANKED LINKER/LOCATER V6.22                                                      06/27/2021  08:53:58  PAGE 79


  -------         MODULE        ?C?STRCPY
  C:2BC0H         PUBLIC        ?C?STRCPY
  -------         ENDMOD        ?C?STRCPY

  -------         MODULE        ?C?MEMCMP
  C:2D63H         PUBLIC        ?C?MEMCMP
  -------         ENDMOD        ?C?MEMCMP

  -------         MODULE        ?C?ULDIV
  C:2DC3H         PUBLIC        ?C?ULDIV
  -------         ENDMOD        ?C?ULDIV

  -------         MODULE        ?C?LLDPDATA
  C:2E55H         PUBLIC        ?C?LLDPDATA
  -------         ENDMOD        ?C?LLDPDATA

  -------         MODULE        ?C?LSTPDATA
  C:2E61H         PUBLIC        ?C?LSTPDATA
  -------         ENDMOD        ?C?LSTPDATA

*** WARNING L16: UNCALLED SEGMENT, IGNORED FOR OVERLAY PROCESS
    SEGMENT: ?PR?_PW02GETRXDATA?PW02

*** WARNING L16: UNCALLED SEGMENT, IGNORED FOR OVERLAY PROCESS
    SEGMENT: ?PR?PW02REST?PW02

*** WARNING L16: UNCALLED SEGMENT, IGNORED FOR OVERLAY PROCESS
    SEGMENT: ?PR?_PW02SETMODE?PW02

*** WARNING L16: UNCALLED SEGMENT, IGNORED FOR OVERLAY PROCESS
    SEGMENT: ?PR?PW02CHECKCONNECTION?PW02

*** WARNING L16: UNCALLED SEGMENT, IGNORED FOR OVERLAY PROCESS
    SEGMENT: ?PR?PW02INIT?PW02

*** WARNING L16: UNCALLED SEGMENT, IGNORED FOR OVERLAY PROCESS
    SEGMENT: ?PR?_RDA5807MSETVOLUME?RDA5807M

*** WARNING L16: UNCALLED SEGMENT, IGNORED FOR OVERLAY PROCESS
    SEGMENT: ?PR?_RDA5807MSEEK?RDA5807M

*** WARNING L16: UNCALLED SEGMENT, IGNORED FOR OVERLAY PROCESS
    SEGMENT: ?PR?_RDA5807MSETFQ?RDA5807M

*** WARNING L16: UNCALLED SEGMENT, IGNORED FOR OVERLAY PROCESS
    SEGMENT: ?PR?RDA5807MGETCURRENTFQ?RDA5807M

*** WARNING L16: UNCALLED SEGMENT, IGNORED FOR OVERLAY PROCESS
    SEGMENT: ?PR?RDA5807MGETCURRENTRSSI?RDA5807M

*** WARNING L16: UNCALLED SEGMENT, IGNORED FOR OVERLAY PROCESS
    SEGMENT: ?PR?RDA5807MSETMUTE?RDA5807M

*** WARNING L16: UNCALLED SEGMENT, IGNORED FOR OVERLAY PROCESS
    SEGMENT: ?PR?RDA5807MPOWERUP?RDA5807M

*** WARNING L16: UNCALLED SEGMENT, IGNORED FOR OVERLAY PROCESS
BL51 BANKED LINKER/LOCATER V6.22                                                      06/27/2021  08:53:58  PAGE 80


    SEGMENT: ?PR?RDA5807MPOWERDOWN?RDA5807M

*** WARNING L16: UNCALLED SEGMENT, IGNORED FOR OVERLAY PROCESS
    SEGMENT: ?PR?_PCF8563READTIME?PCF8563

*** WARNING L16: UNCALLED SEGMENT, IGNORED FOR OVERLAY PROCESS
    SEGMENT: ?PR?_PCF8563WRITETIME?PCF8563

*** WARNING L16: UNCALLED SEGMENT, IGNORED FOR OVERLAY PROCESS
    SEGMENT: ?PR?_PCF8563WRITEDATE?PCF8563

*** WARNING L16: UNCALLED SEGMENT, IGNORED FOR OVERLAY PROCESS
    SEGMENT: ?PR?_PCF8563SETALARM?PCF8563

*** WARNING L16: UNCALLED SEGMENT, IGNORED FOR OVERLAY PROCESS
    SEGMENT: ?PR?PCF8563CLEARALARMFLAG?PCF8563

*** WARNING L16: UNCALLED SEGMENT, IGNORED FOR OVERLAY PROCESS
    SEGMENT: ?PR?PCF8563DISABLEALARM?PCF8563

*** WARNING L16: UNCALLED SEGMENT, IGNORED FOR OVERLAY PROCESS
    SEGMENT: ?PR?_PCF8563ENABLETIMER?PCF8563

*** WARNING L16: UNCALLED SEGMENT, IGNORED FOR OVERLAY PROCESS
    SEGMENT: ?PR?PCF8563CLEARTIMERFLAG?PCF8563

*** WARNING L16: UNCALLED SEGMENT, IGNORED FOR OVERLAY PROCESS
    SEGMENT: ?PR?PCF8563DISABLETIMER?PCF8563

*** WARNING L16: UNCALLED SEGMENT, IGNORED FOR OVERLAY PROCESS
    SEGMENT: ?PR?PCF8563READINTSRC?PCF8563

*** WARNING L16: UNCALLED SEGMENT, IGNORED FOR OVERLAY PROCESS
    SEGMENT: ?PR?PCF8563INIT?PCF8563

*** WARNING L16: UNCALLED SEGMENT, IGNORED FOR OVERLAY PROCESS
    SEGMENT: ?PR?_BME280SINGLEMEASUREMENT?BME280

*** WARNING L16: UNCALLED SEGMENT, IGNORED FOR OVERLAY PROCESS
    SEGMENT: ?PR?_BME280CONTINUOUSMEASUREMENT?BME280

*** WARNING L16: UNCALLED SEGMENT, IGNORED FOR OVERLAY PROCESS
    SEGMENT: ?PR?RESETMATRIX?ELLIPSOID_FITTING

*** WARNING L16: UNCALLED SEGMENT, IGNORED FOR OVERLAY PROCESS
    SEGMENT: ?PR?_CALCDATA_INPUT?ELLIPSOID_FITTING

*** WARNING L16: UNCALLED SEGMENT, IGNORED FOR OVERLAY PROCESS
    SEGMENT: ?PR?_ELLIPSOID_FITTING_PROCESS?ELLIPSOID_FITTING

*** WARNING L16: UNCALLED SEGMENT, IGNORED FOR OVERLAY PROCESS
    SEGMENT: ?PR?_READ_HMC5883L?HMC5883L

*** WARNING L16: UNCALLED SEGMENT, IGNORED FOR OVERLAY PROCESS
    SEGMENT: ?PR?_HMC5883L_SET_CALIBRATION_VALUE?HMC5883L

*** WARNING L16: UNCALLED SEGMENT, IGNORED FOR OVERLAY PROCESS
BL51 BANKED LINKER/LOCATER V6.22                                                      06/27/2021  08:53:58  PAGE 81


    SEGMENT: ?PR?_HMC5883L_SET_MODE?HMC5883L

*** WARNING L16: UNCALLED SEGMENT, IGNORED FOR OVERLAY PROCESS
    SEGMENT: ?PR?_HMC5883L_GET_ANGLEXY?HMC5883L

*** WARNING L16: UNCALLED SEGMENT, IGNORED FOR OVERLAY PROCESS
    SEGMENT: ?PR?_LSM6DSMREADGYRANDACC?LSM6DSM

*** WARNING L16: UNCALLED SEGMENT, IGNORED FOR OVERLAY PROCESS
    SEGMENT: ?PR?LSM6DSMGETCURRENTSTEP?LSM6DSM

*** WARNING L16: UNCALLED SEGMENT, IGNORED FOR OVERLAY PROCESS
    SEGMENT: ?PR?LSM6DSMRESETSTEPCOUNTER?LSM6DSM

*** WARNING L16: UNCALLED SEGMENT, IGNORED FOR OVERLAY PROCESS
    SEGMENT: ?PR?LSM6DSMDISABLEPEDOMETER?LSM6DSM

*** WARNING L16: UNCALLED SEGMENT, IGNORED FOR OVERLAY PROCESS
    SEGMENT: ?PR?_IMUUPDATE?LSM6DSM

*** WARNING L16: UNCALLED SEGMENT, IGNORED FOR OVERLAY PROCESS
    SEGMENT: ?PR?ADCINIT?POWERMANAGE

*** WARNING L16: UNCALLED SEGMENT, IGNORED FOR OVERLAY PROCESS
    SEGMENT: ?PR?_ENABLE3V3OUTPUT?POWERMANAGE

*** WARNING L16: UNCALLED SEGMENT, IGNORED FOR OVERLAY PROCESS
    SEGMENT: ?PR?_BATTERYCHARGEENABLE?POWERMANAGE

*** WARNING L16: UNCALLED SEGMENT, IGNORED FOR OVERLAY PROCESS
    SEGMENT: ?PR?GETBATTERYLIFE?POWERMANAGE

*** WARNING L16: UNCALLED SEGMENT, IGNORED FOR OVERLAY PROCESS
    SEGMENT: ?PR?SYSTEMPOWERDOWN?POWERMANAGE

*** WARNING L16: UNCALLED SEGMENT, IGNORED FOR OVERLAY PROCESS
    SEGMENT: ?PR?SYSTEMDEEPPOWERDOWN?POWERMANAGE

*** WARNING L16: UNCALLED SEGMENT, IGNORED FOR OVERLAY PROCESS
    SEGMENT: ?PR?SYSTEMPOWERON?POWERMANAGE

*** WARNING L16: UNCALLED SEGMENT, IGNORED FOR OVERLAY PROCESS
    SEGMENT: ?PR?_I2D_SENDBYTE?IIC

*** WARNING L16: UNCALLED SEGMENT, IGNORED FOR OVERLAY PROCESS
    SEGMENT: ?PR?I2C_RECVHYTE?IIC

*** WARNING L16: UNCALLED SEGMENT, IGNORED FOR OVERLAY PROCESS
    SEGMENT: ?PR?_EEPROMWRITECONFIGURATION?SYS

*** WARNING L16: UNCALLED SEGMENT, IGNORED FOR OVERLAY PROCESS
    SEGMENT: ?PR?SYSINIT?SYS

*** WARNING L16: UNCALLED SEGMENT, IGNORED FOR OVERLAY PROCESS
    SEGMENT: ?PR?BUZZERINIT?BUZZER

*** WARNING L16: UNCALLED SEGMENT, IGNORED FOR OVERLAY PROCESS
BL51 BANKED LINKER/LOCATER V6.22                                                      06/27/2021  08:53:58  PAGE 82


    SEGMENT: ?PR?BEEBEEBEE?BUZZER

*** WARNING L16: UNCALLED SEGMENT, IGNORED FOR OVERLAY PROCESS
    SEGMENT: ?PR?_ENABLEBUZZER?BUZZER

*** WARNING L16: UNCALLED SEGMENT, IGNORED FOR OVERLAY PROCESS
    SEGMENT: ?PR?_DISPLAYINIT?DISPLAY

*** WARNING L16: UNCALLED SEGMENT, IGNORED FOR OVERLAY PROCESS
    SEGMENT: ?PR?_BMPTOCACHE?DISPLAY

*** WARNING L16: UNCALLED SEGMENT, IGNORED FOR OVERLAY PROCESS
    SEGMENT: ?PR?_CLEARCACHEAREA?DISPLAY

*** WARNING L16: UNCALLED SEGMENT, IGNORED FOR OVERLAY PROCESS
    SEGMENT: ?PR?SAVESCREEN?DISPLAY

*** WARNING L16: UNCALLED SEGMENT, IGNORED FOR OVERLAY PROCESS
    SEGMENT: ?PR?_SCREENREFRESHALL?DISPLAY

*** WARNING L16: UNCALLED SEGMENT, IGNORED FOR OVERLAY PROCESS
    SEGMENT: ?PR?_SCREENPUSHANIMATION?DISPLAY

*** WARNING L16: UNCALLED SEGMENT, IGNORED FOR OVERLAY PROCESS
    SEGMENT: ?PR?_SCREEROLLDOWN?DISPLAY

*** WARNING L16: UNCALLED SEGMENT, IGNORED FOR OVERLAY PROCESS
    SEGMENT: ?PR?_DISPLAYTIME?DISPLAY

*** WARNING L16: UNCALLED SEGMENT, IGNORED FOR OVERLAY PROCESS
    SEGMENT: ?PR?_DRAWARM?DISPLAY

*** WARNING L16: UNCALLED SEGMENT, IGNORED FOR OVERLAY PROCESS
    SEGMENT: ?PR?_DRAWSELECTIONFRAME?DISPLAY

*** WARNING L16: UNCALLED SEGMENT, IGNORED FOR OVERLAY PROCESS
    SEGMENT: ?PR?SENSORINIT?MAIN

*** WARNING L1: UNRESOLVED EXTERNAL SYMBOL
    SYMBOL:  _I2C_SENDBYTE
    MODULE:  ..\Objects\IIC.obj (IIC)

*** WARNING L1: UNRESOLVED EXTERNAL SYMBOL
    SYMBOL:  I2C_RECVBYTE
    MODULE:  ..\Objects\IIC.obj (IIC)

*** WARNING L2: REFERENCE MADE TO UNRESOLVED EXTERNAL
    SYMBOL:  _I2C_SENDBYTE
    MODULE:  ..\Objects\IIC.obj (IIC)
    ADDRESS: A3C8H

*** WARNING L2: REFERENCE MADE TO UNRESOLVED EXTERNAL
    SYMBOL:  _I2C_SENDBYTE
    MODULE:  ..\Objects\IIC.obj (IIC)
    ADDRESS: A3D3H

*** WARNING L2: REFERENCE MADE TO UNRESOLVED EXTERNAL
BL51 BANKED LINKER/LOCATER V6.22                                                      06/27/2021  08:53:58  PAGE 83


    SYMBOL:  _I2C_SENDBYTE
    MODULE:  ..\Objects\IIC.obj (IIC)
    ADDRESS: A3DEH

*** WARNING L2: REFERENCE MADE TO UNRESOLVED EXTERNAL
    SYMBOL:  _I2C_SENDBYTE
    MODULE:  ..\Objects\IIC.obj (IIC)
    ADDRESS: A206H

*** WARNING L2: REFERENCE MADE TO UNRESOLVED EXTERNAL
    SYMBOL:  _I2C_SENDBYTE
    MODULE:  ..\Objects\IIC.obj (IIC)
    ADDRESS: A211H

*** WARNING L2: REFERENCE MADE TO UNRESOLVED EXTERNAL
    SYMBOL:  _I2C_SENDBYTE
    MODULE:  ..\Objects\IIC.obj (IIC)
    ADDRESS: A21FH

*** WARNING L2: REFERENCE MADE TO UNRESOLVED EXTERNAL
    SYMBOL:  I2C_RECVBYTE
    MODULE:  ..\Objects\IIC.obj (IIC)
    ADDRESS: A225H

*** WARNING L2: REFERENCE MADE TO UNRESOLVED EXTERNAL
    SYMBOL:  _I2C_SENDBYTE
    MODULE:  ..\Objects\IIC.obj (IIC)
    ADDRESS: 9D1FH

*** WARNING L2: REFERENCE MADE TO UNRESOLVED EXTERNAL
    SYMBOL:  _I2C_SENDBYTE
    MODULE:  ..\Objects\IIC.obj (IIC)
    ADDRESS: 9D4CH

*** WARNING L2: REFERENCE MADE TO UNRESOLVED EXTERNAL
    SYMBOL:  _I2C_SENDBYTE
    MODULE:  ..\Objects\IIC.obj (IIC)
    ADDRESS: A098H

*** WARNING L2: REFERENCE MADE TO UNRESOLVED EXTERNAL
    SYMBOL:  I2C_RECVBYTE
    MODULE:  ..\Objects\IIC.obj (IIC)
    ADDRESS: A0B1H

*** WARNING L2: REFERENCE MADE TO UNRESOLVED EXTERNAL
    SYMBOL:  I2C_RECVBYTE
    MODULE:  ..\Objects\IIC.obj (IIC)
    ADDRESS: A0BFH

*** WARNING L2: REFERENCE MADE TO UNRESOLVED EXTERNAL
    SYMBOL:  _I2C_SENDBYTE
    MODULE:  ..\Objects\IIC.obj (IIC)
    ADDRESS: 96A6H

*** WARNING L2: REFERENCE MADE TO UNRESOLVED EXTERNAL
    SYMBOL:  _I2C_SENDBYTE
    MODULE:  ..\Objects\IIC.obj (IIC)
BL51 BANKED LINKER/LOCATER V6.22                                                      06/27/2021  08:53:58  PAGE 84


    ADDRESS: 96B1H

*** WARNING L2: REFERENCE MADE TO UNRESOLVED EXTERNAL
    SYMBOL:  _I2C_SENDBYTE
    MODULE:  ..\Objects\IIC.obj (IIC)
    ADDRESS: 96C0H

*** WARNING L2: REFERENCE MADE TO UNRESOLVED EXTERNAL
    SYMBOL:  I2C_RECVBYTE
    MODULE:  ..\Objects\IIC.obj (IIC)
    ADDRESS: 96D6H

*** WARNING L2: REFERENCE MADE TO UNRESOLVED EXTERNAL
    SYMBOL:  I2C_RECVBYTE
    MODULE:  ..\Objects\IIC.obj (IIC)
    ADDRESS: 96FAH

*** WARNING L1: UNRESOLVED EXTERNAL SYMBOL
    SYMBOL:  _SCREEROLLUP
    MODULE:  ..\Objects\Display.obj (DISPLAY)

*** WARNING L2: REFERENCE MADE TO UNRESOLVED EXTERNAL
    SYMBOL:  _SCREEROLLUP
    MODULE:  ..\Objects\Display.obj (DISPLAY)
    ADDRESS: 61C2H

*** WARNING L2: REFERENCE MADE TO UNRESOLVED EXTERNAL
    SYMBOL:  _SCREEROLLUP
    MODULE:  ..\Objects\Display.obj (DISPLAY)
    ADDRESS: 632AH

Program Size: data=159.7 xdata=4666 code=43610
LINK/LOCATE RUN COMPLETE.  85 WARNING(S),  0 ERROR(S)
